<?xml version="1.0" encoding="UTF-8"?>
<testsuites name="PHPUnit tests">
  <testsuite name="" tests="2421" assertions="6120" errors="51" failures="2" skipped="8" time="42.390058">
    <testsuite name="Tests\Unit\Actions\Events\CreateActionTest" file="tests/Unit/Actions/Events/CreateActionTest.php" tests="1" assertions="1" errors="0" failures="0" skipped="0" time="0.28649">
      <testcase name="it creates an event" class="Tests\Unit\Actions\Events\CreateActionTest" classname="Tests.Unit.Actions.Events.CreateActionTest" file="tests/Unit/Actions/Events/CreateActionTest.php::it creates an event" line="0" assertions="1" time="0.286490"/>
    </testsuite>
    <testsuite name="Tests\Unit\Actions\Events\DeleteActionTest" file="tests/Unit/Actions/Events/DeleteActionTest.php" tests="1" assertions="1" errors="0" failures="0" skipped="0" time="0.292768">
      <testcase name="it deletes a event" class="Tests\Unit\Actions\Events\DeleteActionTest" classname="Tests.Unit.Actions.Events.DeleteActionTest" file="tests/Unit/Actions/Events/DeleteActionTest.php::it deletes a event" line="0" assertions="1" time="0.292768"/>
    </testsuite>
    <testsuite name="Tests\Unit\Actions\Events\RestoreActionTest" file="tests/Unit/Actions/Events/RestoreActionTest.php" tests="1" assertions="1" errors="0" failures="0" skipped="0" time="0.286686">
      <testcase name="it restores a deleted event" class="Tests\Unit\Actions\Events\RestoreActionTest" classname="Tests.Unit.Actions.Events.RestoreActionTest" file="tests/Unit/Actions/Events/RestoreActionTest.php::it restores a deleted event" line="0" assertions="1" time="0.286686"/>
    </testsuite>
    <testsuite name="Tests\Unit\Actions\Events\UpdateActionTest" file="tests/Unit/Actions/Events/UpdateActionTest.php" tests="1" assertions="1" errors="0" failures="0" skipped="0" time="0.312454">
      <testcase name="it updates a event" class="Tests\Unit\Actions\Events\UpdateActionTest" classname="Tests.Unit.Actions.Events.UpdateActionTest" file="tests/Unit/Actions/Events/UpdateActionTest.php::it updates a event" line="0" assertions="1" time="0.312454"/>
    </testsuite>
    <testsuite name="Tests\Unit\Actions\Managers\ClearInjuryActionTest" file="tests/Unit/Actions/Managers/ClearInjuryActionTest.php" tests="8" assertions="10" errors="0" failures="0" skipped="0" time="0.401817">
      <testsuite name="invoke throws exception for injuring a non injurable manager" tests="6" assertions="6" errors="0" failures="0" skipped="0" time="0.083421">
        <testcase name="invoke throws exception for injuring a non injurable manager with data set &quot;('unemployed')&quot;" class="Tests\Unit\Actions\Managers\ClearInjuryActionTest" classname="Tests.Unit.Actions.Managers.ClearInjuryActionTest" file="tests/Unit/Actions/Managers/ClearInjuryActionTest.php::invoke throws exception for injuring a non injurable manager with data set &quot;('unemployed')&quot;" line="0" assertions="1" time="0.012207"/>
        <testcase name="invoke throws exception for injuring a non injurable manager with data set &quot;('released')&quot;" class="Tests\Unit\Actions\Managers\ClearInjuryActionTest" classname="Tests.Unit.Actions.Managers.ClearInjuryActionTest" file="tests/Unit/Actions/Managers/ClearInjuryActionTest.php::invoke throws exception for injuring a non injurable manager with data set &quot;('released')&quot;" line="0" assertions="1" time="0.013127"/>
        <testcase name="invoke throws exception for injuring a non injurable manager with data set &quot;('withFutureEmployment')&quot;" class="Tests\Unit\Actions\Managers\ClearInjuryActionTest" classname="Tests.Unit.Actions.Managers.ClearInjuryActionTest" file="tests/Unit/Actions/Managers/ClearInjuryActionTest.php::invoke throws exception for injuring a non injurable manager with data set &quot;('withFutureEmployment')&quot;" line="0" assertions="1" time="0.015319"/>
        <testcase name="invoke throws exception for injuring a non injurable manager with data set &quot;('available')&quot;" class="Tests\Unit\Actions\Managers\ClearInjuryActionTest" classname="Tests.Unit.Actions.Managers.ClearInjuryActionTest" file="tests/Unit/Actions/Managers/ClearInjuryActionTest.php::invoke throws exception for injuring a non injurable manager with data set &quot;('available')&quot;" line="0" assertions="1" time="0.014916"/>
        <testcase name="invoke throws exception for injuring a non injurable manager with data set &quot;('retired')&quot;" class="Tests\Unit\Actions\Managers\ClearInjuryActionTest" classname="Tests.Unit.Actions.Managers.ClearInjuryActionTest" file="tests/Unit/Actions/Managers/ClearInjuryActionTest.php::invoke throws exception for injuring a non injurable manager with data set &quot;('retired')&quot;" line="0" assertions="1" time="0.013505"/>
        <testcase name="invoke throws exception for injuring a non injurable manager with data set &quot;('suspended')&quot;" class="Tests\Unit\Actions\Managers\ClearInjuryActionTest" classname="Tests.Unit.Actions.Managers.ClearInjuryActionTest" file="tests/Unit/Actions/Managers/ClearInjuryActionTest.php::invoke throws exception for injuring a non injurable manager with data set &quot;('suspended')&quot;" line="0" assertions="1" time="0.014348"/>
      </testsuite>
      <testcase name="it clears an injury of an injured manager at the current datetime by default" class="Tests\Unit\Actions\Managers\ClearInjuryActionTest" classname="Tests.Unit.Actions.Managers.ClearInjuryActionTest" file="tests/Unit/Actions/Managers/ClearInjuryActionTest.php::it clears an injury of an injured manager at the current datetime by default" line="0" assertions="3" time="0.304926"/>
      <testcase name="it clears an injury of an injured manager at a specific datetime" class="Tests\Unit\Actions\Managers\ClearInjuryActionTest" classname="Tests.Unit.Actions.Managers.ClearInjuryActionTest" file="tests/Unit/Actions/Managers/ClearInjuryActionTest.php::it clears an injury of an injured manager at a specific datetime" line="0" assertions="1" time="0.013470"/>
    </testsuite>
    <testsuite name="Tests\Unit\Actions\Managers\CreateActionTest" file="tests/Unit/Actions/Managers/CreateActionTest.php" tests="2" assertions="4" errors="0" failures="0" skipped="0" time="0.307478">
      <testcase name="it creates a manager" class="Tests\Unit\Actions\Managers\CreateActionTest" classname="Tests.Unit.Actions.Managers.CreateActionTest" file="tests/Unit/Actions/Managers/CreateActionTest.php::it creates a manager" line="0" assertions="2" time="0.287252"/>
      <testcase name="an employment is created for the manager if start date is filled in request" class="Tests\Unit\Actions\Managers\CreateActionTest" classname="Tests.Unit.Actions.Managers.CreateActionTest" file="tests/Unit/Actions/Managers/CreateActionTest.php::an employment is created for the manager if start date is filled in request" line="0" assertions="2" time="0.020226"/>
    </testsuite>
    <testsuite name="Tests\Unit\Actions\Managers\DeleteActionTest" file="tests/Unit/Actions/Managers/DeleteActionTest.php" tests="1" assertions="1" errors="0" failures="0" skipped="0" time="0.2883">
      <testcase name="it deletes a manager" class="Tests\Unit\Actions\Managers\DeleteActionTest" classname="Tests.Unit.Actions.Managers.DeleteActionTest" file="tests/Unit/Actions/Managers/DeleteActionTest.php::it deletes a manager" line="0" assertions="1" time="0.288300"/>
    </testsuite>
    <testsuite name="Tests\Unit\Actions\Managers\EmployActionTest" file="tests/Unit/Actions/Managers/EmployActionTest.php" tests="10" assertions="24" errors="0" failures="0" skipped="0" time="0.443093">
      <testsuite name="it employs an employable manager at the current datetime by default" tests="2" assertions="8" errors="0" failures="0" skipped="0" time="0.318347">
        <testcase name="it employs an employable manager at the current datetime by default with data set &quot;('unemployed')&quot;" class="Tests\Unit\Actions\Managers\EmployActionTest" classname="Tests.Unit.Actions.Managers.EmployActionTest" file="tests/Unit/Actions/Managers/EmployActionTest.php::it employs an employable manager at the current datetime by default with data set &quot;('unemployed')&quot;" line="0" assertions="4" time="0.304479"/>
        <testcase name="it employs an employable manager at the current datetime by default with data set &quot;('released')&quot;" class="Tests\Unit\Actions\Managers\EmployActionTest" classname="Tests.Unit.Actions.Managers.EmployActionTest" file="tests/Unit/Actions/Managers/EmployActionTest.php::it employs an employable manager at the current datetime by default with data set &quot;('released')&quot;" line="0" assertions="4" time="0.013868"/>
      </testsuite>
      <testsuite name="it employs an employable manager at a specific datetime" tests="2" assertions="4" errors="0" failures="0" skipped="0" time="0.031933">
        <testcase name="it employs an employable manager at a specific datetime with data set &quot;('unemployed')&quot;" class="Tests\Unit\Actions\Managers\EmployActionTest" classname="Tests.Unit.Actions.Managers.EmployActionTest" file="tests/Unit/Actions/Managers/EmployActionTest.php::it employs an employable manager at a specific datetime with data set &quot;('unemployed')&quot;" line="0" assertions="2" time="0.014798"/>
        <testcase name="it employs an employable manager at a specific datetime with data set &quot;('released')&quot;" class="Tests\Unit\Actions\Managers\EmployActionTest" classname="Tests.Unit.Actions.Managers.EmployActionTest" file="tests/Unit/Actions/Managers/EmployActionTest.php::it employs an employable manager at a specific datetime with data set &quot;('released')&quot;" line="0" assertions="2" time="0.017135"/>
      </testsuite>
      <testsuite name="it throws exception for employing a non employable manager" tests="4" assertions="4" errors="0" failures="0" skipped="0" time="0.055945">
        <testcase name="it throws exception for employing a non employable manager with data set &quot;('suspended')&quot;" class="Tests\Unit\Actions\Managers\EmployActionTest" classname="Tests.Unit.Actions.Managers.EmployActionTest" file="tests/Unit/Actions/Managers/EmployActionTest.php::it throws exception for employing a non employable manager with data set &quot;('suspended')&quot;" line="0" assertions="1" time="0.016461"/>
        <testcase name="it throws exception for employing a non employable manager with data set &quot;('injured')&quot;" class="Tests\Unit\Actions\Managers\EmployActionTest" classname="Tests.Unit.Actions.Managers.EmployActionTest" file="tests/Unit/Actions/Managers/EmployActionTest.php::it throws exception for employing a non employable manager with data set &quot;('injured')&quot;" line="0" assertions="1" time="0.013844"/>
        <testcase name="it throws exception for employing a non employable manager with data set &quot;('available')&quot;" class="Tests\Unit\Actions\Managers\EmployActionTest" classname="Tests.Unit.Actions.Managers.EmployActionTest" file="tests/Unit/Actions/Managers/EmployActionTest.php::it throws exception for employing a non employable manager with data set &quot;('available')&quot;" line="0" assertions="1" time="0.013145"/>
        <testcase name="it throws exception for employing a non employable manager with data set &quot;('withFutureEmployment')&quot;" class="Tests\Unit\Actions\Managers\EmployActionTest" classname="Tests.Unit.Actions.Managers.EmployActionTest" file="tests/Unit/Actions/Managers/EmployActionTest.php::it throws exception for employing a non employable manager with data set &quot;('withFutureEmployment')&quot;" line="0" assertions="1" time="0.012495"/>
      </testsuite>
      <testcase name="it employs a retired manager at the current datetime by default" class="Tests\Unit\Actions\Managers\EmployActionTest" classname="Tests.Unit.Actions.Managers.EmployActionTest" file="tests/Unit/Actions/Managers/EmployActionTest.php::it employs a retired manager at the current datetime by default" line="0" assertions="6" time="0.020881"/>
      <testcase name="it employs a retired manager at a specific datetime" class="Tests\Unit\Actions\Managers\EmployActionTest" classname="Tests.Unit.Actions.Managers.EmployActionTest" file="tests/Unit/Actions/Managers/EmployActionTest.php::it employs a retired manager at a specific datetime" line="0" assertions="2" time="0.015986"/>
    </testsuite>
    <testsuite name="Tests\Unit\Actions\Managers\InjureActionTest" file="tests/Unit/Actions/Managers/InjureActionTest.php" tests="8" assertions="10" errors="0" failures="0" skipped="0" time="0.402345">
      <testsuite name="it throws exception for injuring a non injurable manager" tests="6" assertions="6" errors="0" failures="0" skipped="0" time="0.090038">
        <testcase name="it throws exception for injuring a non injurable manager with data set &quot;('unemployed')&quot;" class="Tests\Unit\Actions\Managers\InjureActionTest" classname="Tests.Unit.Actions.Managers.InjureActionTest" file="tests/Unit/Actions/Managers/InjureActionTest.php::it throws exception for injuring a non injurable manager with data set &quot;('unemployed')&quot;" line="0" assertions="1" time="0.013035"/>
        <testcase name="it throws exception for injuring a non injurable manager with data set &quot;('suspended')&quot;" class="Tests\Unit\Actions\Managers\InjureActionTest" classname="Tests.Unit.Actions.Managers.InjureActionTest" file="tests/Unit/Actions/Managers/InjureActionTest.php::it throws exception for injuring a non injurable manager with data set &quot;('suspended')&quot;" line="0" assertions="1" time="0.016144"/>
        <testcase name="it throws exception for injuring a non injurable manager with data set &quot;('released')&quot;" class="Tests\Unit\Actions\Managers\InjureActionTest" classname="Tests.Unit.Actions.Managers.InjureActionTest" file="tests/Unit/Actions/Managers/InjureActionTest.php::it throws exception for injuring a non injurable manager with data set &quot;('released')&quot;" line="0" assertions="1" time="0.015083"/>
        <testcase name="it throws exception for injuring a non injurable manager with data set &quot;('withFutureEmployment')&quot;" class="Tests\Unit\Actions\Managers\InjureActionTest" classname="Tests.Unit.Actions.Managers.InjureActionTest" file="tests/Unit/Actions/Managers/InjureActionTest.php::it throws exception for injuring a non injurable manager with data set &quot;('withFutureEmployment')&quot;" line="0" assertions="1" time="0.017339"/>
        <testcase name="it throws exception for injuring a non injurable manager with data set &quot;('retired')&quot;" class="Tests\Unit\Actions\Managers\InjureActionTest" classname="Tests.Unit.Actions.Managers.InjureActionTest" file="tests/Unit/Actions/Managers/InjureActionTest.php::it throws exception for injuring a non injurable manager with data set &quot;('retired')&quot;" line="0" assertions="1" time="0.014776"/>
        <testcase name="it throws exception for injuring a non injurable manager with data set &quot;('injured')&quot;" class="Tests\Unit\Actions\Managers\InjureActionTest" classname="Tests.Unit.Actions.Managers.InjureActionTest" file="tests/Unit/Actions/Managers/InjureActionTest.php::it throws exception for injuring a non injurable manager with data set &quot;('injured')&quot;" line="0" assertions="1" time="0.013660"/>
      </testsuite>
      <testcase name="it injures an employed manager at the current datetime by default" class="Tests\Unit\Actions\Managers\InjureActionTest" classname="Tests.Unit.Actions.Managers.InjureActionTest" file="tests/Unit/Actions/Managers/InjureActionTest.php::it injures an employed manager at the current datetime by default" line="0" assertions="3" time="0.298409"/>
      <testcase name="it injures an employed manager at a specific datetime" class="Tests\Unit\Actions\Managers\InjureActionTest" classname="Tests.Unit.Actions.Managers.InjureActionTest" file="tests/Unit/Actions/Managers/InjureActionTest.php::it injures an employed manager at a specific datetime" line="0" assertions="1" time="0.013899"/>
    </testsuite>
    <testsuite name="Tests\Unit\Actions\Managers\ReinstateActionTest" file="tests/Unit/Actions/Managers/ReinstateActionTest.php" tests="8" assertions="10" errors="0" failures="0" skipped="0" time="0.411277">
      <testsuite name="it throws exception for reinstating a non reinstatable manager" tests="6" assertions="6" errors="0" failures="0" skipped="0" time="0.094918">
        <testcase name="it throws exception for reinstating a non reinstatable manager with data set &quot;('available')&quot;" class="Tests\Unit\Actions\Managers\ReinstateActionTest" classname="Tests.Unit.Actions.Managers.ReinstateActionTest" file="tests/Unit/Actions/Managers/ReinstateActionTest.php::it throws exception for reinstating a non reinstatable manager with data set &quot;('available')&quot;" line="0" assertions="1" time="0.013182"/>
        <testcase name="it throws exception for reinstating a non reinstatable manager with data set &quot;('unemployed')&quot;" class="Tests\Unit\Actions\Managers\ReinstateActionTest" classname="Tests.Unit.Actions.Managers.ReinstateActionTest" file="tests/Unit/Actions/Managers/ReinstateActionTest.php::it throws exception for reinstating a non reinstatable manager with data set &quot;('unemployed')&quot;" line="0" assertions="1" time="0.016487"/>
        <testcase name="it throws exception for reinstating a non reinstatable manager with data set &quot;('injured')&quot;" class="Tests\Unit\Actions\Managers\ReinstateActionTest" classname="Tests.Unit.Actions.Managers.ReinstateActionTest" file="tests/Unit/Actions/Managers/ReinstateActionTest.php::it throws exception for reinstating a non reinstatable manager with data set &quot;('injured')&quot;" line="0" assertions="1" time="0.020094"/>
        <testcase name="it throws exception for reinstating a non reinstatable manager with data set &quot;('released')&quot;" class="Tests\Unit\Actions\Managers\ReinstateActionTest" classname="Tests.Unit.Actions.Managers.ReinstateActionTest" file="tests/Unit/Actions/Managers/ReinstateActionTest.php::it throws exception for reinstating a non reinstatable manager with data set &quot;('released')&quot;" line="0" assertions="1" time="0.015603"/>
        <testcase name="it throws exception for reinstating a non reinstatable manager with data set &quot;('withFutureEmployment')&quot;" class="Tests\Unit\Actions\Managers\ReinstateActionTest" classname="Tests.Unit.Actions.Managers.ReinstateActionTest" file="tests/Unit/Actions/Managers/ReinstateActionTest.php::it throws exception for reinstating a non reinstatable manager with data set &quot;('withFutureEmployment')&quot;" line="0" assertions="1" time="0.012498"/>
        <testcase name="it throws exception for reinstating a non reinstatable manager with data set &quot;('retired')&quot;" class="Tests\Unit\Actions\Managers\ReinstateActionTest" classname="Tests.Unit.Actions.Managers.ReinstateActionTest" file="tests/Unit/Actions/Managers/ReinstateActionTest.php::it throws exception for reinstating a non reinstatable manager with data set &quot;('retired')&quot;" line="0" assertions="1" time="0.017053"/>
      </testsuite>
      <testcase name="it reinstates a suspended manager at the current datetime by default" class="Tests\Unit\Actions\Managers\ReinstateActionTest" classname="Tests.Unit.Actions.Managers.ReinstateActionTest" file="tests/Unit/Actions/Managers/ReinstateActionTest.php::it reinstates a suspended manager at the current datetime by default" line="0" assertions="3" time="0.302274"/>
      <testcase name="it reinstates a suspended manager at a specific datetime" class="Tests\Unit\Actions\Managers\ReinstateActionTest" classname="Tests.Unit.Actions.Managers.ReinstateActionTest" file="tests/Unit/Actions/Managers/ReinstateActionTest.php::it reinstates a suspended manager at a specific datetime" line="0" assertions="1" time="0.014085"/>
    </testsuite>
    <testsuite name="Tests\Unit\Actions\Managers\ReleaseActionTest" file="tests/Unit/Actions/Managers/ReleaseActionTest.php" tests="10" assertions="24" errors="0" failures="0" skipped="0" time="0.429998">
      <testsuite name="it throws an exception for releasing a non releasable manager" tests="4" assertions="4" errors="0" failures="0" skipped="0" time="0.052862">
        <testcase name="it throws an exception for releasing a non releasable manager with data set &quot;('unemployed')&quot;" class="Tests\Unit\Actions\Managers\ReleaseActionTest" classname="Tests.Unit.Actions.Managers.ReleaseActionTest" file="tests/Unit/Actions/Managers/ReleaseActionTest.php::it throws an exception for releasing a non releasable manager with data set &quot;('unemployed')&quot;" line="0" assertions="1" time="0.012828"/>
        <testcase name="it throws an exception for releasing a non releasable manager with data set &quot;('withFutureEmployment')&quot;" class="Tests\Unit\Actions\Managers\ReleaseActionTest" classname="Tests.Unit.Actions.Managers.ReleaseActionTest" file="tests/Unit/Actions/Managers/ReleaseActionTest.php::it throws an exception for releasing a non releasable manager with data set &quot;('withFutureEmployment')&quot;" line="0" assertions="1" time="0.012838"/>
        <testcase name="it throws an exception for releasing a non releasable manager with data set &quot;('released')&quot;" class="Tests\Unit\Actions\Managers\ReleaseActionTest" classname="Tests.Unit.Actions.Managers.ReleaseActionTest" file="tests/Unit/Actions/Managers/ReleaseActionTest.php::it throws an exception for releasing a non releasable manager with data set &quot;('released')&quot;" line="0" assertions="1" time="0.013317"/>
        <testcase name="it throws an exception for releasing a non releasable manager with data set &quot;('retired')&quot;" class="Tests\Unit\Actions\Managers\ReleaseActionTest" classname="Tests.Unit.Actions.Managers.ReleaseActionTest" file="tests/Unit/Actions/Managers/ReleaseActionTest.php::it throws an exception for releasing a non releasable manager with data set &quot;('retired')&quot;" line="0" assertions="1" time="0.013879"/>
      </testsuite>
      <testcase name="it releases an employed manager at the current datetime by default" class="Tests\Unit\Actions\Managers\ReleaseActionTest" classname="Tests.Unit.Actions.Managers.ReleaseActionTest" file="tests/Unit/Actions/Managers/ReleaseActionTest.php::it releases an employed manager at the current datetime by default" line="0" assertions="3" time="0.293424"/>
      <testcase name="it releases an employed manager at a specific datetime" class="Tests\Unit\Actions\Managers\ReleaseActionTest" classname="Tests.Unit.Actions.Managers.ReleaseActionTest" file="tests/Unit/Actions/Managers/ReleaseActionTest.php::it releases an employed manager at a specific datetime" line="0" assertions="1" time="0.014022"/>
      <testcase name="it releases a suspended manager at the current datetime by default" class="Tests\Unit\Actions\Managers\ReleaseActionTest" classname="Tests.Unit.Actions.Managers.ReleaseActionTest" file="tests/Unit/Actions/Managers/ReleaseActionTest.php::it releases a suspended manager at the current datetime by default" line="0" assertions="6" time="0.016535"/>
      <testcase name="it releases a suspended manager at a specific datetime" class="Tests\Unit\Actions\Managers\ReleaseActionTest" classname="Tests.Unit.Actions.Managers.ReleaseActionTest" file="tests/Unit/Actions/Managers/ReleaseActionTest.php::it releases a suspended manager at a specific datetime" line="0" assertions="2" time="0.014665"/>
      <testcase name="it releases an injured manager at the current datetime by default" class="Tests\Unit\Actions\Managers\ReleaseActionTest" classname="Tests.Unit.Actions.Managers.ReleaseActionTest" file="tests/Unit/Actions/Managers/ReleaseActionTest.php::it releases an injured manager at the current datetime by default" line="0" assertions="6" time="0.018488"/>
      <testcase name="it releases an injured manager at a specific datetime" class="Tests\Unit\Actions\Managers\ReleaseActionTest" classname="Tests.Unit.Actions.Managers.ReleaseActionTest" file="tests/Unit/Actions/Managers/ReleaseActionTest.php::it releases an injured manager at a specific datetime" line="0" assertions="2" time="0.020003"/>
    </testsuite>
    <testsuite name="Tests\Unit\Actions\Managers\RemoveFromCurrentTagTeamsActionTest" file="tests/Unit/Actions/Managers/RemoveFromCurrentTagTeamsActionTest.php" tests="1" assertions="1" errors="0" failures="0" skipped="0" time="0.288513">
      <testcase name="it can remove current tag teams from a manager" class="Tests\Unit\Actions\Managers\RemoveFromCurrentTagTeamsActionTest" classname="Tests.Unit.Actions.Managers.RemoveFromCurrentTagTeamsActionTest" file="tests/Unit/Actions/Managers/RemoveFromCurrentTagTeamsActionTest.php::it can remove current tag teams from a manager" line="0" assertions="1" time="0.288513"/>
    </testsuite>
    <testsuite name="Tests\Unit\Actions\Managers\RemoveFromCurrentWrestlersActionTest" file="tests/Unit/Actions/Managers/RemoveFromCurrentWrestlersActionTest.php" tests="1" assertions="1" errors="0" failures="0" skipped="0" time="0.296527">
      <testcase name="it can remove current wrestlers from a manager" class="Tests\Unit\Actions\Managers\RemoveFromCurrentWrestlersActionTest" classname="Tests.Unit.Actions.Managers.RemoveFromCurrentWrestlersActionTest" file="tests/Unit/Actions/Managers/RemoveFromCurrentWrestlersActionTest.php::it can remove current wrestlers from a manager" line="0" assertions="1" time="0.296527"/>
    </testsuite>
    <testsuite name="Tests\Unit\Actions\Managers\RestoreActionTest" file="tests/Unit/Actions/Managers/RestoreActionTest.php" tests="1" assertions="1" errors="0" failures="0" skipped="0" time="0.303643">
      <testcase name="it restores a deleted manager" class="Tests\Unit\Actions\Managers\RestoreActionTest" classname="Tests.Unit.Actions.Managers.RestoreActionTest" file="tests/Unit/Actions/Managers/RestoreActionTest.php::it restores a deleted manager" line="0" assertions="1" time="0.303643"/>
    </testsuite>
    <testsuite name="Tests\Unit\Actions\Managers\RetireActionTest" file="tests/Unit/Actions/Managers/RetireActionTest.php" tests="11" assertions="51" errors="0" failures="0" skipped="0" time="0.463274">
      <testsuite name="it throws exception for retiring a non retirable manager" tests="3" assertions="3" errors="0" failures="0" skipped="0" time="0.040984">
        <testcase name="it throws exception for retiring a non retirable manager with data set &quot;('retired')&quot;" class="Tests\Unit\Actions\Managers\RetireActionTest" classname="Tests.Unit.Actions.Managers.RetireActionTest" file="tests/Unit/Actions/Managers/RetireActionTest.php::it throws exception for retiring a non retirable manager with data set &quot;('retired')&quot;" line="0" assertions="1" time="0.013466"/>
        <testcase name="it throws exception for retiring a non retirable manager with data set &quot;('withFutureEmployment')&quot;" class="Tests\Unit\Actions\Managers\RetireActionTest" classname="Tests.Unit.Actions.Managers.RetireActionTest" file="tests/Unit/Actions/Managers/RetireActionTest.php::it throws exception for retiring a non retirable manager with data set &quot;('withFutureEmployment')&quot;" line="0" assertions="1" time="0.014783"/>
        <testcase name="it throws exception for retiring a non retirable manager with data set &quot;('unemployed')&quot;" class="Tests\Unit\Actions\Managers\RetireActionTest" classname="Tests.Unit.Actions.Managers.RetireActionTest" file="tests/Unit/Actions/Managers/RetireActionTest.php::it throws exception for retiring a non retirable manager with data set &quot;('unemployed')&quot;" line="0" assertions="1" time="0.012734"/>
      </testsuite>
      <testcase name="it retires an employed manager at the current datetime by default" class="Tests\Unit\Actions\Managers\RetireActionTest" classname="Tests.Unit.Actions.Managers.RetireActionTest" file="tests/Unit/Actions/Managers/RetireActionTest.php::it retires an employed manager at the current datetime by default" line="0" assertions="6" time="0.303783"/>
      <testcase name="it retires an employed manager at a specific datetime" class="Tests\Unit\Actions\Managers\RetireActionTest" classname="Tests.Unit.Actions.Managers.RetireActionTest" file="tests/Unit/Actions/Managers/RetireActionTest.php::it retires an employed manager at a specific datetime" line="0" assertions="4" time="0.014102"/>
      <testcase name="it retires a suspended manager at the current datetime by default" class="Tests\Unit\Actions\Managers\RetireActionTest" classname="Tests.Unit.Actions.Managers.RetireActionTest" file="tests/Unit/Actions/Managers/RetireActionTest.php::it retires a suspended manager at the current datetime by default" line="0" assertions="10" time="0.015918"/>
      <testcase name="it retires a suspended manager at a specific datetime" class="Tests\Unit\Actions\Managers\RetireActionTest" classname="Tests.Unit.Actions.Managers.RetireActionTest" file="tests/Unit/Actions/Managers/RetireActionTest.php::it retires a suspended manager at a specific datetime" line="0" assertions="4" time="0.017436"/>
      <testcase name="it retires an injured manager at the current datetime by default" class="Tests\Unit\Actions\Managers\RetireActionTest" classname="Tests.Unit.Actions.Managers.RetireActionTest" file="tests/Unit/Actions/Managers/RetireActionTest.php::it retires an injured manager at the current datetime by default" line="0" assertions="10" time="0.017547"/>
      <testcase name="it retires an injured manager at a specific datetime" class="Tests\Unit\Actions\Managers\RetireActionTest" classname="Tests.Unit.Actions.Managers.RetireActionTest" file="tests/Unit/Actions/Managers/RetireActionTest.php::it retires an injured manager at a specific datetime" line="0" assertions="4" time="0.021355"/>
      <testcase name="it retires a released manager at the current datetime by default" class="Tests\Unit\Actions\Managers\RetireActionTest" classname="Tests.Unit.Actions.Managers.RetireActionTest" file="tests/Unit/Actions/Managers/RetireActionTest.php::it retires a released manager at the current datetime by default" line="0" assertions="6" time="0.017721"/>
      <testcase name="it retires a released manager at a specific datetime" class="Tests\Unit\Actions\Managers\RetireActionTest" classname="Tests.Unit.Actions.Managers.RetireActionTest" file="tests/Unit/Actions/Managers/RetireActionTest.php::it retires a released manager at a specific datetime" line="0" assertions="4" time="0.014429"/>
    </testsuite>
    <testsuite name="Tests\Unit\Actions\Managers\SuspendActionTest" file="tests/Unit/Actions/Managers/SuspendActionTest.php" tests="8" assertions="10" errors="0" failures="0" skipped="0" time="0.40486">
      <testsuite name="it throws exception for suspending a non suspendable manager" tests="6" assertions="6" errors="0" failures="0" skipped="0" time="0.098952">
        <testcase name="it throws exception for suspending a non suspendable manager with data set &quot;('unemployed')&quot;" class="Tests\Unit\Actions\Managers\SuspendActionTest" classname="Tests.Unit.Actions.Managers.SuspendActionTest" file="tests/Unit/Actions/Managers/SuspendActionTest.php::it throws exception for suspending a non suspendable manager with data set &quot;('unemployed')&quot;" line="0" assertions="1" time="0.012971"/>
        <testcase name="it throws exception for suspending a non suspendable manager with data set &quot;('withFutureEmployment')&quot;" class="Tests\Unit\Actions\Managers\SuspendActionTest" classname="Tests.Unit.Actions.Managers.SuspendActionTest" file="tests/Unit/Actions/Managers/SuspendActionTest.php::it throws exception for suspending a non suspendable manager with data set &quot;('withFutureEmployment')&quot;" line="0" assertions="1" time="0.013456"/>
        <testcase name="it throws exception for suspending a non suspendable manager with data set &quot;('injured')&quot;" class="Tests\Unit\Actions\Managers\SuspendActionTest" classname="Tests.Unit.Actions.Managers.SuspendActionTest" file="tests/Unit/Actions/Managers/SuspendActionTest.php::it throws exception for suspending a non suspendable manager with data set &quot;('injured')&quot;" line="0" assertions="1" time="0.014044"/>
        <testcase name="it throws exception for suspending a non suspendable manager with data set &quot;('released')&quot;" class="Tests\Unit\Actions\Managers\SuspendActionTest" classname="Tests.Unit.Actions.Managers.SuspendActionTest" file="tests/Unit/Actions/Managers/SuspendActionTest.php::it throws exception for suspending a non suspendable manager with data set &quot;('released')&quot;" line="0" assertions="1" time="0.018932"/>
        <testcase name="it throws exception for suspending a non suspendable manager with data set &quot;('retired')&quot;" class="Tests\Unit\Actions\Managers\SuspendActionTest" classname="Tests.Unit.Actions.Managers.SuspendActionTest" file="tests/Unit/Actions/Managers/SuspendActionTest.php::it throws exception for suspending a non suspendable manager with data set &quot;('retired')&quot;" line="0" assertions="1" time="0.019932"/>
        <testcase name="it throws exception for suspending a non suspendable manager with data set &quot;('suspended')&quot;" class="Tests\Unit\Actions\Managers\SuspendActionTest" classname="Tests.Unit.Actions.Managers.SuspendActionTest" file="tests/Unit/Actions/Managers/SuspendActionTest.php::it throws exception for suspending a non suspendable manager with data set &quot;('suspended')&quot;" line="0" assertions="1" time="0.019616"/>
      </testsuite>
      <testcase name="it suspends an employed manager at the current datetime by default" class="Tests\Unit\Actions\Managers\SuspendActionTest" classname="Tests.Unit.Actions.Managers.SuspendActionTest" file="tests/Unit/Actions/Managers/SuspendActionTest.php::it suspends an employed manager at the current datetime by default" line="0" assertions="3" time="0.291422"/>
      <testcase name="it suspends an employed manager at a specific datetime" class="Tests\Unit\Actions\Managers\SuspendActionTest" classname="Tests.Unit.Actions.Managers.SuspendActionTest" file="tests/Unit/Actions/Managers/SuspendActionTest.php::it suspends an employed manager at a specific datetime" line="0" assertions="1" time="0.014486"/>
    </testsuite>
    <testsuite name="Tests\Unit\Actions\Managers\UnretireActionTest" file="tests/Unit/Actions/Managers/UnretireActionTest.php" tests="8" assertions="14" errors="0" failures="0" skipped="0" time="0.123649">
      <testsuite name="it throws exception for unretiring a non unretirable manager" tests="6" assertions="6" errors="0" failures="0" skipped="0" time="0.083928">
        <testcase name="it throws exception for unretiring a non unretirable manager with data set &quot;('available')&quot;" class="Tests\Unit\Actions\Managers\UnretireActionTest" classname="Tests.Unit.Actions.Managers.UnretireActionTest" file="tests/Unit/Actions/Managers/UnretireActionTest.php::it throws exception for unretiring a non unretirable manager with data set &quot;('available')&quot;" line="0" assertions="1" time="0.015626"/>
        <testcase name="it throws exception for unretiring a non unretirable manager with data set &quot;('withFutureEmployment')&quot;" class="Tests\Unit\Actions\Managers\UnretireActionTest" classname="Tests.Unit.Actions.Managers.UnretireActionTest" file="tests/Unit/Actions/Managers/UnretireActionTest.php::it throws exception for unretiring a non unretirable manager with data set &quot;('withFutureEmployment')&quot;" line="0" assertions="1" time="0.015039"/>
        <testcase name="it throws exception for unretiring a non unretirable manager with data set &quot;('injured')&quot;" class="Tests\Unit\Actions\Managers\UnretireActionTest" classname="Tests.Unit.Actions.Managers.UnretireActionTest" file="tests/Unit/Actions/Managers/UnretireActionTest.php::it throws exception for unretiring a non unretirable manager with data set &quot;('injured')&quot;" line="0" assertions="1" time="0.013062"/>
        <testcase name="it throws exception for unretiring a non unretirable manager with data set &quot;('released')&quot;" class="Tests\Unit\Actions\Managers\UnretireActionTest" classname="Tests.Unit.Actions.Managers.UnretireActionTest" file="tests/Unit/Actions/Managers/UnretireActionTest.php::it throws exception for unretiring a non unretirable manager with data set &quot;('released')&quot;" line="0" assertions="1" time="0.013195"/>
        <testcase name="it throws exception for unretiring a non unretirable manager with data set &quot;('suspended')&quot;" class="Tests\Unit\Actions\Managers\UnretireActionTest" classname="Tests.Unit.Actions.Managers.UnretireActionTest" file="tests/Unit/Actions/Managers/UnretireActionTest.php::it throws exception for unretiring a non unretirable manager with data set &quot;('suspended')&quot;" line="0" assertions="1" time="0.013454"/>
        <testcase name="it throws exception for unretiring a non unretirable manager with data set &quot;('unemployed')&quot;" class="Tests\Unit\Actions\Managers\UnretireActionTest" classname="Tests.Unit.Actions.Managers.UnretireActionTest" file="tests/Unit/Actions/Managers/UnretireActionTest.php::it throws exception for unretiring a non unretirable manager with data set &quot;('unemployed')&quot;" line="0" assertions="1" time="0.013553"/>
      </testsuite>
      <testcase name="it unretires a retired manager at the current datetime by default" class="Tests\Unit\Actions\Managers\UnretireActionTest" classname="Tests.Unit.Actions.Managers.UnretireActionTest" file="tests/Unit/Actions/Managers/UnretireActionTest.php::it unretires a retired manager at the current datetime by default" line="0" assertions="6" time="0.024707"/>
      <testcase name="it unretires a retired manager at a specific datetime" class="Tests\Unit\Actions\Managers\UnretireActionTest" classname="Tests.Unit.Actions.Managers.UnretireActionTest" file="tests/Unit/Actions/Managers/UnretireActionTest.php::it unretires a retired manager at a specific datetime" line="0" assertions="2" time="0.015014"/>
    </testsuite>
    <testsuite name="Tests\Unit\Actions\Managers\UpdateActionTest" file="tests/Unit/Actions/Managers/UpdateActionTest.php" tests="3" assertions="6" errors="0" failures="0" skipped="0" time="0.044236">
      <testcase name="it updates a manager" class="Tests\Unit\Actions\Managers\UpdateActionTest" classname="Tests.Unit.Actions.Managers.UpdateActionTest" file="tests/Unit/Actions/Managers/UpdateActionTest.php::it updates a manager" line="0" assertions="2" time="0.014258"/>
      <testcase name="it employs an employable manager if start date is filled in request" class="Tests\Unit\Actions\Managers\UpdateActionTest" classname="Tests.Unit.Actions.Managers.UpdateActionTest" file="tests/Unit/Actions/Managers/UpdateActionTest.php::it employs an employable manager if start date is filled in request" line="0" assertions="2" time="0.013762"/>
      <testcase name="it updates a future employed manager employment date if start date is filled in request" class="Tests\Unit\Actions\Managers\UpdateActionTest" classname="Tests.Unit.Actions.Managers.UpdateActionTest" file="tests/Unit/Actions/Managers/UpdateActionTest.php::it updates a future employed manager employment date if start date is filled in request" line="0" assertions="2" time="0.016217"/>
    </testsuite>
    <testsuite name="Tests\Unit\Actions\Matches\AddCompetitorsToMatchActionTest" file="tests/Unit/Actions/Matches/AddCompetitorsToMatchActionTest.php" tests="2" assertions="6" errors="0" failures="0" skipped="0" time="0.119888">
      <testcase name="it adds wrestler competitors to a match" class="Tests\Unit\Actions\Matches\AddCompetitorsToMatchActionTest" classname="Tests.Unit.Actions.Matches.AddCompetitorsToMatchActionTest" file="tests/Unit/Actions/Matches/AddCompetitorsToMatchActionTest.php::it adds wrestler competitors to a match" line="0" assertions="3" time="0.065985"/>
      <testcase name="it adds tag team competitors to a match" class="Tests\Unit\Actions\Matches\AddCompetitorsToMatchActionTest" classname="Tests.Unit.Actions.Matches.AddCompetitorsToMatchActionTest" file="tests/Unit/Actions/Matches/AddCompetitorsToMatchActionTest.php::it adds tag team competitors to a match" line="0" assertions="3" time="0.053904"/>
    </testsuite>
    <testsuite name="Tests\Unit\Actions\Matches\AddMatchForEventActionTest" file="tests/Unit/Actions/Matches/AddMatchForEventActionTest.php" tests="2" assertions="2" errors="0" failures="0" skipped="0" time="0.110468">
      <testcase name="add a match to an event" class="Tests\Unit\Actions\Matches\AddMatchForEventActionTest" classname="Tests.Unit.Actions.Matches.AddMatchForEventActionTest" file="tests/Unit/Actions/Matches/AddMatchForEventActionTest.php::add a match to an event" line="0" assertions="1" time="0.059941"/>
      <testcase name="add a title match to an event" class="Tests\Unit\Actions\Matches\AddMatchForEventActionTest" classname="Tests.Unit.Actions.Matches.AddMatchForEventActionTest" file="tests/Unit/Actions/Matches/AddMatchForEventActionTest.php::add a title match to an event" line="0" assertions="1" time="0.050527"/>
    </testsuite>
    <testsuite name="Tests\Unit\Actions\Matches\AddRefereesToMatchActionTest" file="tests/Unit/Actions/Matches/AddRefereesToMatchActionTest.php" tests="1" assertions="1" errors="0" failures="0" skipped="0" time="0.063223">
      <testcase name="it adds referees to a match" class="Tests\Unit\Actions\Matches\AddRefereesToMatchActionTest" classname="Tests.Unit.Actions.Matches.AddRefereesToMatchActionTest" file="tests/Unit/Actions/Matches/AddRefereesToMatchActionTest.php::it adds referees to a match" line="0" assertions="1" time="0.063223"/>
    </testsuite>
    <testsuite name="Tests\Unit\Actions\Matches\AddTagTeamsToMatchActionTest" file="tests/Unit/Actions/Matches/AddTagTeamsToMatchActionTest.php" tests="1" assertions="1" errors="0" failures="0" skipped="0" time="0.07432">
      <testcase name="it adds tag teams to a match" class="Tests\Unit\Actions\Matches\AddTagTeamsToMatchActionTest" classname="Tests.Unit.Actions.Matches.AddTagTeamsToMatchActionTest" file="tests/Unit/Actions/Matches/AddTagTeamsToMatchActionTest.php::it adds tag teams to a match" line="0" assertions="1" time="0.074320"/>
    </testsuite>
    <testsuite name="Tests\Unit\Actions\Matches\AddTitlesToMatchActionTest" file="tests/Unit/Actions/Matches/AddTitlesToMatchActionTest.php" tests="1" assertions="1" errors="0" failures="0" skipped="0" time="0.062797">
      <testcase name="it adds titles to a match" class="Tests\Unit\Actions\Matches\AddTitlesToMatchActionTest" classname="Tests.Unit.Actions.Matches.AddTitlesToMatchActionTest" file="tests/Unit/Actions/Matches/AddTitlesToMatchActionTest.php::it adds titles to a match" line="0" assertions="1" time="0.062797"/>
    </testsuite>
    <testsuite name="Tests\Unit\Actions\Matches\AddWrestlersToMatchActionTest" file="tests/Unit/Actions/Matches/AddWrestlersToMatchActionTest.php" tests="1" assertions="1" errors="0" failures="0" skipped="0" time="0.066409">
      <testcase name="it adds wrestlers to a match" class="Tests\Unit\Actions\Matches\AddWrestlersToMatchActionTest" classname="Tests.Unit.Actions.Matches.AddWrestlersToMatchActionTest" file="tests/Unit/Actions/Matches/AddWrestlersToMatchActionTest.php::it adds wrestlers to a match" line="0" assertions="1" time="0.066409"/>
    </testsuite>
    <testsuite name="Tests\Unit\Actions\Referees\ClearInjuryActionTest" file="tests/Unit/Actions/Referees/ClearInjuryActionTest.php" tests="8" assertions="10" errors="0" failures="0" skipped="0" time="0.122777">
      <testsuite name="it throws exception for injuring a non injurable referee" tests="6" assertions="6" errors="0" failures="0" skipped="0" time="0.085263">
        <testcase name="it throws exception for injuring a non injurable referee with data set &quot;('unemployed')&quot;" class="Tests\Unit\Actions\Referees\ClearInjuryActionTest" classname="Tests.Unit.Actions.Referees.ClearInjuryActionTest" file="tests/Unit/Actions/Referees/ClearInjuryActionTest.php::it throws exception for injuring a non injurable referee with data set &quot;('unemployed')&quot;" line="0" assertions="1" time="0.018779"/>
        <testcase name="it throws exception for injuring a non injurable referee with data set &quot;('released')&quot;" class="Tests\Unit\Actions\Referees\ClearInjuryActionTest" classname="Tests.Unit.Actions.Referees.ClearInjuryActionTest" file="tests/Unit/Actions/Referees/ClearInjuryActionTest.php::it throws exception for injuring a non injurable referee with data set &quot;('released')&quot;" line="0" assertions="1" time="0.013359"/>
        <testcase name="it throws exception for injuring a non injurable referee with data set &quot;('withFutureEmployment')&quot;" class="Tests\Unit\Actions\Referees\ClearInjuryActionTest" classname="Tests.Unit.Actions.Referees.ClearInjuryActionTest" file="tests/Unit/Actions/Referees/ClearInjuryActionTest.php::it throws exception for injuring a non injurable referee with data set &quot;('withFutureEmployment')&quot;" line="0" assertions="1" time="0.012476"/>
        <testcase name="it throws exception for injuring a non injurable referee with data set &quot;('bookable')&quot;" class="Tests\Unit\Actions\Referees\ClearInjuryActionTest" classname="Tests.Unit.Actions.Referees.ClearInjuryActionTest" file="tests/Unit/Actions/Referees/ClearInjuryActionTest.php::it throws exception for injuring a non injurable referee with data set &quot;('bookable')&quot;" line="0" assertions="1" time="0.013919"/>
        <testcase name="it throws exception for injuring a non injurable referee with data set &quot;('retired')&quot;" class="Tests\Unit\Actions\Referees\ClearInjuryActionTest" classname="Tests.Unit.Actions.Referees.ClearInjuryActionTest" file="tests/Unit/Actions/Referees/ClearInjuryActionTest.php::it throws exception for injuring a non injurable referee with data set &quot;('retired')&quot;" line="0" assertions="1" time="0.013931"/>
        <testcase name="it throws exception for injuring a non injurable referee with data set &quot;('suspended')&quot;" class="Tests\Unit\Actions\Referees\ClearInjuryActionTest" classname="Tests.Unit.Actions.Referees.ClearInjuryActionTest" file="tests/Unit/Actions/Referees/ClearInjuryActionTest.php::it throws exception for injuring a non injurable referee with data set &quot;('suspended')&quot;" line="0" assertions="1" time="0.012798"/>
      </testsuite>
      <testcase name="it clears an injury of an injured referee at the current datetime by default" class="Tests\Unit\Actions\Referees\ClearInjuryActionTest" classname="Tests.Unit.Actions.Referees.ClearInjuryActionTest" file="tests/Unit/Actions/Referees/ClearInjuryActionTest.php::it clears an injury of an injured referee at the current datetime by default" line="0" assertions="3" time="0.022644"/>
      <testcase name="it clears an injury of an injured referee at a specific datetime" class="Tests\Unit\Actions\Referees\ClearInjuryActionTest" classname="Tests.Unit.Actions.Referees.ClearInjuryActionTest" file="tests/Unit/Actions/Referees/ClearInjuryActionTest.php::it clears an injury of an injured referee at a specific datetime" line="0" assertions="1" time="0.014869"/>
    </testsuite>
    <testsuite name="Tests\Unit\Actions\Referees\CreateActionTest" file="tests/Unit/Actions/Referees/CreateActionTest.php" tests="2" assertions="3" errors="0" failures="0" skipped="0" time="0.025932">
      <testcase name="it creates a referee" class="Tests\Unit\Actions\Referees\CreateActionTest" classname="Tests.Unit.Actions.Referees.CreateActionTest" file="tests/Unit/Actions/Referees/CreateActionTest.php::it creates a referee" line="0" assertions="1" time="0.014286"/>
      <testcase name="it employs a referee if start date is provided" class="Tests\Unit\Actions\Referees\CreateActionTest" classname="Tests.Unit.Actions.Referees.CreateActionTest" file="tests/Unit/Actions/Referees/CreateActionTest.php::it employs a referee if start date is provided" line="0" assertions="2" time="0.011646"/>
    </testsuite>
    <testsuite name="Tests\Unit\Actions\Referees\DeleteActionTest" file="tests/Unit/Actions/Referees/DeleteActionTest.php" tests="1" assertions="1" errors="0" failures="0" skipped="0" time="0.014515">
      <testcase name="it deletes a referee" class="Tests\Unit\Actions\Referees\DeleteActionTest" classname="Tests.Unit.Actions.Referees.DeleteActionTest" file="tests/Unit/Actions/Referees/DeleteActionTest.php::it deletes a referee" line="0" assertions="1" time="0.014515"/>
    </testsuite>
    <testsuite name="Tests\Unit\Actions\Referees\EmployActionTest" file="tests/Unit/Actions/Referees/EmployActionTest.php" tests="10" assertions="24" errors="0" failures="0" skipped="0" time="0.14821">
      <testsuite name="it employs an employable referee at the current datetime by default" tests="2" assertions="8" errors="0" failures="0" skipped="0" time="0.028369">
        <testcase name="it employs an employable referee at the current datetime by default with data set &quot;('unemployed')&quot;" class="Tests\Unit\Actions\Referees\EmployActionTest" classname="Tests.Unit.Actions.Referees.EmployActionTest" file="tests/Unit/Actions/Referees/EmployActionTest.php::it employs an employable referee at the current datetime by default with data set &quot;('unemployed')&quot;" line="0" assertions="4" time="0.014790"/>
        <testcase name="it employs an employable referee at the current datetime by default with data set &quot;('released')&quot;" class="Tests\Unit\Actions\Referees\EmployActionTest" classname="Tests.Unit.Actions.Referees.EmployActionTest" file="tests/Unit/Actions/Referees/EmployActionTest.php::it employs an employable referee at the current datetime by default with data set &quot;('released')&quot;" line="0" assertions="4" time="0.013579"/>
      </testsuite>
      <testsuite name="it employs an employable referee at a specific datetime" tests="2" assertions="4" errors="0" failures="0" skipped="0" time="0.030344">
        <testcase name="it employs an employable referee at a specific datetime with data set &quot;('unemployed')&quot;" class="Tests\Unit\Actions\Referees\EmployActionTest" classname="Tests.Unit.Actions.Referees.EmployActionTest" file="tests/Unit/Actions/Referees/EmployActionTest.php::it employs an employable referee at a specific datetime with data set &quot;('unemployed')&quot;" line="0" assertions="2" time="0.012711"/>
        <testcase name="it employs an employable referee at a specific datetime with data set &quot;('released')&quot;" class="Tests\Unit\Actions\Referees\EmployActionTest" classname="Tests.Unit.Actions.Referees.EmployActionTest" file="tests/Unit/Actions/Referees/EmployActionTest.php::it employs an employable referee at a specific datetime with data set &quot;('released')&quot;" line="0" assertions="2" time="0.017632"/>
      </testsuite>
      <testsuite name="invoke employs a released referee and redirects" tests="4" assertions="4" errors="0" failures="0" skipped="0" time="0.054989">
        <testcase name="invoke employs a released referee and redirects with data set &quot;('suspended')&quot;" class="Tests\Unit\Actions\Referees\EmployActionTest" classname="Tests.Unit.Actions.Referees.EmployActionTest" file="tests/Unit/Actions/Referees/EmployActionTest.php::invoke employs a released referee and redirects with data set &quot;('suspended')&quot;" line="0" assertions="1" time="0.013485"/>
        <testcase name="invoke employs a released referee and redirects with data set &quot;('injured')&quot;" class="Tests\Unit\Actions\Referees\EmployActionTest" classname="Tests.Unit.Actions.Referees.EmployActionTest" file="tests/Unit/Actions/Referees/EmployActionTest.php::invoke employs a released referee and redirects with data set &quot;('injured')&quot;" line="0" assertions="1" time="0.014721"/>
        <testcase name="invoke employs a released referee and redirects with data set &quot;('bookable')&quot;" class="Tests\Unit\Actions\Referees\EmployActionTest" classname="Tests.Unit.Actions.Referees.EmployActionTest" file="tests/Unit/Actions/Referees/EmployActionTest.php::invoke employs a released referee and redirects with data set &quot;('bookable')&quot;" line="0" assertions="1" time="0.012900"/>
        <testcase name="invoke employs a released referee and redirects with data set &quot;('withFutureEmployment')&quot;" class="Tests\Unit\Actions\Referees\EmployActionTest" classname="Tests.Unit.Actions.Referees.EmployActionTest" file="tests/Unit/Actions/Referees/EmployActionTest.php::invoke employs a released referee and redirects with data set &quot;('withFutureEmployment')&quot;" line="0" assertions="1" time="0.013883"/>
      </testsuite>
      <testcase name="it employs a retired referee at the current datetime by default" class="Tests\Unit\Actions\Referees\EmployActionTest" classname="Tests.Unit.Actions.Referees.EmployActionTest" file="tests/Unit/Actions/Referees/EmployActionTest.php::it employs a retired referee at the current datetime by default" line="0" assertions="6" time="0.015087"/>
      <testcase name="it employs a retired referee at a specific datetime" class="Tests\Unit\Actions\Referees\EmployActionTest" classname="Tests.Unit.Actions.Referees.EmployActionTest" file="tests/Unit/Actions/Referees/EmployActionTest.php::it employs a retired referee at a specific datetime" line="0" assertions="2" time="0.019421"/>
    </testsuite>
    <testsuite name="Tests\Unit\Actions\Referees\InjureActionTest" file="tests/Unit/Actions/Referees/InjureActionTest.php" tests="8" assertions="10" errors="0" failures="0" skipped="0" time="0.12575">
      <testsuite name="it throws exception for injuring a non injurable referee" tests="6" assertions="6" errors="0" failures="0" skipped="0" time="0.095921">
        <testcase name="it throws exception for injuring a non injurable referee with data set &quot;('unemployed')&quot;" class="Tests\Unit\Actions\Referees\InjureActionTest" classname="Tests.Unit.Actions.Referees.InjureActionTest" file="tests/Unit/Actions/Referees/InjureActionTest.php::it throws exception for injuring a non injurable referee with data set &quot;('unemployed')&quot;" line="0" assertions="1" time="0.012864"/>
        <testcase name="it throws exception for injuring a non injurable referee with data set &quot;('suspended')&quot;" class="Tests\Unit\Actions\Referees\InjureActionTest" classname="Tests.Unit.Actions.Referees.InjureActionTest" file="tests/Unit/Actions/Referees/InjureActionTest.php::it throws exception for injuring a non injurable referee with data set &quot;('suspended')&quot;" line="0" assertions="1" time="0.015959"/>
        <testcase name="it throws exception for injuring a non injurable referee with data set &quot;('released')&quot;" class="Tests\Unit\Actions\Referees\InjureActionTest" classname="Tests.Unit.Actions.Referees.InjureActionTest" file="tests/Unit/Actions/Referees/InjureActionTest.php::it throws exception for injuring a non injurable referee with data set &quot;('released')&quot;" line="0" assertions="1" time="0.014700"/>
        <testcase name="it throws exception for injuring a non injurable referee with data set &quot;('withFutureEmployment')&quot;" class="Tests\Unit\Actions\Referees\InjureActionTest" classname="Tests.Unit.Actions.Referees.InjureActionTest" file="tests/Unit/Actions/Referees/InjureActionTest.php::it throws exception for injuring a non injurable referee with data set &quot;('withFutureEmployment')&quot;" line="0" assertions="1" time="0.015511"/>
        <testcase name="it throws exception for injuring a non injurable referee with data set &quot;('retired')&quot;" class="Tests\Unit\Actions\Referees\InjureActionTest" classname="Tests.Unit.Actions.Referees.InjureActionTest" file="tests/Unit/Actions/Referees/InjureActionTest.php::it throws exception for injuring a non injurable referee with data set &quot;('retired')&quot;" line="0" assertions="1" time="0.019736"/>
        <testcase name="it throws exception for injuring a non injurable referee with data set &quot;('injured')&quot;" class="Tests\Unit\Actions\Referees\InjureActionTest" classname="Tests.Unit.Actions.Referees.InjureActionTest" file="tests/Unit/Actions/Referees/InjureActionTest.php::it throws exception for injuring a non injurable referee with data set &quot;('injured')&quot;" line="0" assertions="1" time="0.017152"/>
      </testsuite>
      <testcase name="it injures a bookable referee at the current datetime by default" class="Tests\Unit\Actions\Referees\InjureActionTest" classname="Tests.Unit.Actions.Referees.InjureActionTest" file="tests/Unit/Actions/Referees/InjureActionTest.php::it injures a bookable referee at the current datetime by default" line="0" assertions="3" time="0.015980"/>
      <testcase name="it injures a bookable referee at a specific datetime" class="Tests\Unit\Actions\Referees\InjureActionTest" classname="Tests.Unit.Actions.Referees.InjureActionTest" file="tests/Unit/Actions/Referees/InjureActionTest.php::it injures a bookable referee at a specific datetime" line="0" assertions="1" time="0.013849"/>
    </testsuite>
    <testsuite name="Tests\Unit\Actions\Referees\ReinstateActionTest" file="tests/Unit/Actions/Referees/ReinstateActionTest.php" tests="8" assertions="10" errors="0" failures="0" skipped="0" time="0.123084">
      <testsuite name="invoke throws exception for reinstating a non reinstatable referee" tests="6" assertions="6" errors="0" failures="0" skipped="0" time="0.092865">
        <testcase name="invoke throws exception for reinstating a non reinstatable referee with data set &quot;('bookable')&quot;" class="Tests\Unit\Actions\Referees\ReinstateActionTest" classname="Tests.Unit.Actions.Referees.ReinstateActionTest" file="tests/Unit/Actions/Referees/ReinstateActionTest.php::invoke throws exception for reinstating a non reinstatable referee with data set &quot;('bookable')&quot;" line="0" assertions="1" time="0.012966"/>
        <testcase name="invoke throws exception for reinstating a non reinstatable referee with data set &quot;('unemployed')&quot;" class="Tests\Unit\Actions\Referees\ReinstateActionTest" classname="Tests.Unit.Actions.Referees.ReinstateActionTest" file="tests/Unit/Actions/Referees/ReinstateActionTest.php::invoke throws exception for reinstating a non reinstatable referee with data set &quot;('unemployed')&quot;" line="0" assertions="1" time="0.016674"/>
        <testcase name="invoke throws exception for reinstating a non reinstatable referee with data set &quot;('injured')&quot;" class="Tests\Unit\Actions\Referees\ReinstateActionTest" classname="Tests.Unit.Actions.Referees.ReinstateActionTest" file="tests/Unit/Actions/Referees/ReinstateActionTest.php::invoke throws exception for reinstating a non reinstatable referee with data set &quot;('injured')&quot;" line="0" assertions="1" time="0.015385"/>
        <testcase name="invoke throws exception for reinstating a non reinstatable referee with data set &quot;('released')&quot;" class="Tests\Unit\Actions\Referees\ReinstateActionTest" classname="Tests.Unit.Actions.Referees.ReinstateActionTest" file="tests/Unit/Actions/Referees/ReinstateActionTest.php::invoke throws exception for reinstating a non reinstatable referee with data set &quot;('released')&quot;" line="0" assertions="1" time="0.014745"/>
        <testcase name="invoke throws exception for reinstating a non reinstatable referee with data set &quot;('withFutureEmployment')&quot;" class="Tests\Unit\Actions\Referees\ReinstateActionTest" classname="Tests.Unit.Actions.Referees.ReinstateActionTest" file="tests/Unit/Actions/Referees/ReinstateActionTest.php::invoke throws exception for reinstating a non reinstatable referee with data set &quot;('withFutureEmployment')&quot;" line="0" assertions="1" time="0.015352"/>
        <testcase name="invoke throws exception for reinstating a non reinstatable referee with data set &quot;('retired')&quot;" class="Tests\Unit\Actions\Referees\ReinstateActionTest" classname="Tests.Unit.Actions.Referees.ReinstateActionTest" file="tests/Unit/Actions/Referees/ReinstateActionTest.php::invoke throws exception for reinstating a non reinstatable referee with data set &quot;('retired')&quot;" line="0" assertions="1" time="0.017743"/>
      </testsuite>
      <testcase name="it reinstates a suspended referee at the current datetime by default" class="Tests\Unit\Actions\Referees\ReinstateActionTest" classname="Tests.Unit.Actions.Referees.ReinstateActionTest" file="tests/Unit/Actions/Referees/ReinstateActionTest.php::it reinstates a suspended referee at the current datetime by default" line="0" assertions="3" time="0.016071"/>
      <testcase name="it reinstates a suspended referee at a specific datetime" class="Tests\Unit\Actions\Referees\ReinstateActionTest" classname="Tests.Unit.Actions.Referees.ReinstateActionTest" file="tests/Unit/Actions/Referees/ReinstateActionTest.php::it reinstates a suspended referee at a specific datetime" line="0" assertions="1" time="0.014148"/>
    </testsuite>
    <testsuite name="Tests\Unit\Actions\Referees\ReleaseActionTest" file="tests/Unit/Actions/Referees/ReleaseActionTest.php" tests="8" assertions="20" errors="0" failures="0" skipped="0" time="0.109067">
      <testsuite name="it throws an exception for releasing a non releasable referee" tests="4" assertions="4" errors="0" failures="0" skipped="0" time="0.052017">
        <testcase name="it throws an exception for releasing a non releasable referee with data set &quot;('unemployed')&quot;" class="Tests\Unit\Actions\Referees\ReleaseActionTest" classname="Tests.Unit.Actions.Referees.ReleaseActionTest" file="tests/Unit/Actions/Referees/ReleaseActionTest.php::it throws an exception for releasing a non releasable referee with data set &quot;('unemployed')&quot;" line="0" assertions="1" time="0.012223"/>
        <testcase name="it throws an exception for releasing a non releasable referee with data set &quot;('withFutureEmployment')&quot;" class="Tests\Unit\Actions\Referees\ReleaseActionTest" classname="Tests.Unit.Actions.Referees.ReleaseActionTest" file="tests/Unit/Actions/Referees/ReleaseActionTest.php::it throws an exception for releasing a non releasable referee with data set &quot;('withFutureEmployment')&quot;" line="0" assertions="1" time="0.012686"/>
        <testcase name="it throws an exception for releasing a non releasable referee with data set &quot;('released')&quot;" class="Tests\Unit\Actions\Referees\ReleaseActionTest" classname="Tests.Unit.Actions.Referees.ReleaseActionTest" file="tests/Unit/Actions/Referees/ReleaseActionTest.php::it throws an exception for releasing a non releasable referee with data set &quot;('released')&quot;" line="0" assertions="1" time="0.013853"/>
        <testcase name="it throws an exception for releasing a non releasable referee with data set &quot;('retired')&quot;" class="Tests\Unit\Actions\Referees\ReleaseActionTest" classname="Tests.Unit.Actions.Referees.ReleaseActionTest" file="tests/Unit/Actions/Referees/ReleaseActionTest.php::it throws an exception for releasing a non releasable referee with data set &quot;('retired')&quot;" line="0" assertions="1" time="0.013255"/>
      </testsuite>
      <testcase name="it releases a bookable referee at the current datetime by default" class="Tests\Unit\Actions\Referees\ReleaseActionTest" classname="Tests.Unit.Actions.Referees.ReleaseActionTest" file="tests/Unit/Actions/Referees/ReleaseActionTest.php::it releases a bookable referee at the current datetime by default" line="0" assertions="4" time="0.016285"/>
      <testcase name="it releases an bookable referee at a specific datetime" class="Tests\Unit\Actions\Referees\ReleaseActionTest" classname="Tests.Unit.Actions.Referees.ReleaseActionTest" file="tests/Unit/Actions/Referees/ReleaseActionTest.php::it releases an bookable referee at a specific datetime" line="0" assertions="2" time="0.013576"/>
      <testcase name="it releases a suspended referee at the current datetime by default" class="Tests\Unit\Actions\Referees\ReleaseActionTest" classname="Tests.Unit.Actions.Referees.ReleaseActionTest" file="tests/Unit/Actions/Referees/ReleaseActionTest.php::it releases a suspended referee at the current datetime by default" line="0" assertions="7" time="0.013607"/>
      <testcase name="it releases a suspended referee at a specific datetime" class="Tests\Unit\Actions\Referees\ReleaseActionTest" classname="Tests.Unit.Actions.Referees.ReleaseActionTest" file="tests/Unit/Actions/Referees/ReleaseActionTest.php::it releases a suspended referee at a specific datetime" line="0" assertions="3" time="0.013583"/>
    </testsuite>
    <testsuite name="Tests\Unit\Actions\Referees\RestoreActionTest" file="tests/Unit/Actions/Referees/RestoreActionTest.php" tests="1" assertions="1" errors="0" failures="0" skipped="0" time="0.013716">
      <testcase name="it restores a deleted referee" class="Tests\Unit\Actions\Referees\RestoreActionTest" classname="Tests.Unit.Actions.Referees.RestoreActionTest" file="tests/Unit/Actions/Referees/RestoreActionTest.php::it restores a deleted referee" line="0" assertions="1" time="0.013716"/>
    </testsuite>
    <testsuite name="Tests\Unit\Actions\Referees\RetireActionTest" file="tests/Unit/Actions/Referees/RetireActionTest.php" tests="11" assertions="53" errors="0" failures="0" skipped="0" time="0.163213">
      <testsuite name="it throws exception for retiring a non retirable referee" tests="3" assertions="3" errors="0" failures="0" skipped="0" time="0.04111">
        <testcase name="it throws exception for retiring a non retirable referee with data set &quot;('retired')&quot;" class="Tests\Unit\Actions\Referees\RetireActionTest" classname="Tests.Unit.Actions.Referees.RetireActionTest" file="tests/Unit/Actions/Referees/RetireActionTest.php::it throws exception for retiring a non retirable referee with data set &quot;('retired')&quot;" line="0" assertions="1" time="0.014009"/>
        <testcase name="it throws exception for retiring a non retirable referee with data set &quot;('withFutureEmployment')&quot;" class="Tests\Unit\Actions\Referees\RetireActionTest" classname="Tests.Unit.Actions.Referees.RetireActionTest" file="tests/Unit/Actions/Referees/RetireActionTest.php::it throws exception for retiring a non retirable referee with data set &quot;('withFutureEmployment')&quot;" line="0" assertions="1" time="0.013900"/>
        <testcase name="it throws exception for retiring a non retirable referee with data set &quot;('unemployed')&quot;" class="Tests\Unit\Actions\Referees\RetireActionTest" classname="Tests.Unit.Actions.Referees.RetireActionTest" file="tests/Unit/Actions/Referees/RetireActionTest.php::it throws exception for retiring a non retirable referee with data set &quot;('unemployed')&quot;" line="0" assertions="1" time="0.013200"/>
      </testsuite>
      <testcase name="it retires a bookable referee at the current datetime by default" class="Tests\Unit\Actions\Referees\RetireActionTest" classname="Tests.Unit.Actions.Referees.RetireActionTest" file="tests/Unit/Actions/Referees/RetireActionTest.php::it retires a bookable referee at the current datetime by default" line="0" assertions="8" time="0.016347"/>
      <testcase name="it retires a bookable referee at a specific datetime" class="Tests\Unit\Actions\Referees\RetireActionTest" classname="Tests.Unit.Actions.Referees.RetireActionTest" file="tests/Unit/Actions/Referees/RetireActionTest.php::it retires a bookable referee at a specific datetime" line="0" assertions="4" time="0.013704"/>
      <testcase name="it retires a suspended referee at the current datetime by default" class="Tests\Unit\Actions\Referees\RetireActionTest" classname="Tests.Unit.Actions.Referees.RetireActionTest" file="tests/Unit/Actions/Referees/RetireActionTest.php::it retires a suspended referee at the current datetime by default" line="0" assertions="10" time="0.015378"/>
      <testcase name="it retires a suspended referee at a specific datetime" class="Tests\Unit\Actions\Referees\RetireActionTest" classname="Tests.Unit.Actions.Referees.RetireActionTest" file="tests/Unit/Actions/Referees/RetireActionTest.php::it retires a suspended referee at a specific datetime" line="0" assertions="4" time="0.013904"/>
      <testcase name="it retires an injured referee at the current datetime by default" class="Tests\Unit\Actions\Referees\RetireActionTest" classname="Tests.Unit.Actions.Referees.RetireActionTest" file="tests/Unit/Actions/Referees/RetireActionTest.php::it retires an injured referee at the current datetime by default" line="0" assertions="10" time="0.014216"/>
      <testcase name="it retires an injured referee at a specific datetime" class="Tests\Unit\Actions\Referees\RetireActionTest" classname="Tests.Unit.Actions.Referees.RetireActionTest" file="tests/Unit/Actions/Referees/RetireActionTest.php::it retires an injured referee at a specific datetime" line="0" assertions="4" time="0.018895"/>
      <testcase name="it retires a released referee at the current datetime by default" class="Tests\Unit\Actions\Referees\RetireActionTest" classname="Tests.Unit.Actions.Referees.RetireActionTest" file="tests/Unit/Actions/Referees/RetireActionTest.php::it retires a released referee at the current datetime by default" line="0" assertions="6" time="0.015904"/>
      <testcase name="it retires a released referee at a specific datetime" class="Tests\Unit\Actions\Referees\RetireActionTest" classname="Tests.Unit.Actions.Referees.RetireActionTest" file="tests/Unit/Actions/Referees/RetireActionTest.php::it retires a released referee at a specific datetime" line="0" assertions="4" time="0.013756"/>
    </testsuite>
    <testsuite name="Tests\Unit\Actions\Referees\SuspendActionTest" file="tests/Unit/Actions/Referees/SuspendActionTest.php" tests="8" assertions="10" errors="0" failures="0" skipped="0" time="0.127739">
      <testsuite name="invoke throws exception for suspending a non suspendable referee" tests="6" assertions="6" errors="0" failures="0" skipped="0" time="0.097939">
        <testcase name="invoke throws exception for suspending a non suspendable referee with data set &quot;('unemployed')&quot;" class="Tests\Unit\Actions\Referees\SuspendActionTest" classname="Tests.Unit.Actions.Referees.SuspendActionTest" file="tests/Unit/Actions/Referees/SuspendActionTest.php::invoke throws exception for suspending a non suspendable referee with data set &quot;('unemployed')&quot;" line="0" assertions="1" time="0.014582"/>
        <testcase name="invoke throws exception for suspending a non suspendable referee with data set &quot;('withFutureEmployment')&quot;" class="Tests\Unit\Actions\Referees\SuspendActionTest" classname="Tests.Unit.Actions.Referees.SuspendActionTest" file="tests/Unit/Actions/Referees/SuspendActionTest.php::invoke throws exception for suspending a non suspendable referee with data set &quot;('withFutureEmployment')&quot;" line="0" assertions="1" time="0.019281"/>
        <testcase name="invoke throws exception for suspending a non suspendable referee with data set &quot;('injured')&quot;" class="Tests\Unit\Actions\Referees\SuspendActionTest" classname="Tests.Unit.Actions.Referees.SuspendActionTest" file="tests/Unit/Actions/Referees/SuspendActionTest.php::invoke throws exception for suspending a non suspendable referee with data set &quot;('injured')&quot;" line="0" assertions="1" time="0.014714"/>
        <testcase name="invoke throws exception for suspending a non suspendable referee with data set &quot;('released')&quot;" class="Tests\Unit\Actions\Referees\SuspendActionTest" classname="Tests.Unit.Actions.Referees.SuspendActionTest" file="tests/Unit/Actions/Referees/SuspendActionTest.php::invoke throws exception for suspending a non suspendable referee with data set &quot;('released')&quot;" line="0" assertions="1" time="0.016347"/>
        <testcase name="invoke throws exception for suspending a non suspendable referee with data set &quot;('retired')&quot;" class="Tests\Unit\Actions\Referees\SuspendActionTest" classname="Tests.Unit.Actions.Referees.SuspendActionTest" file="tests/Unit/Actions/Referees/SuspendActionTest.php::invoke throws exception for suspending a non suspendable referee with data set &quot;('retired')&quot;" line="0" assertions="1" time="0.018108"/>
        <testcase name="invoke throws exception for suspending a non suspendable referee with data set &quot;('suspended')&quot;" class="Tests\Unit\Actions\Referees\SuspendActionTest" classname="Tests.Unit.Actions.Referees.SuspendActionTest" file="tests/Unit/Actions/Referees/SuspendActionTest.php::invoke throws exception for suspending a non suspendable referee with data set &quot;('suspended')&quot;" line="0" assertions="1" time="0.014906"/>
      </testsuite>
      <testcase name="it suspends a bookable referee at the current datetime by default" class="Tests\Unit\Actions\Referees\SuspendActionTest" classname="Tests.Unit.Actions.Referees.SuspendActionTest" file="tests/Unit/Actions/Referees/SuspendActionTest.php::it suspends a bookable referee at the current datetime by default" line="0" assertions="3" time="0.016335"/>
      <testcase name="it suspends a bookable referee at a specific datetime" class="Tests\Unit\Actions\Referees\SuspendActionTest" classname="Tests.Unit.Actions.Referees.SuspendActionTest" file="tests/Unit/Actions/Referees/SuspendActionTest.php::it suspends a bookable referee at a specific datetime" line="0" assertions="1" time="0.013466"/>
    </testsuite>
    <testsuite name="Tests\Unit\Actions\Referees\UnretireActionTest" file="tests/Unit/Actions/Referees/UnretireActionTest.php" tests="8" assertions="14" errors="0" failures="0" skipped="0" time="0.112296">
      <testsuite name="invoke throws exception for unretiring a non unretirable referee" tests="6" assertions="6" errors="0" failures="0" skipped="0" time="0.079563">
        <testcase name="invoke throws exception for unretiring a non unretirable referee with data set &quot;('bookable')&quot;" class="Tests\Unit\Actions\Referees\UnretireActionTest" classname="Tests.Unit.Actions.Referees.UnretireActionTest" file="tests/Unit/Actions/Referees/UnretireActionTest.php::invoke throws exception for unretiring a non unretirable referee with data set &quot;('bookable')&quot;" line="0" assertions="1" time="0.012761"/>
        <testcase name="invoke throws exception for unretiring a non unretirable referee with data set &quot;('withFutureEmployment')&quot;" class="Tests\Unit\Actions\Referees\UnretireActionTest" classname="Tests.Unit.Actions.Referees.UnretireActionTest" file="tests/Unit/Actions/Referees/UnretireActionTest.php::invoke throws exception for unretiring a non unretirable referee with data set &quot;('withFutureEmployment')&quot;" line="0" assertions="1" time="0.013632"/>
        <testcase name="invoke throws exception for unretiring a non unretirable referee with data set &quot;('injured')&quot;" class="Tests\Unit\Actions\Referees\UnretireActionTest" classname="Tests.Unit.Actions.Referees.UnretireActionTest" file="tests/Unit/Actions/Referees/UnretireActionTest.php::invoke throws exception for unretiring a non unretirable referee with data set &quot;('injured')&quot;" line="0" assertions="1" time="0.013052"/>
        <testcase name="invoke throws exception for unretiring a non unretirable referee with data set &quot;('released')&quot;" class="Tests\Unit\Actions\Referees\UnretireActionTest" classname="Tests.Unit.Actions.Referees.UnretireActionTest" file="tests/Unit/Actions/Referees/UnretireActionTest.php::invoke throws exception for unretiring a non unretirable referee with data set &quot;('released')&quot;" line="0" assertions="1" time="0.014652"/>
        <testcase name="invoke throws exception for unretiring a non unretirable referee with data set &quot;('suspended')&quot;" class="Tests\Unit\Actions\Referees\UnretireActionTest" classname="Tests.Unit.Actions.Referees.UnretireActionTest" file="tests/Unit/Actions/Referees/UnretireActionTest.php::invoke throws exception for unretiring a non unretirable referee with data set &quot;('suspended')&quot;" line="0" assertions="1" time="0.012991"/>
        <testcase name="invoke throws exception for unretiring a non unretirable referee with data set &quot;('unemployed')&quot;" class="Tests\Unit\Actions\Referees\UnretireActionTest" classname="Tests.Unit.Actions.Referees.UnretireActionTest" file="tests/Unit/Actions/Referees/UnretireActionTest.php::invoke throws exception for unretiring a non unretirable referee with data set &quot;('unemployed')&quot;" line="0" assertions="1" time="0.012475"/>
      </testsuite>
      <testcase name="it unretires a retired referee at the current datetime by default" class="Tests\Unit\Actions\Referees\UnretireActionTest" classname="Tests.Unit.Actions.Referees.UnretireActionTest" file="tests/Unit/Actions/Referees/UnretireActionTest.php::it unretires a retired referee at the current datetime by default" line="0" assertions="6" time="0.018483"/>
      <testcase name="it unretires a retired referee at a specific datetime" class="Tests\Unit\Actions\Referees\UnretireActionTest" classname="Tests.Unit.Actions.Referees.UnretireActionTest" file="tests/Unit/Actions/Referees/UnretireActionTest.php::it unretires a retired referee at a specific datetime" line="0" assertions="2" time="0.014250"/>
    </testsuite>
    <testsuite name="Tests\Unit\Actions\Referees\UpdateActionTest" file="tests/Unit/Actions/Referees/UpdateActionTest.php" tests="3" assertions="6" errors="0" failures="0" skipped="0" time="0.052141">
      <testcase name="it can update a referee" class="Tests\Unit\Actions\Referees\UpdateActionTest" classname="Tests.Unit.Actions.Referees.UpdateActionTest" file="tests/Unit/Actions/Referees/UpdateActionTest.php::it can update a referee" line="0" assertions="2" time="0.020005"/>
      <testcase name="it employs an employable referee if start date is filled in request" class="Tests\Unit\Actions\Referees\UpdateActionTest" classname="Tests.Unit.Actions.Referees.UpdateActionTest" file="tests/Unit/Actions/Referees/UpdateActionTest.php::it employs an employable referee if start date is filled in request" line="0" assertions="2" time="0.015112"/>
      <testcase name="it updates a future employed referee employment date if start date is filled in request" class="Tests\Unit\Actions\Referees\UpdateActionTest" classname="Tests.Unit.Actions.Referees.UpdateActionTest" file="tests/Unit/Actions/Referees/UpdateActionTest.php::it updates a future employed referee employment date if start date is filled in request" line="0" assertions="2" time="0.017024"/>
    </testsuite>
    <testsuite name="Tests\Unit\Actions\Stables\ActivateActionTest" file="tests/Unit/Actions/Stables/ActivateActionTest.php" tests="5" assertions="8" errors="0" failures="0" skipped="1" time="0.086385">
      <testsuite name="it throws exception for activating a non activatable stable" tests="1" assertions="1" errors="0" failures="0" skipped="0" time="0.025824">
        <testcase name="it throws exception for activating a non activatable stable with data set &quot;('active')&quot;" class="Tests\Unit\Actions\Stables\ActivateActionTest" classname="Tests.Unit.Actions.Stables.ActivateActionTest" file="tests/Unit/Actions/Stables/ActivateActionTest.php::it throws exception for activating a non activatable stable with data set &quot;('active')&quot;" line="0" assertions="1" time="0.025824"/>
      </testsuite>
      <testcase name="it activates an unactivated stable and employs its unemployed members at the current datetime by default" class="Tests\Unit\Actions\Stables\ActivateActionTest" classname="Tests.Unit.Actions.Stables.ActivateActionTest" file="tests/Unit/Actions/Stables/ActivateActionTest.php::it activates an unactivated stable and employs its unemployed members at the current datetime by default" line="0" assertions="3" time="0.018531"/>
      <testcase name="it activates an unactivated stable with members at a specific datetime" class="Tests\Unit\Actions\Stables\ActivateActionTest" classname="Tests.Unit.Actions.Stables.ActivateActionTest" file="tests/Unit/Actions/Stables/ActivateActionTest.php::it activates an unactivated stable with members at a specific datetime" line="0" assertions="1" time="0.013315"/>
      <testcase name="it activates a future activated stable and employs its unemployed members at the current datetime by default" class="Tests\Unit\Actions\Stables\ActivateActionTest" classname="Tests.Unit.Actions.Stables.ActivateActionTest" file="tests/Unit/Actions/Stables/ActivateActionTest.php::it activates a future activated stable and employs its unemployed members at the current datetime by default" line="0" assertions="3" time="0.014467"/>
      <testcase name="it activates a future activated stable with members at a specific datetime" class="Tests\Unit\Actions\Stables\ActivateActionTest" classname="Tests.Unit.Actions.Stables.ActivateActionTest" file="tests/Unit/Actions/Stables/ActivateActionTest.php::it activates a future activated stable with members at a specific datetime" line="0" assertions="0" time="0.014249">
        <skipped/>
      </testcase>
    </testsuite>
    <testsuite name="Tests\Unit\Actions\Stables\CreateActionTest" file="tests/Unit/Actions/Stables/CreateActionTest.php" tests="1" assertions="4" errors="0" failures="0" skipped="0" time="0.016563">
      <testcase name="it creates a stable" class="Tests\Unit\Actions\Stables\CreateActionTest" classname="Tests.Unit.Actions.Stables.CreateActionTest" file="tests/Unit/Actions/Stables/CreateActionTest.php::it creates a stable" line="0" assertions="4" time="0.016563"/>
    </testsuite>
    <testsuite name="Tests\Unit\Actions\Stables\DeactivateActionTest" file="tests/Unit/Actions/Stables/DeactivateActionTest.php" tests="6" assertions="12" errors="0" failures="0" skipped="0" time="0.112642">
      <testsuite name="it throws exception for deactivating a non deactivatable stable" tests="4" assertions="4" errors="0" failures="0" skipped="0" time="0.068228">
        <testcase name="it throws exception for deactivating a non deactivatable stable with data set &quot;('inactive')&quot;" class="Tests\Unit\Actions\Stables\DeactivateActionTest" classname="Tests.Unit.Actions.Stables.DeactivateActionTest" file="tests/Unit/Actions/Stables/DeactivateActionTest.php::it throws exception for deactivating a non deactivatable stable with data set &quot;('inactive')&quot;" line="0" assertions="1" time="0.019155"/>
        <testcase name="it throws exception for deactivating a non deactivatable stable with data set &quot;('retired')&quot;" class="Tests\Unit\Actions\Stables\DeactivateActionTest" classname="Tests.Unit.Actions.Stables.DeactivateActionTest" file="tests/Unit/Actions/Stables/DeactivateActionTest.php::it throws exception for deactivating a non deactivatable stable with data set &quot;('retired')&quot;" line="0" assertions="1" time="0.023079"/>
        <testcase name="it throws exception for deactivating a non deactivatable stable with data set &quot;('unactivated')&quot;" class="Tests\Unit\Actions\Stables\DeactivateActionTest" classname="Tests.Unit.Actions.Stables.DeactivateActionTest" file="tests/Unit/Actions/Stables/DeactivateActionTest.php::it throws exception for deactivating a non deactivatable stable with data set &quot;('unactivated')&quot;" line="0" assertions="1" time="0.011912"/>
        <testcase name="it throws exception for deactivating a non deactivatable stable with data set &quot;('withFutureActivation')&quot;" class="Tests\Unit\Actions\Stables\DeactivateActionTest" classname="Tests.Unit.Actions.Stables.DeactivateActionTest" file="tests/Unit/Actions/Stables/DeactivateActionTest.php::it throws exception for deactivating a non deactivatable stable with data set &quot;('withFutureActivation')&quot;" line="0" assertions="1" time="0.014082"/>
      </testsuite>
      <testcase name="it deactivates a stable at the current datetime by default" class="Tests\Unit\Actions\Stables\DeactivateActionTest" classname="Tests.Unit.Actions.Stables.DeactivateActionTest" file="tests/Unit/Actions/Stables/DeactivateActionTest.php::it deactivates a stable at the current datetime by default" line="0" assertions="6" time="0.025160"/>
      <testcase name="it deactivates a stable at a specific datetime" class="Tests\Unit\Actions\Stables\DeactivateActionTest" classname="Tests.Unit.Actions.Stables.DeactivateActionTest" file="tests/Unit/Actions/Stables/DeactivateActionTest.php::it deactivates a stable at a specific datetime" line="0" assertions="2" time="0.019254"/>
    </testsuite>
    <testsuite name="Tests\Unit\Actions\Stables\DeleteActionTest" file="tests/Unit/Actions/Stables/DeleteActionTest.php" tests="1" assertions="3" errors="0" failures="0" skipped="0" time="0.034076">
      <testcase name="it deletes a stable" class="Tests\Unit\Actions\Stables\DeleteActionTest" classname="Tests.Unit.Actions.Stables.DeleteActionTest" file="tests/Unit/Actions/Stables/DeleteActionTest.php::it deletes a stable" line="0" assertions="3" time="0.034076"/>
    </testsuite>
    <testsuite name="Tests\Unit\Actions\Stables\RestoreActionTest" file="tests/Unit/Actions/Stables/RestoreActionTest.php" tests="1" assertions="1" errors="0" failures="0" skipped="0" time="0.023161">
      <testcase name="it restores a deleted stable" class="Tests\Unit\Actions\Stables\RestoreActionTest" classname="Tests.Unit.Actions.Stables.RestoreActionTest" file="tests/Unit/Actions/Stables/RestoreActionTest.php::it restores a deleted stable" line="0" assertions="1" time="0.023161"/>
    </testsuite>
    <testsuite name="Tests\Unit\Actions\Stables\RetireActionTest" file="tests/Unit/Actions/Stables/RetireActionTest.php" tests="8" assertions="29" errors="0" failures="0" skipped="1" time="0.169679">
      <testsuite name="it throws exception trying to retire a non retirable stable" tests="3" assertions="3" errors="0" failures="0" skipped="0" time="0.049301">
        <testcase name="it throws exception trying to retire a non retirable stable with data set &quot;('unactivated')&quot;" class="Tests\Unit\Actions\Stables\RetireActionTest" classname="Tests.Unit.Actions.Stables.RetireActionTest" file="tests/Unit/Actions/Stables/RetireActionTest.php::it throws exception trying to retire a non retirable stable with data set &quot;('unactivated')&quot;" line="0" assertions="1" time="0.012605"/>
        <testcase name="it throws exception trying to retire a non retirable stable with data set &quot;('withFutureActivation')&quot;" class="Tests\Unit\Actions\Stables\RetireActionTest" classname="Tests.Unit.Actions.Stables.RetireActionTest" file="tests/Unit/Actions/Stables/RetireActionTest.php::it throws exception trying to retire a non retirable stable with data set &quot;('withFutureActivation')&quot;" line="0" assertions="1" time="0.014229"/>
        <testcase name="it throws exception trying to retire a non retirable stable with data set &quot;('retired')&quot;" class="Tests\Unit\Actions\Stables\RetireActionTest" classname="Tests.Unit.Actions.Stables.RetireActionTest" file="tests/Unit/Actions/Stables/RetireActionTest.php::it throws exception trying to retire a non retirable stable with data set &quot;('retired')&quot;" line="0" assertions="1" time="0.022467"/>
      </testsuite>
      <testcase name="it retires an active stable at the current datetime by default" class="Tests\Unit\Actions\Stables\RetireActionTest" classname="Tests.Unit.Actions.Stables.RetireActionTest" file="tests/Unit/Actions/Stables/RetireActionTest.php::it retires an active stable at the current datetime by default" line="0" assertions="9" time="0.038682"/>
      <testcase name="it retires an active stable at a specific datetime" class="Tests\Unit\Actions\Stables\RetireActionTest" classname="Tests.Unit.Actions.Stables.RetireActionTest" file="tests/Unit/Actions/Stables/RetireActionTest.php::it retires an active stable at a specific datetime" line="0" assertions="5" time="0.028732"/>
      <testcase name="it retires an inactive stable at the current datetime by default" class="Tests\Unit\Actions\Stables\RetireActionTest" classname="Tests.Unit.Actions.Stables.RetireActionTest" file="tests/Unit/Actions/Stables/RetireActionTest.php::it retires an inactive stable at the current datetime by default" line="0" assertions="7" time="0.021335"/>
      <testcase name="it retires an inactive stable at a specific datetime" class="Tests\Unit\Actions\Stables\RetireActionTest" classname="Tests.Unit.Actions.Stables.RetireActionTest" file="tests/Unit/Actions/Stables/RetireActionTest.php::it retires an inactive stable at a specific datetime" line="0" assertions="5" time="0.020325"/>
      <testcase name="it retires the current tag teams and current wrestlers and current managers of a stable" class="Tests\Unit\Actions\Stables\RetireActionTest" classname="Tests.Unit.Actions.Stables.RetireActionTest" file="tests/Unit/Actions/Stables/RetireActionTest.php::it retires the current tag teams and current wrestlers and current managers of a stable" line="0" assertions="0" time="0.011303">
        <skipped/>
      </testcase>
    </testsuite>
    <testsuite name="Tests\Unit\Actions\Stables\UnretireActionTest" file="tests/Unit/Actions/Stables/UnretireActionTest.php" tests="6" assertions="8" errors="0" failures="0" skipped="0" time="0.131564">
      <testsuite name="it throws exception for unretiring a non unretirable stable" tests="4" assertions="4" errors="0" failures="0" skipped="0" time="0.06773">
        <testcase name="it throws exception for unretiring a non unretirable stable with data set &quot;('active')&quot;" class="Tests\Unit\Actions\Stables\UnretireActionTest" classname="Tests.Unit.Actions.Stables.UnretireActionTest" file="tests/Unit/Actions/Stables/UnretireActionTest.php::it throws exception for unretiring a non unretirable stable with data set &quot;('active')&quot;" line="0" assertions="1" time="0.020390"/>
        <testcase name="it throws exception for unretiring a non unretirable stable with data set &quot;('withFutureActivation')&quot;" class="Tests\Unit\Actions\Stables\UnretireActionTest" classname="Tests.Unit.Actions.Stables.UnretireActionTest" file="tests/Unit/Actions/Stables/UnretireActionTest.php::it throws exception for unretiring a non unretirable stable with data set &quot;('withFutureActivation')&quot;" line="0" assertions="1" time="0.014912"/>
        <testcase name="it throws exception for unretiring a non unretirable stable with data set &quot;('inactive')&quot;" class="Tests\Unit\Actions\Stables\UnretireActionTest" classname="Tests.Unit.Actions.Stables.UnretireActionTest" file="tests/Unit/Actions/Stables/UnretireActionTest.php::it throws exception for unretiring a non unretirable stable with data set &quot;('inactive')&quot;" line="0" assertions="1" time="0.019405"/>
        <testcase name="it throws exception for unretiring a non unretirable stable with data set &quot;('unactivated')&quot;" class="Tests\Unit\Actions\Stables\UnretireActionTest" classname="Tests.Unit.Actions.Stables.UnretireActionTest" file="tests/Unit/Actions/Stables/UnretireActionTest.php::it throws exception for unretiring a non unretirable stable with data set &quot;('unactivated')&quot;" line="0" assertions="1" time="0.013024"/>
      </testsuite>
      <testcase name="it unretires a retired tag team at the current datetime by default" class="Tests\Unit\Actions\Stables\UnretireActionTest" classname="Tests.Unit.Actions.Stables.UnretireActionTest" file="tests/Unit/Actions/Stables/UnretireActionTest.php::it unretires a retired tag team at the current datetime by default" line="0" assertions="3" time="0.034486"/>
      <testcase name="it unretires a retired tag team at a specific datetime" class="Tests\Unit\Actions\Stables\UnretireActionTest" classname="Tests.Unit.Actions.Stables.UnretireActionTest" file="tests/Unit/Actions/Stables/UnretireActionTest.php::it unretires a retired tag team at a specific datetime" line="0" assertions="1" time="0.029349"/>
    </testsuite>
    <testsuite name="Tests\Unit\Actions\Stables\UpdateActionTest" file="tests/Unit/Actions/Stables/UpdateActionTest.php" tests="2" assertions="6" errors="0" failures="0" skipped="0" time="0.038121">
      <testcase name="wrestlers of stable are synced when stable is updated" class="Tests\Unit\Actions\Stables\UpdateActionTest" classname="Tests.Unit.Actions.Stables.UpdateActionTest" file="tests/Unit/Actions/Stables/UpdateActionTest.php::wrestlers of stable are synced when stable is updated" line="0" assertions="3" time="0.022643"/>
      <testcase name="tag teams of stable are synced when stable is updated" class="Tests\Unit\Actions\Stables\UpdateActionTest" classname="Tests.Unit.Actions.Stables.UpdateActionTest" file="tests/Unit/Actions/Stables/UpdateActionTest.php::tag teams of stable are synced when stable is updated" line="0" assertions="3" time="0.015478"/>
    </testsuite>
    <testsuite name="Tests\Unit\Actions\TagTeams\CreateActionTest" file="tests/Unit/Actions/TagTeams/CreateActionTest.php" tests="2" assertions="10" errors="0" failures="0" skipped="0" time="0.040121">
      <testcase name="it creates a tag team without tag team partners and employment" class="Tests\Unit\Actions\TagTeams\CreateActionTest" classname="Tests.Unit.Actions.TagTeams.CreateActionTest" file="tests/Unit/Actions/TagTeams/CreateActionTest.php::it creates a tag team without tag team partners and employment" line="0" assertions="4" time="0.016456"/>
      <testcase name="it employs a tag team and tag team partners and employment when start date is present" class="Tests\Unit\Actions\TagTeams\CreateActionTest" classname="Tests.Unit.Actions.TagTeams.CreateActionTest" file="tests/Unit/Actions/TagTeams/CreateActionTest.php::it employs a tag team and tag team partners and employment when start date is present" line="0" assertions="6" time="0.023665"/>
    </testsuite>
    <testsuite name="Tests\Unit\Actions\TagTeams\EmployActionTest" file="tests/Unit/Actions/TagTeams/EmployActionTest.php" tests="2" assertions="4" errors="0" failures="0" skipped="0" time="0.042328">
      <testcase name="it employs an unemployed tag team at the current datetime by default" class="Tests\Unit\Actions\TagTeams\EmployActionTest" classname="Tests.Unit.Actions.TagTeams.EmployActionTest" file="tests/Unit/Actions/TagTeams/EmployActionTest.php::it employs an unemployed tag team at the current datetime by default" line="0" assertions="3" time="0.024167"/>
      <testcase name="it employs an unemployed tag team at a specific datetime" class="Tests\Unit\Actions\TagTeams\EmployActionTest" classname="Tests.Unit.Actions.TagTeams.EmployActionTest" file="tests/Unit/Actions/TagTeams/EmployActionTest.php::it employs an unemployed tag team at a specific datetime" line="0" assertions="1" time="0.018161"/>
    </testsuite>
    <testsuite name="Tests\Unit\Actions\TagTeams\ReinstateActionTest" file="tests/Unit/Actions/TagTeams/ReinstateActionTest.php" tests="8" assertions="10" errors="0" failures="0" skipped="0" time="0.145504">
      <testsuite name="it throws exception for reinstating a non reinstatable tag team" tests="6" assertions="6" errors="0" failures="0" skipped="0" time="0.09306">
        <testcase name="it throws exception for reinstating a non reinstatable tag team with data set &quot;('bookable')&quot;" class="Tests\Unit\Actions\TagTeams\ReinstateActionTest" classname="Tests.Unit.Actions.TagTeams.ReinstateActionTest" file="tests/Unit/Actions/TagTeams/ReinstateActionTest.php::it throws exception for reinstating a non reinstatable tag team with data set &quot;('bookable')&quot;" line="0" assertions="1" time="0.018575"/>
        <testcase name="it throws exception for reinstating a non reinstatable tag team with data set &quot;('withFutureEmployment')&quot;" class="Tests\Unit\Actions\TagTeams\ReinstateActionTest" classname="Tests.Unit.Actions.TagTeams.ReinstateActionTest" file="tests/Unit/Actions/TagTeams/ReinstateActionTest.php::it throws exception for reinstating a non reinstatable tag team with data set &quot;('withFutureEmployment')&quot;" line="0" assertions="1" time="0.015825"/>
        <testcase name="it throws exception for reinstating a non reinstatable tag team with data set &quot;('unemployed')&quot;" class="Tests\Unit\Actions\TagTeams\ReinstateActionTest" classname="Tests.Unit.Actions.TagTeams.ReinstateActionTest" file="tests/Unit/Actions/TagTeams/ReinstateActionTest.php::it throws exception for reinstating a non reinstatable tag team with data set &quot;('unemployed')&quot;" line="0" assertions="1" time="0.012252"/>
        <testcase name="it throws exception for reinstating a non reinstatable tag team with data set &quot;('released')&quot;" class="Tests\Unit\Actions\TagTeams\ReinstateActionTest" classname="Tests.Unit.Actions.TagTeams.ReinstateActionTest" file="tests/Unit/Actions/TagTeams/ReinstateActionTest.php::it throws exception for reinstating a non reinstatable tag team with data set &quot;('released')&quot;" line="0" assertions="1" time="0.017127"/>
        <testcase name="it throws exception for reinstating a non reinstatable tag team with data set &quot;('retired')&quot;" class="Tests\Unit\Actions\TagTeams\ReinstateActionTest" classname="Tests.Unit.Actions.TagTeams.ReinstateActionTest" file="tests/Unit/Actions/TagTeams/ReinstateActionTest.php::it throws exception for reinstating a non reinstatable tag team with data set &quot;('retired')&quot;" line="0" assertions="1" time="0.016995"/>
        <testcase name="it throws exception for reinstating a non reinstatable tag team with data set &quot;('unbookable')&quot;" class="Tests\Unit\Actions\TagTeams\ReinstateActionTest" classname="Tests.Unit.Actions.TagTeams.ReinstateActionTest" file="tests/Unit/Actions/TagTeams/ReinstateActionTest.php::it throws exception for reinstating a non reinstatable tag team with data set &quot;('unbookable')&quot;" line="0" assertions="1" time="0.012286"/>
      </testsuite>
      <testcase name="it reinstates a suspended tag team at the current datetime by default" class="Tests\Unit\Actions\TagTeams\ReinstateActionTest" classname="Tests.Unit.Actions.TagTeams.ReinstateActionTest" file="tests/Unit/Actions/TagTeams/ReinstateActionTest.php::it reinstates a suspended tag team at the current datetime by default" line="0" assertions="3" time="0.029235"/>
      <testcase name="it reinstates a suspended tag team at a specific datetime" class="Tests\Unit\Actions\TagTeams\ReinstateActionTest" classname="Tests.Unit.Actions.TagTeams.ReinstateActionTest" file="tests/Unit/Actions/TagTeams/ReinstateActionTest.php::it reinstates a suspended tag team at a specific datetime" line="0" assertions="1" time="0.023210"/>
    </testsuite>
    <testsuite name="Tests\Unit\Actions\TagTeams\ReleaseActionTest" file="tests/Unit/Actions/TagTeams/ReleaseActionTest.php" tests="10" assertions="34" errors="0" failures="0" skipped="0" time="0.174196">
      <testsuite name="it throws an exception for releasing a non releasable tag team" tests="4" assertions="4" errors="0" failures="0" skipped="0" time="0.064993">
        <testcase name="it throws an exception for releasing a non releasable tag team with data set &quot;('unemployed')&quot;" class="Tests\Unit\Actions\TagTeams\ReleaseActionTest" classname="Tests.Unit.Actions.TagTeams.ReleaseActionTest" file="tests/Unit/Actions/TagTeams/ReleaseActionTest.php::it throws an exception for releasing a non releasable tag team with data set &quot;('unemployed')&quot;" line="0" assertions="1" time="0.014966"/>
        <testcase name="it throws an exception for releasing a non releasable tag team with data set &quot;('withFutureEmployment')&quot;" class="Tests\Unit\Actions\TagTeams\ReleaseActionTest" classname="Tests.Unit.Actions.TagTeams.ReleaseActionTest" file="tests/Unit/Actions/TagTeams/ReleaseActionTest.php::it throws an exception for releasing a non releasable tag team with data set &quot;('withFutureEmployment')&quot;" line="0" assertions="1" time="0.016587"/>
        <testcase name="it throws an exception for releasing a non releasable tag team with data set &quot;('released')&quot;" class="Tests\Unit\Actions\TagTeams\ReleaseActionTest" classname="Tests.Unit.Actions.TagTeams.ReleaseActionTest" file="tests/Unit/Actions/TagTeams/ReleaseActionTest.php::it throws an exception for releasing a non releasable tag team with data set &quot;('released')&quot;" line="0" assertions="1" time="0.016269"/>
        <testcase name="it throws an exception for releasing a non releasable tag team with data set &quot;('retired')&quot;" class="Tests\Unit\Actions\TagTeams\ReleaseActionTest" classname="Tests.Unit.Actions.TagTeams.ReleaseActionTest" file="tests/Unit/Actions/TagTeams/ReleaseActionTest.php::it throws an exception for releasing a non releasable tag team with data set &quot;('retired')&quot;" line="0" assertions="1" time="0.017171"/>
      </testsuite>
      <testcase name="it releases a bookable tag team at the current datetime by default" class="Tests\Unit\Actions\TagTeams\ReleaseActionTest" classname="Tests.Unit.Actions.TagTeams.ReleaseActionTest" file="tests/Unit/Actions/TagTeams/ReleaseActionTest.php::it releases a bookable tag team at the current datetime by default" line="0" assertions="5" time="0.021684"/>
      <testcase name="it releases a bookable tag team at a specific datetime" class="Tests\Unit\Actions\TagTeams\ReleaseActionTest" classname="Tests.Unit.Actions.TagTeams.ReleaseActionTest" file="tests/Unit/Actions/TagTeams/ReleaseActionTest.php::it releases a bookable tag team at a specific datetime" line="0" assertions="3" time="0.017621"/>
      <testcase name="it releases a suspended tag team at the current datetime by default" class="Tests\Unit\Actions\TagTeams\ReleaseActionTest" classname="Tests.Unit.Actions.TagTeams.ReleaseActionTest" file="tests/Unit/Actions/TagTeams/ReleaseActionTest.php::it releases a suspended tag team at the current datetime by default" line="0" assertions="8" time="0.018428"/>
      <testcase name="it releases a suspended tag team at a specific datetime" class="Tests\Unit\Actions\TagTeams\ReleaseActionTest" classname="Tests.Unit.Actions.TagTeams.ReleaseActionTest" file="tests/Unit/Actions/TagTeams/ReleaseActionTest.php::it releases a suspended tag team at a specific datetime" line="0" assertions="4" time="0.017990"/>
      <testcase name="it releases an unbookable tag team at the current datetime by default" class="Tests\Unit\Actions\TagTeams\ReleaseActionTest" classname="Tests.Unit.Actions.TagTeams.ReleaseActionTest" file="tests/Unit/Actions/TagTeams/ReleaseActionTest.php::it releases an unbookable tag team at the current datetime by default" line="0" assertions="6" time="0.016488"/>
      <testcase name="it releases an unbookable tag team at a specific datetime" class="Tests\Unit\Actions\TagTeams\ReleaseActionTest" classname="Tests.Unit.Actions.TagTeams.ReleaseActionTest" file="tests/Unit/Actions/TagTeams/ReleaseActionTest.php::it releases an unbookable tag team at a specific datetime" line="0" assertions="4" time="0.016992"/>
    </testsuite>
    <testsuite name="Tests\Unit\Actions\TagTeams\RestoreActionTest" file="tests/Unit/Actions/TagTeams/RestoreActionTest.php" tests="1" assertions="3" errors="0" failures="0" skipped="0" time="0.014719">
      <testcase name="it restores a deleted tag team" class="Tests\Unit\Actions\TagTeams\RestoreActionTest" classname="Tests.Unit.Actions.TagTeams.RestoreActionTest" file="tests/Unit/Actions/TagTeams/RestoreActionTest.php::it restores a deleted tag team" line="0" assertions="3" time="0.014719"/>
    </testsuite>
    <testsuite name="Tests\Unit\Actions\TagTeams\RetireActionTest" file="tests/Unit/Actions/TagTeams/RetireActionTest.php" tests="11" assertions="23" errors="0" failures="0" skipped="0" time="0.237698">
      <testsuite name="it throws exception for retiring a non retirable tag team" tests="3" assertions="3" errors="0" failures="0" skipped="0" time="0.049337">
        <testcase name="it throws exception for retiring a non retirable tag team with data set &quot;('retired')&quot;" class="Tests\Unit\Actions\TagTeams\RetireActionTest" classname="Tests.Unit.Actions.TagTeams.RetireActionTest" file="tests/Unit/Actions/TagTeams/RetireActionTest.php::it throws exception for retiring a non retirable tag team with data set &quot;('retired')&quot;" line="0" assertions="1" time="0.017198"/>
        <testcase name="it throws exception for retiring a non retirable tag team with data set &quot;('withFutureEmployment')&quot;" class="Tests\Unit\Actions\TagTeams\RetireActionTest" classname="Tests.Unit.Actions.TagTeams.RetireActionTest" file="tests/Unit/Actions/TagTeams/RetireActionTest.php::it throws exception for retiring a non retirable tag team with data set &quot;('withFutureEmployment')&quot;" line="0" assertions="1" time="0.019458"/>
        <testcase name="it throws exception for retiring a non retirable tag team with data set &quot;('unemployed')&quot;" class="Tests\Unit\Actions\TagTeams\RetireActionTest" classname="Tests.Unit.Actions.TagTeams.RetireActionTest" file="tests/Unit/Actions/TagTeams/RetireActionTest.php::it throws exception for retiring a non retirable tag team with data set &quot;('unemployed')&quot;" line="0" assertions="1" time="0.012681"/>
      </testsuite>
      <testcase name="it retires a bookable tag team at the current datetime by default" class="Tests\Unit\Actions\TagTeams\RetireActionTest" classname="Tests.Unit.Actions.TagTeams.RetireActionTest" file="tests/Unit/Actions/TagTeams/RetireActionTest.php::it retires a bookable tag team at the current datetime by default" line="0" assertions="3" time="0.025448"/>
      <testcase name="it retires a bookable tag team at a specific datetime" class="Tests\Unit\Actions\TagTeams\RetireActionTest" classname="Tests.Unit.Actions.TagTeams.RetireActionTest" file="tests/Unit/Actions/TagTeams/RetireActionTest.php::it retires a bookable tag team at a specific datetime" line="0" assertions="3" time="0.023319"/>
      <testcase name="it retires a released tag team at the current datetime by default" class="Tests\Unit\Actions\TagTeams\RetireActionTest" classname="Tests.Unit.Actions.TagTeams.RetireActionTest" file="tests/Unit/Actions/TagTeams/RetireActionTest.php::it retires a released tag team at the current datetime by default" line="0" assertions="3" time="0.020931"/>
      <testcase name="it retires a released tag team at a specific datetime" class="Tests\Unit\Actions\TagTeams\RetireActionTest" classname="Tests.Unit.Actions.TagTeams.RetireActionTest" file="tests/Unit/Actions/TagTeams/RetireActionTest.php::it retires a released tag team at a specific datetime" line="0" assertions="3" time="0.020254"/>
      <testcase name="it throws exception when trying to retire a suspended tag team due to wrestler suspension" class="Tests\Unit\Actions\TagTeams\RetireActionTest" classname="Tests.Unit.Actions.TagTeams.RetireActionTest" file="tests/Unit/Actions/TagTeams/RetireActionTest.php::it throws exception when trying to retire a suspended tag team due to wrestler suspension" line="0" assertions="1" time="0.026525"/>
      <testcase name="it throws exception when trying to retire a suspended tag team at specific datetime due to wrestler suspension" class="Tests\Unit\Actions\TagTeams\RetireActionTest" classname="Tests.Unit.Actions.TagTeams.RetireActionTest" file="tests/Unit/Actions/TagTeams/RetireActionTest.php::it throws exception when trying to retire a suspended tag team at specific datetime due to wrestler suspension" line="0" assertions="1" time="0.026687"/>
      <testcase name="it retires an employed tag team at the current datetime by default" class="Tests\Unit\Actions\TagTeams\RetireActionTest" classname="Tests.Unit.Actions.TagTeams.RetireActionTest" file="tests/Unit/Actions/TagTeams/RetireActionTest.php::it retires an employed tag team at the current datetime by default" line="0" assertions="3" time="0.020013"/>
      <testcase name="it retires an employed tag team at a specific datetime" class="Tests\Unit\Actions\TagTeams\RetireActionTest" classname="Tests.Unit.Actions.TagTeams.RetireActionTest" file="tests/Unit/Actions/TagTeams/RetireActionTest.php::it retires an employed tag team at a specific datetime" line="0" assertions="3" time="0.025184"/>
    </testsuite>
    <testsuite name="Tests\Unit\Actions\TagTeams\SuspendActionTest" file="tests/Unit/Actions/TagTeams/SuspendActionTest.php" tests="8" assertions="10" errors="0" failures="0" skipped="0" time="0.152636">
      <testsuite name="invoke throws exception for retiring a non retirable tag team" tests="6" assertions="6" errors="0" failures="0" skipped="0" time="0.095146">
        <testcase name="invoke throws exception for retiring a non retirable tag team with data set &quot;('unemployed')&quot;" class="Tests\Unit\Actions\TagTeams\SuspendActionTest" classname="Tests.Unit.Actions.TagTeams.SuspendActionTest" file="tests/Unit/Actions/TagTeams/SuspendActionTest.php::invoke throws exception for retiring a non retirable tag team with data set &quot;('unemployed')&quot;" line="0" assertions="1" time="0.012996"/>
        <testcase name="invoke throws exception for retiring a non retirable tag team with data set &quot;('released')&quot;" class="Tests\Unit\Actions\TagTeams\SuspendActionTest" classname="Tests.Unit.Actions.TagTeams.SuspendActionTest" file="tests/Unit/Actions/TagTeams/SuspendActionTest.php::invoke throws exception for retiring a non retirable tag team with data set &quot;('released')&quot;" line="0" assertions="1" time="0.016068"/>
        <testcase name="invoke throws exception for retiring a non retirable tag team with data set &quot;('withFutureEmployment')&quot;" class="Tests\Unit\Actions\TagTeams\SuspendActionTest" classname="Tests.Unit.Actions.TagTeams.SuspendActionTest" file="tests/Unit/Actions/TagTeams/SuspendActionTest.php::invoke throws exception for retiring a non retirable tag team with data set &quot;('withFutureEmployment')&quot;" line="0" assertions="1" time="0.015817"/>
        <testcase name="invoke throws exception for retiring a non retirable tag team with data set &quot;('retired')&quot;" class="Tests\Unit\Actions\TagTeams\SuspendActionTest" classname="Tests.Unit.Actions.TagTeams.SuspendActionTest" file="tests/Unit/Actions/TagTeams/SuspendActionTest.php::invoke throws exception for retiring a non retirable tag team with data set &quot;('retired')&quot;" line="0" assertions="1" time="0.016743"/>
        <testcase name="invoke throws exception for retiring a non retirable tag team with data set &quot;('unbookable')&quot;" class="Tests\Unit\Actions\TagTeams\SuspendActionTest" classname="Tests.Unit.Actions.TagTeams.SuspendActionTest" file="tests/Unit/Actions/TagTeams/SuspendActionTest.php::invoke throws exception for retiring a non retirable tag team with data set &quot;('unbookable')&quot;" line="0" assertions="1" time="0.015461"/>
        <testcase name="invoke throws exception for retiring a non retirable tag team with data set &quot;('suspended')&quot;" class="Tests\Unit\Actions\TagTeams\SuspendActionTest" classname="Tests.Unit.Actions.TagTeams.SuspendActionTest" file="tests/Unit/Actions/TagTeams/SuspendActionTest.php::invoke throws exception for retiring a non retirable tag team with data set &quot;('suspended')&quot;" line="0" assertions="1" time="0.018060"/>
      </testsuite>
      <testcase name="it suspends a bookable tag team at the current datetime by default" class="Tests\Unit\Actions\TagTeams\SuspendActionTest" classname="Tests.Unit.Actions.TagTeams.SuspendActionTest" file="tests/Unit/Actions/TagTeams/SuspendActionTest.php::it suspends a bookable tag team at the current datetime by default" line="0" assertions="3" time="0.033378"/>
      <testcase name="it suspends a bookable tag team at a specific datetime" class="Tests\Unit\Actions\TagTeams\SuspendActionTest" classname="Tests.Unit.Actions.TagTeams.SuspendActionTest" file="tests/Unit/Actions/TagTeams/SuspendActionTest.php::it suspends a bookable tag team at a specific datetime" line="0" assertions="1" time="0.024112"/>
    </testsuite>
    <testsuite name="Tests\Unit\Actions\TagTeams\UnretireActionTest" file="tests/Unit/Actions/TagTeams/UnretireActionTest.php" tests="7" assertions="13" errors="0" failures="0" skipped="0" time="0.131276">
      <testsuite name="invoke throws exception for unretiring a non unretirable tag team" tests="5" assertions="5" errors="0" failures="0" skipped="0" time="0.07801">
        <testcase name="invoke throws exception for unretiring a non unretirable tag team with data set &quot;('bookable')&quot;" class="Tests\Unit\Actions\TagTeams\UnretireActionTest" classname="Tests.Unit.Actions.TagTeams.UnretireActionTest" file="tests/Unit/Actions/TagTeams/UnretireActionTest.php::invoke throws exception for unretiring a non unretirable tag team with data set &quot;('bookable')&quot;" line="0" assertions="1" time="0.015559"/>
        <testcase name="invoke throws exception for unretiring a non unretirable tag team with data set &quot;('withFutureEmployment')&quot;" class="Tests\Unit\Actions\TagTeams\UnretireActionTest" classname="Tests.Unit.Actions.TagTeams.UnretireActionTest" file="tests/Unit/Actions/TagTeams/UnretireActionTest.php::invoke throws exception for unretiring a non unretirable tag team with data set &quot;('withFutureEmployment')&quot;" line="0" assertions="1" time="0.016697"/>
        <testcase name="invoke throws exception for unretiring a non unretirable tag team with data set &quot;('released')&quot;" class="Tests\Unit\Actions\TagTeams\UnretireActionTest" classname="Tests.Unit.Actions.TagTeams.UnretireActionTest" file="tests/Unit/Actions/TagTeams/UnretireActionTest.php::invoke throws exception for unretiring a non unretirable tag team with data set &quot;('released')&quot;" line="0" assertions="1" time="0.015955"/>
        <testcase name="invoke throws exception for unretiring a non unretirable tag team with data set &quot;('suspended')&quot;" class="Tests\Unit\Actions\TagTeams\UnretireActionTest" classname="Tests.Unit.Actions.TagTeams.UnretireActionTest" file="tests/Unit/Actions/TagTeams/UnretireActionTest.php::invoke throws exception for unretiring a non unretirable tag team with data set &quot;('suspended')&quot;" line="0" assertions="1" time="0.017195"/>
        <testcase name="invoke throws exception for unretiring a non unretirable tag team with data set &quot;('unemployed')&quot;" class="Tests\Unit\Actions\TagTeams\UnretireActionTest" classname="Tests.Unit.Actions.TagTeams.UnretireActionTest" file="tests/Unit/Actions/TagTeams/UnretireActionTest.php::invoke throws exception for unretiring a non unretirable tag team with data set &quot;('unemployed')&quot;" line="0" assertions="1" time="0.012604"/>
      </testsuite>
      <testcase name="it unretires a retired tag team at the current datetime by default" class="Tests\Unit\Actions\TagTeams\UnretireActionTest" classname="Tests.Unit.Actions.TagTeams.UnretireActionTest" file="tests/Unit/Actions/TagTeams/UnretireActionTest.php::it unretires a retired tag team at the current datetime by default" line="0" assertions="6" time="0.027864"/>
      <testcase name="it unretires a retired tag team at a specific datetime" class="Tests\Unit\Actions\TagTeams\UnretireActionTest" classname="Tests.Unit.Actions.TagTeams.UnretireActionTest" file="tests/Unit/Actions/TagTeams/UnretireActionTest.php::it unretires a retired tag team at a specific datetime" line="0" assertions="2" time="0.025402"/>
    </testsuite>
    <testsuite name="Tests\Unit\Actions\TagTeams\UpdateActionTest" file="tests/Unit/Actions/TagTeams/UpdateActionTest.php" tests="3" assertions="6" errors="0" failures="0" skipped="0" time="0.050856">
      <testcase name="it updates a tag team" class="Tests\Unit\Actions\TagTeams\UpdateActionTest" classname="Tests.Unit.Actions.TagTeams.UpdateActionTest" file="tests/Unit/Actions/TagTeams/UpdateActionTest.php::it updates a tag team" line="0" assertions="2" time="0.016099"/>
      <testcase name="it employs an unemployed tag team" class="Tests\Unit\Actions\TagTeams\UpdateActionTest" classname="Tests.Unit.Actions.TagTeams.UpdateActionTest" file="tests/Unit/Actions/TagTeams/UpdateActionTest.php::it employs an unemployed tag team" line="0" assertions="2" time="0.019826"/>
      <testcase name="it employs a tag team with a future employment date" class="Tests\Unit\Actions\TagTeams\UpdateActionTest" classname="Tests.Unit.Actions.TagTeams.UpdateActionTest" file="tests/Unit/Actions/TagTeams/UpdateActionTest.php::it employs a tag team with a future employment date" line="0" assertions="2" time="0.014931"/>
    </testsuite>
    <testsuite name="Tests\Unit\Actions\Titles\ActivateActionTest" file="tests/Unit/Actions/Titles/ActivateActionTest.php" tests="9" assertions="10" errors="0" failures="0" skipped="6" time="0.118903">
      <testsuite name="it activates an activatable title at the current datetime by default" tests="3" assertions="0" errors="0" failures="0" skipped="3" time="0.037878">
        <testcase name="it activates an activatable title at the current datetime by default with data set &quot;('unactivated')&quot;" class="Tests\Unit\Actions\Titles\ActivateActionTest" classname="Tests.Unit.Actions.Titles.ActivateActionTest" file="tests/Unit/Actions/Titles/ActivateActionTest.php::it activates an activatable title at the current datetime by default with data set &quot;('unactivated')&quot;" line="0" assertions="0" time="0.012347">
          <skipped/>
        </testcase>
        <testcase name="it activates an activatable title at the current datetime by default with data set &quot;('inactive')&quot;" class="Tests\Unit\Actions\Titles\ActivateActionTest" classname="Tests.Unit.Actions.Titles.ActivateActionTest" file="tests/Unit/Actions/Titles/ActivateActionTest.php::it activates an activatable title at the current datetime by default with data set &quot;('inactive')&quot;" line="0" assertions="0" time="0.011964">
          <skipped/>
        </testcase>
        <testcase name="it activates an activatable title at the current datetime by default with data set &quot;('withFutureActivation')&quot;" class="Tests\Unit\Actions\Titles\ActivateActionTest" classname="Tests.Unit.Actions.Titles.ActivateActionTest" file="tests/Unit/Actions/Titles/ActivateActionTest.php::it activates an activatable title at the current datetime by default with data set &quot;('withFutureActivation')&quot;" line="0" assertions="0" time="0.013567">
          <skipped/>
        </testcase>
      </testsuite>
      <testsuite name="it activates an activatable title at a specific datetime" tests="3" assertions="0" errors="0" failures="0" skipped="3" time="0.035389">
        <testcase name="it activates an activatable title at a specific datetime with data set &quot;('unactivated')&quot;" class="Tests\Unit\Actions\Titles\ActivateActionTest" classname="Tests.Unit.Actions.Titles.ActivateActionTest" file="tests/Unit/Actions/Titles/ActivateActionTest.php::it activates an activatable title at a specific datetime with data set &quot;('unactivated')&quot;" line="0" assertions="0" time="0.011858">
          <skipped/>
        </testcase>
        <testcase name="it activates an activatable title at a specific datetime with data set &quot;('inactive')&quot;" class="Tests\Unit\Actions\Titles\ActivateActionTest" classname="Tests.Unit.Actions.Titles.ActivateActionTest" file="tests/Unit/Actions/Titles/ActivateActionTest.php::it activates an activatable title at a specific datetime with data set &quot;('inactive')&quot;" line="0" assertions="0" time="0.011541">
          <skipped/>
        </testcase>
        <testcase name="it activates an activatable title at a specific datetime with data set &quot;('withFutureActivation')&quot;" class="Tests\Unit\Actions\Titles\ActivateActionTest" classname="Tests.Unit.Actions.Titles.ActivateActionTest" file="tests/Unit/Actions/Titles/ActivateActionTest.php::it activates an activatable title at a specific datetime with data set &quot;('withFutureActivation')&quot;" line="0" assertions="0" time="0.011990">
          <skipped/>
        </testcase>
      </testsuite>
      <testsuite name="it throws exception for activating a non activatable title" tests="1" assertions="1" errors="0" failures="0" skipped="0" time="0.015601">
        <testcase name="it throws exception for activating a non activatable title with data set &quot;('active')&quot;" class="Tests\Unit\Actions\Titles\ActivateActionTest" classname="Tests.Unit.Actions.Titles.ActivateActionTest" file="tests/Unit/Actions/Titles/ActivateActionTest.php::it throws exception for activating a non activatable title with data set &quot;('active')&quot;" line="0" assertions="1" time="0.015601"/>
      </testsuite>
      <testcase name="it activates a retired title at the current datetime by default" class="Tests\Unit\Actions\Titles\ActivateActionTest" classname="Tests.Unit.Actions.Titles.ActivateActionTest" file="tests/Unit/Actions/Titles/ActivateActionTest.php::it activates a retired title at the current datetime by default" line="0" assertions="7" time="0.015234"/>
      <testcase name="it activates a retired title at a specific datetime" class="Tests\Unit\Actions\Titles\ActivateActionTest" classname="Tests.Unit.Actions.Titles.ActivateActionTest" file="tests/Unit/Actions/Titles/ActivateActionTest.php::it activates a retired title at a specific datetime" line="0" assertions="2" time="0.014801"/>
    </testsuite>
    <testsuite name="Tests\Unit\Actions\Titles\CreateActionTest" file="tests/Unit/Actions/Titles/CreateActionTest.php" tests="2" assertions="4" errors="0" failures="0" skipped="0" time="0.02913">
      <testcase name="it creates a title" class="Tests\Unit\Actions\Titles\CreateActionTest" classname="Tests.Unit.Actions.Titles.CreateActionTest" file="tests/Unit/Actions/Titles/CreateActionTest.php::it creates a title" line="0" assertions="2" time="0.013846"/>
      <testcase name="it activates a title if activation date is filled in request" class="Tests\Unit\Actions\Titles\CreateActionTest" classname="Tests.Unit.Actions.Titles.CreateActionTest" file="tests/Unit/Actions/Titles/CreateActionTest.php::it activates a title if activation date is filled in request" line="0" assertions="2" time="0.015284"/>
    </testsuite>
    <testsuite name="Tests\Unit\Actions\Titles\DeactivateActionTest" file="tests/Unit/Actions/Titles/DeactivateActionTest.php" tests="6" assertions="8" errors="0" failures="0" skipped="0" time="0.085472">
      <testsuite name="it throws exception for deactivating a non deactivatable title" tests="4" assertions="4" errors="0" failures="0" skipped="0" time="0.055391">
        <testcase name="it throws exception for deactivating a non deactivatable title with data set &quot;('unactivated')&quot;" class="Tests\Unit\Actions\Titles\DeactivateActionTest" classname="Tests.Unit.Actions.Titles.DeactivateActionTest" file="tests/Unit/Actions/Titles/DeactivateActionTest.php::it throws exception for deactivating a non deactivatable title with data set &quot;('unactivated')&quot;" line="0" assertions="1" time="0.012841"/>
        <testcase name="it throws exception for deactivating a non deactivatable title with data set &quot;('withFutureActivation')&quot;" class="Tests\Unit\Actions\Titles\DeactivateActionTest" classname="Tests.Unit.Actions.Titles.DeactivateActionTest" file="tests/Unit/Actions/Titles/DeactivateActionTest.php::it throws exception for deactivating a non deactivatable title with data set &quot;('withFutureActivation')&quot;" line="0" assertions="1" time="0.012626"/>
        <testcase name="it throws exception for deactivating a non deactivatable title with data set &quot;('inactive')&quot;" class="Tests\Unit\Actions\Titles\DeactivateActionTest" classname="Tests.Unit.Actions.Titles.DeactivateActionTest" file="tests/Unit/Actions/Titles/DeactivateActionTest.php::it throws exception for deactivating a non deactivatable title with data set &quot;('inactive')&quot;" line="0" assertions="1" time="0.013695"/>
        <testcase name="it throws exception for deactivating a non deactivatable title with data set &quot;('retired')&quot;" class="Tests\Unit\Actions\Titles\DeactivateActionTest" classname="Tests.Unit.Actions.Titles.DeactivateActionTest" file="tests/Unit/Actions/Titles/DeactivateActionTest.php::it throws exception for deactivating a non deactivatable title with data set &quot;('retired')&quot;" line="0" assertions="1" time="0.016228"/>
      </testsuite>
      <testcase name="it deactivates an active title at the current datetime by default" class="Tests\Unit\Actions\Titles\DeactivateActionTest" classname="Tests.Unit.Actions.Titles.DeactivateActionTest" file="tests/Unit/Actions/Titles/DeactivateActionTest.php::it deactivates an active title at the current datetime by default" line="0" assertions="3" time="0.015728"/>
      <testcase name="it deactivates an active title at a specific datetime" class="Tests\Unit\Actions\Titles\DeactivateActionTest" classname="Tests.Unit.Actions.Titles.DeactivateActionTest" file="tests/Unit/Actions/Titles/DeactivateActionTest.php::it deactivates an active title at a specific datetime" line="0" assertions="1" time="0.014353"/>
    </testsuite>
    <testsuite name="Tests\Unit\Actions\Titles\DeleteActionTest" file="tests/Unit/Actions/Titles/DeleteActionTest.php" tests="1" assertions="1" errors="0" failures="0" skipped="0" time="0.015374">
      <testcase name="it deletes a title" class="Tests\Unit\Actions\Titles\DeleteActionTest" classname="Tests.Unit.Actions.Titles.DeleteActionTest" file="tests/Unit/Actions/Titles/DeleteActionTest.php::it deletes a title" line="0" assertions="1" time="0.015374"/>
    </testsuite>
    <testsuite name="Tests\Unit\Actions\Titles\RestoreActionTest" file="tests/Unit/Actions/Titles/RestoreActionTest.php" tests="1" assertions="1" errors="0" failures="0" skipped="0" time="0.014958">
      <testcase name="it restores a deleted title" class="Tests\Unit\Actions\Titles\RestoreActionTest" classname="Tests.Unit.Actions.Titles.RestoreActionTest" file="tests/Unit/Actions/Titles/RestoreActionTest.php::it restores a deleted title" line="0" assertions="1" time="0.014958"/>
    </testsuite>
    <testsuite name="Tests\Unit\Actions\Titles\RetireActionTest" file="tests/Unit/Actions/Titles/RetireActionTest.php" tests="7" assertions="17" errors="0" failures="0" skipped="0" time="0.110429">
      <testsuite name="it throws exception for unretiring a non unretirable title" tests="3" assertions="3" errors="0" failures="0" skipped="0" time="0.039672">
        <testcase name="it throws exception for unretiring a non unretirable title with data set &quot;('retired')&quot;" class="Tests\Unit\Actions\Titles\RetireActionTest" classname="Tests.Unit.Actions.Titles.RetireActionTest" file="tests/Unit/Actions/Titles/RetireActionTest.php::it throws exception for unretiring a non unretirable title with data set &quot;('retired')&quot;" line="0" assertions="1" time="0.013580"/>
        <testcase name="it throws exception for unretiring a non unretirable title with data set &quot;('withFutureActivation')&quot;" class="Tests\Unit\Actions\Titles\RetireActionTest" classname="Tests.Unit.Actions.Titles.RetireActionTest" file="tests/Unit/Actions/Titles/RetireActionTest.php::it throws exception for unretiring a non unretirable title with data set &quot;('withFutureActivation')&quot;" line="0" assertions="1" time="0.013308"/>
        <testcase name="it throws exception for unretiring a non unretirable title with data set &quot;('unactivated')&quot;" class="Tests\Unit\Actions\Titles\RetireActionTest" classname="Tests.Unit.Actions.Titles.RetireActionTest" file="tests/Unit/Actions/Titles/RetireActionTest.php::it throws exception for unretiring a non unretirable title with data set &quot;('unactivated')&quot;" line="0" assertions="1" time="0.012784"/>
      </testsuite>
      <testcase name="it retires an active title at the current datetime by default" class="Tests\Unit\Actions\Titles\RetireActionTest" classname="Tests.Unit.Actions.Titles.RetireActionTest" file="tests/Unit/Actions/Titles/RetireActionTest.php::it retires an active title at the current datetime by default" line="0" assertions="6" time="0.022057"/>
      <testcase name="it retires an active title at a specific datetime" class="Tests\Unit\Actions\Titles\RetireActionTest" classname="Tests.Unit.Actions.Titles.RetireActionTest" file="tests/Unit/Actions/Titles/RetireActionTest.php::it retires an active title at a specific datetime" line="0" assertions="2" time="0.014319"/>
      <testcase name="it retires an inactive title at the current datetime by default" class="Tests\Unit\Actions\Titles\RetireActionTest" classname="Tests.Unit.Actions.Titles.RetireActionTest" file="tests/Unit/Actions/Titles/RetireActionTest.php::it retires an inactive title at the current datetime by default" line="0" assertions="4" time="0.016304"/>
      <testcase name="it retires an inactive title at a specific datetime" class="Tests\Unit\Actions\Titles\RetireActionTest" classname="Tests.Unit.Actions.Titles.RetireActionTest" file="tests/Unit/Actions/Titles/RetireActionTest.php::it retires an inactive title at a specific datetime" line="0" assertions="2" time="0.018076"/>
    </testsuite>
    <testsuite name="Tests\Unit\Actions\Titles\UnretireActionTest" file="tests/Unit/Actions/Titles/UnretireActionTest.php" tests="6" assertions="10" errors="0" failures="0" skipped="0" time="0.088195">
      <testsuite name="it throws exception for unretiring a non unretirable title" tests="4" assertions="4" errors="0" failures="0" skipped="0" time="0.057117">
        <testcase name="it throws exception for unretiring a non unretirable title with data set &quot;('active')&quot;" class="Tests\Unit\Actions\Titles\UnretireActionTest" classname="Tests.Unit.Actions.Titles.UnretireActionTest" file="tests/Unit/Actions/Titles/UnretireActionTest.php::it throws exception for unretiring a non unretirable title with data set &quot;('active')&quot;" line="0" assertions="1" time="0.014589"/>
        <testcase name="it throws exception for unretiring a non unretirable title with data set &quot;('inactive')&quot;" class="Tests\Unit\Actions\Titles\UnretireActionTest" classname="Tests.Unit.Actions.Titles.UnretireActionTest" file="tests/Unit/Actions/Titles/UnretireActionTest.php::it throws exception for unretiring a non unretirable title with data set &quot;('inactive')&quot;" line="0" assertions="1" time="0.013671"/>
        <testcase name="it throws exception for unretiring a non unretirable title with data set &quot;('withFutureActivation')&quot;" class="Tests\Unit\Actions\Titles\UnretireActionTest" classname="Tests.Unit.Actions.Titles.UnretireActionTest" file="tests/Unit/Actions/Titles/UnretireActionTest.php::it throws exception for unretiring a non unretirable title with data set &quot;('withFutureActivation')&quot;" line="0" assertions="1" time="0.012856"/>
        <testcase name="it throws exception for unretiring a non unretirable title with data set &quot;('unactivated')&quot;" class="Tests\Unit\Actions\Titles\UnretireActionTest" classname="Tests.Unit.Actions.Titles.UnretireActionTest" file="tests/Unit/Actions/Titles/UnretireActionTest.php::it throws exception for unretiring a non unretirable title with data set &quot;('unactivated')&quot;" line="0" assertions="1" time="0.016001"/>
      </testsuite>
      <testcase name="it unretires a retired title and redirects" class="Tests\Unit\Actions\Titles\UnretireActionTest" classname="Tests.Unit.Actions.Titles.UnretireActionTest" file="tests/Unit/Actions/Titles/UnretireActionTest.php::it unretires a retired title and redirects" line="0" assertions="4" time="0.017750"/>
      <testcase name="it unretires a retired title at a specific datetime" class="Tests\Unit\Actions\Titles\UnretireActionTest" classname="Tests.Unit.Actions.Titles.UnretireActionTest" file="tests/Unit/Actions/Titles/UnretireActionTest.php::it unretires a retired title at a specific datetime" line="0" assertions="2" time="0.013328"/>
    </testsuite>
    <testsuite name="Tests\Unit\Actions\Titles\UpdateActionTest" file="tests/Unit/Actions/Titles/UpdateActionTest.php" tests="3" assertions="6" errors="0" failures="0" skipped="0" time="0.043299">
      <testcase name="it updates a title" class="Tests\Unit\Actions\Titles\UpdateActionTest" classname="Tests.Unit.Actions.Titles.UpdateActionTest" file="tests/Unit/Actions/Titles/UpdateActionTest.php::it updates a title" line="0" assertions="2" time="0.013779"/>
      <testcase name="it activates an unactivated title if activation date is filled in request" class="Tests\Unit\Actions\Titles\UpdateActionTest" classname="Tests.Unit.Actions.Titles.UpdateActionTest" file="tests/Unit/Actions/Titles/UpdateActionTest.php::it activates an unactivated title if activation date is filled in request" line="0" assertions="2" time="0.013690"/>
      <testcase name="it updates a title with a future activated title activation date if activation date is filled in request" class="Tests\Unit\Actions\Titles\UpdateActionTest" classname="Tests.Unit.Actions.Titles.UpdateActionTest" file="tests/Unit/Actions/Titles/UpdateActionTest.php::it updates a title with a future activated title activation date if activation date is filled in request" line="0" assertions="2" time="0.015831"/>
    </testsuite>
    <testsuite name="Tests\Unit\Actions\Venues\CreateActionTest" file="tests/Unit/Actions/Venues/CreateActionTest.php" tests="1" assertions="1" errors="0" failures="0" skipped="0" time="0.012326">
      <testcase name="it creates a venue" class="Tests\Unit\Actions\Venues\CreateActionTest" classname="Tests.Unit.Actions.Venues.CreateActionTest" file="tests/Unit/Actions/Venues/CreateActionTest.php::it creates a venue" line="0" assertions="1" time="0.012326"/>
    </testsuite>
    <testsuite name="Tests\Unit\Actions\Venues\DeleteActionTest" file="tests/Unit/Actions/Venues/DeleteActionTest.php" tests="1" assertions="1" errors="0" failures="0" skipped="0" time="0.017247">
      <testcase name="it deletes a venue" class="Tests\Unit\Actions\Venues\DeleteActionTest" classname="Tests.Unit.Actions.Venues.DeleteActionTest" file="tests/Unit/Actions/Venues/DeleteActionTest.php::it deletes a venue" line="0" assertions="1" time="0.017247"/>
    </testsuite>
    <testsuite name="Tests\Unit\Actions\Venues\RestoreActionTest" file="tests/Unit/Actions/Venues/RestoreActionTest.php" tests="1" assertions="1" errors="0" failures="0" skipped="0" time="0.01908">
      <testcase name="it restores a soft deleted venue" class="Tests\Unit\Actions\Venues\RestoreActionTest" classname="Tests.Unit.Actions.Venues.RestoreActionTest" file="tests/Unit/Actions/Venues/RestoreActionTest.php::it restores a soft deleted venue" line="0" assertions="1" time="0.019080"/>
    </testsuite>
    <testsuite name="Tests\Unit\Actions\Venues\UpdateActionTest" file="tests/Unit/Actions/Venues/UpdateActionTest.php" tests="1" assertions="1" errors="0" failures="0" skipped="0" time="0.013823">
      <testcase name="it updates a venue" class="Tests\Unit\Actions\Venues\UpdateActionTest" classname="Tests.Unit.Actions.Venues.UpdateActionTest" file="tests/Unit/Actions/Venues/UpdateActionTest.php::it updates a venue" line="0" assertions="1" time="0.013823"/>
    </testsuite>
    <testsuite name="Tests\Unit\Actions\Wrestlers\ClearInjuryActionTest" file="tests/Unit/Actions/Wrestlers/ClearInjuryActionTest.php" tests="8" assertions="10" errors="0" failures="0" skipped="0" time="0.133411">
      <testsuite name="it throws exception for injuring a non injurable wrestler" tests="6" assertions="6" errors="0" failures="0" skipped="0" time="0.099946">
        <testcase name="it throws exception for injuring a non injurable wrestler with data set &quot;('unemployed')&quot;" class="Tests\Unit\Actions\Wrestlers\ClearInjuryActionTest" classname="Tests.Unit.Actions.Wrestlers.ClearInjuryActionTest" file="tests/Unit/Actions/Wrestlers/ClearInjuryActionTest.php::it throws exception for injuring a non injurable wrestler with data set &quot;('unemployed')&quot;" line="0" assertions="1" time="0.013352"/>
        <testcase name="it throws exception for injuring a non injurable wrestler with data set &quot;('released')&quot;" class="Tests\Unit\Actions\Wrestlers\ClearInjuryActionTest" classname="Tests.Unit.Actions.Wrestlers.ClearInjuryActionTest" file="tests/Unit/Actions/Wrestlers/ClearInjuryActionTest.php::it throws exception for injuring a non injurable wrestler with data set &quot;('released')&quot;" line="0" assertions="1" time="0.013524"/>
        <testcase name="it throws exception for injuring a non injurable wrestler with data set &quot;('withFutureEmployment')&quot;" class="Tests\Unit\Actions\Wrestlers\ClearInjuryActionTest" classname="Tests.Unit.Actions.Wrestlers.ClearInjuryActionTest" file="tests/Unit/Actions/Wrestlers/ClearInjuryActionTest.php::it throws exception for injuring a non injurable wrestler with data set &quot;('withFutureEmployment')&quot;" line="0" assertions="1" time="0.014278"/>
        <testcase name="it throws exception for injuring a non injurable wrestler with data set &quot;('bookable')&quot;" class="Tests\Unit\Actions\Wrestlers\ClearInjuryActionTest" classname="Tests.Unit.Actions.Wrestlers.ClearInjuryActionTest" file="tests/Unit/Actions/Wrestlers/ClearInjuryActionTest.php::it throws exception for injuring a non injurable wrestler with data set &quot;('bookable')&quot;" line="0" assertions="1" time="0.026396"/>
        <testcase name="it throws exception for injuring a non injurable wrestler with data set &quot;('retired')&quot;" class="Tests\Unit\Actions\Wrestlers\ClearInjuryActionTest" classname="Tests.Unit.Actions.Wrestlers.ClearInjuryActionTest" file="tests/Unit/Actions/Wrestlers/ClearInjuryActionTest.php::it throws exception for injuring a non injurable wrestler with data set &quot;('retired')&quot;" line="0" assertions="1" time="0.017528"/>
        <testcase name="it throws exception for injuring a non injurable wrestler with data set &quot;('suspended')&quot;" class="Tests\Unit\Actions\Wrestlers\ClearInjuryActionTest" classname="Tests.Unit.Actions.Wrestlers.ClearInjuryActionTest" file="tests/Unit/Actions/Wrestlers/ClearInjuryActionTest.php::it throws exception for injuring a non injurable wrestler with data set &quot;('suspended')&quot;" line="0" assertions="1" time="0.014869"/>
      </testsuite>
      <testcase name="it clears an injury of an injured wrestler at the current datetime by default" class="Tests\Unit\Actions\Wrestlers\ClearInjuryActionTest" classname="Tests.Unit.Actions.Wrestlers.ClearInjuryActionTest" file="tests/Unit/Actions/Wrestlers/ClearInjuryActionTest.php::it clears an injury of an injured wrestler at the current datetime by default" line="0" assertions="3" time="0.016399"/>
      <testcase name="it clears an injury of an injured wrestler at a specific datetime" class="Tests\Unit\Actions\Wrestlers\ClearInjuryActionTest" classname="Tests.Unit.Actions.Wrestlers.ClearInjuryActionTest" file="tests/Unit/Actions/Wrestlers/ClearInjuryActionTest.php::it clears an injury of an injured wrestler at a specific datetime" line="0" assertions="1" time="0.017066"/>
    </testsuite>
    <testsuite name="Tests\Unit\Actions\Wrestlers\CreateActionTest" file="tests/Unit/Actions/Wrestlers/CreateActionTest.php" tests="2" assertions="4" errors="0" failures="0" skipped="0" time="0.029975">
      <testcase name="it creates a wrestler" class="Tests\Unit\Actions\Wrestlers\CreateActionTest" classname="Tests.Unit.Actions.Wrestlers.CreateActionTest" file="tests/Unit/Actions/Wrestlers/CreateActionTest.php::it creates a wrestler" line="0" assertions="2" time="0.014315"/>
      <testcase name="it employs a wrestler if start date is filled in request" class="Tests\Unit\Actions\Wrestlers\CreateActionTest" classname="Tests.Unit.Actions.Wrestlers.CreateActionTest" file="tests/Unit/Actions/Wrestlers/CreateActionTest.php::it employs a wrestler if start date is filled in request" line="0" assertions="2" time="0.015660"/>
    </testsuite>
    <testsuite name="Tests\Unit\Actions\Wrestlers\DeleteActionTest" file="tests/Unit/Actions/Wrestlers/DeleteActionTest.php" tests="1" assertions="2" errors="0" failures="0" skipped="0" time="0.016763">
      <testcase name="it deletes a wrestler" class="Tests\Unit\Actions\Wrestlers\DeleteActionTest" classname="Tests.Unit.Actions.Wrestlers.DeleteActionTest" file="tests/Unit/Actions/Wrestlers/DeleteActionTest.php::it deletes a wrestler" line="0" assertions="2" time="0.016763"/>
    </testsuite>
    <testsuite name="Tests\Unit\Actions\Wrestlers\EmployActionTest" file="tests/Unit/Actions/Wrestlers/EmployActionTest.php" tests="10" assertions="24" errors="0" failures="0" skipped="0" time="0.15774">
      <testsuite name="it employs an employable wrestler at the current datetime by default" tests="2" assertions="8" errors="0" failures="0" skipped="0" time="0.031036">
        <testcase name="it employs an employable wrestler at the current datetime by default with data set &quot;('unemployed')&quot;" class="Tests\Unit\Actions\Wrestlers\EmployActionTest" classname="Tests.Unit.Actions.Wrestlers.EmployActionTest" file="tests/Unit/Actions/Wrestlers/EmployActionTest.php::it employs an employable wrestler at the current datetime by default with data set &quot;('unemployed')&quot;" line="0" assertions="4" time="0.016334"/>
        <testcase name="it employs an employable wrestler at the current datetime by default with data set &quot;('released')&quot;" class="Tests\Unit\Actions\Wrestlers\EmployActionTest" classname="Tests.Unit.Actions.Wrestlers.EmployActionTest" file="tests/Unit/Actions/Wrestlers/EmployActionTest.php::it employs an employable wrestler at the current datetime by default with data set &quot;('released')&quot;" line="0" assertions="4" time="0.014701"/>
      </testsuite>
      <testsuite name="it employs an employable wrestler at a specific datetime" tests="2" assertions="4" errors="0" failures="0" skipped="0" time="0.027094">
        <testcase name="it employs an employable wrestler at a specific datetime with data set &quot;('unemployed')&quot;" class="Tests\Unit\Actions\Wrestlers\EmployActionTest" classname="Tests.Unit.Actions.Wrestlers.EmployActionTest" file="tests/Unit/Actions/Wrestlers/EmployActionTest.php::it employs an employable wrestler at a specific datetime with data set &quot;('unemployed')&quot;" line="0" assertions="2" time="0.013176"/>
        <testcase name="it employs an employable wrestler at a specific datetime with data set &quot;('released')&quot;" class="Tests\Unit\Actions\Wrestlers\EmployActionTest" classname="Tests.Unit.Actions.Wrestlers.EmployActionTest" file="tests/Unit/Actions/Wrestlers/EmployActionTest.php::it employs an employable wrestler at a specific datetime with data set &quot;('released')&quot;" line="0" assertions="2" time="0.013917"/>
      </testsuite>
      <testsuite name="it throws exception for employing a non employable wrestler" tests="4" assertions="4" errors="0" failures="0" skipped="0" time="0.060247">
        <testcase name="it throws exception for employing a non employable wrestler with data set &quot;('suspended')&quot;" class="Tests\Unit\Actions\Wrestlers\EmployActionTest" classname="Tests.Unit.Actions.Wrestlers.EmployActionTest" file="tests/Unit/Actions/Wrestlers/EmployActionTest.php::it throws exception for employing a non employable wrestler with data set &quot;('suspended')&quot;" line="0" assertions="1" time="0.019156"/>
        <testcase name="it throws exception for employing a non employable wrestler with data set &quot;('injured')&quot;" class="Tests\Unit\Actions\Wrestlers\EmployActionTest" classname="Tests.Unit.Actions.Wrestlers.EmployActionTest" file="tests/Unit/Actions/Wrestlers/EmployActionTest.php::it throws exception for employing a non employable wrestler with data set &quot;('injured')&quot;" line="0" assertions="1" time="0.015242"/>
        <testcase name="it throws exception for employing a non employable wrestler with data set &quot;('bookable')&quot;" class="Tests\Unit\Actions\Wrestlers\EmployActionTest" classname="Tests.Unit.Actions.Wrestlers.EmployActionTest" file="tests/Unit/Actions/Wrestlers/EmployActionTest.php::it throws exception for employing a non employable wrestler with data set &quot;('bookable')&quot;" line="0" assertions="1" time="0.012864"/>
        <testcase name="it throws exception for employing a non employable wrestler with data set &quot;('withFutureEmployment')&quot;" class="Tests\Unit\Actions\Wrestlers\EmployActionTest" classname="Tests.Unit.Actions.Wrestlers.EmployActionTest" file="tests/Unit/Actions/Wrestlers/EmployActionTest.php::it throws exception for employing a non employable wrestler with data set &quot;('withFutureEmployment')&quot;" line="0" assertions="1" time="0.012984"/>
      </testsuite>
      <testcase name="it employs a retired wrestler at the current datetime by default" class="Tests\Unit\Actions\Wrestlers\EmployActionTest" classname="Tests.Unit.Actions.Wrestlers.EmployActionTest" file="tests/Unit/Actions/Wrestlers/EmployActionTest.php::it employs a retired wrestler at the current datetime by default" line="0" assertions="6" time="0.020511"/>
      <testcase name="it employs a retired wrestler at a specific datetime" class="Tests\Unit\Actions\Wrestlers\EmployActionTest" classname="Tests.Unit.Actions.Wrestlers.EmployActionTest" file="tests/Unit/Actions/Wrestlers/EmployActionTest.php::it employs a retired wrestler at a specific datetime" line="0" assertions="2" time="0.018853"/>
    </testsuite>
    <testsuite name="Tests\Unit\Actions\Wrestlers\InjureActionTest" file="tests/Unit/Actions/Wrestlers/InjureActionTest.php" tests="8" assertions="10" errors="0" failures="0" skipped="0" time="0.124295">
      <testsuite name="invoke throws exception for injuring a non injurable wrestler" tests="6" assertions="6" errors="0" failures="0" skipped="0" time="0.09578">
        <testcase name="invoke throws exception for injuring a non injurable wrestler with data set &quot;('unemployed')&quot;" class="Tests\Unit\Actions\Wrestlers\InjureActionTest" classname="Tests.Unit.Actions.Wrestlers.InjureActionTest" file="tests/Unit/Actions/Wrestlers/InjureActionTest.php::invoke throws exception for injuring a non injurable wrestler with data set &quot;('unemployed')&quot;" line="0" assertions="1" time="0.012394"/>
        <testcase name="invoke throws exception for injuring a non injurable wrestler with data set &quot;('suspended')&quot;" class="Tests\Unit\Actions\Wrestlers\InjureActionTest" classname="Tests.Unit.Actions.Wrestlers.InjureActionTest" file="tests/Unit/Actions/Wrestlers/InjureActionTest.php::invoke throws exception for injuring a non injurable wrestler with data set &quot;('suspended')&quot;" line="0" assertions="1" time="0.016233"/>
        <testcase name="invoke throws exception for injuring a non injurable wrestler with data set &quot;('released')&quot;" class="Tests\Unit\Actions\Wrestlers\InjureActionTest" classname="Tests.Unit.Actions.Wrestlers.InjureActionTest" file="tests/Unit/Actions/Wrestlers/InjureActionTest.php::invoke throws exception for injuring a non injurable wrestler with data set &quot;('released')&quot;" line="0" assertions="1" time="0.015963"/>
        <testcase name="invoke throws exception for injuring a non injurable wrestler with data set &quot;('withFutureEmployment')&quot;" class="Tests\Unit\Actions\Wrestlers\InjureActionTest" classname="Tests.Unit.Actions.Wrestlers.InjureActionTest" file="tests/Unit/Actions/Wrestlers/InjureActionTest.php::invoke throws exception for injuring a non injurable wrestler with data set &quot;('withFutureEmployment')&quot;" line="0" assertions="1" time="0.013092"/>
        <testcase name="invoke throws exception for injuring a non injurable wrestler with data set &quot;('retired')&quot;" class="Tests\Unit\Actions\Wrestlers\InjureActionTest" classname="Tests.Unit.Actions.Wrestlers.InjureActionTest" file="tests/Unit/Actions/Wrestlers/InjureActionTest.php::invoke throws exception for injuring a non injurable wrestler with data set &quot;('retired')&quot;" line="0" assertions="1" time="0.017542"/>
        <testcase name="invoke throws exception for injuring a non injurable wrestler with data set &quot;('injured')&quot;" class="Tests\Unit\Actions\Wrestlers\InjureActionTest" classname="Tests.Unit.Actions.Wrestlers.InjureActionTest" file="tests/Unit/Actions/Wrestlers/InjureActionTest.php::invoke throws exception for injuring a non injurable wrestler with data set &quot;('injured')&quot;" line="0" assertions="1" time="0.020556"/>
      </testsuite>
      <testcase name="it injures a bookable wrestler at the current datetime by default" class="Tests\Unit\Actions\Wrestlers\InjureActionTest" classname="Tests.Unit.Actions.Wrestlers.InjureActionTest" file="tests/Unit/Actions/Wrestlers/InjureActionTest.php::it injures a bookable wrestler at the current datetime by default" line="0" assertions="3" time="0.015003"/>
      <testcase name="it injures a bookable wrestler at a specific datetime" class="Tests\Unit\Actions\Wrestlers\InjureActionTest" classname="Tests.Unit.Actions.Wrestlers.InjureActionTest" file="tests/Unit/Actions/Wrestlers/InjureActionTest.php::it injures a bookable wrestler at a specific datetime" line="0" assertions="1" time="0.013512"/>
    </testsuite>
    <testsuite name="Tests\Unit\Actions\Wrestlers\ReinstateActionTest" file="tests/Unit/Actions/Wrestlers/ReinstateActionTest.php" tests="7" assertions="9" errors="0" failures="0" skipped="0" time="0.117347">
      <testsuite name="invoke throws exception for reinstating a non reinstatable wrestler" tests="5" assertions="5" errors="0" failures="0" skipped="0" time="0.083946">
        <testcase name="invoke throws exception for reinstating a non reinstatable wrestler with data set &quot;('bookable')&quot;" class="Tests\Unit\Actions\Wrestlers\ReinstateActionTest" classname="Tests.Unit.Actions.Wrestlers.ReinstateActionTest" file="tests/Unit/Actions/Wrestlers/ReinstateActionTest.php::invoke throws exception for reinstating a non reinstatable wrestler with data set &quot;('bookable')&quot;" line="0" assertions="1" time="0.014455"/>
        <testcase name="invoke throws exception for reinstating a non reinstatable wrestler with data set &quot;('unemployed')&quot;" class="Tests\Unit\Actions\Wrestlers\ReinstateActionTest" classname="Tests.Unit.Actions.Wrestlers.ReinstateActionTest" file="tests/Unit/Actions/Wrestlers/ReinstateActionTest.php::invoke throws exception for reinstating a non reinstatable wrestler with data set &quot;('unemployed')&quot;" line="0" assertions="1" time="0.015865"/>
        <testcase name="invoke throws exception for reinstating a non reinstatable wrestler with data set &quot;('released')&quot;" class="Tests\Unit\Actions\Wrestlers\ReinstateActionTest" classname="Tests.Unit.Actions.Wrestlers.ReinstateActionTest" file="tests/Unit/Actions/Wrestlers/ReinstateActionTest.php::invoke throws exception for reinstating a non reinstatable wrestler with data set &quot;('released')&quot;" line="0" assertions="1" time="0.016379"/>
        <testcase name="invoke throws exception for reinstating a non reinstatable wrestler with data set &quot;('withFutureEmployment')&quot;" class="Tests\Unit\Actions\Wrestlers\ReinstateActionTest" classname="Tests.Unit.Actions.Wrestlers.ReinstateActionTest" file="tests/Unit/Actions/Wrestlers/ReinstateActionTest.php::invoke throws exception for reinstating a non reinstatable wrestler with data set &quot;('withFutureEmployment')&quot;" line="0" assertions="1" time="0.017010"/>
        <testcase name="invoke throws exception for reinstating a non reinstatable wrestler with data set &quot;('retired')&quot;" class="Tests\Unit\Actions\Wrestlers\ReinstateActionTest" classname="Tests.Unit.Actions.Wrestlers.ReinstateActionTest" file="tests/Unit/Actions/Wrestlers/ReinstateActionTest.php::invoke throws exception for reinstating a non reinstatable wrestler with data set &quot;('retired')&quot;" line="0" assertions="1" time="0.020238"/>
      </testsuite>
      <testcase name="it reinstates a suspended wrestler at the current datetime by default" class="Tests\Unit\Actions\Wrestlers\ReinstateActionTest" classname="Tests.Unit.Actions.Wrestlers.ReinstateActionTest" file="tests/Unit/Actions/Wrestlers/ReinstateActionTest.php::it reinstates a suspended wrestler at the current datetime by default" line="0" assertions="3" time="0.018202"/>
      <testcase name="it reinstates a suspended wrestler at a specific datetime" class="Tests\Unit\Actions\Wrestlers\ReinstateActionTest" classname="Tests.Unit.Actions.Wrestlers.ReinstateActionTest" file="tests/Unit/Actions/Wrestlers/ReinstateActionTest.php::it reinstates a suspended wrestler at a specific datetime" line="0" assertions="1" time="0.015200"/>
    </testsuite>
    <testsuite name="Tests\Unit\Actions\Wrestlers\ReleaseActionTest" file="tests/Unit/Actions/Wrestlers/ReleaseActionTest.php" tests="8" assertions="28" errors="0" failures="0" skipped="0" time="0.114803">
      <testsuite name="invoke throws an exception for releasing a non releasable wrestler" tests="4" assertions="4" errors="0" failures="0" skipped="0" time="0.054976">
        <testcase name="invoke throws an exception for releasing a non releasable wrestler with data set &quot;('unemployed')&quot;" class="Tests\Unit\Actions\Wrestlers\ReleaseActionTest" classname="Tests.Unit.Actions.Wrestlers.ReleaseActionTest" file="tests/Unit/Actions/Wrestlers/ReleaseActionTest.php::invoke throws an exception for releasing a non releasable wrestler with data set &quot;('unemployed')&quot;" line="0" assertions="1" time="0.012266"/>
        <testcase name="invoke throws an exception for releasing a non releasable wrestler with data set &quot;('withFutureEmployment')&quot;" class="Tests\Unit\Actions\Wrestlers\ReleaseActionTest" classname="Tests.Unit.Actions.Wrestlers.ReleaseActionTest" file="tests/Unit/Actions/Wrestlers/ReleaseActionTest.php::invoke throws an exception for releasing a non releasable wrestler with data set &quot;('withFutureEmployment')&quot;" line="0" assertions="1" time="0.015906"/>
        <testcase name="invoke throws an exception for releasing a non releasable wrestler with data set &quot;('released')&quot;" class="Tests\Unit\Actions\Wrestlers\ReleaseActionTest" classname="Tests.Unit.Actions.Wrestlers.ReleaseActionTest" file="tests/Unit/Actions/Wrestlers/ReleaseActionTest.php::invoke throws an exception for releasing a non releasable wrestler with data set &quot;('released')&quot;" line="0" assertions="1" time="0.013352"/>
        <testcase name="invoke throws an exception for releasing a non releasable wrestler with data set &quot;('retired')&quot;" class="Tests\Unit\Actions\Wrestlers\ReleaseActionTest" classname="Tests.Unit.Actions.Wrestlers.ReleaseActionTest" file="tests/Unit/Actions/Wrestlers/ReleaseActionTest.php::invoke throws an exception for releasing a non releasable wrestler with data set &quot;('retired')&quot;" line="0" assertions="1" time="0.013452"/>
      </testsuite>
      <testcase name="it releases a bookable wrestler at the current datetime by default" class="Tests\Unit\Actions\Wrestlers\ReleaseActionTest" classname="Tests.Unit.Actions.Wrestlers.ReleaseActionTest" file="tests/Unit/Actions/Wrestlers/ReleaseActionTest.php::it releases a bookable wrestler at the current datetime by default" line="0" assertions="6" time="0.017318"/>
      <testcase name="it releases an bookable wrestler at a specific datetime" class="Tests\Unit\Actions\Wrestlers\ReleaseActionTest" classname="Tests.Unit.Actions.Wrestlers.ReleaseActionTest" file="tests/Unit/Actions/Wrestlers/ReleaseActionTest.php::it releases an bookable wrestler at a specific datetime" line="0" assertions="4" time="0.014071"/>
      <testcase name="it releases a suspended wrestler at the current datetime by default" class="Tests\Unit\Actions\Wrestlers\ReleaseActionTest" classname="Tests.Unit.Actions.Wrestlers.ReleaseActionTest" file="tests/Unit/Actions/Wrestlers/ReleaseActionTest.php::it releases a suspended wrestler at the current datetime by default" line="0" assertions="9" time="0.014308"/>
      <testcase name="it releases a suspended wrestler at a specific datetime" class="Tests\Unit\Actions\Wrestlers\ReleaseActionTest" classname="Tests.Unit.Actions.Wrestlers.ReleaseActionTest" file="tests/Unit/Actions/Wrestlers/ReleaseActionTest.php::it releases a suspended wrestler at a specific datetime" line="0" assertions="5" time="0.014130"/>
    </testsuite>
    <testsuite name="Tests\Unit\Actions\Wrestlers\RestoreActionTest" file="tests/Unit/Actions/Wrestlers/RestoreActionTest.php" tests="1" assertions="1" errors="0" failures="0" skipped="0" time="0.014443">
      <testcase name="it restores a deleted wrestler" class="Tests\Unit\Actions\Wrestlers\RestoreActionTest" classname="Tests.Unit.Actions.Wrestlers.RestoreActionTest" file="tests/Unit/Actions/Wrestlers/RestoreActionTest.php::it restores a deleted wrestler" line="0" assertions="1" time="0.014443"/>
    </testsuite>
    <testsuite name="Tests\Unit\Actions\Wrestlers\RetireActionTest" file="tests/Unit/Actions/Wrestlers/RetireActionTest.php" tests="11" assertions="39" errors="0" failures="0" skipped="0" time="0.208445">
      <testsuite name="it throws exception trying to retire a non retirable wrestler" tests="3" assertions="3" errors="0" failures="0" skipped="0" time="0.056382">
        <testcase name="it throws exception trying to retire a non retirable wrestler with data set &quot;('unemployed')&quot;" class="Tests\Unit\Actions\Wrestlers\RetireActionTest" classname="Tests.Unit.Actions.Wrestlers.RetireActionTest" file="tests/Unit/Actions/Wrestlers/RetireActionTest.php::it throws exception trying to retire a non retirable wrestler with data set &quot;('unemployed')&quot;" line="0" assertions="1" time="0.015123"/>
        <testcase name="it throws exception trying to retire a non retirable wrestler with data set &quot;('withFutureEmployment')&quot;" class="Tests\Unit\Actions\Wrestlers\RetireActionTest" classname="Tests.Unit.Actions.Wrestlers.RetireActionTest" file="tests/Unit/Actions/Wrestlers/RetireActionTest.php::it throws exception trying to retire a non retirable wrestler with data set &quot;('withFutureEmployment')&quot;" line="0" assertions="1" time="0.022513"/>
        <testcase name="it throws exception trying to retire a non retirable wrestler with data set &quot;('retired')&quot;" class="Tests\Unit\Actions\Wrestlers\RetireActionTest" classname="Tests.Unit.Actions.Wrestlers.RetireActionTest" file="tests/Unit/Actions/Wrestlers/RetireActionTest.php::it throws exception trying to retire a non retirable wrestler with data set &quot;('retired')&quot;" line="0" assertions="1" time="0.018746"/>
      </testsuite>
      <testcase name="it retires a bookable wrestler at the current datetime by default" class="Tests\Unit\Actions\Wrestlers\RetireActionTest" classname="Tests.Unit.Actions.Wrestlers.RetireActionTest" file="tests/Unit/Actions/Wrestlers/RetireActionTest.php::it retires a bookable wrestler at the current datetime by default" line="0" assertions="6" time="0.021971"/>
      <testcase name="it retires a bookable wrestler at a specific datetime" class="Tests\Unit\Actions\Wrestlers\RetireActionTest" classname="Tests.Unit.Actions.Wrestlers.RetireActionTest" file="tests/Unit/Actions/Wrestlers/RetireActionTest.php::it retires a bookable wrestler at a specific datetime" line="0" assertions="2" time="0.024311"/>
      <testcase name="it retires a suspended wrestler at the current datetime by default" class="Tests\Unit\Actions\Wrestlers\RetireActionTest" classname="Tests.Unit.Actions.Wrestlers.RetireActionTest" file="tests/Unit/Actions/Wrestlers/RetireActionTest.php::it retires a suspended wrestler at the current datetime by default" line="0" assertions="9" time="0.023010"/>
      <testcase name="it retires a suspended wrestler at a specific datetime" class="Tests\Unit\Actions\Wrestlers\RetireActionTest" classname="Tests.Unit.Actions.Wrestlers.RetireActionTest" file="tests/Unit/Actions/Wrestlers/RetireActionTest.php::it retires a suspended wrestler at a specific datetime" line="0" assertions="3" time="0.015995"/>
      <testcase name="it retires an injured wrestler at the current datetime by default" class="Tests\Unit\Actions\Wrestlers\RetireActionTest" classname="Tests.Unit.Actions.Wrestlers.RetireActionTest" file="tests/Unit/Actions/Wrestlers/RetireActionTest.php::it retires an injured wrestler at the current datetime by default" line="0" assertions="9" time="0.015082"/>
      <testcase name="it retires an injured wrestler at a specific datetime" class="Tests\Unit\Actions\Wrestlers\RetireActionTest" classname="Tests.Unit.Actions.Wrestlers.RetireActionTest" file="tests/Unit/Actions/Wrestlers/RetireActionTest.php::it retires an injured wrestler at a specific datetime" line="0" assertions="3" time="0.016216"/>
      <testcase name="it retires a released wrestler at the current datetime by default" class="Tests\Unit\Actions\Wrestlers\RetireActionTest" classname="Tests.Unit.Actions.Wrestlers.RetireActionTest" file="tests/Unit/Actions/Wrestlers/RetireActionTest.php::it retires a released wrestler at the current datetime by default" line="0" assertions="3" time="0.017402"/>
      <testcase name="it retires a released wrestler at a specific datetime" class="Tests\Unit\Actions\Wrestlers\RetireActionTest" classname="Tests.Unit.Actions.Wrestlers.RetireActionTest" file="tests/Unit/Actions/Wrestlers/RetireActionTest.php::it retires a released wrestler at a specific datetime" line="0" assertions="1" time="0.018077"/>
    </testsuite>
    <testsuite name="Tests\Unit\Actions\Wrestlers\SuspendActionTest" file="tests/Unit/Actions/Wrestlers/SuspendActionTest.php" tests="8" assertions="10" errors="0" failures="0" skipped="0" time="0.117366">
      <testsuite name="it throws exception for suspending a non suspendable wrestler" tests="6" assertions="6" errors="0" failures="0" skipped="0" time="0.087424">
        <testcase name="it throws exception for suspending a non suspendable wrestler with data set &quot;('unemployed')&quot;" class="Tests\Unit\Actions\Wrestlers\SuspendActionTest" classname="Tests.Unit.Actions.Wrestlers.SuspendActionTest" file="tests/Unit/Actions/Wrestlers/SuspendActionTest.php::it throws exception for suspending a non suspendable wrestler with data set &quot;('unemployed')&quot;" line="0" assertions="1" time="0.012853"/>
        <testcase name="it throws exception for suspending a non suspendable wrestler with data set &quot;('withFutureEmployment')&quot;" class="Tests\Unit\Actions\Wrestlers\SuspendActionTest" classname="Tests.Unit.Actions.Wrestlers.SuspendActionTest" file="tests/Unit/Actions/Wrestlers/SuspendActionTest.php::it throws exception for suspending a non suspendable wrestler with data set &quot;('withFutureEmployment')&quot;" line="0" assertions="1" time="0.013576"/>
        <testcase name="it throws exception for suspending a non suspendable wrestler with data set &quot;('injured')&quot;" class="Tests\Unit\Actions\Wrestlers\SuspendActionTest" classname="Tests.Unit.Actions.Wrestlers.SuspendActionTest" file="tests/Unit/Actions/Wrestlers/SuspendActionTest.php::it throws exception for suspending a non suspendable wrestler with data set &quot;('injured')&quot;" line="0" assertions="1" time="0.017507"/>
        <testcase name="it throws exception for suspending a non suspendable wrestler with data set &quot;('released')&quot;" class="Tests\Unit\Actions\Wrestlers\SuspendActionTest" classname="Tests.Unit.Actions.Wrestlers.SuspendActionTest" file="tests/Unit/Actions/Wrestlers/SuspendActionTest.php::it throws exception for suspending a non suspendable wrestler with data set &quot;('released')&quot;" line="0" assertions="1" time="0.015327"/>
        <testcase name="it throws exception for suspending a non suspendable wrestler with data set &quot;('retired')&quot;" class="Tests\Unit\Actions\Wrestlers\SuspendActionTest" classname="Tests.Unit.Actions.Wrestlers.SuspendActionTest" file="tests/Unit/Actions/Wrestlers/SuspendActionTest.php::it throws exception for suspending a non suspendable wrestler with data set &quot;('retired')&quot;" line="0" assertions="1" time="0.014045"/>
        <testcase name="it throws exception for suspending a non suspendable wrestler with data set &quot;('suspended')&quot;" class="Tests\Unit\Actions\Wrestlers\SuspendActionTest" classname="Tests.Unit.Actions.Wrestlers.SuspendActionTest" file="tests/Unit/Actions/Wrestlers/SuspendActionTest.php::it throws exception for suspending a non suspendable wrestler with data set &quot;('suspended')&quot;" line="0" assertions="1" time="0.014115"/>
      </testsuite>
      <testcase name="it suspends a bookable wrestler at the current datetime by default" class="Tests\Unit\Actions\Wrestlers\SuspendActionTest" classname="Tests.Unit.Actions.Wrestlers.SuspendActionTest" file="tests/Unit/Actions/Wrestlers/SuspendActionTest.php::it suspends a bookable wrestler at the current datetime by default" line="0" assertions="3" time="0.016286"/>
      <testcase name="it suspends a bookable wrestler at a specific datetime" class="Tests\Unit\Actions\Wrestlers\SuspendActionTest" classname="Tests.Unit.Actions.Wrestlers.SuspendActionTest" file="tests/Unit/Actions/Wrestlers/SuspendActionTest.php::it suspends a bookable wrestler at a specific datetime" line="0" assertions="1" time="0.013655"/>
    </testsuite>
    <testsuite name="Tests\Unit\Actions\Wrestlers\UnretireActionTest" file="tests/Unit/Actions/Wrestlers/UnretireActionTest.php" tests="8" assertions="10" errors="0" failures="0" skipped="0" time="0.131976">
      <testsuite name="invoke throws exception for unretiring a non unretirable wrestler" tests="6" assertions="6" errors="0" failures="0" skipped="0" time="0.094218">
        <testcase name="invoke throws exception for unretiring a non unretirable wrestler with data set &quot;('bookable')&quot;" class="Tests\Unit\Actions\Wrestlers\UnretireActionTest" classname="Tests.Unit.Actions.Wrestlers.UnretireActionTest" file="tests/Unit/Actions/Wrestlers/UnretireActionTest.php::invoke throws exception for unretiring a non unretirable wrestler with data set &quot;('bookable')&quot;" line="0" assertions="1" time="0.016548"/>
        <testcase name="invoke throws exception for unretiring a non unretirable wrestler with data set &quot;('withFutureEmployment')&quot;" class="Tests\Unit\Actions\Wrestlers\UnretireActionTest" classname="Tests.Unit.Actions.Wrestlers.UnretireActionTest" file="tests/Unit/Actions/Wrestlers/UnretireActionTest.php::invoke throws exception for unretiring a non unretirable wrestler with data set &quot;('withFutureEmployment')&quot;" line="0" assertions="1" time="0.016299"/>
        <testcase name="invoke throws exception for unretiring a non unretirable wrestler with data set &quot;('injured')&quot;" class="Tests\Unit\Actions\Wrestlers\UnretireActionTest" classname="Tests.Unit.Actions.Wrestlers.UnretireActionTest" file="tests/Unit/Actions/Wrestlers/UnretireActionTest.php::invoke throws exception for unretiring a non unretirable wrestler with data set &quot;('injured')&quot;" line="0" assertions="1" time="0.015836"/>
        <testcase name="invoke throws exception for unretiring a non unretirable wrestler with data set &quot;('released')&quot;" class="Tests\Unit\Actions\Wrestlers\UnretireActionTest" classname="Tests.Unit.Actions.Wrestlers.UnretireActionTest" file="tests/Unit/Actions/Wrestlers/UnretireActionTest.php::invoke throws exception for unretiring a non unretirable wrestler with data set &quot;('released')&quot;" line="0" assertions="1" time="0.013755"/>
        <testcase name="invoke throws exception for unretiring a non unretirable wrestler with data set &quot;('suspended')&quot;" class="Tests\Unit\Actions\Wrestlers\UnretireActionTest" classname="Tests.Unit.Actions.Wrestlers.UnretireActionTest" file="tests/Unit/Actions/Wrestlers/UnretireActionTest.php::invoke throws exception for unretiring a non unretirable wrestler with data set &quot;('suspended')&quot;" line="0" assertions="1" time="0.015960"/>
        <testcase name="invoke throws exception for unretiring a non unretirable wrestler with data set &quot;('unemployed')&quot;" class="Tests\Unit\Actions\Wrestlers\UnretireActionTest" classname="Tests.Unit.Actions.Wrestlers.UnretireActionTest" file="tests/Unit/Actions/Wrestlers/UnretireActionTest.php::invoke throws exception for unretiring a non unretirable wrestler with data set &quot;('unemployed')&quot;" line="0" assertions="1" time="0.015820"/>
      </testsuite>
      <testcase name="it unretires a retired wrestler at the current datetime by default" class="Tests\Unit\Actions\Wrestlers\UnretireActionTest" classname="Tests.Unit.Actions.Wrestlers.UnretireActionTest" file="tests/Unit/Actions/Wrestlers/UnretireActionTest.php::it unretires a retired wrestler at the current datetime by default" line="0" assertions="3" time="0.017984"/>
      <testcase name="it unretires a retired wrestler at a specific datetime" class="Tests\Unit\Actions\Wrestlers\UnretireActionTest" classname="Tests.Unit.Actions.Wrestlers.UnretireActionTest" file="tests/Unit/Actions/Wrestlers/UnretireActionTest.php::it unretires a retired wrestler at a specific datetime" line="0" assertions="1" time="0.019774"/>
    </testsuite>
    <testsuite name="Tests\Unit\Actions\Wrestlers\UpdateActionTest" file="tests/Unit/Actions/Wrestlers/UpdateActionTest.php" tests="3" assertions="6" errors="0" failures="0" skipped="0" time="0.039873">
      <testcase name="it updates a wrestler" class="Tests\Unit\Actions\Wrestlers\UpdateActionTest" classname="Tests.Unit.Actions.Wrestlers.UpdateActionTest" file="tests/Unit/Actions/Wrestlers/UpdateActionTest.php::it updates a wrestler" line="0" assertions="2" time="0.014667"/>
      <testcase name="it employs an employable wrestler if start date is filled in request" class="Tests\Unit\Actions\Wrestlers\UpdateActionTest" classname="Tests.Unit.Actions.Wrestlers.UpdateActionTest" file="tests/Unit/Actions/Wrestlers/UpdateActionTest.php::it employs an employable wrestler if start date is filled in request" line="0" assertions="2" time="0.012375"/>
      <testcase name="it updates a future employed wrestler employment date if start date is filled in request" class="Tests\Unit\Actions\Wrestlers\UpdateActionTest" classname="Tests.Unit.Actions.Wrestlers.UpdateActionTest" file="tests/Unit/Actions/Wrestlers/UpdateActionTest.php::it updates a future employed wrestler employment date if start date is filled in request" line="0" assertions="2" time="0.012831"/>
    </testsuite>
    <testsuite name="Tests\Unit\Builders\Concerns\BuilderConcernsTest" file="tests/Unit/Builders/Concerns/BuilderConcernsTest.php" tests="16" assertions="81" errors="0" failures="0" skipped="0" time="0.202592">
      <testcase name="`Builder Concerns Unit Tests` → `HasAvailabilityScopes trait functionality` → trait is used by builders or base classes" class="Tests\Unit\Builders\Concerns\BuilderConcernsTest" classname="Tests.Unit.Builders.Concerns.BuilderConcernsTest" file="tests/Unit/Builders/Concerns/BuilderConcernsTest.php::`Builder Concerns Unit Tests` → `HasAvailabilityScopes trait functionality` → trait is used by builders or base classes" line="0" assertions="4" time="0.011346"/>
      <testcase name="`Builder Concerns Unit Tests` → `HasAvailabilityScopes trait functionality` → whereNotRetired method generates correct query conditions" class="Tests\Unit\Builders\Concerns\BuilderConcernsTest" classname="Tests.Unit.Builders.Concerns.BuilderConcernsTest" file="tests/Unit/Builders/Concerns/BuilderConcernsTest.php::`Builder Concerns Unit Tests` → `HasAvailabilityScopes trait functionality` → whereNotRetired method generates correct query conditions" line="0" assertions="3" time="0.011207"/>
      <testcase name="`Builder Concerns Unit Tests` → `HasAvailabilityScopes trait functionality` → whereNotSuspended method generates correct query conditions" class="Tests\Unit\Builders\Concerns\BuilderConcernsTest" classname="Tests.Unit.Builders.Concerns.BuilderConcernsTest" file="tests/Unit/Builders/Concerns/BuilderConcernsTest.php::`Builder Concerns Unit Tests` → `HasAvailabilityScopes trait functionality` → whereNotSuspended method generates correct query conditions" line="0" assertions="3" time="0.013792"/>
      <testcase name="`Builder Concerns Unit Tests` → `HasAvailabilityScopes trait functionality` → whereNotInjured method generates correct query conditions" class="Tests\Unit\Builders\Concerns\BuilderConcernsTest" classname="Tests.Unit.Builders.Concerns.BuilderConcernsTest" file="tests/Unit/Builders/Concerns/BuilderConcernsTest.php::`Builder Concerns Unit Tests` → `HasAvailabilityScopes trait functionality` → whereNotInjured method generates correct query conditions" line="0" assertions="3" time="0.015522"/>
      <testcase name="`Builder Concerns Unit Tests` → `HasAvailabilityScopes trait functionality` → whereEmployed method generates correct query conditions" class="Tests\Unit\Builders\Concerns\BuilderConcernsTest" classname="Tests.Unit.Builders.Concerns.BuilderConcernsTest" file="tests/Unit/Builders/Concerns/BuilderConcernsTest.php::`Builder Concerns Unit Tests` → `HasAvailabilityScopes trait functionality` → whereEmployed method generates correct query conditions" line="0" assertions="6" time="0.014232"/>
      <testcase name="`Builder Concerns Unit Tests` → `HasAvailabilityScopes trait functionality` → whereBasicUnavailabilityConditions method generates correct OR logic" class="Tests\Unit\Builders\Concerns\BuilderConcernsTest" classname="Tests.Unit.Builders.Concerns.BuilderConcernsTest" file="tests/Unit/Builders/Concerns/BuilderConcernsTest.php::`Builder Concerns Unit Tests` → `HasAvailabilityScopes trait functionality` → whereBasicUnavailabilityConditions method generates correct OR logic" line="0" assertions="6" time="0.011724"/>
      <testcase name="`Builder Concerns Unit Tests` → `HasAvailabilityScopes trait functionality` → trait methods return builder instance for method chaining" class="Tests\Unit\Builders\Concerns\BuilderConcernsTest" classname="Tests.Unit.Builders.Concerns.BuilderConcernsTest" file="tests/Unit/Builders/Concerns/BuilderConcernsTest.php::`Builder Concerns Unit Tests` → `HasAvailabilityScopes trait functionality` → trait methods return builder instance for method chaining" line="0" assertions="5" time="0.011765"/>
      <testcase name="`Builder Concerns Unit Tests` → `HasAvailabilityScopes trait functionality` → trait methods work with different entity types" class="Tests\Unit\Builders\Concerns\BuilderConcernsTest" classname="Tests.Unit.Builders.Concerns.BuilderConcernsTest" file="tests/Unit/Builders/Concerns/BuilderConcernsTest.php::`Builder Concerns Unit Tests` → `HasAvailabilityScopes trait functionality` → trait methods work with different entity types" line="0" assertions="4" time="0.011509"/>
      <testcase name="`Builder Concerns Unit Tests` → `HasRetirementScopes trait functionality` → trait is used by builders or base classes" class="Tests\Unit\Builders\Concerns\BuilderConcernsTest" classname="Tests.Unit.Builders.Concerns.BuilderConcernsTest" file="tests/Unit/Builders/Concerns/BuilderConcernsTest.php::`Builder Concerns Unit Tests` → `HasRetirementScopes trait functionality` → trait is used by builders or base classes" line="0" assertions="4" time="0.011070"/>
      <testcase name="`Builder Concerns Unit Tests` → `HasRetirementScopes trait functionality` → retired method generates correct query conditions" class="Tests\Unit\Builders\Concerns\BuilderConcernsTest" classname="Tests.Unit.Builders.Concerns.BuilderConcernsTest" file="tests/Unit/Builders/Concerns/BuilderConcernsTest.php::`Builder Concerns Unit Tests` → `HasRetirementScopes trait functionality` → retired method generates correct query conditions" line="0" assertions="3" time="0.011872"/>
      <testcase name="`Builder Concerns Unit Tests` → `HasRetirementScopes trait functionality` → retired method returns correct builder instance" class="Tests\Unit\Builders\Concerns\BuilderConcernsTest" classname="Tests.Unit.Builders.Concerns.BuilderConcernsTest" file="tests/Unit/Builders/Concerns/BuilderConcernsTest.php::`Builder Concerns Unit Tests` → `HasRetirementScopes trait functionality` → retired method returns correct builder instance" line="0" assertions="2" time="0.012512"/>
      <testcase name="`Builder Concerns Unit Tests` → `HasRetirementScopes trait functionality` → retired method works polymorphically across entity types" class="Tests\Unit\Builders\Concerns\BuilderConcernsTest" classname="Tests.Unit.Builders.Concerns.BuilderConcernsTest" file="tests/Unit/Builders/Concerns/BuilderConcernsTest.php::`Builder Concerns Unit Tests` → `HasRetirementScopes trait functionality` → retired method works polymorphically across entity types" line="0" assertions="6" time="0.012018"/>
      <testcase name="`Builder Concerns Unit Tests` → `HasRetirementScopes trait functionality` → trait methods can be chained with other builder methods" class="Tests\Unit\Builders\Concerns\BuilderConcernsTest" classname="Tests.Unit.Builders.Concerns.BuilderConcernsTest" file="tests/Unit/Builders/Concerns/BuilderConcernsTest.php::`Builder Concerns Unit Tests` → `HasRetirementScopes trait functionality` → trait methods can be chained with other builder methods" line="0" assertions="5" time="0.011493"/>
      <testcase name="`Builder Concerns Unit Tests` → `trait integration and consistency` → traits provide consistent method signatures across builders" class="Tests\Unit\Builders\Concerns\BuilderConcernsTest" classname="Tests.Unit.Builders.Concerns.BuilderConcernsTest" file="tests/Unit/Builders/Concerns/BuilderConcernsTest.php::`Builder Concerns Unit Tests` → `trait integration and consistency` → traits provide consistent method signatures across builders" line="0" assertions="12" time="0.014817"/>
      <testcase name="`Builder Concerns Unit Tests` → `trait integration and consistency` → trait methods maintain proper visibility levels" class="Tests\Unit\Builders\Concerns\BuilderConcernsTest" classname="Tests.Unit.Builders.Concerns.BuilderConcernsTest" file="tests/Unit/Builders/Concerns/BuilderConcernsTest.php::`Builder Concerns Unit Tests` → `trait integration and consistency` → trait methods maintain proper visibility levels" line="0" assertions="11" time="0.013658"/>
      <testcase name="`Builder Concerns Unit Tests` → `trait integration and consistency` → trait methods generate SQL compatible with all supported databases" class="Tests\Unit\Builders\Concerns\BuilderConcernsTest" classname="Tests.Unit.Builders.Concerns.BuilderConcernsTest" file="tests/Unit/Builders/Concerns/BuilderConcernsTest.php::`Builder Concerns Unit Tests` → `trait integration and consistency` → trait methods generate SQL compatible with all supported databases" line="0" assertions="4" time="0.014053"/>
    </testsuite>
    <testsuite name="Tests\Unit\Builders\Contracts\BuilderContractsTest" file="tests/Unit/Builders/Contracts/BuilderContractsTest.php" tests="33" assertions="163" errors="0" failures="0" skipped="0" time="0.444893">
      <testcase name="`Builder Contracts Unit Tests` → `HasAvailability contract implementation` → wrestler builder implements HasAvailability contract" class="Tests\Unit\Builders\Contracts\BuilderContractsTest" classname="Tests.Unit.Builders.Contracts.BuilderContractsTest" file="tests/Unit/Builders/Contracts/BuilderContractsTest.php::`Builder Contracts Unit Tests` → `HasAvailability contract implementation` → wrestler builder implements HasAvailability contract" line="0" assertions="2" time="0.015354"/>
      <testcase name="`Builder Contracts Unit Tests` → `HasAvailability contract implementation` → tag team builder implements HasAvailability contract" class="Tests\Unit\Builders\Contracts\BuilderContractsTest" classname="Tests.Unit.Builders.Contracts.BuilderContractsTest" file="tests/Unit/Builders/Contracts/BuilderContractsTest.php::`Builder Contracts Unit Tests` → `HasAvailability contract implementation` → tag team builder implements HasAvailability contract" line="0" assertions="2" time="0.011931"/>
      <testcase name="`Builder Contracts Unit Tests` → `HasAvailability contract implementation` → title builder implements HasAvailability contract" class="Tests\Unit\Builders\Contracts\BuilderContractsTest" classname="Tests.Unit.Builders.Contracts.BuilderContractsTest" file="tests/Unit/Builders/Contracts/BuilderContractsTest.php::`Builder Contracts Unit Tests` → `HasAvailability contract implementation` → title builder implements HasAvailability contract" line="0" assertions="2" time="0.014407"/>
      <testcase name="`Builder Contracts Unit Tests` → `HasAvailability contract implementation` → manager builder implements HasAvailability contract" class="Tests\Unit\Builders\Contracts\BuilderContractsTest" classname="Tests.Unit.Builders.Contracts.BuilderContractsTest" file="tests/Unit/Builders/Contracts/BuilderContractsTest.php::`Builder Contracts Unit Tests` → `HasAvailability contract implementation` → manager builder implements HasAvailability contract" line="0" assertions="2" time="0.011600"/>
      <testcase name="`Builder Contracts Unit Tests` → `HasAvailability contract implementation` → referee builder implements HasAvailability contract" class="Tests\Unit\Builders\Contracts\BuilderContractsTest" classname="Tests.Unit.Builders.Contracts.BuilderContractsTest" file="tests/Unit/Builders/Contracts/BuilderContractsTest.php::`Builder Contracts Unit Tests` → `HasAvailability contract implementation` → referee builder implements HasAvailability contract" line="0" assertions="2" time="0.012979"/>
      <testcase name="`Builder Contracts Unit Tests` → `HasAvailability contract implementation` → availability contract methods exist and return builder instance" class="Tests\Unit\Builders\Contracts\BuilderContractsTest" classname="Tests.Unit.Builders.Contracts.BuilderContractsTest" file="tests/Unit/Builders/Contracts/BuilderContractsTest.php::`Builder Contracts Unit Tests` → `HasAvailability contract implementation` → availability contract methods exist and return builder instance" line="0" assertions="4" time="0.012606"/>
      <testcase name="`Builder Contracts Unit Tests` → `HasAvailability contract implementation` → availability methods work polymorphically across entities" class="Tests\Unit\Builders\Contracts\BuilderContractsTest" classname="Tests.Unit.Builders.Contracts.BuilderContractsTest" file="tests/Unit/Builders/Contracts/BuilderContractsTest.php::`Builder Contracts Unit Tests` → `HasAvailability contract implementation` → availability methods work polymorphically across entities" line="0" assertions="15" time="0.015524"/>
      <testcase name="`Builder Contracts Unit Tests` → `HasBooking contract implementation` → wrestler builder has booking methods but does not implement HasBooking contract" class="Tests\Unit\Builders\Contracts\BuilderContractsTest" classname="Tests.Unit.Builders.Contracts.BuilderContractsTest" file="tests/Unit/Builders/Contracts/BuilderContractsTest.php::`Builder Contracts Unit Tests` → `HasBooking contract implementation` → wrestler builder has booking methods but does not implement HasBooking contract" line="0" assertions="5" time="0.011388"/>
      <testcase name="`Builder Contracts Unit Tests` → `HasBooking contract implementation` → tag team builder implements HasBooking contract" class="Tests\Unit\Builders\Contracts\BuilderContractsTest" classname="Tests.Unit.Builders.Contracts.BuilderContractsTest" file="tests/Unit/Builders/Contracts/BuilderContractsTest.php::`Builder Contracts Unit Tests` → `HasBooking contract implementation` → tag team builder implements HasBooking contract" line="0" assertions="2" time="0.012332"/>
      <testcase name="`Builder Contracts Unit Tests` → `HasBooking contract implementation` → booking contract methods exist and return builder instance" class="Tests\Unit\Builders\Contracts\BuilderContractsTest" classname="Tests.Unit.Builders.Contracts.BuilderContractsTest" file="tests/Unit/Builders/Contracts/BuilderContractsTest.php::`Builder Contracts Unit Tests` → `HasBooking contract implementation` → booking contract methods exist and return builder instance" line="0" assertions="6" time="0.012954"/>
      <testcase name="`Builder Contracts Unit Tests` → `HasBooking contract implementation` → tag team builder implements HasBooking contract fully" class="Tests\Unit\Builders\Contracts\BuilderContractsTest" classname="Tests.Unit.Builders.Contracts.BuilderContractsTest" file="tests/Unit/Builders/Contracts/BuilderContractsTest.php::`Builder Contracts Unit Tests` → `HasBooking contract implementation` → tag team builder implements HasBooking contract fully" line="0" assertions="2" time="0.012160"/>
      <testcase name="`Builder Contracts Unit Tests` → `HasBooking contract implementation` → most entities do not implement HasBooking contract" class="Tests\Unit\Builders\Contracts\BuilderContractsTest" classname="Tests.Unit.Builders.Contracts.BuilderContractsTest" file="tests/Unit/Builders/Contracts/BuilderContractsTest.php::`Builder Contracts Unit Tests` → `HasBooking contract implementation` → most entities do not implement HasBooking contract" line="0" assertions="4" time="0.013709"/>
      <testcase name="`Builder Contracts Unit Tests` → `HasEmployment contract implementation` → wrestler builder implements HasEmployment contract" class="Tests\Unit\Builders\Contracts\BuilderContractsTest" classname="Tests.Unit.Builders.Contracts.BuilderContractsTest" file="tests/Unit/Builders/Contracts/BuilderContractsTest.php::`Builder Contracts Unit Tests` → `HasEmployment contract implementation` → wrestler builder implements HasEmployment contract" line="0" assertions="2" time="0.016656"/>
      <testcase name="`Builder Contracts Unit Tests` → `HasEmployment contract implementation` → tag team builder implements HasEmployment contract" class="Tests\Unit\Builders\Contracts\BuilderContractsTest" classname="Tests.Unit.Builders.Contracts.BuilderContractsTest" file="tests/Unit/Builders/Contracts/BuilderContractsTest.php::`Builder Contracts Unit Tests` → `HasEmployment contract implementation` → tag team builder implements HasEmployment contract" line="0" assertions="2" time="0.014314"/>
      <testcase name="`Builder Contracts Unit Tests` → `HasEmployment contract implementation` → manager builder implements HasEmployment contract" class="Tests\Unit\Builders\Contracts\BuilderContractsTest" classname="Tests.Unit.Builders.Contracts.BuilderContractsTest" file="tests/Unit/Builders/Contracts/BuilderContractsTest.php::`Builder Contracts Unit Tests` → `HasEmployment contract implementation` → manager builder implements HasEmployment contract" line="0" assertions="2" time="0.016313"/>
      <testcase name="`Builder Contracts Unit Tests` → `HasEmployment contract implementation` → referee builder implements HasEmployment contract" class="Tests\Unit\Builders\Contracts\BuilderContractsTest" classname="Tests.Unit.Builders.Contracts.BuilderContractsTest" file="tests/Unit/Builders/Contracts/BuilderContractsTest.php::`Builder Contracts Unit Tests` → `HasEmployment contract implementation` → referee builder implements HasEmployment contract" line="0" assertions="2" time="0.011762"/>
      <testcase name="`Builder Contracts Unit Tests` → `HasEmployment contract implementation` → employment contract methods exist and return builder instance" class="Tests\Unit\Builders\Contracts\BuilderContractsTest" classname="Tests.Unit.Builders.Contracts.BuilderContractsTest" file="tests/Unit/Builders/Contracts/BuilderContractsTest.php::`Builder Contracts Unit Tests` → `HasEmployment contract implementation` → employment contract methods exist and return builder instance" line="0" assertions="8" time="0.012296"/>
      <testcase name="`Builder Contracts Unit Tests` → `HasEmployment contract implementation` → employment methods work polymorphically across employable entities" class="Tests\Unit\Builders\Contracts\BuilderContractsTest" classname="Tests.Unit.Builders.Contracts.BuilderContractsTest" file="tests/Unit/Builders/Contracts/BuilderContractsTest.php::`Builder Contracts Unit Tests` → `HasEmployment contract implementation` → employment methods work polymorphically across employable entities" line="0" assertions="20" time="0.023439"/>
      <testcase name="`Builder Contracts Unit Tests` → `HasEmployment contract implementation` → non-employable entities do not implement HasEmployment contract" class="Tests\Unit\Builders\Contracts\BuilderContractsTest" classname="Tests.Unit.Builders.Contracts.BuilderContractsTest" file="tests/Unit/Builders/Contracts/BuilderContractsTest.php::`Builder Contracts Unit Tests` → `HasEmployment contract implementation` → non-employable entities do not implement HasEmployment contract" line="0" assertions="1" time="0.013553"/>
      <testcase name="`Builder Contracts Unit Tests` → `HasRetirement contract implementation` → most builders implement HasRetirement contract" class="Tests\Unit\Builders\Contracts\BuilderContractsTest" classname="Tests.Unit.Builders.Contracts.BuilderContractsTest" file="tests/Unit/Builders/Contracts/BuilderContractsTest.php::`Builder Contracts Unit Tests` → `HasRetirement contract implementation` → most builders implement HasRetirement contract" line="0" assertions="4" time="0.012048"/>
      <testcase name="`Builder Contracts Unit Tests` → `HasRetirement contract implementation` → title builder has retirement methods but does not implement HasRetirement contract" class="Tests\Unit\Builders\Contracts\BuilderContractsTest" classname="Tests.Unit.Builders.Contracts.BuilderContractsTest" file="tests/Unit/Builders/Contracts/BuilderContractsTest.php::`Builder Contracts Unit Tests` → `HasRetirement contract implementation` → title builder has retirement methods but does not implement HasRetirement contract" line="0" assertions="4" time="0.015072"/>
      <testcase name="`Builder Contracts Unit Tests` → `HasRetirement contract implementation` → retirement contract methods exist and return builder instance" class="Tests\Unit\Builders\Contracts\BuilderContractsTest" classname="Tests.Unit.Builders.Contracts.BuilderContractsTest" file="tests/Unit/Builders/Contracts/BuilderContractsTest.php::`Builder Contracts Unit Tests` → `HasRetirement contract implementation` → retirement contract methods exist and return builder instance" line="0" assertions="2" time="0.013085"/>
      <testcase name="`Builder Contracts Unit Tests` → `HasRetirement contract implementation` → retirement methods work polymorphically across contract implementers" class="Tests\Unit\Builders\Contracts\BuilderContractsTest" classname="Tests.Unit.Builders.Contracts.BuilderContractsTest" file="tests/Unit/Builders/Contracts/BuilderContractsTest.php::`Builder Contracts Unit Tests` → `HasRetirement contract implementation` → retirement methods work polymorphically across contract implementers" line="0" assertions="8" time="0.012044"/>
      <testcase name="`Builder Contracts Unit Tests` → `HasSuspension contract implementation` → wrestler builder implements HasSuspension contract" class="Tests\Unit\Builders\Contracts\BuilderContractsTest" classname="Tests.Unit.Builders.Contracts.BuilderContractsTest" file="tests/Unit/Builders/Contracts/BuilderContractsTest.php::`Builder Contracts Unit Tests` → `HasSuspension contract implementation` → wrestler builder implements HasSuspension contract" line="0" assertions="2" time="0.011642"/>
      <testcase name="`Builder Contracts Unit Tests` → `HasSuspension contract implementation` → tag team builder implements HasSuspension contract" class="Tests\Unit\Builders\Contracts\BuilderContractsTest" classname="Tests.Unit.Builders.Contracts.BuilderContractsTest" file="tests/Unit/Builders/Contracts/BuilderContractsTest.php::`Builder Contracts Unit Tests` → `HasSuspension contract implementation` → tag team builder implements HasSuspension contract" line="0" assertions="2" time="0.012186"/>
      <testcase name="`Builder Contracts Unit Tests` → `HasSuspension contract implementation` → manager builder implements HasSuspension contract" class="Tests\Unit\Builders\Contracts\BuilderContractsTest" classname="Tests.Unit.Builders.Contracts.BuilderContractsTest" file="tests/Unit/Builders/Contracts/BuilderContractsTest.php::`Builder Contracts Unit Tests` → `HasSuspension contract implementation` → manager builder implements HasSuspension contract" line="0" assertions="2" time="0.011404"/>
      <testcase name="`Builder Contracts Unit Tests` → `HasSuspension contract implementation` → referee builder implements HasSuspension contract" class="Tests\Unit\Builders\Contracts\BuilderContractsTest" classname="Tests.Unit.Builders.Contracts.BuilderContractsTest" file="tests/Unit/Builders/Contracts/BuilderContractsTest.php::`Builder Contracts Unit Tests` → `HasSuspension contract implementation` → referee builder implements HasSuspension contract" line="0" assertions="2" time="0.011789"/>
      <testcase name="`Builder Contracts Unit Tests` → `HasSuspension contract implementation` → suspension contract methods exist and return builder instance" class="Tests\Unit\Builders\Contracts\BuilderContractsTest" classname="Tests.Unit.Builders.Contracts.BuilderContractsTest" file="tests/Unit/Builders/Contracts/BuilderContractsTest.php::`Builder Contracts Unit Tests` → `HasSuspension contract implementation` → suspension contract methods exist and return builder instance" line="0" assertions="2" time="0.011453"/>
      <testcase name="`Builder Contracts Unit Tests` → `HasSuspension contract implementation` → suspension methods work polymorphically across suspendable entities" class="Tests\Unit\Builders\Contracts\BuilderContractsTest" classname="Tests.Unit.Builders.Contracts.BuilderContractsTest" file="tests/Unit/Builders/Contracts/BuilderContractsTest.php::`Builder Contracts Unit Tests` → `HasSuspension contract implementation` → suspension methods work polymorphically across suspendable entities" line="0" assertions="8" time="0.011762"/>
      <testcase name="`Builder Contracts Unit Tests` → `HasSuspension contract implementation` → non-suspendable entities do not implement HasSuspension contract" class="Tests\Unit\Builders\Contracts\BuilderContractsTest" classname="Tests.Unit.Builders.Contracts.BuilderContractsTest" file="tests/Unit/Builders/Contracts/BuilderContractsTest.php::`Builder Contracts Unit Tests` → `HasSuspension contract implementation` → non-suspendable entities do not implement HasSuspension contract" line="0" assertions="1" time="0.010813"/>
      <testcase name="`Builder Contracts Unit Tests` → `contract method chaining and consistency` → contract methods can be chained together" class="Tests\Unit\Builders\Contracts\BuilderContractsTest" classname="Tests.Unit.Builders.Contracts.BuilderContractsTest" file="tests/Unit/Builders/Contracts/BuilderContractsTest.php::`Builder Contracts Unit Tests` → `contract method chaining and consistency` → contract methods can be chained together" line="0" assertions="4" time="0.011529"/>
      <testcase name="`Builder Contracts Unit Tests` → `contract method chaining and consistency` → contract implementations maintain fluent interface" class="Tests\Unit\Builders\Contracts\BuilderContractsTest" classname="Tests.Unit.Builders.Contracts.BuilderContractsTest" file="tests/Unit/Builders/Contracts/BuilderContractsTest.php::`Builder Contracts Unit Tests` → `contract method chaining and consistency` → contract implementations maintain fluent interface" line="0" assertions="33" time="0.019955"/>
      <testcase name="`Builder Contracts Unit Tests` → `contract method chaining and consistency` → title builder maintains fluent interface despite limited contract implementation" class="Tests\Unit\Builders\Contracts\BuilderContractsTest" classname="Tests.Unit.Builders.Contracts.BuilderContractsTest" file="tests/Unit/Builders/Contracts/BuilderContractsTest.php::`Builder Contracts Unit Tests` → `contract method chaining and consistency` → title builder maintains fluent interface despite limited contract implementation" line="0" assertions="4" time="0.014834"/>
    </testsuite>
    <testsuite name="Tests\Unit\Builders\Events\EventBuilderTest" file="tests/Unit/Builders/Events/EventBuilderTest.php" tests="3" assertions="7" errors="0" failures="0" skipped="0" time="0.052309">
      <testcase name="scheduled events can be retrieved" class="Tests\Unit\Builders\Events\EventBuilderTest" classname="Tests.Unit.Builders.Events.EventBuilderTest" file="tests/Unit/Builders/Events/EventBuilderTest.php::scheduled events can be retrieved" line="0" assertions="3" time="0.014642"/>
      <testcase name="unscheduled events can be retrieved" class="Tests\Unit\Builders\Events\EventBuilderTest" classname="Tests.Unit.Builders.Events.EventBuilderTest" file="tests/Unit/Builders/Events/EventBuilderTest.php::unscheduled events can be retrieved" line="0" assertions="2" time="0.022317"/>
      <testcase name="past events can be retrieved" class="Tests\Unit\Builders\Events\EventBuilderTest" classname="Tests.Unit.Builders.Events.EventBuilderTest" file="tests/Unit/Builders/Events/EventBuilderTest.php::past events can be retrieved" line="0" assertions="2" time="0.015349"/>
    </testsuite>
    <testsuite name="Tests\Unit\Builders\Roster\ManagerBuilderTest" file="tests/Unit/Builders/Roster/ManagerBuilderTest.php" tests="7" assertions="14" errors="0" failures="0" skipped="0" time="0.13546">
      <testcase name="employed managers can be retrieved" class="Tests\Unit\Builders\Roster\ManagerBuilderTest" classname="Tests.Unit.Builders.Roster.ManagerBuilderTest" file="tests/Unit/Builders/Roster/ManagerBuilderTest.php::employed managers can be retrieved" line="0" assertions="2" time="0.018841"/>
      <testcase name="future employed managers can be retrieved" class="Tests\Unit\Builders\Roster\ManagerBuilderTest" classname="Tests.Unit.Builders.Roster.ManagerBuilderTest" file="tests/Unit/Builders/Roster/ManagerBuilderTest.php::future employed managers can be retrieved" line="0" assertions="2" time="0.023745"/>
      <testcase name="suspended managers can be retrieved" class="Tests\Unit\Builders\Roster\ManagerBuilderTest" classname="Tests.Unit.Builders.Roster.ManagerBuilderTest" file="tests/Unit/Builders/Roster/ManagerBuilderTest.php::suspended managers can be retrieved" line="0" assertions="2" time="0.018679"/>
      <testcase name="released managers can be retrieved" class="Tests\Unit\Builders\Roster\ManagerBuilderTest" classname="Tests.Unit.Builders.Roster.ManagerBuilderTest" file="tests/Unit/Builders/Roster/ManagerBuilderTest.php::released managers can be retrieved" line="0" assertions="2" time="0.020833"/>
      <testcase name="retired managers can be retrieved" class="Tests\Unit\Builders\Roster\ManagerBuilderTest" classname="Tests.Unit.Builders.Roster.ManagerBuilderTest" file="tests/Unit/Builders/Roster/ManagerBuilderTest.php::retired managers can be retrieved" line="0" assertions="2" time="0.017658"/>
      <testcase name="unemployed managers can be retrieved" class="Tests\Unit\Builders\Roster\ManagerBuilderTest" classname="Tests.Unit.Builders.Roster.ManagerBuilderTest" file="tests/Unit/Builders/Roster/ManagerBuilderTest.php::unemployed managers can be retrieved" line="0" assertions="2" time="0.017834"/>
      <testcase name="injured managers can be retrieved" class="Tests\Unit\Builders\Roster\ManagerBuilderTest" classname="Tests.Unit.Builders.Roster.ManagerBuilderTest" file="tests/Unit/Builders/Roster/ManagerBuilderTest.php::injured managers can be retrieved" line="0" assertions="2" time="0.017871"/>
    </testsuite>
    <testsuite name="Tests\Unit\Builders\Roster\RefereeBuilderTest" file="tests/Unit/Builders/Roster/RefereeBuilderTest.php" tests="7" assertions="14" errors="0" failures="0" skipped="0" time="0.153281">
      <testcase name="bookable referees can be retrieved" class="Tests\Unit\Builders\Roster\RefereeBuilderTest" classname="Tests.Unit.Builders.Roster.RefereeBuilderTest" file="tests/Unit/Builders/Roster/RefereeBuilderTest.php::bookable referees can be retrieved" line="0" assertions="2" time="0.030438"/>
      <testcase name="future employed referees can be retrieved" class="Tests\Unit\Builders\Roster\RefereeBuilderTest" classname="Tests.Unit.Builders.Roster.RefereeBuilderTest" file="tests/Unit/Builders/Roster/RefereeBuilderTest.php::future employed referees can be retrieved" line="0" assertions="2" time="0.018823"/>
      <testcase name="suspended referees can be retrieved" class="Tests\Unit\Builders\Roster\RefereeBuilderTest" classname="Tests.Unit.Builders.Roster.RefereeBuilderTest" file="tests/Unit/Builders/Roster/RefereeBuilderTest.php::suspended referees can be retrieved" line="0" assertions="2" time="0.020055"/>
      <testcase name="released referees can be retrieved" class="Tests\Unit\Builders\Roster\RefereeBuilderTest" classname="Tests.Unit.Builders.Roster.RefereeBuilderTest" file="tests/Unit/Builders/Roster/RefereeBuilderTest.php::released referees can be retrieved" line="0" assertions="2" time="0.020491"/>
      <testcase name="retired referees can be retrieved" class="Tests\Unit\Builders\Roster\RefereeBuilderTest" classname="Tests.Unit.Builders.Roster.RefereeBuilderTest" file="tests/Unit/Builders/Roster/RefereeBuilderTest.php::retired referees can be retrieved" line="0" assertions="2" time="0.021337"/>
      <testcase name="unemployed referees can be retrieved" class="Tests\Unit\Builders\Roster\RefereeBuilderTest" classname="Tests.Unit.Builders.Roster.RefereeBuilderTest" file="tests/Unit/Builders/Roster/RefereeBuilderTest.php::unemployed referees can be retrieved" line="0" assertions="2" time="0.020510"/>
      <testcase name="injured referees can be retrieved" class="Tests\Unit\Builders\Roster\RefereeBuilderTest" classname="Tests.Unit.Builders.Roster.RefereeBuilderTest" file="tests/Unit/Builders/Roster/RefereeBuilderTest.php::injured referees can be retrieved" line="0" assertions="2" time="0.021627"/>
    </testsuite>
    <testsuite name="Tests\Unit\Builders\Roster\SingleRosterMemberBuilderTest" file="tests/Unit/Builders/Roster/SingleRosterMemberBuilderTest.php" tests="17" assertions="40" errors="0" failures="0" skipped="0" time="0.397087">
      <testcase name="`SingleRosterMemberBuilder Unit Tests` → `abstract class architecture` → wrestler builder extends single roster member builder" class="Tests\Unit\Builders\Roster\SingleRosterMemberBuilderTest" classname="Tests.Unit.Builders.Roster.SingleRosterMemberBuilderTest" file="tests/Unit/Builders/Roster/SingleRosterMemberBuilderTest.php::`SingleRosterMemberBuilder Unit Tests` → `abstract class architecture` → wrestler builder extends single roster member builder" line="0" assertions="2" time="0.025005"/>
      <testcase name="`SingleRosterMemberBuilder Unit Tests` → `abstract class architecture` → implements all required contracts" class="Tests\Unit\Builders\Roster\SingleRosterMemberBuilderTest" classname="Tests.Unit.Builders.Roster.SingleRosterMemberBuilderTest" file="tests/Unit/Builders/Roster/SingleRosterMemberBuilderTest.php::`SingleRosterMemberBuilder Unit Tests` → `abstract class architecture` → implements all required contracts" line="0" assertions="4" time="0.019982"/>
      <testcase name="`SingleRosterMemberBuilder Unit Tests` → `abstract class architecture` → uses required traits" class="Tests\Unit\Builders\Roster\SingleRosterMemberBuilderTest" classname="Tests.Unit.Builders.Roster.SingleRosterMemberBuilderTest" file="tests/Unit/Builders/Roster/SingleRosterMemberBuilderTest.php::`SingleRosterMemberBuilder Unit Tests` → `abstract class architecture` → uses required traits" line="0" assertions="2" time="0.018249"/>
      <testcase name="`SingleRosterMemberBuilder Unit Tests` → `availability status scopes` → available wrestlers can be retrieved" class="Tests\Unit\Builders\Roster\SingleRosterMemberBuilderTest" classname="Tests.Unit.Builders.Roster.SingleRosterMemberBuilderTest" file="tests/Unit/Builders/Roster/SingleRosterMemberBuilderTest.php::`SingleRosterMemberBuilder Unit Tests` → `availability status scopes` → available wrestlers can be retrieved" line="0" assertions="2" time="0.020453"/>
      <testcase name="`SingleRosterMemberBuilder Unit Tests` → `availability status scopes` → unavailable wrestlers can be retrieved" class="Tests\Unit\Builders\Roster\SingleRosterMemberBuilderTest" classname="Tests.Unit.Builders.Roster.SingleRosterMemberBuilderTest" file="tests/Unit/Builders/Roster/SingleRosterMemberBuilderTest.php::`SingleRosterMemberBuilder Unit Tests` → `availability status scopes` → unavailable wrestlers can be retrieved" line="0" assertions="4" time="0.026822"/>
      <testcase name="`SingleRosterMemberBuilder Unit Tests` → `employment status scopes` → employed wrestlers can be retrieved" class="Tests\Unit\Builders\Roster\SingleRosterMemberBuilderTest" classname="Tests.Unit.Builders.Roster.SingleRosterMemberBuilderTest" file="tests/Unit/Builders/Roster/SingleRosterMemberBuilderTest.php::`SingleRosterMemberBuilder Unit Tests` → `employment status scopes` → employed wrestlers can be retrieved" line="0" assertions="4" time="0.027072"/>
      <testcase name="`SingleRosterMemberBuilder Unit Tests` → `employment status scopes` → unemployed wrestlers can be retrieved" class="Tests\Unit\Builders\Roster\SingleRosterMemberBuilderTest" classname="Tests.Unit.Builders.Roster.SingleRosterMemberBuilderTest" file="tests/Unit/Builders/Roster/SingleRosterMemberBuilderTest.php::`SingleRosterMemberBuilder Unit Tests` → `employment status scopes` → unemployed wrestlers can be retrieved" line="0" assertions="2" time="0.029605"/>
      <testcase name="`SingleRosterMemberBuilder Unit Tests` → `employment status scopes` → released wrestlers can be retrieved" class="Tests\Unit\Builders\Roster\SingleRosterMemberBuilderTest" classname="Tests.Unit.Builders.Roster.SingleRosterMemberBuilderTest" file="tests/Unit/Builders/Roster/SingleRosterMemberBuilderTest.php::`SingleRosterMemberBuilder Unit Tests` → `employment status scopes` → released wrestlers can be retrieved" line="0" assertions="2" time="0.023523"/>
      <testcase name="`SingleRosterMemberBuilder Unit Tests` → `employment status scopes` → future employed wrestlers can be retrieved" class="Tests\Unit\Builders\Roster\SingleRosterMemberBuilderTest" classname="Tests.Unit.Builders.Roster.SingleRosterMemberBuilderTest" file="tests/Unit/Builders/Roster/SingleRosterMemberBuilderTest.php::`SingleRosterMemberBuilder Unit Tests` → `employment status scopes` → future employed wrestlers can be retrieved" line="0" assertions="2" time="0.018978"/>
      <testcase name="`SingleRosterMemberBuilder Unit Tests` → `individual roster member status scopes` → injured wrestlers can be retrieved" class="Tests\Unit\Builders\Roster\SingleRosterMemberBuilderTest" classname="Tests.Unit.Builders.Roster.SingleRosterMemberBuilderTest" file="tests/Unit/Builders/Roster/SingleRosterMemberBuilderTest.php::`SingleRosterMemberBuilder Unit Tests` → `individual roster member status scopes` → injured wrestlers can be retrieved" line="0" assertions="2" time="0.026346"/>
      <testcase name="`SingleRosterMemberBuilder Unit Tests` → `individual roster member status scopes` → suspended wrestlers can be retrieved" class="Tests\Unit\Builders\Roster\SingleRosterMemberBuilderTest" classname="Tests.Unit.Builders.Roster.SingleRosterMemberBuilderTest" file="tests/Unit/Builders/Roster/SingleRosterMemberBuilderTest.php::`SingleRosterMemberBuilder Unit Tests` → `individual roster member status scopes` → suspended wrestlers can be retrieved" line="0" assertions="2" time="0.021268"/>
      <testcase name="`SingleRosterMemberBuilder Unit Tests` → `individual roster member status scopes` → retired wrestlers can be retrieved" class="Tests\Unit\Builders\Roster\SingleRosterMemberBuilderTest" classname="Tests.Unit.Builders.Roster.SingleRosterMemberBuilderTest" file="tests/Unit/Builders/Roster/SingleRosterMemberBuilderTest.php::`SingleRosterMemberBuilder Unit Tests` → `individual roster member status scopes` → retired wrestlers can be retrieved" line="0" assertions="2" time="0.019825"/>
      <testcase name="`SingleRosterMemberBuilder Unit Tests` → `date-based availability scopes` → base class availableOn method signature exists" class="Tests\Unit\Builders\Roster\SingleRosterMemberBuilderTest" classname="Tests.Unit.Builders.Roster.SingleRosterMemberBuilderTest" file="tests/Unit/Builders/Roster/SingleRosterMemberBuilderTest.php::`SingleRosterMemberBuilder Unit Tests` → `date-based availability scopes` → base class availableOn method signature exists" line="0" assertions="1" time="0.031744"/>
      <testcase name="`SingleRosterMemberBuilder Unit Tests` → `query builder inheritance verification` → query scope methods return correct builder instance" class="Tests\Unit\Builders\Roster\SingleRosterMemberBuilderTest" classname="Tests.Unit.Builders.Roster.SingleRosterMemberBuilderTest" file="tests/Unit/Builders/Roster/SingleRosterMemberBuilderTest.php::`SingleRosterMemberBuilder Unit Tests` → `query builder inheritance verification` → query scope methods return correct builder instance" line="0" assertions="2" time="0.018833"/>
      <testcase name="`SingleRosterMemberBuilder Unit Tests` → `query builder inheritance verification` → chained scopes maintain builder type" class="Tests\Unit\Builders\Roster\SingleRosterMemberBuilderTest" classname="Tests.Unit.Builders.Roster.SingleRosterMemberBuilderTest" file="tests/Unit/Builders/Roster/SingleRosterMemberBuilderTest.php::`SingleRosterMemberBuilder Unit Tests` → `query builder inheritance verification` → chained scopes maintain builder type" line="0" assertions="2" time="0.019706"/>
      <testcase name="`SingleRosterMemberBuilder Unit Tests` → `shared functionality consistency` → availability scope combines all required conditions" class="Tests\Unit\Builders\Roster\SingleRosterMemberBuilderTest" classname="Tests.Unit.Builders.Roster.SingleRosterMemberBuilderTest" file="tests/Unit/Builders/Roster/SingleRosterMemberBuilderTest.php::`SingleRosterMemberBuilder Unit Tests` → `shared functionality consistency` → availability scope combines all required conditions" line="0" assertions="3" time="0.026927"/>
      <testcase name="`SingleRosterMemberBuilder Unit Tests` → `shared functionality consistency` → unavailable scope uses proper OR logic for exclusions" class="Tests\Unit\Builders\Roster\SingleRosterMemberBuilderTest" classname="Tests.Unit.Builders.Roster.SingleRosterMemberBuilderTest" file="tests/Unit/Builders/Roster/SingleRosterMemberBuilderTest.php::`SingleRosterMemberBuilder Unit Tests` → `shared functionality consistency` → unavailable scope uses proper OR logic for exclusions" line="0" assertions="2" time="0.022749"/>
    </testsuite>
    <testsuite name="Tests\Unit\Builders\Roster\StableBuilderTest" file="tests/Unit/Builders/Roster/StableBuilderTest.php" tests="5" assertions="10" errors="0" failures="0" skipped="0" time="0.192179">
      <testcase name="active stables can be retrieved" class="Tests\Unit\Builders\Roster\StableBuilderTest" classname="Tests.Unit.Builders.Roster.StableBuilderTest" file="tests/Unit/Builders/Roster/StableBuilderTest.php::active stables can be retrieved" line="0" assertions="2" time="0.042478"/>
      <testcase name="future activated stables can be retrieved" class="Tests\Unit\Builders\Roster\StableBuilderTest" classname="Tests.Unit.Builders.Roster.StableBuilderTest" file="tests/Unit/Builders/Roster/StableBuilderTest.php::future activated stables can be retrieved" line="0" assertions="2" time="0.041115"/>
      <testcase name="inactive stables can be retrieved" class="Tests\Unit\Builders\Roster\StableBuilderTest" classname="Tests.Unit.Builders.Roster.StableBuilderTest" file="tests/Unit/Builders/Roster/StableBuilderTest.php::inactive stables can be retrieved" line="0" assertions="2" time="0.038602"/>
      <testcase name="retired stables can be retrieved" class="Tests\Unit\Builders\Roster\StableBuilderTest" classname="Tests.Unit.Builders.Roster.StableBuilderTest" file="tests/Unit/Builders/Roster/StableBuilderTest.php::retired stables can be retrieved" line="0" assertions="2" time="0.036178"/>
      <testcase name="unactivated stables can be retrieved" class="Tests\Unit\Builders\Roster\StableBuilderTest" classname="Tests.Unit.Builders.Roster.StableBuilderTest" file="tests/Unit/Builders/Roster/StableBuilderTest.php::unactivated stables can be retrieved" line="0" assertions="2" time="0.033806"/>
    </testsuite>
    <testsuite name="Tests\Unit\Builders\Roster\TagTeamBuilderTest" file="tests/Unit/Builders/Roster/TagTeamBuilderTest.php" tests="7" assertions="20" errors="0" failures="0" skipped="0" time="0.245529">
      <testcase name="bookable tag teams can be retrieved" class="Tests\Unit\Builders\Roster\TagTeamBuilderTest" classname="Tests.Unit.Builders.Roster.TagTeamBuilderTest" file="tests/Unit/Builders/Roster/TagTeamBuilderTest.php::bookable tag teams can be retrieved" line="0" assertions="2" time="0.031376"/>
      <testcase name="future employed tag teams can be retrieved" class="Tests\Unit\Builders\Roster\TagTeamBuilderTest" classname="Tests.Unit.Builders.Roster.TagTeamBuilderTest" file="tests/Unit/Builders/Roster/TagTeamBuilderTest.php::future employed tag teams can be retrieved" line="0" assertions="2" time="0.029944"/>
      <testcase name="unbookable tag teams can be retrieved" class="Tests\Unit\Builders\Roster\TagTeamBuilderTest" classname="Tests.Unit.Builders.Roster.TagTeamBuilderTest" file="tests/Unit/Builders/Roster/TagTeamBuilderTest.php::unbookable tag teams can be retrieved" line="0" assertions="7" time="0.041756"/>
      <testcase name="released tag teams can be retrieved" class="Tests\Unit\Builders\Roster\TagTeamBuilderTest" classname="Tests.Unit.Builders.Roster.TagTeamBuilderTest" file="tests/Unit/Builders/Roster/TagTeamBuilderTest.php::released tag teams can be retrieved" line="0" assertions="2" time="0.037433"/>
      <testcase name="suspended tag teams can be retrieved" class="Tests\Unit\Builders\Roster\TagTeamBuilderTest" classname="Tests.Unit.Builders.Roster.TagTeamBuilderTest" file="tests/Unit/Builders/Roster/TagTeamBuilderTest.php::suspended tag teams can be retrieved" line="0" assertions="2" time="0.040908"/>
      <testcase name="retired tag teams can be retrieved" class="Tests\Unit\Builders\Roster\TagTeamBuilderTest" classname="Tests.Unit.Builders.Roster.TagTeamBuilderTest" file="tests/Unit/Builders/Roster/TagTeamBuilderTest.php::retired tag teams can be retrieved" line="0" assertions="2" time="0.033184"/>
      <testcase name="unemployed tag teams can be retrieved" class="Tests\Unit\Builders\Roster\TagTeamBuilderTest" classname="Tests.Unit.Builders.Roster.TagTeamBuilderTest" file="tests/Unit/Builders/Roster/TagTeamBuilderTest.php::unemployed tag teams can be retrieved" line="0" assertions="3" time="0.030928"/>
    </testsuite>
    <testsuite name="Tests\Unit\Builders\Roster\WrestlerBuilderTest" file="tests/Unit/Builders/Roster/WrestlerBuilderTest.php" tests="7" assertions="14" errors="0" failures="0" skipped="0" time="0.153132">
      <testcase name="bookable wrestlers can be retrieved" class="Tests\Unit\Builders\Roster\WrestlerBuilderTest" classname="Tests.Unit.Builders.Roster.WrestlerBuilderTest" file="tests/Unit/Builders/Roster/WrestlerBuilderTest.php::bookable wrestlers can be retrieved" line="0" assertions="2" time="0.021532"/>
      <testcase name="future employed wrestlers can be retrieved" class="Tests\Unit\Builders\Roster\WrestlerBuilderTest" classname="Tests.Unit.Builders.Roster.WrestlerBuilderTest" file="tests/Unit/Builders/Roster/WrestlerBuilderTest.php::future employed wrestlers can be retrieved" line="0" assertions="2" time="0.018588"/>
      <testcase name="suspended wrestlers can be retrieved" class="Tests\Unit\Builders\Roster\WrestlerBuilderTest" classname="Tests.Unit.Builders.Roster.WrestlerBuilderTest" file="tests/Unit/Builders/Roster/WrestlerBuilderTest.php::suspended wrestlers can be retrieved" line="0" assertions="2" time="0.029008"/>
      <testcase name="released wrestlers can be retrieved" class="Tests\Unit\Builders\Roster\WrestlerBuilderTest" classname="Tests.Unit.Builders.Roster.WrestlerBuilderTest" file="tests/Unit/Builders/Roster/WrestlerBuilderTest.php::released wrestlers can be retrieved" line="0" assertions="2" time="0.021711"/>
      <testcase name="retired wrestlers can be retrieved" class="Tests\Unit\Builders\Roster\WrestlerBuilderTest" classname="Tests.Unit.Builders.Roster.WrestlerBuilderTest" file="tests/Unit/Builders/Roster/WrestlerBuilderTest.php::retired wrestlers can be retrieved" line="0" assertions="2" time="0.023545"/>
      <testcase name="unemployed wrestlers can be retrieved" class="Tests\Unit\Builders\Roster\WrestlerBuilderTest" classname="Tests.Unit.Builders.Roster.WrestlerBuilderTest" file="tests/Unit/Builders/Roster/WrestlerBuilderTest.php::unemployed wrestlers can be retrieved" line="0" assertions="2" time="0.019251"/>
      <testcase name="injured wrestlers can be retrieved" class="Tests\Unit\Builders\Roster\WrestlerBuilderTest" classname="Tests.Unit.Builders.Roster.WrestlerBuilderTest" file="tests/Unit/Builders/Roster/WrestlerBuilderTest.php::injured wrestlers can be retrieved" line="0" assertions="2" time="0.019497"/>
    </testsuite>
    <testsuite name="Tests\Unit\Builders\Titles\TitleBuilderTest" file="tests/Unit/Builders/Titles/TitleBuilderTest.php" tests="4" assertions="10" errors="0" failures="0" skipped="0" time="0.063795">
      <testcase name="active titles can be retrieved" class="Tests\Unit\Builders\Titles\TitleBuilderTest" classname="Tests.Unit.Builders.Titles.TitleBuilderTest" file="tests/Unit/Builders/Titles/TitleBuilderTest.php::active titles can be retrieved" line="0" assertions="2" time="0.015952"/>
      <testcase name="future activated titles can be retrieved" class="Tests\Unit\Builders\Titles\TitleBuilderTest" classname="Tests.Unit.Builders.Titles.TitleBuilderTest" file="tests/Unit/Builders/Titles/TitleBuilderTest.php::future activated titles can be retrieved" line="0" assertions="2" time="0.015509"/>
      <testcase name="inactive titles can be retrieved" class="Tests\Unit\Builders\Titles\TitleBuilderTest" classname="Tests.Unit.Builders.Titles.TitleBuilderTest" file="tests/Unit/Builders/Titles/TitleBuilderTest.php::inactive titles can be retrieved" line="0" assertions="4" time="0.015806"/>
      <testcase name="retired titles can be retrieved" class="Tests\Unit\Builders\Titles\TitleBuilderTest" classname="Tests.Unit.Builders.Titles.TitleBuilderTest" file="tests/Unit/Builders/Titles/TitleBuilderTest.php::retired titles can be retrieved" line="0" assertions="2" time="0.016527"/>
    </testsuite>
    <testsuite name="Tests\Unit\Livewire\Base\BaseFormModalTest" file="tests/Unit/Livewire/Base/BaseFormModalTest.php" tests="12" assertions="33" errors="0" failures="0" skipped="0" time="0.200465">
      <testcase name="`BaseFormModal Unit Tests` → `class structure and inheritance` → extends BaseModal class" class="Tests\Unit\Livewire\Base\BaseFormModalTest" classname="Tests.Unit.Livewire.Base.BaseFormModalTest" file="tests/Unit/Livewire/Base/BaseFormModalTest.php::`BaseFormModal Unit Tests` → `class structure and inheritance` → extends BaseModal class" line="0" assertions="1" time="0.045871"/>
      <testcase name="`BaseFormModal Unit Tests` → `class structure and inheritance` → extends Livewire Component" class="Tests\Unit\Livewire\Base\BaseFormModalTest" classname="Tests.Unit.Livewire.Base.BaseFormModalTest" file="tests/Unit/Livewire/Base/BaseFormModalTest.php::`BaseFormModal Unit Tests` → `class structure and inheritance` → extends Livewire Component" line="0" assertions="1" time="0.014632"/>
      <testcase name="`BaseFormModal Unit Tests` → `trait integration` → uses GeneratesDummyData trait" class="Tests\Unit\Livewire\Base\BaseFormModalTest" classname="Tests.Unit.Livewire.Base.BaseFormModalTest" file="tests/Unit/Livewire/Base/BaseFormModalTest.php::`BaseFormModal Unit Tests` → `trait integration` → uses GeneratesDummyData trait" line="0" assertions="1" time="0.016622"/>
      <testcase name="`BaseFormModal Unit Tests` → `abstract methods` → has required abstract methods" class="Tests\Unit\Livewire\Base\BaseFormModalTest" classname="Tests.Unit.Livewire.Base.BaseFormModalTest" file="tests/Unit/Livewire/Base/BaseFormModalTest.php::`BaseFormModal Unit Tests` → `abstract methods` → has required abstract methods" line="0" assertions="4" time="0.012096"/>
      <testcase name="`BaseFormModal Unit Tests` → `method signatures` → abstract methods have correct signatures" class="Tests\Unit\Livewire\Base\BaseFormModalTest" classname="Tests.Unit.Livewire.Base.BaseFormModalTest" file="tests/Unit/Livewire/Base/BaseFormModalTest.php::`BaseFormModal Unit Tests` → `method signatures` → abstract methods have correct signatures" line="0" assertions="9" time="0.013708"/>
      <testcase name="`BaseFormModal Unit Tests` → `template method pattern` → class is designed as template method pattern" class="Tests\Unit\Livewire\Base\BaseFormModalTest" classname="Tests.Unit.Livewire.Base.BaseFormModalTest" file="tests/Unit/Livewire/Base/BaseFormModalTest.php::`BaseFormModal Unit Tests` → `template method pattern` → class is designed as template method pattern" line="0" assertions="3" time="0.013783"/>
      <testcase name="`BaseFormModal Unit Tests` → `class constants` → has no class-specific constants" class="Tests\Unit\Livewire\Base\BaseFormModalTest" classname="Tests.Unit.Livewire.Base.BaseFormModalTest" file="tests/Unit/Livewire/Base/BaseFormModalTest.php::`BaseFormModal Unit Tests` → `class constants` → has no class-specific constants" line="0" assertions="1" time="0.011468"/>
      <testcase name="`BaseFormModal Unit Tests` → `documentation and annotations` → has proper PHPDoc annotations" class="Tests\Unit\Livewire\Base\BaseFormModalTest" classname="Tests.Unit.Livewire.Base.BaseFormModalTest" file="tests/Unit/Livewire/Base/BaseFormModalTest.php::`BaseFormModal Unit Tests` → `documentation and annotations` → has proper PHPDoc annotations" line="0" assertions="6" time="0.013168"/>
      <testcase name="`BaseFormModal Unit Tests` → `namespace and naming` → uses correct namespace" class="Tests\Unit\Livewire\Base\BaseFormModalTest" classname="Tests.Unit.Livewire.Base.BaseFormModalTest" file="tests/Unit/Livewire/Base/BaseFormModalTest.php::`BaseFormModal Unit Tests` → `namespace and naming` → uses correct namespace" line="0" assertions="1" time="0.016753"/>
      <testcase name="`BaseFormModal Unit Tests` → `namespace and naming` → follows base class naming convention" class="Tests\Unit\Livewire\Base\BaseFormModalTest" classname="Tests.Unit.Livewire.Base.BaseFormModalTest" file="tests/Unit/Livewire/Base/BaseFormModalTest.php::`BaseFormModal Unit Tests` → `namespace and naming` → follows base class naming convention" line="0" assertions="2" time="0.012938"/>
      <testcase name="`BaseFormModal Unit Tests` → `generic type safety` → provides type safety through generics" class="Tests\Unit\Livewire\Base\BaseFormModalTest" classname="Tests.Unit.Livewire.Base.BaseFormModalTest" file="tests/Unit/Livewire/Base/BaseFormModalTest.php::`BaseFormModal Unit Tests` → `generic type safety` → provides type safety through generics" line="0" assertions="3" time="0.018003"/>
      <testcase name="`BaseFormModal Unit Tests` → `composition over inheritance` → uses traits for specialized functionality" class="Tests\Unit\Livewire\Base\BaseFormModalTest" classname="Tests.Unit.Livewire.Base.BaseFormModalTest" file="tests/Unit/Livewire/Base/BaseFormModalTest.php::`BaseFormModal Unit Tests` → `composition over inheritance` → uses traits for specialized functionality" line="0" assertions="1" time="0.011422"/>
    </testsuite>
    <testsuite name="Tests\Unit\Livewire\Base\LivewireBaseFormTest" file="tests/Unit/Livewire/Base/LivewireBaseFormTest.php" tests="14" assertions="38" errors="0" failures="0" skipped="0" time="0.209781">
      <testcase name="`BaseForm Unit Tests` → `class structure and inheritance` → extends Livewire Form class" class="Tests\Unit\Livewire\Base\LivewireBaseFormTest" classname="Tests.Unit.Livewire.Base.LivewireBaseFormTest" file="tests/Unit/Livewire/Base/LivewireBaseFormTest.php::`BaseForm Unit Tests` → `class structure and inheritance` → extends Livewire Form class" line="0" assertions="1" time="0.039272"/>
      <testcase name="`BaseForm Unit Tests` → `class structure and inheritance` → is abstract class" class="Tests\Unit\Livewire\Base\LivewireBaseFormTest" classname="Tests.Unit.Livewire.Base.LivewireBaseFormTest" file="tests/Unit/Livewire/Base/LivewireBaseFormTest.php::`BaseForm Unit Tests` → `class structure and inheritance` → is abstract class" line="0" assertions="1" time="0.015360"/>
      <testcase name="`BaseForm Unit Tests` → `abstract methods` → has required abstract methods" class="Tests\Unit\Livewire\Base\LivewireBaseFormTest" classname="Tests.Unit.Livewire.Base.LivewireBaseFormTest" file="tests/Unit/Livewire/Base/LivewireBaseFormTest.php::`BaseForm Unit Tests` → `abstract methods` → has required abstract methods" line="0" assertions="2" time="0.016712"/>
      <testcase name="`BaseForm Unit Tests` → `method signatures` → abstract methods have correct signatures" class="Tests\Unit\Livewire\Base\LivewireBaseFormTest" classname="Tests.Unit.Livewire.Base.LivewireBaseFormTest" file="tests/Unit/Livewire/Base/LivewireBaseFormTest.php::`BaseForm Unit Tests` → `method signatures` → abstract methods have correct signatures" line="0" assertions="6" time="0.012226"/>
      <testcase name="`BaseForm Unit Tests` → `concrete methods` → has concrete methods for common functionality" class="Tests\Unit\Livewire\Base\LivewireBaseFormTest" classname="Tests.Unit.Livewire.Base.LivewireBaseFormTest" file="tests/Unit/Livewire/Base/LivewireBaseFormTest.php::`BaseForm Unit Tests` → `concrete methods` → has concrete methods for common functionality" line="0" assertions="3" time="0.010809"/>
      <testcase name="`BaseForm Unit Tests` → `property structure` → has formModel property" class="Tests\Unit\Livewire\Base\LivewireBaseFormTest" classname="Tests.Unit.Livewire.Base.LivewireBaseFormTest" file="tests/Unit/Livewire/Base/LivewireBaseFormTest.php::`BaseForm Unit Tests` → `property structure` → has formModel property" line="0" assertions="5" time="0.010804"/>
      <testcase name="`BaseForm Unit Tests` → `template method pattern` → implements template method pattern" class="Tests\Unit\Livewire\Base\LivewireBaseFormTest" classname="Tests.Unit.Livewire.Base.LivewireBaseFormTest" file="tests/Unit/Livewire/Base/LivewireBaseFormTest.php::`BaseForm Unit Tests` → `template method pattern` → implements template method pattern" line="0" assertions="4" time="0.017617"/>
      <testcase name="`BaseForm Unit Tests` → `method visibility` → protected methods are properly encapsulated" class="Tests\Unit\Livewire\Base\LivewireBaseFormTest" classname="Tests.Unit.Livewire.Base.LivewireBaseFormTest" file="tests/Unit/Livewire/Base/LivewireBaseFormTest.php::`BaseForm Unit Tests` → `method visibility` → protected methods are properly encapsulated" line="0" assertions="2" time="0.015977"/>
      <testcase name="`BaseForm Unit Tests` → `class constants` → has no class-specific constants" class="Tests\Unit\Livewire\Base\LivewireBaseFormTest" classname="Tests.Unit.Livewire.Base.LivewireBaseFormTest" file="tests/Unit/Livewire/Base/LivewireBaseFormTest.php::`BaseForm Unit Tests` → `class constants` → has no class-specific constants" line="0" assertions="1" time="0.011432"/>
      <testcase name="`BaseForm Unit Tests` → `documentation and annotations` → has proper PHPDoc annotations" class="Tests\Unit\Livewire\Base\LivewireBaseFormTest" classname="Tests.Unit.Livewire.Base.LivewireBaseFormTest" file="tests/Unit/Livewire/Base/LivewireBaseFormTest.php::`BaseForm Unit Tests` → `documentation and annotations` → has proper PHPDoc annotations" line="0" assertions="7" time="0.011770"/>
      <testcase name="`BaseForm Unit Tests` → `namespace and naming` → uses correct namespace" class="Tests\Unit\Livewire\Base\LivewireBaseFormTest" classname="Tests.Unit.Livewire.Base.LivewireBaseFormTest" file="tests/Unit/Livewire/Base/LivewireBaseFormTest.php::`BaseForm Unit Tests` → `namespace and naming` → uses correct namespace" line="0" assertions="1" time="0.012011"/>
      <testcase name="`BaseForm Unit Tests` → `namespace and naming` → follows base class naming convention" class="Tests\Unit\Livewire\Base\LivewireBaseFormTest" classname="Tests.Unit.Livewire.Base.LivewireBaseFormTest" file="tests/Unit/Livewire/Base/LivewireBaseFormTest.php::`BaseForm Unit Tests` → `namespace and naming` → follows base class naming convention" line="0" assertions="2" time="0.010889"/>
      <testcase name="`BaseForm Unit Tests` → `generic type safety` → provides type safety through generics" class="Tests\Unit\Livewire\Base\LivewireBaseFormTest" classname="Tests.Unit.Livewire.Base.LivewireBaseFormTest" file="tests/Unit/Livewire/Base/LivewireBaseFormTest.php::`BaseForm Unit Tests` → `generic type safety` → provides type safety through generics" line="0" assertions="2" time="0.012243"/>
      <testcase name="`BaseForm Unit Tests` → `extensibility hooks` → provides hooks for custom implementations" class="Tests\Unit\Livewire\Base\LivewireBaseFormTest" classname="Tests.Unit.Livewire.Base.LivewireBaseFormTest" file="tests/Unit/Livewire/Base/LivewireBaseFormTest.php::`BaseForm Unit Tests` → `extensibility hooks` → provides hooks for custom implementations" line="0" assertions="1" time="0.012660"/>
    </testsuite>
    <testsuite name="Tests\Unit\Livewire\Base\Tables\BasePreviousManagersTableTest" file="tests/Unit/Livewire/Base/Tables/BasePreviousManagersTableTest.php" tests="11" assertions="21" errors="0" failures="0" skipped="0" time="0.164899">
      <testcase name="`BasePreviousManagersTable Unit Tests` → `class structure and inheritance` → extends DataTableComponent" class="Tests\Unit\Livewire\Base\Tables\BasePreviousManagersTableTest" classname="Tests.Unit.Livewire.Base.Tables.BasePreviousManagersTableTest" file="tests/Unit/Livewire/Base/Tables/BasePreviousManagersTableTest.php::`BasePreviousManagersTable Unit Tests` → `class structure and inheritance` → extends DataTableComponent" line="0" assertions="1" time="0.042308"/>
      <testcase name="`BasePreviousManagersTable Unit Tests` → `class structure and inheritance` → is abstract class" class="Tests\Unit\Livewire\Base\Tables\BasePreviousManagersTableTest" classname="Tests.Unit.Livewire.Base.Tables.BasePreviousManagersTableTest" file="tests/Unit/Livewire/Base/Tables/BasePreviousManagersTableTest.php::`BasePreviousManagersTable Unit Tests` → `class structure and inheritance` → is abstract class" line="0" assertions="1" time="0.011208"/>
      <testcase name="`BasePreviousManagersTable Unit Tests` → `trait integration` → uses ShowTableTrait" class="Tests\Unit\Livewire\Base\Tables\BasePreviousManagersTableTest" classname="Tests.Unit.Livewire.Base.Tables.BasePreviousManagersTableTest" file="tests/Unit/Livewire/Base/Tables/BasePreviousManagersTableTest.php::`BasePreviousManagersTable Unit Tests` → `trait integration` → uses ShowTableTrait" line="0" assertions="1" time="0.011171"/>
      <testcase name="`BasePreviousManagersTable Unit Tests` → `property structure` → has resourceName property with correct value" class="Tests\Unit\Livewire\Base\Tables\BasePreviousManagersTableTest" classname="Tests.Unit.Livewire.Base.Tables.BasePreviousManagersTableTest" file="tests/Unit/Livewire/Base/Tables/BasePreviousManagersTableTest.php::`BasePreviousManagersTable Unit Tests` → `property structure` → has resourceName property with correct value" line="0" assertions="4" time="0.012471"/>
      <testcase name="`BasePreviousManagersTable Unit Tests` → `property structure` → has databaseTableName property" class="Tests\Unit\Livewire\Base\Tables\BasePreviousManagersTableTest" classname="Tests.Unit.Livewire.Base.Tables.BasePreviousManagersTableTest" file="tests/Unit/Livewire/Base/Tables/BasePreviousManagersTableTest.php::`BasePreviousManagersTable Unit Tests` → `property structure` → has databaseTableName property" line="0" assertions="2" time="0.011557"/>
      <testcase name="`BasePreviousManagersTable Unit Tests` → `method existence` → has configure method" class="Tests\Unit\Livewire\Base\Tables\BasePreviousManagersTableTest" classname="Tests.Unit.Livewire.Base.Tables.BasePreviousManagersTableTest" file="tests/Unit/Livewire/Base/Tables/BasePreviousManagersTableTest.php::`BasePreviousManagersTable Unit Tests` → `method existence` → has configure method" line="0" assertions="3" time="0.012922"/>
      <testcase name="`BasePreviousManagersTable Unit Tests` → `method existence` → has columns method" class="Tests\Unit\Livewire\Base\Tables\BasePreviousManagersTableTest" classname="Tests.Unit.Livewire.Base.Tables.BasePreviousManagersTableTest" file="tests/Unit/Livewire/Base/Tables/BasePreviousManagersTableTest.php::`BasePreviousManagersTable Unit Tests` → `method existence` → has columns method" line="0" assertions="3" time="0.012547"/>
      <testcase name="`BasePreviousManagersTable Unit Tests` → `namespace and naming` → uses correct namespace" class="Tests\Unit\Livewire\Base\Tables\BasePreviousManagersTableTest" classname="Tests.Unit.Livewire.Base.Tables.BasePreviousManagersTableTest" file="tests/Unit/Livewire/Base/Tables/BasePreviousManagersTableTest.php::`BasePreviousManagersTable Unit Tests` → `namespace and naming` → uses correct namespace" line="0" assertions="1" time="0.016238"/>
      <testcase name="`BasePreviousManagersTable Unit Tests` → `namespace and naming` → follows base class naming convention" class="Tests\Unit\Livewire\Base\Tables\BasePreviousManagersTableTest" classname="Tests.Unit.Livewire.Base.Tables.BasePreviousManagersTableTest" file="tests/Unit/Livewire/Base/Tables/BasePreviousManagersTableTest.php::`BasePreviousManagersTable Unit Tests` → `namespace and naming` → follows base class naming convention" line="0" assertions="1" time="0.011216"/>
      <testcase name="`BasePreviousManagersTable Unit Tests` → `template method pattern` → follows template method pattern" class="Tests\Unit\Livewire\Base\Tables\BasePreviousManagersTableTest" classname="Tests.Unit.Livewire.Base.Tables.BasePreviousManagersTableTest" file="tests/Unit/Livewire/Base/Tables/BasePreviousManagersTableTest.php::`BasePreviousManagersTable Unit Tests` → `template method pattern` → follows template method pattern" line="0" assertions="3" time="0.011055"/>
      <testcase name="`BasePreviousManagersTable Unit Tests` → `resource configuration` → configured for managers resource" class="Tests\Unit\Livewire\Base\Tables\BasePreviousManagersTableTest" classname="Tests.Unit.Livewire.Base.Tables.BasePreviousManagersTableTest" file="tests/Unit/Livewire/Base/Tables/BasePreviousManagersTableTest.php::`BasePreviousManagersTable Unit Tests` → `resource configuration` → configured for managers resource" line="0" assertions="1" time="0.012208"/>
    </testsuite>
    <testsuite name="Tests\Unit\Livewire\Base\Tables\BasePreviousMatchesTableTest" file="tests/Unit/Livewire/Base/Tables/BasePreviousMatchesTableTest.php" tests="11" assertions="24" errors="0" failures="0" skipped="0" time="0.187931">
      <testcase name="`BasePreviousMatchesTable Unit Tests` → `class structure and inheritance` → extends DataTableComponent" class="Tests\Unit\Livewire\Base\Tables\BasePreviousMatchesTableTest" classname="Tests.Unit.Livewire.Base.Tables.BasePreviousMatchesTableTest" file="tests/Unit/Livewire/Base/Tables/BasePreviousMatchesTableTest.php::`BasePreviousMatchesTable Unit Tests` → `class structure and inheritance` → extends DataTableComponent" line="0" assertions="1" time="0.054581"/>
      <testcase name="`BasePreviousMatchesTable Unit Tests` → `class structure and inheritance` → is abstract class" class="Tests\Unit\Livewire\Base\Tables\BasePreviousMatchesTableTest" classname="Tests.Unit.Livewire.Base.Tables.BasePreviousMatchesTableTest" file="tests/Unit/Livewire/Base/Tables/BasePreviousMatchesTableTest.php::`BasePreviousMatchesTable Unit Tests` → `class structure and inheritance` → is abstract class" line="0" assertions="1" time="0.011428"/>
      <testcase name="`BasePreviousMatchesTable Unit Tests` → `trait integration` → uses ShowTableTrait" class="Tests\Unit\Livewire\Base\Tables\BasePreviousMatchesTableTest" classname="Tests.Unit.Livewire.Base.Tables.BasePreviousMatchesTableTest" file="tests/Unit/Livewire/Base/Tables/BasePreviousMatchesTableTest.php::`BasePreviousMatchesTable Unit Tests` → `trait integration` → uses ShowTableTrait" line="0" assertions="1" time="0.012897"/>
      <testcase name="`BasePreviousMatchesTable Unit Tests` → `property structure` → has databaseTableName property with correct value" class="Tests\Unit\Livewire\Base\Tables\BasePreviousMatchesTableTest" classname="Tests.Unit.Livewire.Base.Tables.BasePreviousMatchesTableTest" file="tests/Unit/Livewire/Base/Tables/BasePreviousMatchesTableTest.php::`BasePreviousMatchesTable Unit Tests` → `property structure` → has databaseTableName property with correct value" line="0" assertions="4" time="0.011849"/>
      <testcase name="`BasePreviousMatchesTable Unit Tests` → `property structure` → has resourceName property with correct value" class="Tests\Unit\Livewire\Base\Tables\BasePreviousMatchesTableTest" classname="Tests.Unit.Livewire.Base.Tables.BasePreviousMatchesTableTest" file="tests/Unit/Livewire/Base/Tables/BasePreviousMatchesTableTest.php::`BasePreviousMatchesTable Unit Tests` → `property structure` → has resourceName property with correct value" line="0" assertions="4" time="0.022046"/>
      <testcase name="`BasePreviousMatchesTable Unit Tests` → `method existence` → has configure method" class="Tests\Unit\Livewire\Base\Tables\BasePreviousMatchesTableTest" classname="Tests.Unit.Livewire.Base.Tables.BasePreviousMatchesTableTest" file="tests/Unit/Livewire/Base/Tables/BasePreviousMatchesTableTest.php::`BasePreviousMatchesTable Unit Tests` → `method existence` → has configure method" line="0" assertions="3" time="0.014856"/>
      <testcase name="`BasePreviousMatchesTable Unit Tests` → `method existence` → has columns method" class="Tests\Unit\Livewire\Base\Tables\BasePreviousMatchesTableTest" classname="Tests.Unit.Livewire.Base.Tables.BasePreviousMatchesTableTest" file="tests/Unit/Livewire/Base/Tables/BasePreviousMatchesTableTest.php::`BasePreviousMatchesTable Unit Tests` → `method existence` → has columns method" line="0" assertions="3" time="0.012038"/>
      <testcase name="`BasePreviousMatchesTable Unit Tests` → `namespace and naming` → uses correct namespace" class="Tests\Unit\Livewire\Base\Tables\BasePreviousMatchesTableTest" classname="Tests.Unit.Livewire.Base.Tables.BasePreviousMatchesTableTest" file="tests/Unit/Livewire/Base/Tables/BasePreviousMatchesTableTest.php::`BasePreviousMatchesTable Unit Tests` → `namespace and naming` → uses correct namespace" line="0" assertions="1" time="0.011619"/>
      <testcase name="`BasePreviousMatchesTable Unit Tests` → `namespace and naming` → follows base class naming convention" class="Tests\Unit\Livewire\Base\Tables\BasePreviousMatchesTableTest" classname="Tests.Unit.Livewire.Base.Tables.BasePreviousMatchesTableTest" file="tests/Unit/Livewire/Base/Tables/BasePreviousMatchesTableTest.php::`BasePreviousMatchesTable Unit Tests` → `namespace and naming` → follows base class naming convention" line="0" assertions="1" time="0.012993"/>
      <testcase name="`BasePreviousMatchesTable Unit Tests` → `template method pattern` → follows template method pattern" class="Tests\Unit\Livewire\Base\Tables\BasePreviousMatchesTableTest" classname="Tests.Unit.Livewire.Base.Tables.BasePreviousMatchesTableTest" file="tests/Unit/Livewire/Base/Tables/BasePreviousMatchesTableTest.php::`BasePreviousMatchesTable Unit Tests` → `template method pattern` → follows template method pattern" line="0" assertions="3" time="0.010984"/>
      <testcase name="`BasePreviousMatchesTable Unit Tests` → `resource configuration` → configured for matches resource" class="Tests\Unit\Livewire\Base\Tables\BasePreviousMatchesTableTest" classname="Tests.Unit.Livewire.Base.Tables.BasePreviousMatchesTableTest" file="tests/Unit/Livewire/Base/Tables/BasePreviousMatchesTableTest.php::`BasePreviousMatchesTable Unit Tests` → `resource configuration` → configured for matches resource" line="0" assertions="2" time="0.012640"/>
    </testsuite>
    <testsuite name="Tests\Unit\Livewire\Base\Tables\BasePreviousStablesTableTest" file="tests/Unit/Livewire/Base/Tables/BasePreviousStablesTableTest.php" tests="11" assertions="21" errors="0" failures="0" skipped="0" time="0.17542">
      <testcase name="`BasePreviousStablesTable Unit Tests` → `class structure and inheritance` → extends DataTableComponent" class="Tests\Unit\Livewire\Base\Tables\BasePreviousStablesTableTest" classname="Tests.Unit.Livewire.Base.Tables.BasePreviousStablesTableTest" file="tests/Unit/Livewire/Base/Tables/BasePreviousStablesTableTest.php::`BasePreviousStablesTable Unit Tests` → `class structure and inheritance` → extends DataTableComponent" line="0" assertions="1" time="0.036384"/>
      <testcase name="`BasePreviousStablesTable Unit Tests` → `class structure and inheritance` → is abstract class" class="Tests\Unit\Livewire\Base\Tables\BasePreviousStablesTableTest" classname="Tests.Unit.Livewire.Base.Tables.BasePreviousStablesTableTest" file="tests/Unit/Livewire/Base/Tables/BasePreviousStablesTableTest.php::`BasePreviousStablesTable Unit Tests` → `class structure and inheritance` → is abstract class" line="0" assertions="1" time="0.017532"/>
      <testcase name="`BasePreviousStablesTable Unit Tests` → `trait integration` → uses ShowTableTrait" class="Tests\Unit\Livewire\Base\Tables\BasePreviousStablesTableTest" classname="Tests.Unit.Livewire.Base.Tables.BasePreviousStablesTableTest" file="tests/Unit/Livewire/Base/Tables/BasePreviousStablesTableTest.php::`BasePreviousStablesTable Unit Tests` → `trait integration` → uses ShowTableTrait" line="0" assertions="1" time="0.016460"/>
      <testcase name="`BasePreviousStablesTable Unit Tests` → `property structure` → has resourceName property with correct value" class="Tests\Unit\Livewire\Base\Tables\BasePreviousStablesTableTest" classname="Tests.Unit.Livewire.Base.Tables.BasePreviousStablesTableTest" file="tests/Unit/Livewire/Base/Tables/BasePreviousStablesTableTest.php::`BasePreviousStablesTable Unit Tests` → `property structure` → has resourceName property with correct value" line="0" assertions="4" time="0.011357"/>
      <testcase name="`BasePreviousStablesTable Unit Tests` → `property structure` → has databaseTableName property" class="Tests\Unit\Livewire\Base\Tables\BasePreviousStablesTableTest" classname="Tests.Unit.Livewire.Base.Tables.BasePreviousStablesTableTest" file="tests/Unit/Livewire/Base/Tables/BasePreviousStablesTableTest.php::`BasePreviousStablesTable Unit Tests` → `property structure` → has databaseTableName property" line="0" assertions="2" time="0.020332"/>
      <testcase name="`BasePreviousStablesTable Unit Tests` → `method existence` → has configure method" class="Tests\Unit\Livewire\Base\Tables\BasePreviousStablesTableTest" classname="Tests.Unit.Livewire.Base.Tables.BasePreviousStablesTableTest" file="tests/Unit/Livewire/Base/Tables/BasePreviousStablesTableTest.php::`BasePreviousStablesTable Unit Tests` → `method existence` → has configure method" line="0" assertions="3" time="0.012671"/>
      <testcase name="`BasePreviousStablesTable Unit Tests` → `method existence` → has columns method" class="Tests\Unit\Livewire\Base\Tables\BasePreviousStablesTableTest" classname="Tests.Unit.Livewire.Base.Tables.BasePreviousStablesTableTest" file="tests/Unit/Livewire/Base/Tables/BasePreviousStablesTableTest.php::`BasePreviousStablesTable Unit Tests` → `method existence` → has columns method" line="0" assertions="3" time="0.011961"/>
      <testcase name="`BasePreviousStablesTable Unit Tests` → `namespace and naming` → uses correct namespace" class="Tests\Unit\Livewire\Base\Tables\BasePreviousStablesTableTest" classname="Tests.Unit.Livewire.Base.Tables.BasePreviousStablesTableTest" file="tests/Unit/Livewire/Base/Tables/BasePreviousStablesTableTest.php::`BasePreviousStablesTable Unit Tests` → `namespace and naming` → uses correct namespace" line="0" assertions="1" time="0.015683"/>
      <testcase name="`BasePreviousStablesTable Unit Tests` → `namespace and naming` → follows base class naming convention" class="Tests\Unit\Livewire\Base\Tables\BasePreviousStablesTableTest" classname="Tests.Unit.Livewire.Base.Tables.BasePreviousStablesTableTest" file="tests/Unit/Livewire/Base/Tables/BasePreviousStablesTableTest.php::`BasePreviousStablesTable Unit Tests` → `namespace and naming` → follows base class naming convention" line="0" assertions="1" time="0.011282"/>
      <testcase name="`BasePreviousStablesTable Unit Tests` → `template method pattern` → follows template method pattern" class="Tests\Unit\Livewire\Base\Tables\BasePreviousStablesTableTest" classname="Tests.Unit.Livewire.Base.Tables.BasePreviousStablesTableTest" file="tests/Unit/Livewire/Base/Tables/BasePreviousStablesTableTest.php::`BasePreviousStablesTable Unit Tests` → `template method pattern` → follows template method pattern" line="0" assertions="3" time="0.010846"/>
      <testcase name="`BasePreviousStablesTable Unit Tests` → `resource configuration` → configured for stables resource" class="Tests\Unit\Livewire\Base\Tables\BasePreviousStablesTableTest" classname="Tests.Unit.Livewire.Base.Tables.BasePreviousStablesTableTest" file="tests/Unit/Livewire/Base/Tables/BasePreviousStablesTableTest.php::`BasePreviousStablesTable Unit Tests` → `resource configuration` → configured for stables resource" line="0" assertions="1" time="0.010911"/>
    </testsuite>
    <testsuite name="Tests\Unit\Livewire\Base\Tables\BasePreviousTagTeamsTableTest" file="tests/Unit/Livewire/Base/Tables/BasePreviousTagTeamsTableTest.php" tests="11" assertions="21" errors="0" failures="0" skipped="0" time="0.170935">
      <testcase name="`BasePreviousTagTeamsTable Unit Tests` → `class structure and inheritance` → extends DataTableComponent" class="Tests\Unit\Livewire\Base\Tables\BasePreviousTagTeamsTableTest" classname="Tests.Unit.Livewire.Base.Tables.BasePreviousTagTeamsTableTest" file="tests/Unit/Livewire/Base/Tables/BasePreviousTagTeamsTableTest.php::`BasePreviousTagTeamsTable Unit Tests` → `class structure and inheritance` → extends DataTableComponent" line="0" assertions="1" time="0.043000"/>
      <testcase name="`BasePreviousTagTeamsTable Unit Tests` → `class structure and inheritance` → is abstract class" class="Tests\Unit\Livewire\Base\Tables\BasePreviousTagTeamsTableTest" classname="Tests.Unit.Livewire.Base.Tables.BasePreviousTagTeamsTableTest" file="tests/Unit/Livewire/Base/Tables/BasePreviousTagTeamsTableTest.php::`BasePreviousTagTeamsTable Unit Tests` → `class structure and inheritance` → is abstract class" line="0" assertions="1" time="0.013965"/>
      <testcase name="`BasePreviousTagTeamsTable Unit Tests` → `trait integration` → uses ShowTableTrait" class="Tests\Unit\Livewire\Base\Tables\BasePreviousTagTeamsTableTest" classname="Tests.Unit.Livewire.Base.Tables.BasePreviousTagTeamsTableTest" file="tests/Unit/Livewire/Base/Tables/BasePreviousTagTeamsTableTest.php::`BasePreviousTagTeamsTable Unit Tests` → `trait integration` → uses ShowTableTrait" line="0" assertions="1" time="0.017519"/>
      <testcase name="`BasePreviousTagTeamsTable Unit Tests` → `property structure` → has resourceName property with correct value" class="Tests\Unit\Livewire\Base\Tables\BasePreviousTagTeamsTableTest" classname="Tests.Unit.Livewire.Base.Tables.BasePreviousTagTeamsTableTest" file="tests/Unit/Livewire/Base/Tables/BasePreviousTagTeamsTableTest.php::`BasePreviousTagTeamsTable Unit Tests` → `property structure` → has resourceName property with correct value" line="0" assertions="4" time="0.013548"/>
      <testcase name="`BasePreviousTagTeamsTable Unit Tests` → `property structure` → has databaseTableName property" class="Tests\Unit\Livewire\Base\Tables\BasePreviousTagTeamsTableTest" classname="Tests.Unit.Livewire.Base.Tables.BasePreviousTagTeamsTableTest" file="tests/Unit/Livewire/Base/Tables/BasePreviousTagTeamsTableTest.php::`BasePreviousTagTeamsTable Unit Tests` → `property structure` → has databaseTableName property" line="0" assertions="2" time="0.011327"/>
      <testcase name="`BasePreviousTagTeamsTable Unit Tests` → `method existence` → has configure method" class="Tests\Unit\Livewire\Base\Tables\BasePreviousTagTeamsTableTest" classname="Tests.Unit.Livewire.Base.Tables.BasePreviousTagTeamsTableTest" file="tests/Unit/Livewire/Base/Tables/BasePreviousTagTeamsTableTest.php::`BasePreviousTagTeamsTable Unit Tests` → `method existence` → has configure method" line="0" assertions="3" time="0.011554"/>
      <testcase name="`BasePreviousTagTeamsTable Unit Tests` → `method existence` → has columns method" class="Tests\Unit\Livewire\Base\Tables\BasePreviousTagTeamsTableTest" classname="Tests.Unit.Livewire.Base.Tables.BasePreviousTagTeamsTableTest" file="tests/Unit/Livewire/Base/Tables/BasePreviousTagTeamsTableTest.php::`BasePreviousTagTeamsTable Unit Tests` → `method existence` → has columns method" line="0" assertions="3" time="0.015596"/>
      <testcase name="`BasePreviousTagTeamsTable Unit Tests` → `namespace and naming` → uses correct namespace" class="Tests\Unit\Livewire\Base\Tables\BasePreviousTagTeamsTableTest" classname="Tests.Unit.Livewire.Base.Tables.BasePreviousTagTeamsTableTest" file="tests/Unit/Livewire/Base/Tables/BasePreviousTagTeamsTableTest.php::`BasePreviousTagTeamsTable Unit Tests` → `namespace and naming` → uses correct namespace" line="0" assertions="1" time="0.012167"/>
      <testcase name="`BasePreviousTagTeamsTable Unit Tests` → `namespace and naming` → follows base class naming convention" class="Tests\Unit\Livewire\Base\Tables\BasePreviousTagTeamsTableTest" classname="Tests.Unit.Livewire.Base.Tables.BasePreviousTagTeamsTableTest" file="tests/Unit/Livewire/Base/Tables/BasePreviousTagTeamsTableTest.php::`BasePreviousTagTeamsTable Unit Tests` → `namespace and naming` → follows base class naming convention" line="0" assertions="1" time="0.010910"/>
      <testcase name="`BasePreviousTagTeamsTable Unit Tests` → `template method pattern` → follows template method pattern" class="Tests\Unit\Livewire\Base\Tables\BasePreviousTagTeamsTableTest" classname="Tests.Unit.Livewire.Base.Tables.BasePreviousTagTeamsTableTest" file="tests/Unit/Livewire/Base/Tables/BasePreviousTagTeamsTableTest.php::`BasePreviousTagTeamsTable Unit Tests` → `template method pattern` → follows template method pattern" line="0" assertions="3" time="0.010695"/>
      <testcase name="`BasePreviousTagTeamsTable Unit Tests` → `resource configuration` → configured for tag teams resource" class="Tests\Unit\Livewire\Base\Tables\BasePreviousTagTeamsTableTest" classname="Tests.Unit.Livewire.Base.Tables.BasePreviousTagTeamsTableTest" file="tests/Unit/Livewire/Base/Tables/BasePreviousTagTeamsTableTest.php::`BasePreviousTagTeamsTable Unit Tests` → `resource configuration` → configured for tag teams resource" line="0" assertions="1" time="0.010655"/>
    </testsuite>
    <testsuite name="Tests\Unit\Livewire\Base\Tables\BasePreviousTitleChampionshipsTableTest" file="tests/Unit/Livewire/Base/Tables/BasePreviousTitleChampionshipsTableTest.php" tests="11" assertions="24" errors="0" failures="0" skipped="0" time="0.19141">
      <testcase name="`BasePreviousTitleChampionshipsTable Unit Tests` → `class structure and inheritance` → extends DataTableComponent" class="Tests\Unit\Livewire\Base\Tables\BasePreviousTitleChampionshipsTableTest" classname="Tests.Unit.Livewire.Base.Tables.BasePreviousTitleChampionshipsTableTest" file="tests/Unit/Livewire/Base/Tables/BasePreviousTitleChampionshipsTableTest.php::`BasePreviousTitleChampionshipsTable Unit Tests` → `class structure and inheritance` → extends DataTableComponent" line="0" assertions="1" time="0.058003"/>
      <testcase name="`BasePreviousTitleChampionshipsTable Unit Tests` → `class structure and inheritance` → is abstract class" class="Tests\Unit\Livewire\Base\Tables\BasePreviousTitleChampionshipsTableTest" classname="Tests.Unit.Livewire.Base.Tables.BasePreviousTitleChampionshipsTableTest" file="tests/Unit/Livewire/Base/Tables/BasePreviousTitleChampionshipsTableTest.php::`BasePreviousTitleChampionshipsTable Unit Tests` → `class structure and inheritance` → is abstract class" line="0" assertions="1" time="0.011520"/>
      <testcase name="`BasePreviousTitleChampionshipsTable Unit Tests` → `trait integration` → uses ShowTableTrait" class="Tests\Unit\Livewire\Base\Tables\BasePreviousTitleChampionshipsTableTest" classname="Tests.Unit.Livewire.Base.Tables.BasePreviousTitleChampionshipsTableTest" file="tests/Unit/Livewire/Base/Tables/BasePreviousTitleChampionshipsTableTest.php::`BasePreviousTitleChampionshipsTable Unit Tests` → `trait integration` → uses ShowTableTrait" line="0" assertions="1" time="0.012627"/>
      <testcase name="`BasePreviousTitleChampionshipsTable Unit Tests` → `property structure` → has databaseTableName property with correct value" class="Tests\Unit\Livewire\Base\Tables\BasePreviousTitleChampionshipsTableTest" classname="Tests.Unit.Livewire.Base.Tables.BasePreviousTitleChampionshipsTableTest" file="tests/Unit/Livewire/Base/Tables/BasePreviousTitleChampionshipsTableTest.php::`BasePreviousTitleChampionshipsTable Unit Tests` → `property structure` → has databaseTableName property with correct value" line="0" assertions="4" time="0.012392"/>
      <testcase name="`BasePreviousTitleChampionshipsTable Unit Tests` → `property structure` → has resourceName property with correct value" class="Tests\Unit\Livewire\Base\Tables\BasePreviousTitleChampionshipsTableTest" classname="Tests.Unit.Livewire.Base.Tables.BasePreviousTitleChampionshipsTableTest" file="tests/Unit/Livewire/Base/Tables/BasePreviousTitleChampionshipsTableTest.php::`BasePreviousTitleChampionshipsTable Unit Tests` → `property structure` → has resourceName property with correct value" line="0" assertions="4" time="0.013171"/>
      <testcase name="`BasePreviousTitleChampionshipsTable Unit Tests` → `method existence` → has configure method" class="Tests\Unit\Livewire\Base\Tables\BasePreviousTitleChampionshipsTableTest" classname="Tests.Unit.Livewire.Base.Tables.BasePreviousTitleChampionshipsTableTest" file="tests/Unit/Livewire/Base/Tables/BasePreviousTitleChampionshipsTableTest.php::`BasePreviousTitleChampionshipsTable Unit Tests` → `method existence` → has configure method" line="0" assertions="3" time="0.016925"/>
      <testcase name="`BasePreviousTitleChampionshipsTable Unit Tests` → `method existence` → has columns method" class="Tests\Unit\Livewire\Base\Tables\BasePreviousTitleChampionshipsTableTest" classname="Tests.Unit.Livewire.Base.Tables.BasePreviousTitleChampionshipsTableTest" file="tests/Unit/Livewire/Base/Tables/BasePreviousTitleChampionshipsTableTest.php::`BasePreviousTitleChampionshipsTable Unit Tests` → `method existence` → has columns method" line="0" assertions="3" time="0.013999"/>
      <testcase name="`BasePreviousTitleChampionshipsTable Unit Tests` → `namespace and naming` → uses correct namespace" class="Tests\Unit\Livewire\Base\Tables\BasePreviousTitleChampionshipsTableTest" classname="Tests.Unit.Livewire.Base.Tables.BasePreviousTitleChampionshipsTableTest" file="tests/Unit/Livewire/Base/Tables/BasePreviousTitleChampionshipsTableTest.php::`BasePreviousTitleChampionshipsTable Unit Tests` → `namespace and naming` → uses correct namespace" line="0" assertions="1" time="0.011410"/>
      <testcase name="`BasePreviousTitleChampionshipsTable Unit Tests` → `namespace and naming` → follows base class naming convention" class="Tests\Unit\Livewire\Base\Tables\BasePreviousTitleChampionshipsTableTest" classname="Tests.Unit.Livewire.Base.Tables.BasePreviousTitleChampionshipsTableTest" file="tests/Unit/Livewire/Base/Tables/BasePreviousTitleChampionshipsTableTest.php::`BasePreviousTitleChampionshipsTable Unit Tests` → `namespace and naming` → follows base class naming convention" line="0" assertions="1" time="0.011285"/>
      <testcase name="`BasePreviousTitleChampionshipsTable Unit Tests` → `template method pattern` → follows template method pattern" class="Tests\Unit\Livewire\Base\Tables\BasePreviousTitleChampionshipsTableTest" classname="Tests.Unit.Livewire.Base.Tables.BasePreviousTitleChampionshipsTableTest" file="tests/Unit/Livewire/Base/Tables/BasePreviousTitleChampionshipsTableTest.php::`BasePreviousTitleChampionshipsTable Unit Tests` → `template method pattern` → follows template method pattern" line="0" assertions="3" time="0.011028"/>
      <testcase name="`BasePreviousTitleChampionshipsTable Unit Tests` → `resource configuration` → configured for title championships resource" class="Tests\Unit\Livewire\Base\Tables\BasePreviousTitleChampionshipsTableTest" classname="Tests.Unit.Livewire.Base.Tables.BasePreviousTitleChampionshipsTableTest" file="tests/Unit/Livewire/Base/Tables/BasePreviousTitleChampionshipsTableTest.php::`BasePreviousTitleChampionshipsTable Unit Tests` → `resource configuration` → configured for title championships resource" line="0" assertions="2" time="0.019050"/>
    </testsuite>
    <testsuite name="Tests\Unit\Livewire\Base\Tables\BasePreviousWrestlersTableTest" file="tests/Unit/Livewire/Base/Tables/BasePreviousWrestlersTableTest.php" tests="11" assertions="21" errors="0" failures="0" skipped="0" time="0.184085">
      <testcase name="`BasePreviousWrestlersTable Unit Tests` → `class structure and inheritance` → extends DataTableComponent" class="Tests\Unit\Livewire\Base\Tables\BasePreviousWrestlersTableTest" classname="Tests.Unit.Livewire.Base.Tables.BasePreviousWrestlersTableTest" file="tests/Unit/Livewire/Base/Tables/BasePreviousWrestlersTableTest.php::`BasePreviousWrestlersTable Unit Tests` → `class structure and inheritance` → extends DataTableComponent" line="0" assertions="1" time="0.052565"/>
      <testcase name="`BasePreviousWrestlersTable Unit Tests` → `class structure and inheritance` → is abstract class" class="Tests\Unit\Livewire\Base\Tables\BasePreviousWrestlersTableTest" classname="Tests.Unit.Livewire.Base.Tables.BasePreviousWrestlersTableTest" file="tests/Unit/Livewire/Base/Tables/BasePreviousWrestlersTableTest.php::`BasePreviousWrestlersTable Unit Tests` → `class structure and inheritance` → is abstract class" line="0" assertions="1" time="0.011082"/>
      <testcase name="`BasePreviousWrestlersTable Unit Tests` → `trait integration` → uses ShowTableTrait" class="Tests\Unit\Livewire\Base\Tables\BasePreviousWrestlersTableTest" classname="Tests.Unit.Livewire.Base.Tables.BasePreviousWrestlersTableTest" file="tests/Unit/Livewire/Base/Tables/BasePreviousWrestlersTableTest.php::`BasePreviousWrestlersTable Unit Tests` → `trait integration` → uses ShowTableTrait" line="0" assertions="1" time="0.010901"/>
      <testcase name="`BasePreviousWrestlersTable Unit Tests` → `property structure` → has resourceName property with correct value" class="Tests\Unit\Livewire\Base\Tables\BasePreviousWrestlersTableTest" classname="Tests.Unit.Livewire.Base.Tables.BasePreviousWrestlersTableTest" file="tests/Unit/Livewire/Base/Tables/BasePreviousWrestlersTableTest.php::`BasePreviousWrestlersTable Unit Tests` → `property structure` → has resourceName property with correct value" line="0" assertions="4" time="0.014130"/>
      <testcase name="`BasePreviousWrestlersTable Unit Tests` → `property structure` → has databaseTableName property" class="Tests\Unit\Livewire\Base\Tables\BasePreviousWrestlersTableTest" classname="Tests.Unit.Livewire.Base.Tables.BasePreviousWrestlersTableTest" file="tests/Unit/Livewire/Base/Tables/BasePreviousWrestlersTableTest.php::`BasePreviousWrestlersTable Unit Tests` → `property structure` → has databaseTableName property" line="0" assertions="2" time="0.016670"/>
      <testcase name="`BasePreviousWrestlersTable Unit Tests` → `method existence` → has configure method" class="Tests\Unit\Livewire\Base\Tables\BasePreviousWrestlersTableTest" classname="Tests.Unit.Livewire.Base.Tables.BasePreviousWrestlersTableTest" file="tests/Unit/Livewire/Base/Tables/BasePreviousWrestlersTableTest.php::`BasePreviousWrestlersTable Unit Tests` → `method existence` → has configure method" line="0" assertions="3" time="0.014720"/>
      <testcase name="`BasePreviousWrestlersTable Unit Tests` → `method existence` → has columns method" class="Tests\Unit\Livewire\Base\Tables\BasePreviousWrestlersTableTest" classname="Tests.Unit.Livewire.Base.Tables.BasePreviousWrestlersTableTest" file="tests/Unit/Livewire/Base/Tables/BasePreviousWrestlersTableTest.php::`BasePreviousWrestlersTable Unit Tests` → `method existence` → has columns method" line="0" assertions="3" time="0.011633"/>
      <testcase name="`BasePreviousWrestlersTable Unit Tests` → `namespace and naming` → uses correct namespace" class="Tests\Unit\Livewire\Base\Tables\BasePreviousWrestlersTableTest" classname="Tests.Unit.Livewire.Base.Tables.BasePreviousWrestlersTableTest" file="tests/Unit/Livewire/Base/Tables/BasePreviousWrestlersTableTest.php::`BasePreviousWrestlersTable Unit Tests` → `namespace and naming` → uses correct namespace" line="0" assertions="1" time="0.011274"/>
      <testcase name="`BasePreviousWrestlersTable Unit Tests` → `namespace and naming` → follows base class naming convention" class="Tests\Unit\Livewire\Base\Tables\BasePreviousWrestlersTableTest" classname="Tests.Unit.Livewire.Base.Tables.BasePreviousWrestlersTableTest" file="tests/Unit/Livewire/Base/Tables/BasePreviousWrestlersTableTest.php::`BasePreviousWrestlersTable Unit Tests` → `namespace and naming` → follows base class naming convention" line="0" assertions="1" time="0.010609"/>
      <testcase name="`BasePreviousWrestlersTable Unit Tests` → `template method pattern` → follows template method pattern" class="Tests\Unit\Livewire\Base\Tables\BasePreviousWrestlersTableTest" classname="Tests.Unit.Livewire.Base.Tables.BasePreviousWrestlersTableTest" file="tests/Unit/Livewire/Base/Tables/BasePreviousWrestlersTableTest.php::`BasePreviousWrestlersTable Unit Tests` → `template method pattern` → follows template method pattern" line="0" assertions="3" time="0.018675"/>
      <testcase name="`BasePreviousWrestlersTable Unit Tests` → `resource configuration` → configured for wrestlers resource" class="Tests\Unit\Livewire\Base\Tables\BasePreviousWrestlersTableTest" classname="Tests.Unit.Livewire.Base.Tables.BasePreviousWrestlersTableTest" file="tests/Unit/Livewire/Base/Tables/BasePreviousWrestlersTableTest.php::`BasePreviousWrestlersTable Unit Tests` → `resource configuration` → configured for wrestlers resource" line="0" assertions="1" time="0.011825"/>
    </testsuite>
    <testsuite name="Tests\Unit\Livewire\Base\Tables\BaseTableTest" file="tests/Unit/Livewire/Base/Tables/BaseTableTest.php" tests="13" assertions="21" errors="0" failures="0" skipped="0" time="0.199359">
      <testcase name="`BaseTable Unit Tests` → `class structure and inheritance` → extends DataTableComponent" class="Tests\Unit\Livewire\Base\Tables\BaseTableTest" classname="Tests.Unit.Livewire.Base.Tables.BaseTableTest" file="tests/Unit/Livewire/Base/Tables/BaseTableTest.php::`BaseTable Unit Tests` → `class structure and inheritance` → extends DataTableComponent" line="0" assertions="1" time="0.047661"/>
      <testcase name="`BaseTable Unit Tests` → `class structure and inheritance` → is abstract class" class="Tests\Unit\Livewire\Base\Tables\BaseTableTest" classname="Tests.Unit.Livewire.Base.Tables.BaseTableTest" file="tests/Unit/Livewire/Base/Tables/BaseTableTest.php::`BaseTable Unit Tests` → `class structure and inheritance` → is abstract class" line="0" assertions="1" time="0.015548"/>
      <testcase name="`BaseTable Unit Tests` → `trait integration` → uses BaseTableTrait" class="Tests\Unit\Livewire\Base\Tables\BaseTableTest" classname="Tests.Unit.Livewire.Base.Tables.BaseTableTest" file="tests/Unit/Livewire/Base/Tables/BaseTableTest.php::`BaseTable Unit Tests` → `trait integration` → uses BaseTableTrait" line="0" assertions="1" time="0.014088"/>
      <testcase name="`BaseTable Unit Tests` → `method existence` → has deleteModel method" class="Tests\Unit\Livewire\Base\Tables\BaseTableTest" classname="Tests.Unit.Livewire.Base.Tables.BaseTableTest" file="tests/Unit/Livewire/Base/Tables/BaseTableTest.php::`BaseTable Unit Tests` → `method existence` → has deleteModel method" line="0" assertions="3" time="0.011189"/>
      <testcase name="`BaseTable Unit Tests` → `method signatures` → deleteModel method has correct signature" class="Tests\Unit\Livewire\Base\Tables\BaseTableTest" classname="Tests.Unit.Livewire.Base.Tables.BaseTableTest" file="tests/Unit/Livewire/Base/Tables/BaseTableTest.php::`BaseTable Unit Tests` → `method signatures` → deleteModel method has correct signature" line="0" assertions="3" time="0.010995"/>
      <testcase name="`BaseTable Unit Tests` → `namespace and naming` → uses correct namespace" class="Tests\Unit\Livewire\Base\Tables\BaseTableTest" classname="Tests.Unit.Livewire.Base.Tables.BaseTableTest" file="tests/Unit/Livewire/Base/Tables/BaseTableTest.php::`BaseTable Unit Tests` → `namespace and naming` → uses correct namespace" line="0" assertions="1" time="0.010894"/>
      <testcase name="`BaseTable Unit Tests` → `namespace and naming` → follows base class naming convention" class="Tests\Unit\Livewire\Base\Tables\BaseTableTest" classname="Tests.Unit.Livewire.Base.Tables.BaseTableTest" file="tests/Unit/Livewire/Base/Tables/BaseTableTest.php::`BaseTable Unit Tests` → `namespace and naming` → follows base class naming convention" line="0" assertions="2" time="0.012431"/>
      <testcase name="`BaseTable Unit Tests` → `composition over inheritance` → uses traits for specialized functionality" class="Tests\Unit\Livewire\Base\Tables\BaseTableTest" classname="Tests.Unit.Livewire.Base.Tables.BaseTableTest" file="tests/Unit/Livewire/Base/Tables/BaseTableTest.php::`BaseTable Unit Tests` → `composition over inheritance` → uses traits for specialized functionality" line="0" assertions="1" time="0.011181"/>
      <testcase name="`BaseTable Unit Tests` → `class constants` → has no class-specific constants" class="Tests\Unit\Livewire\Base\Tables\BaseTableTest" classname="Tests.Unit.Livewire.Base.Tables.BaseTableTest" file="tests/Unit/Livewire/Base/Tables/BaseTableTest.php::`BaseTable Unit Tests` → `class constants` → has no class-specific constants" line="0" assertions="1" time="0.011715"/>
      <testcase name="`BaseTable Unit Tests` → `authorization integration` → deleteModel method uses Gate facade" class="Tests\Unit\Livewire\Base\Tables\BaseTableTest" classname="Tests.Unit.Livewire.Base.Tables.BaseTableTest" file="tests/Unit/Livewire/Base/Tables/BaseTableTest.php::`BaseTable Unit Tests` → `authorization integration` → deleteModel method uses Gate facade" line="0" assertions="2" time="0.011371"/>
      <testcase name="`BaseTable Unit Tests` → `session management` → deleteModel method handles session flash messages" class="Tests\Unit\Livewire\Base\Tables\BaseTableTest" classname="Tests.Unit.Livewire.Base.Tables.BaseTableTest" file="tests/Unit/Livewire/Base/Tables/BaseTableTest.php::`BaseTable Unit Tests` → `session management` → deleteModel method handles session flash messages" line="0" assertions="2" time="0.014298"/>
      <testcase name="`BaseTable Unit Tests` → `laravel livewire tables integration` → properly extends DataTableComponent" class="Tests\Unit\Livewire\Base\Tables\BaseTableTest" classname="Tests.Unit.Livewire.Base.Tables.BaseTableTest" file="tests/Unit/Livewire/Base/Tables/BaseTableTest.php::`BaseTable Unit Tests` → `laravel livewire tables integration` → properly extends DataTableComponent" line="0" assertions="1" time="0.014035"/>
      <testcase name="`BaseTable Unit Tests` → `class design patterns` → follows template method pattern" class="Tests\Unit\Livewire\Base\Tables\BaseTableTest" classname="Tests.Unit.Livewire.Base.Tables.BaseTableTest" file="tests/Unit/Livewire/Base/Tables/BaseTableTest.php::`BaseTable Unit Tests` → `class design patterns` → follows template method pattern" line="0" assertions="2" time="0.013954"/>
    </testsuite>
    <testsuite name="Tests\Unit\Livewire\Components\Tables\Columns\FirstActivityPeriodColumnTest" file="tests/Unit/Livewire/Components/Tables/Columns/FirstActivityPeriodColumnTest.php" tests="14" assertions="29" errors="0" failures="0" skipped="0" time="0.210734">
      <testcase name="`FirstActivityPeriodColumn Unit Tests` → `class structure and inheritance` → extends Column class" class="Tests\Unit\Livewire\Components\Tables\Columns\FirstActivityPeriodColumnTest" classname="Tests.Unit.Livewire.Components.Tables.Columns.FirstActivityPeriodColumnTest" file="tests/Unit/Livewire/Components/Tables/Columns/FirstActivityPeriodColumnTest.php::`FirstActivityPeriodColumn Unit Tests` → `class structure and inheritance` → extends Column class" line="0" assertions="1" time="0.033447"/>
      <testcase name="`FirstActivityPeriodColumn Unit Tests` → `class structure and inheritance` → is concrete class" class="Tests\Unit\Livewire\Components\Tables\Columns\FirstActivityPeriodColumnTest" classname="Tests.Unit.Livewire.Components.Tables.Columns.FirstActivityPeriodColumnTest" file="tests/Unit/Livewire/Components/Tables/Columns/FirstActivityPeriodColumnTest.php::`FirstActivityPeriodColumn Unit Tests` → `class structure and inheritance` → is concrete class" line="0" assertions="2" time="0.012610"/>
      <testcase name="`FirstActivityPeriodColumn Unit Tests` → `constructor behavior` → accepts title and from parameters" class="Tests\Unit\Livewire\Components\Tables\Columns\FirstActivityPeriodColumnTest" classname="Tests.Unit.Livewire.Components.Tables.Columns.FirstActivityPeriodColumnTest" file="tests/Unit/Livewire/Components/Tables/Columns/FirstActivityPeriodColumnTest.php::`FirstActivityPeriodColumn Unit Tests` → `constructor behavior` → accepts title and from parameters" line="0" assertions="10" time="0.011611"/>
      <testcase name="`FirstActivityPeriodColumn Unit Tests` → `constructor behavior` → calls parent constructor" class="Tests\Unit\Livewire\Components\Tables\Columns\FirstActivityPeriodColumnTest" classname="Tests.Unit.Livewire.Components.Tables.Columns.FirstActivityPeriodColumnTest" file="tests/Unit/Livewire/Components/Tables/Columns/FirstActivityPeriodColumnTest.php::`FirstActivityPeriodColumn Unit Tests` → `constructor behavior` → calls parent constructor" line="0" assertions="2" time="0.016553"/>
      <testcase name="`FirstActivityPeriodColumn Unit Tests` → `namespace and naming` → uses correct namespace" class="Tests\Unit\Livewire\Components\Tables\Columns\FirstActivityPeriodColumnTest" classname="Tests.Unit.Livewire.Components.Tables.Columns.FirstActivityPeriodColumnTest" file="tests/Unit/Livewire/Components/Tables/Columns/FirstActivityPeriodColumnTest.php::`FirstActivityPeriodColumn Unit Tests` → `namespace and naming` → uses correct namespace" line="0" assertions="1" time="0.016477"/>
      <testcase name="`FirstActivityPeriodColumn Unit Tests` → `namespace and naming` → follows column naming convention" class="Tests\Unit\Livewire\Components\Tables\Columns\FirstActivityPeriodColumnTest" classname="Tests.Unit.Livewire.Components.Tables.Columns.FirstActivityPeriodColumnTest" file="tests/Unit/Livewire/Components/Tables/Columns/FirstActivityPeriodColumnTest.php::`FirstActivityPeriodColumn Unit Tests` → `namespace and naming` → follows column naming convention" line="0" assertions="1" time="0.012160"/>
      <testcase name="`FirstActivityPeriodColumn Unit Tests` → `model type constraints` → constructor contains model type hints" class="Tests\Unit\Livewire\Components\Tables\Columns\FirstActivityPeriodColumnTest" classname="Tests.Unit.Livewire.Components.Tables.Columns.FirstActivityPeriodColumnTest" file="tests/Unit/Livewire/Components/Tables/Columns/FirstActivityPeriodColumnTest.php::`FirstActivityPeriodColumn Unit Tests` → `model type constraints` → constructor contains model type hints" line="0" assertions="2" time="0.012079"/>
      <testcase name="`FirstActivityPeriodColumn Unit Tests` → `model type constraints` → uses expected model classes" class="Tests\Unit\Livewire\Components\Tables\Columns\FirstActivityPeriodColumnTest" classname="Tests.Unit.Livewire.Components.Tables.Columns.FirstActivityPeriodColumnTest" file="tests/Unit/Livewire/Components/Tables/Columns/FirstActivityPeriodColumnTest.php::`FirstActivityPeriodColumn Unit Tests` → `model type constraints` → uses expected model classes" line="0" assertions="2" time="0.011574"/>
      <testcase name="`FirstActivityPeriodColumn Unit Tests` → `column configuration` → configures label callback" class="Tests\Unit\Livewire\Components\Tables\Columns\FirstActivityPeriodColumnTest" classname="Tests.Unit.Livewire.Components.Tables.Columns.FirstActivityPeriodColumnTest" file="tests/Unit/Livewire/Components/Tables/Columns/FirstActivityPeriodColumnTest.php::`FirstActivityPeriodColumn Unit Tests` → `column configuration` → configures label callback" line="0" assertions="2" time="0.013236"/>
      <testcase name="`FirstActivityPeriodColumn Unit Tests` → `column configuration` → uses proper callback structure" class="Tests\Unit\Livewire\Components\Tables\Columns\FirstActivityPeriodColumnTest" classname="Tests.Unit.Livewire.Components.Tables.Columns.FirstActivityPeriodColumnTest" file="tests/Unit/Livewire/Components/Tables/Columns/FirstActivityPeriodColumnTest.php::`FirstActivityPeriodColumn Unit Tests` → `column configuration` → uses proper callback structure" line="0" assertions="1" time="0.014163"/>
      <testcase name="`FirstActivityPeriodColumn Unit Tests` → `method dependencies` → relies on getFormattedFirstActivity method" class="Tests\Unit\Livewire\Components\Tables\Columns\FirstActivityPeriodColumnTest" classname="Tests.Unit.Livewire.Components.Tables.Columns.FirstActivityPeriodColumnTest" file="tests/Unit/Livewire/Components/Tables/Columns/FirstActivityPeriodColumnTest.php::`FirstActivityPeriodColumn Unit Tests` → `method dependencies` → relies on getFormattedFirstActivity method" line="0" assertions="1" time="0.013920"/>
      <testcase name="`FirstActivityPeriodColumn Unit Tests` → `method dependencies` → expects string return type from model method" class="Tests\Unit\Livewire\Components\Tables\Columns\FirstActivityPeriodColumnTest" classname="Tests.Unit.Livewire.Components.Tables.Columns.FirstActivityPeriodColumnTest" file="tests/Unit/Livewire/Components/Tables/Columns/FirstActivityPeriodColumnTest.php::`FirstActivityPeriodColumn Unit Tests` → `method dependencies` → expects string return type from model method" line="0" assertions="1" time="0.011350"/>
      <testcase name="`FirstActivityPeriodColumn Unit Tests` → `laravel livewire tables integration` → uses correct Column base class" class="Tests\Unit\Livewire\Components\Tables\Columns\FirstActivityPeriodColumnTest" classname="Tests.Unit.Livewire.Components.Tables.Columns.FirstActivityPeriodColumnTest" file="tests/Unit/Livewire/Components/Tables/Columns/FirstActivityPeriodColumnTest.php::`FirstActivityPeriodColumn Unit Tests` → `laravel livewire tables integration` → uses correct Column base class" line="0" assertions="1" time="0.015076"/>
      <testcase name="`FirstActivityPeriodColumn Unit Tests` → `laravel livewire tables integration` → follows Laravel Livewire Tables column pattern" class="Tests\Unit\Livewire\Components\Tables\Columns\FirstActivityPeriodColumnTest" classname="Tests.Unit.Livewire.Components.Tables.Columns.FirstActivityPeriodColumnTest" file="tests/Unit/Livewire/Components/Tables/Columns/FirstActivityPeriodColumnTest.php::`FirstActivityPeriodColumn Unit Tests` → `laravel livewire tables integration` → follows Laravel Livewire Tables column pattern" line="0" assertions="2" time="0.016477"/>
    </testsuite>
    <testsuite name="Tests\Unit\Livewire\Components\Tables\Columns\FirstEmploymentDateColumnTest" file="tests/Unit/Livewire/Components/Tables/Columns/FirstEmploymentDateColumnTest.php" tests="16" assertions="33" errors="0" failures="0" skipped="0" time="0.22176">
      <testcase name="`FirstEmploymentDateColumn Unit Tests` → `class structure and inheritance` → extends Column class" class="Tests\Unit\Livewire\Components\Tables\Columns\FirstEmploymentDateColumnTest" classname="Tests.Unit.Livewire.Components.Tables.Columns.FirstEmploymentDateColumnTest" file="tests/Unit/Livewire/Components/Tables/Columns/FirstEmploymentDateColumnTest.php::`FirstEmploymentDateColumn Unit Tests` → `class structure and inheritance` → extends Column class" line="0" assertions="1" time="0.034696"/>
      <testcase name="`FirstEmploymentDateColumn Unit Tests` → `class structure and inheritance` → is concrete class" class="Tests\Unit\Livewire\Components\Tables\Columns\FirstEmploymentDateColumnTest" classname="Tests.Unit.Livewire.Components.Tables.Columns.FirstEmploymentDateColumnTest" file="tests/Unit/Livewire/Components/Tables/Columns/FirstEmploymentDateColumnTest.php::`FirstEmploymentDateColumn Unit Tests` → `class structure and inheritance` → is concrete class" line="0" assertions="2" time="0.013111"/>
      <testcase name="`FirstEmploymentDateColumn Unit Tests` → `constructor behavior` → accepts title and from parameters" class="Tests\Unit\Livewire\Components\Tables\Columns\FirstEmploymentDateColumnTest" classname="Tests.Unit.Livewire.Components.Tables.Columns.FirstEmploymentDateColumnTest" file="tests/Unit/Livewire/Components/Tables/Columns/FirstEmploymentDateColumnTest.php::`FirstEmploymentDateColumn Unit Tests` → `constructor behavior` → accepts title and from parameters" line="0" assertions="10" time="0.011400"/>
      <testcase name="`FirstEmploymentDateColumn Unit Tests` → `constructor behavior` → calls parent constructor" class="Tests\Unit\Livewire\Components\Tables\Columns\FirstEmploymentDateColumnTest" classname="Tests.Unit.Livewire.Components.Tables.Columns.FirstEmploymentDateColumnTest" file="tests/Unit/Livewire/Components/Tables/Columns/FirstEmploymentDateColumnTest.php::`FirstEmploymentDateColumn Unit Tests` → `constructor behavior` → calls parent constructor" line="0" assertions="2" time="0.011103"/>
      <testcase name="`FirstEmploymentDateColumn Unit Tests` → `namespace and naming` → uses correct namespace" class="Tests\Unit\Livewire\Components\Tables\Columns\FirstEmploymentDateColumnTest" classname="Tests.Unit.Livewire.Components.Tables.Columns.FirstEmploymentDateColumnTest" file="tests/Unit/Livewire/Components/Tables/Columns/FirstEmploymentDateColumnTest.php::`FirstEmploymentDateColumn Unit Tests` → `namespace and naming` → uses correct namespace" line="0" assertions="1" time="0.017289"/>
      <testcase name="`FirstEmploymentDateColumn Unit Tests` → `namespace and naming` → follows column naming convention" class="Tests\Unit\Livewire\Components\Tables\Columns\FirstEmploymentDateColumnTest" classname="Tests.Unit.Livewire.Components.Tables.Columns.FirstEmploymentDateColumnTest" file="tests/Unit/Livewire/Components/Tables/Columns/FirstEmploymentDateColumnTest.php::`FirstEmploymentDateColumn Unit Tests` → `namespace and naming` → follows column naming convention" line="0" assertions="1" time="0.011029"/>
      <testcase name="`FirstEmploymentDateColumn Unit Tests` → `model type constraints` → constructor contains model type hints" class="Tests\Unit\Livewire\Components\Tables\Columns\FirstEmploymentDateColumnTest" classname="Tests.Unit.Livewire.Components.Tables.Columns.FirstEmploymentDateColumnTest" file="tests/Unit/Livewire/Components/Tables/Columns/FirstEmploymentDateColumnTest.php::`FirstEmploymentDateColumn Unit Tests` → `model type constraints` → constructor contains model type hints" line="0" assertions="2" time="0.011572"/>
      <testcase name="`FirstEmploymentDateColumn Unit Tests` → `model type constraints` → uses expected model classes" class="Tests\Unit\Livewire\Components\Tables\Columns\FirstEmploymentDateColumnTest" classname="Tests.Unit.Livewire.Components.Tables.Columns.FirstEmploymentDateColumnTest" file="tests/Unit/Livewire/Components/Tables/Columns/FirstEmploymentDateColumnTest.php::`FirstEmploymentDateColumn Unit Tests` → `model type constraints` → uses expected model classes" line="0" assertions="4" time="0.011394"/>
      <testcase name="`FirstEmploymentDateColumn Unit Tests` → `column configuration` → configures label callback" class="Tests\Unit\Livewire\Components\Tables\Columns\FirstEmploymentDateColumnTest" classname="Tests.Unit.Livewire.Components.Tables.Columns.FirstEmploymentDateColumnTest" file="tests/Unit/Livewire/Components/Tables/Columns/FirstEmploymentDateColumnTest.php::`FirstEmploymentDateColumn Unit Tests` → `column configuration` → configures label callback" line="0" assertions="2" time="0.010747"/>
      <testcase name="`FirstEmploymentDateColumn Unit Tests` → `column configuration` → uses proper callback structure" class="Tests\Unit\Livewire\Components\Tables\Columns\FirstEmploymentDateColumnTest" classname="Tests.Unit.Livewire.Components.Tables.Columns.FirstEmploymentDateColumnTest" file="tests/Unit/Livewire/Components/Tables/Columns/FirstEmploymentDateColumnTest.php::`FirstEmploymentDateColumn Unit Tests` → `column configuration` → uses proper callback structure" line="0" assertions="1" time="0.014826"/>
      <testcase name="`FirstEmploymentDateColumn Unit Tests` → `method dependencies` → relies on getFormattedFirstEmployment method" class="Tests\Unit\Livewire\Components\Tables\Columns\FirstEmploymentDateColumnTest" classname="Tests.Unit.Livewire.Components.Tables.Columns.FirstEmploymentDateColumnTest" file="tests/Unit/Livewire/Components/Tables/Columns/FirstEmploymentDateColumnTest.php::`FirstEmploymentDateColumn Unit Tests` → `method dependencies` → relies on getFormattedFirstEmployment method" line="0" assertions="1" time="0.016042"/>
      <testcase name="`FirstEmploymentDateColumn Unit Tests` → `method dependencies` → expects string return type from model method" class="Tests\Unit\Livewire\Components\Tables\Columns\FirstEmploymentDateColumnTest" classname="Tests.Unit.Livewire.Components.Tables.Columns.FirstEmploymentDateColumnTest" file="tests/Unit/Livewire/Components/Tables/Columns/FirstEmploymentDateColumnTest.php::`FirstEmploymentDateColumn Unit Tests` → `method dependencies` → expects string return type from model method" line="0" assertions="1" time="0.013189"/>
      <testcase name="`FirstEmploymentDateColumn Unit Tests` → `laravel livewire tables integration` → uses correct Column base class" class="Tests\Unit\Livewire\Components\Tables\Columns\FirstEmploymentDateColumnTest" classname="Tests.Unit.Livewire.Components.Tables.Columns.FirstEmploymentDateColumnTest" file="tests/Unit/Livewire/Components/Tables/Columns/FirstEmploymentDateColumnTest.php::`FirstEmploymentDateColumn Unit Tests` → `laravel livewire tables integration` → uses correct Column base class" line="0" assertions="1" time="0.012569"/>
      <testcase name="`FirstEmploymentDateColumn Unit Tests` → `laravel livewire tables integration` → follows Laravel Livewire Tables column pattern" class="Tests\Unit\Livewire\Components\Tables\Columns\FirstEmploymentDateColumnTest" classname="Tests.Unit.Livewire.Components.Tables.Columns.FirstEmploymentDateColumnTest" file="tests/Unit/Livewire/Components/Tables/Columns/FirstEmploymentDateColumnTest.php::`FirstEmploymentDateColumn Unit Tests` → `laravel livewire tables integration` → follows Laravel Livewire Tables column pattern" line="0" assertions="2" time="0.011004"/>
      <testcase name="`FirstEmploymentDateColumn Unit Tests` → `employable model support` → supports all employable model types" class="Tests\Unit\Livewire\Components\Tables\Columns\FirstEmploymentDateColumnTest" classname="Tests.Unit.Livewire.Components.Tables.Columns.FirstEmploymentDateColumnTest" file="tests/Unit/Livewire/Components/Tables/Columns/FirstEmploymentDateColumnTest.php::`FirstEmploymentDateColumn Unit Tests` → `employable model support` → supports all employable model types" line="0" assertions="1" time="0.010890"/>
      <testcase name="`FirstEmploymentDateColumn Unit Tests` → `employable model support` → aligns with employment business rules" class="Tests\Unit\Livewire\Components\Tables\Columns\FirstEmploymentDateColumnTest" classname="Tests.Unit.Livewire.Components.Tables.Columns.FirstEmploymentDateColumnTest" file="tests/Unit/Livewire/Components/Tables/Columns/FirstEmploymentDateColumnTest.php::`FirstEmploymentDateColumn Unit Tests` → `employable model support` → aligns with employment business rules" line="0" assertions="1" time="0.010899"/>
    </testsuite>
    <testsuite name="Tests\Unit\Livewire\Components\Tables\Filters\FirstActivityPeriodFilterTest" file="tests/Unit/Livewire/Components/Tables/Filters/FirstActivityPeriodFilterTest.php" tests="25" assertions="66" errors="0" failures="0" skipped="0" time="0.325523">
      <testcase name="`FirstActivityPeriodFilter Unit Tests` → `class structure and inheritance` → extends DateRangeFilter class" class="Tests\Unit\Livewire\Components\Tables\Filters\FirstActivityPeriodFilterTest" classname="Tests.Unit.Livewire.Components.Tables.Filters.FirstActivityPeriodFilterTest" file="tests/Unit/Livewire/Components/Tables/Filters/FirstActivityPeriodFilterTest.php::`FirstActivityPeriodFilter Unit Tests` → `class structure and inheritance` → extends DateRangeFilter class" line="0" assertions="1" time="0.035948"/>
      <testcase name="`FirstActivityPeriodFilter Unit Tests` → `class structure and inheritance` → is concrete class" class="Tests\Unit\Livewire\Components\Tables\Filters\FirstActivityPeriodFilterTest" classname="Tests.Unit.Livewire.Components.Tables.Filters.FirstActivityPeriodFilterTest" file="tests/Unit/Livewire/Components/Tables/Filters/FirstActivityPeriodFilterTest.php::`FirstActivityPeriodFilter Unit Tests` → `class structure and inheritance` → is concrete class" line="0" assertions="2" time="0.011661"/>
      <testcase name="`FirstActivityPeriodFilter Unit Tests` → `trait integration` → uses HandlesDates trait" class="Tests\Unit\Livewire\Components\Tables\Filters\FirstActivityPeriodFilterTest" classname="Tests.Unit.Livewire.Components.Tables.Filters.FirstActivityPeriodFilterTest" file="tests/Unit/Livewire/Components/Tables/Filters/FirstActivityPeriodFilterTest.php::`FirstActivityPeriodFilter Unit Tests` → `trait integration` → uses HandlesDates trait" line="0" assertions="1" time="0.010995"/>
      <testcase name="`FirstActivityPeriodFilter Unit Tests` → `trait integration` → uses HasConfig trait" class="Tests\Unit\Livewire\Components\Tables\Filters\FirstActivityPeriodFilterTest" classname="Tests.Unit.Livewire.Components.Tables.Filters.FirstActivityPeriodFilterTest" file="tests/Unit/Livewire/Components/Tables/Filters/FirstActivityPeriodFilterTest.php::`FirstActivityPeriodFilter Unit Tests` → `trait integration` → uses HasConfig trait" line="0" assertions="1" time="0.010591"/>
      <testcase name="`FirstActivityPeriodFilter Unit Tests` → `trait integration` → uses HasOptions trait" class="Tests\Unit\Livewire\Components\Tables\Filters\FirstActivityPeriodFilterTest" classname="Tests.Unit.Livewire.Components.Tables.Filters.FirstActivityPeriodFilterTest" file="tests/Unit/Livewire/Components/Tables/Filters/FirstActivityPeriodFilterTest.php::`FirstActivityPeriodFilter Unit Tests` → `trait integration` → uses HasOptions trait" line="0" assertions="1" time="0.011214"/>
      <testcase name="`FirstActivityPeriodFilter Unit Tests` → `trait integration` → uses HasWireables trait" class="Tests\Unit\Livewire\Components\Tables\Filters\FirstActivityPeriodFilterTest" classname="Tests.Unit.Livewire.Components.Tables.Filters.FirstActivityPeriodFilterTest" file="tests/Unit/Livewire/Components/Tables/Filters/FirstActivityPeriodFilterTest.php::`FirstActivityPeriodFilter Unit Tests` → `trait integration` → uses HasWireables trait" line="0" assertions="1" time="0.016311"/>
      <testcase name="`FirstActivityPeriodFilter Unit Tests` → `property structure` → has filterRelationshipName property" class="Tests\Unit\Livewire\Components\Tables\Filters\FirstActivityPeriodFilterTest" classname="Tests.Unit.Livewire.Components.Tables.Filters.FirstActivityPeriodFilterTest" file="tests/Unit/Livewire/Components/Tables/Filters/FirstActivityPeriodFilterTest.php::`FirstActivityPeriodFilter Unit Tests` → `property structure` → has filterRelationshipName property" line="0" assertions="5" time="0.010924"/>
      <testcase name="`FirstActivityPeriodFilter Unit Tests` → `property structure` → has filterStartField property" class="Tests\Unit\Livewire\Components\Tables\Filters\FirstActivityPeriodFilterTest" classname="Tests.Unit.Livewire.Components.Tables.Filters.FirstActivityPeriodFilterTest" file="tests/Unit/Livewire/Components/Tables/Filters/FirstActivityPeriodFilterTest.php::`FirstActivityPeriodFilter Unit Tests` → `property structure` → has filterStartField property" line="0" assertions="5" time="0.010617"/>
      <testcase name="`FirstActivityPeriodFilter Unit Tests` → `property structure` → has filterEndField property" class="Tests\Unit\Livewire\Components\Tables\Filters\FirstActivityPeriodFilterTest" classname="Tests.Unit.Livewire.Components.Tables.Filters.FirstActivityPeriodFilterTest" file="tests/Unit/Livewire/Components/Tables/Filters/FirstActivityPeriodFilterTest.php::`FirstActivityPeriodFilter Unit Tests` → `property structure` → has filterEndField property" line="0" assertions="5" time="0.012419"/>
      <testcase name="`FirstActivityPeriodFilter Unit Tests` → `constructor behavior` → accepts name and key parameters" class="Tests\Unit\Livewire\Components\Tables\Filters\FirstActivityPeriodFilterTest" classname="Tests.Unit.Livewire.Components.Tables.Filters.FirstActivityPeriodFilterTest" file="tests/Unit/Livewire/Components/Tables/Filters/FirstActivityPeriodFilterTest.php::`FirstActivityPeriodFilter Unit Tests` → `constructor behavior` → accepts name and key parameters" line="0" assertions="10" time="0.013635"/>
      <testcase name="`FirstActivityPeriodFilter Unit Tests` → `constructor behavior` → calls parent constructor" class="Tests\Unit\Livewire\Components\Tables\Filters\FirstActivityPeriodFilterTest" classname="Tests.Unit.Livewire.Components.Tables.Filters.FirstActivityPeriodFilterTest" file="tests/Unit/Livewire/Components/Tables/Filters/FirstActivityPeriodFilterTest.php::`FirstActivityPeriodFilter Unit Tests` → `constructor behavior` → calls parent constructor" line="0" assertions="1" time="0.012006"/>
      <testcase name="`FirstActivityPeriodFilter Unit Tests` → `configuration setup` → configures filter with proper options" class="Tests\Unit\Livewire\Components\Tables\Filters\FirstActivityPeriodFilterTest" classname="Tests.Unit.Livewire.Components.Tables.Filters.FirstActivityPeriodFilterTest" file="tests/Unit/Livewire/Components/Tables/Filters/FirstActivityPeriodFilterTest.php::`FirstActivityPeriodFilter Unit Tests` → `configuration setup` → configures filter with proper options" line="0" assertions="7" time="0.011313"/>
      <testcase name="`FirstActivityPeriodFilter Unit Tests` → `configuration setup` → sets filter pill values" class="Tests\Unit\Livewire\Components\Tables\Filters\FirstActivityPeriodFilterTest" classname="Tests.Unit.Livewire.Components.Tables.Filters.FirstActivityPeriodFilterTest" file="tests/Unit/Livewire/Components/Tables/Filters/FirstActivityPeriodFilterTest.php::`FirstActivityPeriodFilter Unit Tests` → `configuration setup` → sets filter pill values" line="0" assertions="1" time="0.012321"/>
      <testcase name="`FirstActivityPeriodFilter Unit Tests` → `configuration setup` → configures filter callback" class="Tests\Unit\Livewire\Components\Tables\Filters\FirstActivityPeriodFilterTest" classname="Tests.Unit.Livewire.Components.Tables.Filters.FirstActivityPeriodFilterTest" file="tests/Unit/Livewire/Components/Tables/Filters/FirstActivityPeriodFilterTest.php::`FirstActivityPeriodFilter Unit Tests` → `configuration setup` → configures filter callback" line="0" assertions="1" time="0.012346"/>
      <testcase name="`FirstActivityPeriodFilter Unit Tests` → `setFields method` → has setFields method" class="Tests\Unit\Livewire\Components\Tables\Filters\FirstActivityPeriodFilterTest" classname="Tests.Unit.Livewire.Components.Tables.Filters.FirstActivityPeriodFilterTest" file="tests/Unit/Livewire/Components/Tables/Filters/FirstActivityPeriodFilterTest.php::`FirstActivityPeriodFilter Unit Tests` → `setFields method` → has setFields method" line="0" assertions="4" time="0.014592"/>
      <testcase name="`FirstActivityPeriodFilter Unit Tests` → `setFields method` → setFields method has correct parameters" class="Tests\Unit\Livewire\Components\Tables\Filters\FirstActivityPeriodFilterTest" classname="Tests.Unit.Livewire.Components.Tables.Filters.FirstActivityPeriodFilterTest" file="tests/Unit/Livewire/Components/Tables/Filters/FirstActivityPeriodFilterTest.php::`FirstActivityPeriodFilter Unit Tests` → `setFields method` → setFields method has correct parameters" line="0" assertions="6" time="0.013350"/>
      <testcase name="`FirstActivityPeriodFilter Unit Tests` → `setFields method` → setFields method returns self" class="Tests\Unit\Livewire\Components\Tables\Filters\FirstActivityPeriodFilterTest" classname="Tests.Unit.Livewire.Components.Tables.Filters.FirstActivityPeriodFilterTest" file="tests/Unit/Livewire/Components/Tables/Filters/FirstActivityPeriodFilterTest.php::`FirstActivityPeriodFilter Unit Tests` → `setFields method` → setFields method returns self" line="0" assertions="1" time="0.011214"/>
      <testcase name="`FirstActivityPeriodFilter Unit Tests` → `namespace and naming` → uses correct namespace" class="Tests\Unit\Livewire\Components\Tables\Filters\FirstActivityPeriodFilterTest" classname="Tests.Unit.Livewire.Components.Tables.Filters.FirstActivityPeriodFilterTest" file="tests/Unit/Livewire/Components/Tables/Filters/FirstActivityPeriodFilterTest.php::`FirstActivityPeriodFilter Unit Tests` → `namespace and naming` → uses correct namespace" line="0" assertions="1" time="0.010818"/>
      <testcase name="`FirstActivityPeriodFilter Unit Tests` → `namespace and naming` → follows filter naming convention" class="Tests\Unit\Livewire\Components\Tables\Filters\FirstActivityPeriodFilterTest" classname="Tests.Unit.Livewire.Components.Tables.Filters.FirstActivityPeriodFilterTest" file="tests/Unit/Livewire/Components/Tables/Filters/FirstActivityPeriodFilterTest.php::`FirstActivityPeriodFilter Unit Tests` → `namespace and naming` → follows filter naming convention" line="0" assertions="1" time="0.010802"/>
      <testcase name="`FirstActivityPeriodFilter Unit Tests` → `dependency imports` → imports Carbon for date handling" class="Tests\Unit\Livewire\Components\Tables\Filters\FirstActivityPeriodFilterTest" classname="Tests.Unit.Livewire.Components.Tables.Filters.FirstActivityPeriodFilterTest" file="tests/Unit/Livewire/Components/Tables/Filters/FirstActivityPeriodFilterTest.php::`FirstActivityPeriodFilter Unit Tests` → `dependency imports` → imports Carbon for date handling" line="0" assertions="1" time="0.013022"/>
      <testcase name="`FirstActivityPeriodFilter Unit Tests` → `dependency imports` → imports Builder for query building" class="Tests\Unit\Livewire\Components\Tables\Filters\FirstActivityPeriodFilterTest" classname="Tests.Unit.Livewire.Components.Tables.Filters.FirstActivityPeriodFilterTest" file="tests/Unit/Livewire/Components/Tables/Filters/FirstActivityPeriodFilterTest.php::`FirstActivityPeriodFilter Unit Tests` → `dependency imports` → imports Builder for query building" line="0" assertions="1" time="0.013118"/>
      <testcase name="`FirstActivityPeriodFilter Unit Tests` → `dependency imports` → imports DateRangeFilter base class" class="Tests\Unit\Livewire\Components\Tables\Filters\FirstActivityPeriodFilterTest" classname="Tests.Unit.Livewire.Components.Tables.Filters.FirstActivityPeriodFilterTest" file="tests/Unit/Livewire/Components/Tables/Filters/FirstActivityPeriodFilterTest.php::`FirstActivityPeriodFilter Unit Tests` → `dependency imports` → imports DateRangeFilter base class" line="0" assertions="1" time="0.010846"/>
      <testcase name="`FirstActivityPeriodFilter Unit Tests` → `filter logic structure` → uses withWhereHas for relationship filtering" class="Tests\Unit\Livewire\Components\Tables\Filters\FirstActivityPeriodFilterTest" classname="Tests.Unit.Livewire.Components.Tables.Filters.FirstActivityPeriodFilterTest" file="tests/Unit/Livewire/Components/Tables/Filters/FirstActivityPeriodFilterTest.php::`FirstActivityPeriodFilter Unit Tests` → `filter logic structure` → uses withWhereHas for relationship filtering" line="0" assertions="1" time="0.013150"/>
      <testcase name="`FirstActivityPeriodFilter Unit Tests` → `filter logic structure` → implements date range filtering logic" class="Tests\Unit\Livewire\Components\Tables\Filters\FirstActivityPeriodFilterTest" classname="Tests.Unit.Livewire.Components.Tables.Filters.FirstActivityPeriodFilterTest" file="tests/Unit/Livewire/Components/Tables/Filters/FirstActivityPeriodFilterTest.php::`FirstActivityPeriodFilter Unit Tests` → `filter logic structure` → implements date range filtering logic" line="0" assertions="4" time="0.011266"/>
      <testcase name="`FirstActivityPeriodFilter Unit Tests` → `filter logic structure` → handles both start and end field filtering" class="Tests\Unit\Livewire\Components\Tables\Filters\FirstActivityPeriodFilterTest" classname="Tests.Unit.Livewire.Components.Tables.Filters.FirstActivityPeriodFilterTest" file="tests/Unit/Livewire/Components/Tables/Filters/FirstActivityPeriodFilterTest.php::`FirstActivityPeriodFilter Unit Tests` → `filter logic structure` → handles both start and end field filtering" line="0" assertions="3" time="0.011045"/>
    </testsuite>
    <testsuite name="Tests\Unit\Livewire\Components\Tables\Filters\FirstEmploymentFilterTest" file="tests/Unit/Livewire/Components/Tables/Filters/FirstEmploymentFilterTest.php" tests="27" assertions="71" errors="0" failures="0" skipped="0" time="0.356221">
      <testcase name="`FirstEmploymentFilter Unit Tests` → `class structure and inheritance` → extends DateRangeFilter class" class="Tests\Unit\Livewire\Components\Tables\Filters\FirstEmploymentFilterTest" classname="Tests.Unit.Livewire.Components.Tables.Filters.FirstEmploymentFilterTest" file="tests/Unit/Livewire/Components/Tables/Filters/FirstEmploymentFilterTest.php::`FirstEmploymentFilter Unit Tests` → `class structure and inheritance` → extends DateRangeFilter class" line="0" assertions="1" time="0.037905"/>
      <testcase name="`FirstEmploymentFilter Unit Tests` → `class structure and inheritance` → is concrete class" class="Tests\Unit\Livewire\Components\Tables\Filters\FirstEmploymentFilterTest" classname="Tests.Unit.Livewire.Components.Tables.Filters.FirstEmploymentFilterTest" file="tests/Unit/Livewire/Components/Tables/Filters/FirstEmploymentFilterTest.php::`FirstEmploymentFilter Unit Tests` → `class structure and inheritance` → is concrete class" line="0" assertions="2" time="0.011196"/>
      <testcase name="`FirstEmploymentFilter Unit Tests` → `trait integration` → uses HandlesDates trait" class="Tests\Unit\Livewire\Components\Tables\Filters\FirstEmploymentFilterTest" classname="Tests.Unit.Livewire.Components.Tables.Filters.FirstEmploymentFilterTest" file="tests/Unit/Livewire/Components/Tables/Filters/FirstEmploymentFilterTest.php::`FirstEmploymentFilter Unit Tests` → `trait integration` → uses HandlesDates trait" line="0" assertions="1" time="0.011415"/>
      <testcase name="`FirstEmploymentFilter Unit Tests` → `trait integration` → uses HasConfig trait" class="Tests\Unit\Livewire\Components\Tables\Filters\FirstEmploymentFilterTest" classname="Tests.Unit.Livewire.Components.Tables.Filters.FirstEmploymentFilterTest" file="tests/Unit/Livewire/Components/Tables/Filters/FirstEmploymentFilterTest.php::`FirstEmploymentFilter Unit Tests` → `trait integration` → uses HasConfig trait" line="0" assertions="1" time="0.011382"/>
      <testcase name="`FirstEmploymentFilter Unit Tests` → `trait integration` → uses HasOptions trait" class="Tests\Unit\Livewire\Components\Tables\Filters\FirstEmploymentFilterTest" classname="Tests.Unit.Livewire.Components.Tables.Filters.FirstEmploymentFilterTest" file="tests/Unit/Livewire/Components/Tables/Filters/FirstEmploymentFilterTest.php::`FirstEmploymentFilter Unit Tests` → `trait integration` → uses HasOptions trait" line="0" assertions="1" time="0.012391"/>
      <testcase name="`FirstEmploymentFilter Unit Tests` → `trait integration` → uses HasWireables trait" class="Tests\Unit\Livewire\Components\Tables\Filters\FirstEmploymentFilterTest" classname="Tests.Unit.Livewire.Components.Tables.Filters.FirstEmploymentFilterTest" file="tests/Unit/Livewire/Components/Tables/Filters/FirstEmploymentFilterTest.php::`FirstEmploymentFilter Unit Tests` → `trait integration` → uses HasWireables trait" line="0" assertions="1" time="0.011698"/>
      <testcase name="`FirstEmploymentFilter Unit Tests` → `property structure` → has filterRelationshipName property" class="Tests\Unit\Livewire\Components\Tables\Filters\FirstEmploymentFilterTest" classname="Tests.Unit.Livewire.Components.Tables.Filters.FirstEmploymentFilterTest" file="tests/Unit/Livewire/Components/Tables/Filters/FirstEmploymentFilterTest.php::`FirstEmploymentFilter Unit Tests` → `property structure` → has filterRelationshipName property" line="0" assertions="5" time="0.012594"/>
      <testcase name="`FirstEmploymentFilter Unit Tests` → `property structure` → has filterStartField property" class="Tests\Unit\Livewire\Components\Tables\Filters\FirstEmploymentFilterTest" classname="Tests.Unit.Livewire.Components.Tables.Filters.FirstEmploymentFilterTest" file="tests/Unit/Livewire/Components/Tables/Filters/FirstEmploymentFilterTest.php::`FirstEmploymentFilter Unit Tests` → `property structure` → has filterStartField property" line="0" assertions="5" time="0.013539"/>
      <testcase name="`FirstEmploymentFilter Unit Tests` → `property structure` → has filterEndField property" class="Tests\Unit\Livewire\Components\Tables\Filters\FirstEmploymentFilterTest" classname="Tests.Unit.Livewire.Components.Tables.Filters.FirstEmploymentFilterTest" file="tests/Unit/Livewire/Components/Tables/Filters/FirstEmploymentFilterTest.php::`FirstEmploymentFilter Unit Tests` → `property structure` → has filterEndField property" line="0" assertions="5" time="0.014789"/>
      <testcase name="`FirstEmploymentFilter Unit Tests` → `constructor behavior` → accepts name and key parameters" class="Tests\Unit\Livewire\Components\Tables\Filters\FirstEmploymentFilterTest" classname="Tests.Unit.Livewire.Components.Tables.Filters.FirstEmploymentFilterTest" file="tests/Unit/Livewire/Components/Tables/Filters/FirstEmploymentFilterTest.php::`FirstEmploymentFilter Unit Tests` → `constructor behavior` → accepts name and key parameters" line="0" assertions="10" time="0.016555"/>
      <testcase name="`FirstEmploymentFilter Unit Tests` → `constructor behavior` → calls parent constructor" class="Tests\Unit\Livewire\Components\Tables\Filters\FirstEmploymentFilterTest" classname="Tests.Unit.Livewire.Components.Tables.Filters.FirstEmploymentFilterTest" file="tests/Unit/Livewire/Components/Tables/Filters/FirstEmploymentFilterTest.php::`FirstEmploymentFilter Unit Tests` → `constructor behavior` → calls parent constructor" line="0" assertions="1" time="0.010915"/>
      <testcase name="`FirstEmploymentFilter Unit Tests` → `configuration setup` → configures filter with proper options" class="Tests\Unit\Livewire\Components\Tables\Filters\FirstEmploymentFilterTest" classname="Tests.Unit.Livewire.Components.Tables.Filters.FirstEmploymentFilterTest" file="tests/Unit/Livewire/Components/Tables/Filters/FirstEmploymentFilterTest.php::`FirstEmploymentFilter Unit Tests` → `configuration setup` → configures filter with proper options" line="0" assertions="7" time="0.010791"/>
      <testcase name="`FirstEmploymentFilter Unit Tests` → `configuration setup` → sets filter pill values" class="Tests\Unit\Livewire\Components\Tables\Filters\FirstEmploymentFilterTest" classname="Tests.Unit.Livewire.Components.Tables.Filters.FirstEmploymentFilterTest" file="tests/Unit/Livewire/Components/Tables/Filters/FirstEmploymentFilterTest.php::`FirstEmploymentFilter Unit Tests` → `configuration setup` → sets filter pill values" line="0" assertions="1" time="0.010746"/>
      <testcase name="`FirstEmploymentFilter Unit Tests` → `configuration setup` → configures filter callback" class="Tests\Unit\Livewire\Components\Tables\Filters\FirstEmploymentFilterTest" classname="Tests.Unit.Livewire.Components.Tables.Filters.FirstEmploymentFilterTest" file="tests/Unit/Livewire/Components/Tables/Filters/FirstEmploymentFilterTest.php::`FirstEmploymentFilter Unit Tests` → `configuration setup` → configures filter callback" line="0" assertions="1" time="0.010650"/>
      <testcase name="`FirstEmploymentFilter Unit Tests` → `setFields method` → has setFields method" class="Tests\Unit\Livewire\Components\Tables\Filters\FirstEmploymentFilterTest" classname="Tests.Unit.Livewire.Components.Tables.Filters.FirstEmploymentFilterTest" file="tests/Unit/Livewire/Components/Tables/Filters/FirstEmploymentFilterTest.php::`FirstEmploymentFilter Unit Tests` → `setFields method` → has setFields method" line="0" assertions="4" time="0.011014"/>
      <testcase name="`FirstEmploymentFilter Unit Tests` → `setFields method` → setFields method has correct parameters" class="Tests\Unit\Livewire\Components\Tables\Filters\FirstEmploymentFilterTest" classname="Tests.Unit.Livewire.Components.Tables.Filters.FirstEmploymentFilterTest" file="tests/Unit/Livewire/Components/Tables/Filters/FirstEmploymentFilterTest.php::`FirstEmploymentFilter Unit Tests` → `setFields method` → setFields method has correct parameters" line="0" assertions="6" time="0.019326"/>
      <testcase name="`FirstEmploymentFilter Unit Tests` → `setFields method` → setFields method returns self" class="Tests\Unit\Livewire\Components\Tables\Filters\FirstEmploymentFilterTest" classname="Tests.Unit.Livewire.Components.Tables.Filters.FirstEmploymentFilterTest" file="tests/Unit/Livewire/Components/Tables/Filters/FirstEmploymentFilterTest.php::`FirstEmploymentFilter Unit Tests` → `setFields method` → setFields method returns self" line="0" assertions="1" time="0.010966"/>
      <testcase name="`FirstEmploymentFilter Unit Tests` → `namespace and naming` → uses correct namespace" class="Tests\Unit\Livewire\Components\Tables\Filters\FirstEmploymentFilterTest" classname="Tests.Unit.Livewire.Components.Tables.Filters.FirstEmploymentFilterTest" file="tests/Unit/Livewire/Components/Tables/Filters/FirstEmploymentFilterTest.php::`FirstEmploymentFilter Unit Tests` → `namespace and naming` → uses correct namespace" line="0" assertions="1" time="0.010708"/>
      <testcase name="`FirstEmploymentFilter Unit Tests` → `namespace and naming` → follows filter naming convention" class="Tests\Unit\Livewire\Components\Tables\Filters\FirstEmploymentFilterTest" classname="Tests.Unit.Livewire.Components.Tables.Filters.FirstEmploymentFilterTest" file="tests/Unit/Livewire/Components/Tables/Filters/FirstEmploymentFilterTest.php::`FirstEmploymentFilter Unit Tests` → `namespace and naming` → follows filter naming convention" line="0" assertions="1" time="0.014855"/>
      <testcase name="`FirstEmploymentFilter Unit Tests` → `dependency imports` → imports Carbon for date handling" class="Tests\Unit\Livewire\Components\Tables\Filters\FirstEmploymentFilterTest" classname="Tests.Unit.Livewire.Components.Tables.Filters.FirstEmploymentFilterTest" file="tests/Unit/Livewire/Components/Tables/Filters/FirstEmploymentFilterTest.php::`FirstEmploymentFilter Unit Tests` → `dependency imports` → imports Carbon for date handling" line="0" assertions="1" time="0.010901"/>
      <testcase name="`FirstEmploymentFilter Unit Tests` → `dependency imports` → imports Builder for query building" class="Tests\Unit\Livewire\Components\Tables\Filters\FirstEmploymentFilterTest" classname="Tests.Unit.Livewire.Components.Tables.Filters.FirstEmploymentFilterTest" file="tests/Unit/Livewire/Components/Tables/Filters/FirstEmploymentFilterTest.php::`FirstEmploymentFilter Unit Tests` → `dependency imports` → imports Builder for query building" line="0" assertions="1" time="0.012173"/>
      <testcase name="`FirstEmploymentFilter Unit Tests` → `dependency imports` → imports DateRangeFilter base class" class="Tests\Unit\Livewire\Components\Tables\Filters\FirstEmploymentFilterTest" classname="Tests.Unit.Livewire.Components.Tables.Filters.FirstEmploymentFilterTest" file="tests/Unit/Livewire/Components/Tables/Filters/FirstEmploymentFilterTest.php::`FirstEmploymentFilter Unit Tests` → `dependency imports` → imports DateRangeFilter base class" line="0" assertions="1" time="0.012392"/>
      <testcase name="`FirstEmploymentFilter Unit Tests` → `filter logic structure` → uses withWhereHas for relationship filtering" class="Tests\Unit\Livewire\Components\Tables\Filters\FirstEmploymentFilterTest" classname="Tests.Unit.Livewire.Components.Tables.Filters.FirstEmploymentFilterTest" file="tests/Unit/Livewire/Components/Tables/Filters/FirstEmploymentFilterTest.php::`FirstEmploymentFilter Unit Tests` → `filter logic structure` → uses withWhereHas for relationship filtering" line="0" assertions="1" time="0.012131"/>
      <testcase name="`FirstEmploymentFilter Unit Tests` → `filter logic structure` → implements date range filtering logic" class="Tests\Unit\Livewire\Components\Tables\Filters\FirstEmploymentFilterTest" classname="Tests.Unit.Livewire.Components.Tables.Filters.FirstEmploymentFilterTest" file="tests/Unit/Livewire/Components/Tables/Filters/FirstEmploymentFilterTest.php::`FirstEmploymentFilter Unit Tests` → `filter logic structure` → implements date range filtering logic" line="0" assertions="4" time="0.010909"/>
      <testcase name="`FirstEmploymentFilter Unit Tests` → `filter logic structure` → handles both start and end field filtering" class="Tests\Unit\Livewire\Components\Tables\Filters\FirstEmploymentFilterTest" classname="Tests.Unit.Livewire.Components.Tables.Filters.FirstEmploymentFilterTest" file="tests/Unit/Livewire/Components/Tables/Filters/FirstEmploymentFilterTest.php::`FirstEmploymentFilter Unit Tests` → `filter logic structure` → handles both start and end field filtering" line="0" assertions="3" time="0.010674"/>
      <testcase name="`FirstEmploymentFilter Unit Tests` → `employment specific logic` → follows employment filtering pattern" class="Tests\Unit\Livewire\Components\Tables\Filters\FirstEmploymentFilterTest" classname="Tests.Unit.Livewire.Components.Tables.Filters.FirstEmploymentFilterTest" file="tests/Unit/Livewire/Components/Tables/Filters/FirstEmploymentFilterTest.php::`FirstEmploymentFilter Unit Tests` → `employment specific logic` → follows employment filtering pattern" line="0" assertions="2" time="0.010536"/>
      <testcase name="`FirstEmploymentFilter Unit Tests` → `employment specific logic` → handles employment date range logic" class="Tests\Unit\Livewire\Components\Tables\Filters\FirstEmploymentFilterTest" classname="Tests.Unit.Livewire.Components.Tables.Filters.FirstEmploymentFilterTest" file="tests/Unit/Livewire/Components/Tables/Filters/FirstEmploymentFilterTest.php::`FirstEmploymentFilter Unit Tests` → `employment specific logic` → handles employment date range logic" line="0" assertions="3" time="0.013070"/>
    </testsuite>
    <testsuite name="Tests\Unit\Livewire\Concerns\BaseModalTest" file="tests/Unit/Livewire/Concerns/BaseModalTest.php" tests="18" assertions="63" errors="0" failures="0" skipped="0" time="0.240475">
      <testcase name="`BaseModal Unit Tests` → `class structure and inheritance` → extends ModalComponent" class="Tests\Unit\Livewire\Concerns\BaseModalTest" classname="Tests.Unit.Livewire.Concerns.BaseModalTest" file="tests/Unit/Livewire/Concerns/BaseModalTest.php::`BaseModal Unit Tests` → `class structure and inheritance` → extends ModalComponent" line="0" assertions="1" time="0.020859"/>
      <testcase name="`BaseModal Unit Tests` → `class structure and inheritance` → is abstract class" class="Tests\Unit\Livewire\Concerns\BaseModalTest" classname="Tests.Unit.Livewire.Concerns.BaseModalTest" file="tests/Unit/Livewire/Concerns/BaseModalTest.php::`BaseModal Unit Tests` → `class structure and inheritance` → is abstract class" line="0" assertions="1" time="0.011257"/>
      <testcase name="`BaseModal Unit Tests` → `class structure and inheritance` → has generic type annotations" class="Tests\Unit\Livewire\Concerns\BaseModalTest" classname="Tests.Unit.Livewire.Concerns.BaseModalTest" file="tests/Unit/Livewire/Concerns/BaseModalTest.php::`BaseModal Unit Tests` → `class structure and inheritance` → has generic type annotations" line="0" assertions="2" time="0.010964"/>
      <testcase name="`BaseModal Unit Tests` → `property structure` → has model property" class="Tests\Unit\Livewire\Concerns\BaseModalTest" classname="Tests.Unit.Livewire.Concerns.BaseModalTest" file="tests/Unit/Livewire/Concerns/BaseModalTest.php::`BaseModal Unit Tests` → `property structure` → has model property" line="0" assertions="4" time="0.011195"/>
      <testcase name="`BaseModal Unit Tests` → `property structure` → has modelForm property" class="Tests\Unit\Livewire\Concerns\BaseModalTest" classname="Tests.Unit.Livewire.Concerns.BaseModalTest" file="tests/Unit/Livewire/Concerns/BaseModalTest.php::`BaseModal Unit Tests` → `property structure` → has modelForm property" line="0" assertions="3" time="0.013844"/>
      <testcase name="`BaseModal Unit Tests` → `property structure` → has modelType property" class="Tests\Unit\Livewire\Concerns\BaseModalTest" classname="Tests.Unit.Livewire.Concerns.BaseModalTest" file="tests/Unit/Livewire/Concerns/BaseModalTest.php::`BaseModal Unit Tests` → `property structure` → has modelType property" line="0" assertions="4" time="0.013815"/>
      <testcase name="`BaseModal Unit Tests` → `property structure` → has string configuration properties" class="Tests\Unit\Livewire\Concerns\BaseModalTest" classname="Tests.Unit.Livewire.Concerns.BaseModalTest" file="tests/Unit/Livewire/Concerns/BaseModalTest.php::`BaseModal Unit Tests` → `property structure` → has string configuration properties" line="0" assertions="9" time="0.011833"/>
      <testcase name="`BaseModal Unit Tests` → `method signatures` → has mount method" class="Tests\Unit\Livewire\Concerns\BaseModalTest" classname="Tests.Unit.Livewire.Concerns.BaseModalTest" file="tests/Unit/Livewire/Concerns/BaseModalTest.php::`BaseModal Unit Tests` → `method signatures` → has mount method" line="0" assertions="8" time="0.012644"/>
      <testcase name="`BaseModal Unit Tests` → `method signatures` → has getModalTitle method" class="Tests\Unit\Livewire\Concerns\BaseModalTest" classname="Tests.Unit.Livewire.Concerns.BaseModalTest" file="tests/Unit/Livewire/Concerns/BaseModalTest.php::`BaseModal Unit Tests` → `method signatures` → has getModalTitle method" line="0" assertions="4" time="0.013248"/>
      <testcase name="`BaseModal Unit Tests` → `method signatures` → has clear method" class="Tests\Unit\Livewire\Concerns\BaseModalTest" classname="Tests.Unit.Livewire.Concerns.BaseModalTest" file="tests/Unit/Livewire/Concerns/BaseModalTest.php::`BaseModal Unit Tests` → `method signatures` → has clear method" line="0" assertions="4" time="0.015496"/>
      <testcase name="`BaseModal Unit Tests` → `method signatures` → has save method" class="Tests\Unit\Livewire\Concerns\BaseModalTest" classname="Tests.Unit.Livewire.Concerns.BaseModalTest" file="tests/Unit/Livewire/Concerns/BaseModalTest.php::`BaseModal Unit Tests` → `method signatures` → has save method" line="0" assertions="4" time="0.011620"/>
      <testcase name="`BaseModal Unit Tests` → `method signatures` → has render method" class="Tests\Unit\Livewire\Concerns\BaseModalTest" classname="Tests.Unit.Livewire.Concerns.BaseModalTest" file="tests/Unit/Livewire/Concerns/BaseModalTest.php::`BaseModal Unit Tests` → `method signatures` → has render method" line="0" assertions="4" time="0.010940"/>
      <testcase name="`BaseModal Unit Tests` → `namespace and naming` → uses correct namespace" class="Tests\Unit\Livewire\Concerns\BaseModalTest" classname="Tests.Unit.Livewire.Concerns.BaseModalTest" file="tests/Unit/Livewire/Concerns/BaseModalTest.php::`BaseModal Unit Tests` → `namespace and naming` → uses correct namespace" line="0" assertions="1" time="0.010908"/>
      <testcase name="`BaseModal Unit Tests` → `namespace and naming` → follows base class naming convention" class="Tests\Unit\Livewire\Concerns\BaseModalTest" classname="Tests.Unit.Livewire.Concerns.BaseModalTest" file="tests/Unit/Livewire/Concerns/BaseModalTest.php::`BaseModal Unit Tests` → `namespace and naming` → follows base class naming convention" line="0" assertions="1" time="0.010921"/>
      <testcase name="`BaseModal Unit Tests` → `dependency imports` → imports required dependencies" class="Tests\Unit\Livewire\Concerns\BaseModalTest" classname="Tests.Unit.Livewire.Concerns.BaseModalTest" file="tests/Unit/Livewire/Concerns/BaseModalTest.php::`BaseModal Unit Tests` → `dependency imports` → imports required dependencies" line="0" assertions="5" time="0.019528"/>
      <testcase name="`BaseModal Unit Tests` → `template method pattern` → follows template method pattern" class="Tests\Unit\Livewire\Concerns\BaseModalTest" classname="Tests.Unit.Livewire.Concerns.BaseModalTest" file="tests/Unit/Livewire/Concerns/BaseModalTest.php::`BaseModal Unit Tests` → `template method pattern` → follows template method pattern" line="0" assertions="4" time="0.012021"/>
      <testcase name="`BaseModal Unit Tests` → `generic type safety` → uses generic type constraints" class="Tests\Unit\Livewire\Concerns\BaseModalTest" classname="Tests.Unit.Livewire.Concerns.BaseModalTest" file="tests/Unit/Livewire/Concerns/BaseModalTest.php::`BaseModal Unit Tests` → `generic type safety` → uses generic type constraints" line="0" assertions="2" time="0.013385"/>
      <testcase name="`BaseModal Unit Tests` → `generic type safety` → property annotations use generic types" class="Tests\Unit\Livewire\Concerns\BaseModalTest" classname="Tests.Unit.Livewire.Concerns.BaseModalTest" file="tests/Unit/Livewire/Concerns/BaseModalTest.php::`BaseModal Unit Tests` → `generic type safety` → property annotations use generic types" line="0" assertions="2" time="0.015997"/>
    </testsuite>
    <testsuite name="Tests\Unit\Livewire\Concerns\BaseTableTraitTest" file="tests/Unit/Livewire/Concerns/BaseTableTraitTest.php" tests="17" assertions="64" errors="0" failures="0" skipped="0" time="0.2176">
      <testcase name="`BaseTableTrait Unit Tests` → `trait integration` → uses HasActionColumn trait" class="Tests\Unit\Livewire\Concerns\BaseTableTraitTest" classname="Tests.Unit.Livewire.Concerns.BaseTableTraitTest" file="tests/Unit/Livewire/Concerns/BaseTableTraitTest.php::`BaseTableTrait Unit Tests` → `trait integration` → uses HasActionColumn trait" line="0" assertions="1" time="0.011492"/>
      <testcase name="`BaseTableTrait Unit Tests` → `property structure` → has actionLinksToDisplay property with correct type" class="Tests\Unit\Livewire\Concerns\BaseTableTraitTest" classname="Tests.Unit.Livewire.Concerns.BaseTableTraitTest" file="tests/Unit/Livewire/Concerns/BaseTableTraitTest.php::`BaseTableTrait Unit Tests` → `property structure` → has actionLinksToDisplay property with correct type" line="0" assertions="6" time="0.011698"/>
      <testcase name="`BaseTableTrait Unit Tests` → `property structure` → has showActionColumn property" class="Tests\Unit\Livewire\Concerns\BaseTableTraitTest" classname="Tests.Unit.Livewire.Concerns.BaseTableTraitTest" file="tests/Unit/Livewire/Concerns/BaseTableTraitTest.php::`BaseTableTrait Unit Tests` → `property structure` → has showActionColumn property" line="0" assertions="5" time="0.012511"/>
      <testcase name="`BaseTableTrait Unit Tests` → `property structure` → has configuration string properties" class="Tests\Unit\Livewire\Concerns\BaseTableTraitTest" classname="Tests.Unit.Livewire.Concerns.BaseTableTraitTest" file="tests/Unit/Livewire/Concerns/BaseTableTraitTest.php::`BaseTableTrait Unit Tests` → `property structure` → has configuration string properties" line="0" assertions="15" time="0.015056"/>
      <testcase name="`BaseTableTrait Unit Tests` → `method signatures` → has configuringBaseTableTrait method" class="Tests\Unit\Livewire\Concerns\BaseTableTraitTest" classname="Tests.Unit.Livewire.Concerns.BaseTableTraitTest" file="tests/Unit/Livewire/Concerns/BaseTableTraitTest.php::`BaseTableTrait Unit Tests` → `method signatures` → has configuringBaseTableTrait method" line="0" assertions="4" time="0.013729"/>
      <testcase name="`BaseTableTrait Unit Tests` → `method signatures` → has appendColumns method" class="Tests\Unit\Livewire\Concerns\BaseTableTraitTest" classname="Tests.Unit.Livewire.Concerns.BaseTableTraitTest" file="tests/Unit/Livewire/Concerns/BaseTableTraitTest.php::`BaseTableTrait Unit Tests` → `method signatures` → has appendColumns method" line="0" assertions="5" time="0.012250"/>
      <testcase name="`BaseTableTrait Unit Tests` → `method signatures` → has private helper methods" class="Tests\Unit\Livewire\Concerns\BaseTableTraitTest" classname="Tests.Unit.Livewire.Concerns.BaseTableTraitTest" file="tests/Unit/Livewire/Concerns/BaseTableTraitTest.php::`BaseTableTrait Unit Tests` → `method signatures` → has private helper methods" line="0" assertions="6" time="0.013335"/>
      <testcase name="`BaseTableTrait Unit Tests` → `namespace and naming` → uses correct namespace" class="Tests\Unit\Livewire\Concerns\BaseTableTraitTest" classname="Tests.Unit.Livewire.Concerns.BaseTableTraitTest" file="tests/Unit/Livewire/Concerns/BaseTableTraitTest.php::`BaseTableTrait Unit Tests` → `namespace and naming` → uses correct namespace" line="0" assertions="1" time="0.011503"/>
      <testcase name="`BaseTableTrait Unit Tests` → `namespace and naming` → follows trait naming convention" class="Tests\Unit\Livewire\Concerns\BaseTableTraitTest" classname="Tests.Unit.Livewire.Concerns.BaseTableTraitTest" file="tests/Unit/Livewire/Concerns/BaseTableTraitTest.php::`BaseTableTrait Unit Tests` → `namespace and naming` → follows trait naming convention" line="0" assertions="1" time="0.011252"/>
      <testcase name="`BaseTableTrait Unit Tests` → `namespace and naming` → is trait" class="Tests\Unit\Livewire\Concerns\BaseTableTraitTest" classname="Tests.Unit.Livewire.Concerns.BaseTableTraitTest" file="tests/Unit/Livewire/Concerns/BaseTableTraitTest.php::`BaseTableTrait Unit Tests` → `namespace and naming` → is trait" line="0" assertions="1" time="0.010814"/>
      <testcase name="`BaseTableTrait Unit Tests` → `dependency imports` → imports required dependencies" class="Tests\Unit\Livewire\Concerns\BaseTableTraitTest" classname="Tests.Unit.Livewire.Concerns.BaseTableTraitTest" file="tests/Unit/Livewire/Concerns/BaseTableTraitTest.php::`BaseTableTrait Unit Tests` → `dependency imports` → imports required dependencies" line="0" assertions="2" time="0.010703"/>
      <testcase name="`BaseTableTrait Unit Tests` → `method implementation structure` → configuringBaseTableTrait contains expected method calls" class="Tests\Unit\Livewire\Concerns\BaseTableTraitTest" classname="Tests.Unit.Livewire.Concerns.BaseTableTraitTest" file="tests/Unit/Livewire/Concerns/BaseTableTraitTest.php::`BaseTableTrait Unit Tests` → `method implementation structure` → configuringBaseTableTrait contains expected method calls" line="0" assertions="6" time="0.012038"/>
      <testcase name="`BaseTableTrait Unit Tests` → `method implementation structure` → appendColumns method structure" class="Tests\Unit\Livewire\Concerns\BaseTableTraitTest" classname="Tests.Unit.Livewire.Concerns.BaseTableTraitTest" file="tests/Unit/Livewire/Concerns/BaseTableTraitTest.php::`BaseTableTrait Unit Tests` → `method implementation structure` → appendColumns method structure" line="0" assertions="2" time="0.010932"/>
      <testcase name="`BaseTableTrait Unit Tests` → `laravel livewire tables integration` → uses Laravel Livewire Tables components" class="Tests\Unit\Livewire\Concerns\BaseTableTraitTest" classname="Tests.Unit.Livewire.Concerns.BaseTableTraitTest" file="tests/Unit/Livewire/Concerns/BaseTableTraitTest.php::`BaseTableTrait Unit Tests` → `laravel livewire tables integration` → uses Laravel Livewire Tables components" line="0" assertions="1" time="0.015467"/>
      <testcase name="`BaseTableTrait Unit Tests` → `laravel livewire tables integration` → follows Laravel Livewire Tables patterns" class="Tests\Unit\Livewire\Concerns\BaseTableTraitTest" classname="Tests.Unit.Livewire.Concerns.BaseTableTraitTest" file="tests/Unit/Livewire/Concerns/BaseTableTraitTest.php::`BaseTableTrait Unit Tests` → `laravel livewire tables integration` → follows Laravel Livewire Tables patterns" line="0" assertions="4" time="0.013548"/>
      <testcase name="`BaseTableTrait Unit Tests` → `trait method organization` → has public interface methods" class="Tests\Unit\Livewire\Concerns\BaseTableTraitTest" classname="Tests.Unit.Livewire.Concerns.BaseTableTraitTest" file="tests/Unit/Livewire/Concerns/BaseTableTraitTest.php::`BaseTableTrait Unit Tests` → `trait method organization` → has public interface methods" line="0" assertions="2" time="0.018635"/>
      <testcase name="`BaseTableTrait Unit Tests` → `trait method organization` → has private helper methods" class="Tests\Unit\Livewire\Concerns\BaseTableTraitTest" classname="Tests.Unit.Livewire.Concerns.BaseTableTraitTest" file="tests/Unit/Livewire/Concerns/BaseTableTraitTest.php::`BaseTableTrait Unit Tests` → `trait method organization` → has private helper methods" line="0" assertions="2" time="0.012636"/>
    </testsuite>
    <testsuite name="Tests\Unit\Livewire\Concerns\Columns\HasActionColumnTest" file="tests/Unit/Livewire/Concerns/Columns/HasActionColumnTest.php" tests="22" assertions="36" errors="0" failures="0" skipped="0" time="0.28899">
      <testcase name="`HasActionColumn Unit Tests` → `trait structure` → is trait" class="Tests\Unit\Livewire\Concerns\Columns\HasActionColumnTest" classname="Tests.Unit.Livewire.Concerns.Columns.HasActionColumnTest" file="tests/Unit/Livewire/Concerns/Columns/HasActionColumnTest.php::`HasActionColumn Unit Tests` → `trait structure` → is trait" line="0" assertions="1" time="0.015864"/>
      <testcase name="`HasActionColumn Unit Tests` → `trait structure` → is not abstract" class="Tests\Unit\Livewire\Concerns\Columns\HasActionColumnTest" classname="Tests.Unit.Livewire.Concerns.Columns.HasActionColumnTest" file="tests/Unit/Livewire/Concerns/Columns/HasActionColumnTest.php::`HasActionColumn Unit Tests` → `trait structure` → is not abstract" line="0" assertions="1" time="0.012441"/>
      <testcase name="`HasActionColumn Unit Tests` → `trait structure` → has comprehensive documentation" class="Tests\Unit\Livewire\Concerns\Columns\HasActionColumnTest" classname="Tests.Unit.Livewire.Concerns.Columns.HasActionColumnTest" file="tests/Unit/Livewire/Concerns/Columns/HasActionColumnTest.php::`HasActionColumn Unit Tests` → `trait structure` → has comprehensive documentation" line="0" assertions="2" time="0.010830"/>
      <testcase name="`HasActionColumn Unit Tests` → `method signatures` → has getDefaultActionColumn method" class="Tests\Unit\Livewire\Concerns\Columns\HasActionColumnTest" classname="Tests.Unit.Livewire.Concerns.Columns.HasActionColumnTest" file="tests/Unit/Livewire/Concerns/Columns/HasActionColumnTest.php::`HasActionColumn Unit Tests` → `method signatures` → has getDefaultActionColumn method" line="0" assertions="4" time="0.011801"/>
      <testcase name="`HasActionColumn Unit Tests` → `namespace and naming` → uses correct namespace" class="Tests\Unit\Livewire\Concerns\Columns\HasActionColumnTest" classname="Tests.Unit.Livewire.Concerns.Columns.HasActionColumnTest" file="tests/Unit/Livewire/Concerns/Columns/HasActionColumnTest.php::`HasActionColumn Unit Tests` → `namespace and naming` → uses correct namespace" line="0" assertions="1" time="0.012988"/>
      <testcase name="`HasActionColumn Unit Tests` → `namespace and naming` → follows trait naming convention" class="Tests\Unit\Livewire\Concerns\Columns\HasActionColumnTest" classname="Tests.Unit.Livewire.Concerns.Columns.HasActionColumnTest" file="tests/Unit/Livewire/Concerns/Columns/HasActionColumnTest.php::`HasActionColumn Unit Tests` → `namespace and naming` → follows trait naming convention" line="0" assertions="1" time="0.012447"/>
      <testcase name="`HasActionColumn Unit Tests` → `dependency imports` → imports Column class" class="Tests\Unit\Livewire\Concerns\Columns\HasActionColumnTest" classname="Tests.Unit.Livewire.Concerns.Columns.HasActionColumnTest" file="tests/Unit/Livewire/Concerns/Columns/HasActionColumnTest.php::`HasActionColumn Unit Tests` → `dependency imports` → imports Column class" line="0" assertions="1" time="0.014529"/>
      <testcase name="`HasActionColumn Unit Tests` → `method implementation structure` → getDefaultActionColumn creates proper column" class="Tests\Unit\Livewire\Concerns\Columns\HasActionColumnTest" classname="Tests.Unit.Livewire.Concerns.Columns.HasActionColumnTest" file="tests/Unit/Livewire/Concerns/Columns/HasActionColumnTest.php::`HasActionColumn Unit Tests` → `method implementation structure` → getDefaultActionColumn creates proper column" line="0" assertions="4" time="0.013676"/>
      <testcase name="`HasActionColumn Unit Tests` → `method implementation structure` → uses view component for action column" class="Tests\Unit\Livewire\Concerns\Columns\HasActionColumnTest" classname="Tests.Unit.Livewire.Concerns.Columns.HasActionColumnTest" file="tests/Unit/Livewire/Concerns/Columns/HasActionColumnTest.php::`HasActionColumn Unit Tests` → `method implementation structure` → uses view component for action column" line="0" assertions="3" time="0.014424"/>
      <testcase name="`HasActionColumn Unit Tests` → `trait dependencies` → expects routeBasePath property" class="Tests\Unit\Livewire\Concerns\Columns\HasActionColumnTest" classname="Tests.Unit.Livewire.Concerns.Columns.HasActionColumnTest" file="tests/Unit/Livewire/Concerns/Columns/HasActionColumnTest.php::`HasActionColumn Unit Tests` → `trait dependencies` → expects routeBasePath property" line="0" assertions="1" time="0.016265"/>
      <testcase name="`HasActionColumn Unit Tests` → `trait dependencies` → expects row object with id property" class="Tests\Unit\Livewire\Concerns\Columns\HasActionColumnTest" classname="Tests.Unit.Livewire.Concerns.Columns.HasActionColumnTest" file="tests/Unit/Livewire/Concerns/Columns/HasActionColumnTest.php::`HasActionColumn Unit Tests` → `trait dependencies` → expects row object with id property" line="0" assertions="1" time="0.010991"/>
      <testcase name="`HasActionColumn Unit Tests` → `trait method organization` → has single protected method" class="Tests\Unit\Livewire\Concerns\Columns\HasActionColumnTest" classname="Tests.Unit.Livewire.Concerns.Columns.HasActionColumnTest" file="tests/Unit/Livewire/Concerns/Columns/HasActionColumnTest.php::`HasActionColumn Unit Tests` → `trait method organization` → has single protected method" line="0" assertions="3" time="0.015601"/>
      <testcase name="`HasActionColumn Unit Tests` → `trait method organization` → has no public methods" class="Tests\Unit\Livewire\Concerns\Columns\HasActionColumnTest" classname="Tests.Unit.Livewire.Concerns.Columns.HasActionColumnTest" file="tests/Unit/Livewire/Concerns/Columns/HasActionColumnTest.php::`HasActionColumn Unit Tests` → `trait method organization` → has no public methods" line="0" assertions="1" time="0.016489"/>
      <testcase name="`HasActionColumn Unit Tests` → `trait method organization` → has no private methods" class="Tests\Unit\Livewire\Concerns\Columns\HasActionColumnTest" classname="Tests.Unit.Livewire.Concerns.Columns.HasActionColumnTest" file="tests/Unit/Livewire/Concerns/Columns/HasActionColumnTest.php::`HasActionColumn Unit Tests` → `trait method organization` → has no private methods" line="0" assertions="1" time="0.012905"/>
      <testcase name="`HasActionColumn Unit Tests` → `trait simplicity` → is minimal focused trait" class="Tests\Unit\Livewire\Concerns\Columns\HasActionColumnTest" classname="Tests.Unit.Livewire.Concerns.Columns.HasActionColumnTest" file="tests/Unit/Livewire/Concerns/Columns/HasActionColumnTest.php::`HasActionColumn Unit Tests` → `trait simplicity` → is minimal focused trait" line="0" assertions="1" time="0.012754"/>
      <testcase name="`HasActionColumn Unit Tests` → `trait simplicity` → has no properties" class="Tests\Unit\Livewire\Concerns\Columns\HasActionColumnTest" classname="Tests.Unit.Livewire.Concerns.Columns.HasActionColumnTest" file="tests/Unit/Livewire/Concerns/Columns/HasActionColumnTest.php::`HasActionColumn Unit Tests` → `trait simplicity` → has no properties" line="0" assertions="1" time="0.011795"/>
      <testcase name="`HasActionColumn Unit Tests` → `laravel livewire tables integration` → uses Column factory method" class="Tests\Unit\Livewire\Concerns\Columns\HasActionColumnTest" classname="Tests.Unit.Livewire.Concerns.Columns.HasActionColumnTest" file="tests/Unit/Livewire/Concerns/Columns/HasActionColumnTest.php::`HasActionColumn Unit Tests` → `laravel livewire tables integration` → uses Column factory method" line="0" assertions="1" time="0.012597"/>
      <testcase name="`HasActionColumn Unit Tests` → `laravel livewire tables integration` → uses internationalization for actions" class="Tests\Unit\Livewire\Concerns\Columns\HasActionColumnTest" classname="Tests.Unit.Livewire.Concerns.Columns.HasActionColumnTest" file="tests/Unit/Livewire/Concerns/Columns/HasActionColumnTest.php::`HasActionColumn Unit Tests` → `laravel livewire tables integration` → uses internationalization for actions" line="0" assertions="2" time="0.011138"/>
      <testcase name="`HasActionColumn Unit Tests` → `laravel livewire tables integration` → configures column properly" class="Tests\Unit\Livewire\Concerns\Columns\HasActionColumnTest" classname="Tests.Unit.Livewire.Concerns.Columns.HasActionColumnTest" file="tests/Unit/Livewire/Concerns/Columns/HasActionColumnTest.php::`HasActionColumn Unit Tests` → `laravel livewire tables integration` → configures column properly" line="0" assertions="3" time="0.015742"/>
      <testcase name="`HasActionColumn Unit Tests` → `column configuration pattern` → uses closure for label generation" class="Tests\Unit\Livewire\Concerns\Columns\HasActionColumnTest" classname="Tests.Unit.Livewire.Concerns.Columns.HasActionColumnTest" file="tests/Unit/Livewire/Concerns/Columns/HasActionColumnTest.php::`HasActionColumn Unit Tests` → `column configuration pattern` → uses closure for label generation" line="0" assertions="1" time="0.011189"/>
      <testcase name="`HasActionColumn Unit Tests` → `column configuration pattern` → excludes from column selection" class="Tests\Unit\Livewire\Concerns\Columns\HasActionColumnTest" classname="Tests.Unit.Livewire.Concerns.Columns.HasActionColumnTest" file="tests/Unit/Livewire/Concerns/Columns/HasActionColumnTest.php::`HasActionColumn Unit Tests` → `column configuration pattern` → excludes from column selection" line="0" assertions="1" time="0.011038"/>
      <testcase name="`HasActionColumn Unit Tests` → `column configuration pattern` → enables HTML rendering" class="Tests\Unit\Livewire\Concerns\Columns\HasActionColumnTest" classname="Tests.Unit.Livewire.Concerns.Columns.HasActionColumnTest" file="tests/Unit/Livewire/Concerns/Columns/HasActionColumnTest.php::`HasActionColumn Unit Tests` → `column configuration pattern` → enables HTML rendering" line="0" assertions="1" time="0.011483"/>
    </testsuite>
    <testsuite name="Tests\Unit\Livewire\Concerns\Data\PresentsManagersListTest" file="tests/Unit/Livewire/Concerns/Data/PresentsManagersListTest.php" tests="23" assertions="31" errors="0" failures="0" skipped="0" time="0.3015">
      <testcase name="`PresentsManagersList Unit Tests` → `trait structure` → is trait" class="Tests\Unit\Livewire\Concerns\Data\PresentsManagersListTest" classname="Tests.Unit.Livewire.Concerns.Data.PresentsManagersListTest" file="tests/Unit/Livewire/Concerns/Data/PresentsManagersListTest.php::`PresentsManagersList Unit Tests` → `trait structure` → is trait" line="0" assertions="1" time="0.014625"/>
      <testcase name="`PresentsManagersList Unit Tests` → `trait structure` → is not abstract" class="Tests\Unit\Livewire\Concerns\Data\PresentsManagersListTest" classname="Tests.Unit.Livewire.Concerns.Data.PresentsManagersListTest" file="tests/Unit/Livewire/Concerns/Data/PresentsManagersListTest.php::`PresentsManagersList Unit Tests` → `trait structure` → is not abstract" line="0" assertions="1" time="0.011251"/>
      <testcase name="`PresentsManagersList Unit Tests` → `method signatures` → has getManagers method" class="Tests\Unit\Livewire\Concerns\Data\PresentsManagersListTest" classname="Tests.Unit.Livewire.Concerns.Data.PresentsManagersListTest" file="tests/Unit/Livewire/Concerns/Data/PresentsManagersListTest.php::`PresentsManagersList Unit Tests` → `method signatures` → has getManagers method" line="0" assertions="4" time="0.012374"/>
      <testcase name="`PresentsManagersList Unit Tests` → `method annotations` → getManagers has proper return type annotation" class="Tests\Unit\Livewire\Concerns\Data\PresentsManagersListTest" classname="Tests.Unit.Livewire.Concerns.Data.PresentsManagersListTest" file="tests/Unit/Livewire/Concerns/Data/PresentsManagersListTest.php::`PresentsManagersList Unit Tests` → `method annotations` → getManagers has proper return type annotation" line="0" assertions="1" time="0.011387"/>
      <testcase name="`PresentsManagersList Unit Tests` → `method annotations` → getManagers has Computed attribute" class="Tests\Unit\Livewire\Concerns\Data\PresentsManagersListTest" classname="Tests.Unit.Livewire.Concerns.Data.PresentsManagersListTest" file="tests/Unit/Livewire/Concerns/Data/PresentsManagersListTest.php::`PresentsManagersList Unit Tests` → `method annotations` → getManagers has Computed attribute" line="0" assertions="2" time="0.011477"/>
      <testcase name="`PresentsManagersList Unit Tests` → `computed attribute configuration` → Computed attribute has correct parameters" class="Tests\Unit\Livewire\Concerns\Data\PresentsManagersListTest" classname="Tests.Unit.Livewire.Concerns.Data.PresentsManagersListTest" file="tests/Unit/Livewire/Concerns/Data/PresentsManagersListTest.php::`PresentsManagersList Unit Tests` → `computed attribute configuration` → Computed attribute has correct parameters" line="0" assertions="1" time="0.012644"/>
      <testcase name="`PresentsManagersList Unit Tests` → `namespace and naming` → uses correct namespace" class="Tests\Unit\Livewire\Concerns\Data\PresentsManagersListTest" classname="Tests.Unit.Livewire.Concerns.Data.PresentsManagersListTest" file="tests/Unit/Livewire/Concerns/Data/PresentsManagersListTest.php::`PresentsManagersList Unit Tests` → `namespace and naming` → uses correct namespace" line="0" assertions="1" time="0.011316"/>
      <testcase name="`PresentsManagersList Unit Tests` → `namespace and naming` → follows trait naming convention" class="Tests\Unit\Livewire\Concerns\Data\PresentsManagersListTest" classname="Tests.Unit.Livewire.Concerns.Data.PresentsManagersListTest" file="tests/Unit/Livewire/Concerns/Data/PresentsManagersListTest.php::`PresentsManagersList Unit Tests` → `namespace and naming` → follows trait naming convention" line="0" assertions="1" time="0.017197"/>
      <testcase name="`PresentsManagersList Unit Tests` → `dependency imports` → imports Manager model" class="Tests\Unit\Livewire\Concerns\Data\PresentsManagersListTest" classname="Tests.Unit.Livewire.Concerns.Data.PresentsManagersListTest" file="tests/Unit/Livewire/Concerns/Data/PresentsManagersListTest.php::`PresentsManagersList Unit Tests` → `dependency imports` → imports Manager model" line="0" assertions="1" time="0.010955"/>
      <testcase name="`PresentsManagersList Unit Tests` → `dependency imports` → imports Computed attribute" class="Tests\Unit\Livewire\Concerns\Data\PresentsManagersListTest" classname="Tests.Unit.Livewire.Concerns.Data.PresentsManagersListTest" file="tests/Unit/Livewire/Concerns/Data/PresentsManagersListTest.php::`PresentsManagersList Unit Tests` → `dependency imports` → imports Computed attribute" line="0" assertions="1" time="0.013018"/>
      <testcase name="`PresentsManagersList Unit Tests` → `method implementation structure` → getManagers uses correct query structure" class="Tests\Unit\Livewire\Concerns\Data\PresentsManagersListTest" classname="Tests.Unit.Livewire.Concerns.Data.PresentsManagersListTest" file="tests/Unit/Livewire/Concerns/Data/PresentsManagersListTest.php::`PresentsManagersList Unit Tests` → `method implementation structure` → getManagers uses correct query structure" line="0" assertions="3" time="0.022800"/>
      <testcase name="`PresentsManagersList Unit Tests` → `trait method organization` → has single public method" class="Tests\Unit\Livewire\Concerns\Data\PresentsManagersListTest" classname="Tests.Unit.Livewire.Concerns.Data.PresentsManagersListTest" file="tests/Unit/Livewire/Concerns/Data/PresentsManagersListTest.php::`PresentsManagersList Unit Tests` → `trait method organization` → has single public method" line="0" assertions="3" time="0.011721"/>
      <testcase name="`PresentsManagersList Unit Tests` → `trait method organization` → has no protected methods" class="Tests\Unit\Livewire\Concerns\Data\PresentsManagersListTest" classname="Tests.Unit.Livewire.Concerns.Data.PresentsManagersListTest" file="tests/Unit/Livewire/Concerns/Data/PresentsManagersListTest.php::`PresentsManagersList Unit Tests` → `trait method organization` → has no protected methods" line="0" assertions="1" time="0.020430"/>
      <testcase name="`PresentsManagersList Unit Tests` → `trait method organization` → has no private methods" class="Tests\Unit\Livewire\Concerns\Data\PresentsManagersListTest" classname="Tests.Unit.Livewire.Concerns.Data.PresentsManagersListTest" file="tests/Unit/Livewire/Concerns/Data/PresentsManagersListTest.php::`PresentsManagersList Unit Tests` → `trait method organization` → has no private methods" line="0" assertions="1" time="0.016152"/>
      <testcase name="`PresentsManagersList Unit Tests` → `trait simplicity` → is minimal focused trait" class="Tests\Unit\Livewire\Concerns\Data\PresentsManagersListTest" classname="Tests.Unit.Livewire.Concerns.Data.PresentsManagersListTest" file="tests/Unit/Livewire/Concerns/Data/PresentsManagersListTest.php::`PresentsManagersList Unit Tests` → `trait simplicity` → is minimal focused trait" line="0" assertions="1" time="0.011878"/>
      <testcase name="`PresentsManagersList Unit Tests` → `trait simplicity` → has no properties" class="Tests\Unit\Livewire\Concerns\Data\PresentsManagersListTest" classname="Tests.Unit.Livewire.Concerns.Data.PresentsManagersListTest" file="tests/Unit/Livewire/Concerns/Data/PresentsManagersListTest.php::`PresentsManagersList Unit Tests` → `trait simplicity` → has no properties" line="0" assertions="1" time="0.011419"/>
      <testcase name="`PresentsManagersList Unit Tests` → `livewire integration` → uses Livewire Computed attribute" class="Tests\Unit\Livewire\Concerns\Data\PresentsManagersListTest" classname="Tests.Unit.Livewire.Concerns.Data.PresentsManagersListTest" file="tests/Unit/Livewire/Concerns/Data/PresentsManagersListTest.php::`PresentsManagersList Unit Tests` → `livewire integration` → uses Livewire Computed attribute" line="0" assertions="1" time="0.012233"/>
      <testcase name="`PresentsManagersList Unit Tests` → `livewire integration` → enables caching for performance" class="Tests\Unit\Livewire\Concerns\Data\PresentsManagersListTest" classname="Tests.Unit.Livewire.Concerns.Data.PresentsManagersListTest" file="tests/Unit/Livewire/Concerns/Data/PresentsManagersListTest.php::`PresentsManagersList Unit Tests` → `livewire integration` → enables caching for performance" line="0" assertions="1" time="0.011947"/>
      <testcase name="`PresentsManagersList Unit Tests` → `livewire integration` → uses descriptive cache key" class="Tests\Unit\Livewire\Concerns\Data\PresentsManagersListTest" classname="Tests.Unit.Livewire.Concerns.Data.PresentsManagersListTest" file="tests/Unit/Livewire/Concerns/Data/PresentsManagersListTest.php::`PresentsManagersList Unit Tests` → `livewire integration` → uses descriptive cache key" line="0" assertions="1" time="0.011298"/>
      <testcase name="`PresentsManagersList Unit Tests` → `query optimization` → selects only required fields" class="Tests\Unit\Livewire\Concerns\Data\PresentsManagersListTest" classname="Tests.Unit.Livewire.Concerns.Data.PresentsManagersListTest" file="tests/Unit/Livewire/Concerns/Data/PresentsManagersListTest.php::`PresentsManagersList Unit Tests` → `query optimization` → selects only required fields" line="0" assertions="1" time="0.010900"/>
      <testcase name="`PresentsManagersList Unit Tests` → `query optimization` → uses efficient pluck method" class="Tests\Unit\Livewire\Concerns\Data\PresentsManagersListTest" classname="Tests.Unit.Livewire.Concerns.Data.PresentsManagersListTest" file="tests/Unit/Livewire/Concerns/Data/PresentsManagersListTest.php::`PresentsManagersList Unit Tests` → `query optimization` → uses efficient pluck method" line="0" assertions="1" time="0.010900"/>
      <testcase name="`PresentsManagersList Unit Tests` → `data presentation pattern` → follows data presentation trait pattern" class="Tests\Unit\Livewire\Concerns\Data\PresentsManagersListTest" classname="Tests.Unit.Livewire.Concerns.Data.PresentsManagersListTest" file="tests/Unit/Livewire/Concerns/Data/PresentsManagersListTest.php::`PresentsManagersList Unit Tests` → `data presentation pattern` → follows data presentation trait pattern" line="0" assertions="1" time="0.011692"/>
      <testcase name="`PresentsManagersList Unit Tests` → `data presentation pattern` → provides array output for dropdowns" class="Tests\Unit\Livewire\Concerns\Data\PresentsManagersListTest" classname="Tests.Unit.Livewire.Concerns.Data.PresentsManagersListTest" file="tests/Unit/Livewire/Concerns/Data/PresentsManagersListTest.php::`PresentsManagersList Unit Tests` → `data presentation pattern` → provides array output for dropdowns" line="0" assertions="1" time="0.011885"/>
    </testsuite>
    <testsuite name="Tests\Unit\Livewire\Concerns\Data\PresentsTitlesListTest" file="tests/Unit/Livewire/Concerns/Data/PresentsTitlesListTest.php" tests="14" assertions="20" errors="0" failures="0" skipped="0" time="0.183384">
      <testcase name="`PresentsTitlesList Unit Tests` → `trait structure` → is trait" class="Tests\Unit\Livewire\Concerns\Data\PresentsTitlesListTest" classname="Tests.Unit.Livewire.Concerns.Data.PresentsTitlesListTest" file="tests/Unit/Livewire/Concerns/Data/PresentsTitlesListTest.php::`PresentsTitlesList Unit Tests` → `trait structure` → is trait" line="0" assertions="1" time="0.012605"/>
      <testcase name="`PresentsTitlesList Unit Tests` → `trait structure` → is not abstract" class="Tests\Unit\Livewire\Concerns\Data\PresentsTitlesListTest" classname="Tests.Unit.Livewire.Concerns.Data.PresentsTitlesListTest" file="tests/Unit/Livewire/Concerns/Data/PresentsTitlesListTest.php::`PresentsTitlesList Unit Tests` → `trait structure` → is not abstract" line="0" assertions="1" time="0.012527"/>
      <testcase name="`PresentsTitlesList Unit Tests` → `method signatures` → has getTitles method" class="Tests\Unit\Livewire\Concerns\Data\PresentsTitlesListTest" classname="Tests.Unit.Livewire.Concerns.Data.PresentsTitlesListTest" file="tests/Unit/Livewire/Concerns/Data/PresentsTitlesListTest.php::`PresentsTitlesList Unit Tests` → `method signatures` → has getTitles method" line="0" assertions="4" time="0.011020"/>
      <testcase name="`PresentsTitlesList Unit Tests` → `method annotations` → getTitles has Computed attribute" class="Tests\Unit\Livewire\Concerns\Data\PresentsTitlesListTest" classname="Tests.Unit.Livewire.Concerns.Data.PresentsTitlesListTest" file="tests/Unit/Livewire/Concerns/Data/PresentsTitlesListTest.php::`PresentsTitlesList Unit Tests` → `method annotations` → getTitles has Computed attribute" line="0" assertions="2" time="0.016820"/>
      <testcase name="`PresentsTitlesList Unit Tests` → `namespace and naming` → uses correct namespace" class="Tests\Unit\Livewire\Concerns\Data\PresentsTitlesListTest" classname="Tests.Unit.Livewire.Concerns.Data.PresentsTitlesListTest" file="tests/Unit/Livewire/Concerns/Data/PresentsTitlesListTest.php::`PresentsTitlesList Unit Tests` → `namespace and naming` → uses correct namespace" line="0" assertions="1" time="0.011478"/>
      <testcase name="`PresentsTitlesList Unit Tests` → `namespace and naming` → follows trait naming convention" class="Tests\Unit\Livewire\Concerns\Data\PresentsTitlesListTest" classname="Tests.Unit.Livewire.Concerns.Data.PresentsTitlesListTest" file="tests/Unit/Livewire/Concerns/Data/PresentsTitlesListTest.php::`PresentsTitlesList Unit Tests` → `namespace and naming` → follows trait naming convention" line="0" assertions="1" time="0.010853"/>
      <testcase name="`PresentsTitlesList Unit Tests` → `dependency imports` → imports Title model" class="Tests\Unit\Livewire\Concerns\Data\PresentsTitlesListTest" classname="Tests.Unit.Livewire.Concerns.Data.PresentsTitlesListTest" file="tests/Unit/Livewire/Concerns/Data/PresentsTitlesListTest.php::`PresentsTitlesList Unit Tests` → `dependency imports` → imports Title model" line="0" assertions="1" time="0.010717"/>
      <testcase name="`PresentsTitlesList Unit Tests` → `dependency imports` → imports Computed attribute" class="Tests\Unit\Livewire\Concerns\Data\PresentsTitlesListTest" classname="Tests.Unit.Livewire.Concerns.Data.PresentsTitlesListTest" file="tests/Unit/Livewire/Concerns/Data/PresentsTitlesListTest.php::`PresentsTitlesList Unit Tests` → `dependency imports` → imports Computed attribute" line="0" assertions="1" time="0.011586"/>
      <testcase name="`PresentsTitlesList Unit Tests` → `trait method organization` → has single public method" class="Tests\Unit\Livewire\Concerns\Data\PresentsTitlesListTest" classname="Tests.Unit.Livewire.Concerns.Data.PresentsTitlesListTest" file="tests/Unit/Livewire/Concerns/Data/PresentsTitlesListTest.php::`PresentsTitlesList Unit Tests` → `trait method organization` → has single public method" line="0" assertions="3" time="0.013518"/>
      <testcase name="`PresentsTitlesList Unit Tests` → `trait simplicity` → is minimal focused trait" class="Tests\Unit\Livewire\Concerns\Data\PresentsTitlesListTest" classname="Tests.Unit.Livewire.Concerns.Data.PresentsTitlesListTest" file="tests/Unit/Livewire/Concerns/Data/PresentsTitlesListTest.php::`PresentsTitlesList Unit Tests` → `trait simplicity` → is minimal focused trait" line="0" assertions="1" time="0.016967"/>
      <testcase name="`PresentsTitlesList Unit Tests` → `trait simplicity` → has no properties" class="Tests\Unit\Livewire\Concerns\Data\PresentsTitlesListTest" classname="Tests.Unit.Livewire.Concerns.Data.PresentsTitlesListTest" file="tests/Unit/Livewire/Concerns/Data/PresentsTitlesListTest.php::`PresentsTitlesList Unit Tests` → `trait simplicity` → has no properties" line="0" assertions="1" time="0.011441"/>
      <testcase name="`PresentsTitlesList Unit Tests` → `data presentation pattern` → follows data presentation trait pattern" class="Tests\Unit\Livewire\Concerns\Data\PresentsTitlesListTest" classname="Tests.Unit.Livewire.Concerns.Data.PresentsTitlesListTest" file="tests/Unit/Livewire/Concerns/Data/PresentsTitlesListTest.php::`PresentsTitlesList Unit Tests` → `data presentation pattern` → follows data presentation trait pattern" line="0" assertions="1" time="0.014468"/>
      <testcase name="`PresentsTitlesList Unit Tests` → `data presentation pattern` → provides array output for dropdowns" class="Tests\Unit\Livewire\Concerns\Data\PresentsTitlesListTest" classname="Tests.Unit.Livewire.Concerns.Data.PresentsTitlesListTest" file="tests/Unit/Livewire/Concerns/Data/PresentsTitlesListTest.php::`PresentsTitlesList Unit Tests` → `data presentation pattern` → provides array output for dropdowns" line="0" assertions="1" time="0.017953"/>
      <testcase name="`PresentsTitlesList Unit Tests` → `livewire integration` → uses Livewire Computed attribute" class="Tests\Unit\Livewire\Concerns\Data\PresentsTitlesListTest" classname="Tests.Unit.Livewire.Concerns.Data.PresentsTitlesListTest" file="tests/Unit/Livewire/Concerns/Data/PresentsTitlesListTest.php::`PresentsTitlesList Unit Tests` → `livewire integration` → uses Livewire Computed attribute" line="0" assertions="1" time="0.011432"/>
    </testsuite>
    <testsuite name="Tests\Unit\Livewire\Concerns\GeneratesDummyDataTest" file="tests/Unit/Livewire/Concerns/GeneratesDummyDataTest.php" tests="22" assertions="120" errors="0" failures="0" skipped="0" time="0.288174">
      <testcase name="`GeneratesDummyData Unit Tests` → `trait structure` → is trait" class="Tests\Unit\Livewire\Concerns\GeneratesDummyDataTest" classname="Tests.Unit.Livewire.Concerns.GeneratesDummyDataTest" file="tests/Unit/Livewire/Concerns/GeneratesDummyDataTest.php::`GeneratesDummyData Unit Tests` → `trait structure` → is trait" line="0" assertions="1" time="0.015059"/>
      <testcase name="`GeneratesDummyData Unit Tests` → `trait structure` → is abstract due to abstract method" class="Tests\Unit\Livewire\Concerns\GeneratesDummyDataTest" classname="Tests.Unit.Livewire.Concerns.GeneratesDummyDataTest" file="tests/Unit/Livewire/Concerns/GeneratesDummyDataTest.php::`GeneratesDummyData Unit Tests` → `trait structure` → is abstract due to abstract method" line="0" assertions="1" time="0.015760"/>
      <testcase name="`GeneratesDummyData Unit Tests` → `trait structure` → has comprehensive documentation" class="Tests\Unit\Livewire\Concerns\GeneratesDummyDataTest" classname="Tests.Unit.Livewire.Concerns.GeneratesDummyDataTest" file="tests/Unit/Livewire/Concerns/GeneratesDummyDataTest.php::`GeneratesDummyData Unit Tests` → `trait structure` → has comprehensive documentation" line="0" assertions="4" time="0.012506"/>
      <testcase name="`GeneratesDummyData Unit Tests` → `public method signatures` → has fillDummyFields method" class="Tests\Unit\Livewire\Concerns\GeneratesDummyDataTest" classname="Tests.Unit.Livewire.Concerns.GeneratesDummyDataTest" file="tests/Unit/Livewire/Concerns/GeneratesDummyDataTest.php::`GeneratesDummyData Unit Tests` → `public method signatures` → has fillDummyFields method" line="0" assertions="4" time="0.012361"/>
      <testcase name="`GeneratesDummyData Unit Tests` → `private helper method signatures` → has populateField method" class="Tests\Unit\Livewire\Concerns\GeneratesDummyDataTest" classname="Tests.Unit.Livewire.Concerns.GeneratesDummyDataTest" file="tests/Unit/Livewire/Concerns/GeneratesDummyDataTest.php::`GeneratesDummyData Unit Tests` → `private helper method signatures` → has populateField method" line="0" assertions="8" time="0.013899"/>
      <testcase name="`GeneratesDummyData Unit Tests` → `private helper method signatures` → has strategy methods" class="Tests\Unit\Livewire\Concerns\GeneratesDummyDataTest" classname="Tests.Unit.Livewire.Concerns.GeneratesDummyDataTest" file="tests/Unit/Livewire/Concerns/GeneratesDummyDataTest.php::`GeneratesDummyData Unit Tests` → `private helper method signatures` → has strategy methods" line="0" assertions="24" time="0.014151"/>
      <testcase name="`GeneratesDummyData Unit Tests` → `protected generator method signatures` → has wrestling name generators" class="Tests\Unit\Livewire\Concerns\GeneratesDummyDataTest" classname="Tests.Unit.Livewire.Concerns.GeneratesDummyDataTest" file="tests/Unit/Livewire/Concerns/GeneratesDummyDataTest.php::`GeneratesDummyData Unit Tests` → `protected generator method signatures` → has wrestling name generators" line="0" assertions="8" time="0.011140"/>
      <testcase name="`GeneratesDummyData Unit Tests` → `protected generator method signatures` → has venue and title generators" class="Tests\Unit\Livewire\Concerns\GeneratesDummyDataTest" classname="Tests.Unit.Livewire.Concerns.GeneratesDummyDataTest" file="tests/Unit/Livewire/Concerns/GeneratesDummyDataTest.php::`GeneratesDummyData Unit Tests` → `protected generator method signatures` → has venue and title generators" line="0" assertions="8" time="0.010945"/>
      <testcase name="`GeneratesDummyData Unit Tests` → `protected generator method signatures` → has address and date generators" class="Tests\Unit\Livewire\Concerns\GeneratesDummyDataTest" classname="Tests.Unit.Livewire.Concerns.GeneratesDummyDataTest" file="tests/Unit/Livewire/Concerns/GeneratesDummyDataTest.php::`GeneratesDummyData Unit Tests` → `protected generator method signatures` → has address and date generators" line="0" assertions="9" time="0.010956"/>
      <testcase name="`GeneratesDummyData Unit Tests` → `abstract method requirements` → has getDummyDataFields abstract method" class="Tests\Unit\Livewire\Concerns\GeneratesDummyDataTest" classname="Tests.Unit.Livewire.Concerns.GeneratesDummyDataTest" file="tests/Unit/Livewire/Concerns/GeneratesDummyDataTest.php::`GeneratesDummyData Unit Tests` → `abstract method requirements` → has getDummyDataFields abstract method" line="0" assertions="5" time="0.011379"/>
      <testcase name="`GeneratesDummyData Unit Tests` → `namespace and naming` → uses correct namespace" class="Tests\Unit\Livewire\Concerns\GeneratesDummyDataTest" classname="Tests.Unit.Livewire.Concerns.GeneratesDummyDataTest" file="tests/Unit/Livewire/Concerns/GeneratesDummyDataTest.php::`GeneratesDummyData Unit Tests` → `namespace and naming` → uses correct namespace" line="0" assertions="1" time="0.021826"/>
      <testcase name="`GeneratesDummyData Unit Tests` → `namespace and naming` → follows trait naming convention" class="Tests\Unit\Livewire\Concerns\GeneratesDummyDataTest" classname="Tests.Unit.Livewire.Concerns.GeneratesDummyDataTest" file="tests/Unit/Livewire/Concerns/GeneratesDummyDataTest.php::`GeneratesDummyData Unit Tests` → `namespace and naming` → follows trait naming convention" line="0" assertions="1" time="0.016293"/>
      <testcase name="`GeneratesDummyData Unit Tests` → `dependency imports` → imports Throwable" class="Tests\Unit\Livewire\Concerns\GeneratesDummyDataTest" classname="Tests.Unit.Livewire.Concerns.GeneratesDummyDataTest" file="tests/Unit/Livewire/Concerns/GeneratesDummyDataTest.php::`GeneratesDummyData Unit Tests` → `dependency imports` → imports Throwable" line="0" assertions="1" time="0.012993"/>
      <testcase name="`GeneratesDummyData Unit Tests` → `method documentation` → methods have comprehensive documentation" class="Tests\Unit\Livewire\Concerns\GeneratesDummyDataTest" classname="Tests.Unit.Livewire.Concerns.GeneratesDummyDataTest" file="tests/Unit/Livewire/Concerns/GeneratesDummyDataTest.php::`GeneratesDummyData Unit Tests` → `method documentation` → methods have comprehensive documentation" line="0" assertions="18" time="0.011913"/>
      <testcase name="`GeneratesDummyData Unit Tests` → `method documentation` → generator methods have example outputs" class="Tests\Unit\Livewire\Concerns\GeneratesDummyDataTest" classname="Tests.Unit.Livewire.Concerns.GeneratesDummyDataTest" file="tests/Unit/Livewire/Concerns/GeneratesDummyDataTest.php::`GeneratesDummyData Unit Tests` → `method documentation` → generator methods have example outputs" line="0" assertions="8" time="0.015907"/>
      <testcase name="`GeneratesDummyData Unit Tests` → `trait method organization` → has correct method visibility distribution" class="Tests\Unit\Livewire\Concerns\GeneratesDummyDataTest" classname="Tests.Unit.Livewire.Concerns.GeneratesDummyDataTest" file="tests/Unit/Livewire/Concerns/GeneratesDummyDataTest.php::`GeneratesDummyData Unit Tests` → `trait method organization` → has correct method visibility distribution" line="0" assertions="3" time="0.011302"/>
      <testcase name="`GeneratesDummyData Unit Tests` → `trait method organization` → has no properties" class="Tests\Unit\Livewire\Concerns\GeneratesDummyDataTest" classname="Tests.Unit.Livewire.Concerns.GeneratesDummyDataTest" file="tests/Unit/Livewire/Concerns/GeneratesDummyDataTest.php::`GeneratesDummyData Unit Tests` → `trait method organization` → has no properties" line="0" assertions="1" time="0.011259"/>
      <testcase name="`GeneratesDummyData Unit Tests` → `population strategy pattern` → implements multiple population strategies" class="Tests\Unit\Livewire\Concerns\GeneratesDummyDataTest" classname="Tests.Unit.Livewire.Concerns.GeneratesDummyDataTest" file="tests/Unit/Livewire/Concerns/GeneratesDummyDataTest.php::`GeneratesDummyData Unit Tests` → `population strategy pattern` → implements multiple population strategies" line="0" assertions="3" time="0.011010"/>
      <testcase name="`GeneratesDummyData Unit Tests` → `population strategy pattern` → uses graceful degradation" class="Tests\Unit\Livewire\Concerns\GeneratesDummyDataTest" classname="Tests.Unit.Livewire.Concerns.GeneratesDummyDataTest" file="tests/Unit/Livewire/Concerns/GeneratesDummyDataTest.php::`GeneratesDummyData Unit Tests` → `population strategy pattern` → uses graceful degradation" line="0" assertions="2" time="0.011380"/>
      <testcase name="`GeneratesDummyData Unit Tests` → `generator method parameters` → generateFutureDate has proper parameters" class="Tests\Unit\Livewire\Concerns\GeneratesDummyDataTest" classname="Tests.Unit.Livewire.Concerns.GeneratesDummyDataTest" file="tests/Unit/Livewire/Concerns/GeneratesDummyDataTest.php::`GeneratesDummyData Unit Tests` → `generator method parameters` → generateFutureDate has proper parameters" line="0" assertions="8" time="0.011918"/>
      <testcase name="`GeneratesDummyData Unit Tests` → `return type annotations` → getDummyDataFields has proper return type annotation" class="Tests\Unit\Livewire\Concerns\GeneratesDummyDataTest" classname="Tests.Unit.Livewire.Concerns.GeneratesDummyDataTest" file="tests/Unit/Livewire/Concerns/GeneratesDummyDataTest.php::`GeneratesDummyData Unit Tests` → `return type annotations` → getDummyDataFields has proper return type annotation" line="0" assertions="1" time="0.013005"/>
      <testcase name="`GeneratesDummyData Unit Tests` → `return type annotations` → generateUSAddress has proper return type annotation" class="Tests\Unit\Livewire\Concerns\GeneratesDummyDataTest" classname="Tests.Unit.Livewire.Concerns.GeneratesDummyDataTest" file="tests/Unit/Livewire/Concerns/GeneratesDummyDataTest.php::`GeneratesDummyData Unit Tests` → `return type annotations` → generateUSAddress has proper return type annotation" line="0" assertions="1" time="0.011212"/>
    </testsuite>
    <testsuite name="Tests\Unit\Livewire\Concerns\ManagesActivityPeriodsTest" file="tests/Unit/Livewire/Concerns/ManagesActivityPeriodsTest.php" tests="20" assertions="34" errors="0" failures="0" skipped="0" time="0.250426">
      <testcase name="`ManagesActivityPeriods Unit Tests` → `trait structure` → is trait" class="Tests\Unit\Livewire\Concerns\ManagesActivityPeriodsTest" classname="Tests.Unit.Livewire.Concerns.ManagesActivityPeriodsTest" file="tests/Unit/Livewire/Concerns/ManagesActivityPeriodsTest.php::`ManagesActivityPeriods Unit Tests` → `trait structure` → is trait" line="0" assertions="1" time="0.011050"/>
      <testcase name="`ManagesActivityPeriods Unit Tests` → `trait structure` → is not abstract" class="Tests\Unit\Livewire\Concerns\ManagesActivityPeriodsTest" classname="Tests.Unit.Livewire.Concerns.ManagesActivityPeriodsTest" file="tests/Unit/Livewire/Concerns/ManagesActivityPeriodsTest.php::`ManagesActivityPeriods Unit Tests` → `trait structure` → is not abstract" line="0" assertions="1" time="0.013065"/>
      <testcase name="`ManagesActivityPeriods Unit Tests` → `trait structure` → has comprehensive documentation" class="Tests\Unit\Livewire\Concerns\ManagesActivityPeriodsTest" classname="Tests.Unit.Livewire.Concerns.ManagesActivityPeriodsTest" file="tests/Unit/Livewire/Concerns/ManagesActivityPeriodsTest.php::`ManagesActivityPeriods Unit Tests` → `trait structure` → has comprehensive documentation" line="0" assertions="5" time="0.011125"/>
      <testcase name="`ManagesActivityPeriods Unit Tests` → `method signatures` → has handleActivityPeriodCreation method" class="Tests\Unit\Livewire\Concerns\ManagesActivityPeriodsTest" classname="Tests.Unit.Livewire.Concerns.ManagesActivityPeriodsTest" file="tests/Unit/Livewire/Concerns/ManagesActivityPeriodsTest.php::`ManagesActivityPeriods Unit Tests` → `method signatures` → has handleActivityPeriodCreation method" line="0" assertions="4" time="0.010620"/>
      <testcase name="`ManagesActivityPeriods Unit Tests` → `method documentation` → handleActivityPeriodCreation has comprehensive documentation" class="Tests\Unit\Livewire\Concerns\ManagesActivityPeriodsTest" classname="Tests.Unit.Livewire.Concerns.ManagesActivityPeriodsTest" file="tests/Unit/Livewire/Concerns/ManagesActivityPeriodsTest.php::`ManagesActivityPeriods Unit Tests` → `method documentation` → handleActivityPeriodCreation has comprehensive documentation" line="0" assertions="4" time="0.010587"/>
      <testcase name="`ManagesActivityPeriods Unit Tests` → `namespace and naming` → uses correct namespace" class="Tests\Unit\Livewire\Concerns\ManagesActivityPeriodsTest" classname="Tests.Unit.Livewire.Concerns.ManagesActivityPeriodsTest" file="tests/Unit/Livewire/Concerns/ManagesActivityPeriodsTest.php::`ManagesActivityPeriods Unit Tests` → `namespace and naming` → uses correct namespace" line="0" assertions="1" time="0.012115"/>
      <testcase name="`ManagesActivityPeriods Unit Tests` → `namespace and naming` → follows trait naming convention" class="Tests\Unit\Livewire\Concerns\ManagesActivityPeriodsTest" classname="Tests.Unit.Livewire.Concerns.ManagesActivityPeriodsTest" file="tests/Unit/Livewire/Concerns/ManagesActivityPeriodsTest.php::`ManagesActivityPeriods Unit Tests` → `namespace and naming` → follows trait naming convention" line="0" assertions="1" time="0.014530"/>
      <testcase name="`ManagesActivityPeriods Unit Tests` → `dependency imports` → imports QueryException" class="Tests\Unit\Livewire\Concerns\ManagesActivityPeriodsTest" classname="Tests.Unit.Livewire.Concerns.ManagesActivityPeriodsTest" file="tests/Unit/Livewire/Concerns/ManagesActivityPeriodsTest.php::`ManagesActivityPeriods Unit Tests` → `dependency imports` → imports QueryException" line="0" assertions="1" time="0.011086"/>
      <testcase name="`ManagesActivityPeriods Unit Tests` → `method implementation structure` → handleActivityPeriodCreation contains expected logic" class="Tests\Unit\Livewire\Concerns\ManagesActivityPeriodsTest" classname="Tests.Unit.Livewire.Concerns.ManagesActivityPeriodsTest" file="tests/Unit/Livewire/Concerns/ManagesActivityPeriodsTest.php::`ManagesActivityPeriods Unit Tests` → `method implementation structure` → handleActivityPeriodCreation contains expected logic" line="0" assertions="3" time="0.013743"/>
      <testcase name="`ManagesActivityPeriods Unit Tests` → `trait dependencies` → expects start_date property" class="Tests\Unit\Livewire\Concerns\ManagesActivityPeriodsTest" classname="Tests.Unit.Livewire.Concerns.ManagesActivityPeriodsTest" file="tests/Unit/Livewire/Concerns/ManagesActivityPeriodsTest.php::`ManagesActivityPeriods Unit Tests` → `trait dependencies` → expects start_date property" line="0" assertions="1" time="0.012242"/>
      <testcase name="`ManagesActivityPeriods Unit Tests` → `trait dependencies` → expects formModel property" class="Tests\Unit\Livewire\Concerns\ManagesActivityPeriodsTest" classname="Tests.Unit.Livewire.Concerns.ManagesActivityPeriodsTest" file="tests/Unit/Livewire/Concerns/ManagesActivityPeriodsTest.php::`ManagesActivityPeriods Unit Tests` → `trait dependencies` → expects formModel property" line="0" assertions="1" time="0.013446"/>
      <testcase name="`ManagesActivityPeriods Unit Tests` → `trait method organization` → has single protected method" class="Tests\Unit\Livewire\Concerns\ManagesActivityPeriodsTest" classname="Tests.Unit.Livewire.Concerns.ManagesActivityPeriodsTest" file="tests/Unit/Livewire/Concerns/ManagesActivityPeriodsTest.php::`ManagesActivityPeriods Unit Tests` → `trait method organization` → has single protected method" line="0" assertions="3" time="0.014003"/>
      <testcase name="`ManagesActivityPeriods Unit Tests` → `trait method organization` → has no public methods" class="Tests\Unit\Livewire\Concerns\ManagesActivityPeriodsTest" classname="Tests.Unit.Livewire.Concerns.ManagesActivityPeriodsTest" file="tests/Unit/Livewire/Concerns/ManagesActivityPeriodsTest.php::`ManagesActivityPeriods Unit Tests` → `trait method organization` → has no public methods" line="0" assertions="1" time="0.014214"/>
      <testcase name="`ManagesActivityPeriods Unit Tests` → `trait method organization` → has no private methods" class="Tests\Unit\Livewire\Concerns\ManagesActivityPeriodsTest" classname="Tests.Unit.Livewire.Concerns.ManagesActivityPeriodsTest" file="tests/Unit/Livewire/Concerns/ManagesActivityPeriodsTest.php::`ManagesActivityPeriods Unit Tests` → `trait method organization` → has no private methods" line="0" assertions="1" time="0.017083"/>
      <testcase name="`ManagesActivityPeriods Unit Tests` → `trait simplicity` → is minimal focused trait" class="Tests\Unit\Livewire\Concerns\ManagesActivityPeriodsTest" classname="Tests.Unit.Livewire.Concerns.ManagesActivityPeriodsTest" file="tests/Unit/Livewire/Concerns/ManagesActivityPeriodsTest.php::`ManagesActivityPeriods Unit Tests` → `trait simplicity` → is minimal focused trait" line="0" assertions="1" time="0.013447"/>
      <testcase name="`ManagesActivityPeriods Unit Tests` → `trait simplicity` → has no properties" class="Tests\Unit\Livewire\Concerns\ManagesActivityPeriodsTest" classname="Tests.Unit.Livewire.Concerns.ManagesActivityPeriodsTest" file="tests/Unit/Livewire/Concerns/ManagesActivityPeriodsTest.php::`ManagesActivityPeriods Unit Tests` → `trait simplicity` → has no properties" line="0" assertions="1" time="0.012538"/>
      <testcase name="`ManagesActivityPeriods Unit Tests` → `activity period creation pattern` → uses conditional activity period creation" class="Tests\Unit\Livewire\Concerns\ManagesActivityPeriodsTest" classname="Tests.Unit.Livewire.Concerns.ManagesActivityPeriodsTest" file="tests/Unit/Livewire/Concerns/ManagesActivityPeriodsTest.php::`ManagesActivityPeriods Unit Tests` → `activity period creation pattern` → uses conditional activity period creation" line="0" assertions="1" time="0.010914"/>
      <testcase name="`ManagesActivityPeriods Unit Tests` → `activity period creation pattern` → creates activity period with started_at field" class="Tests\Unit\Livewire\Concerns\ManagesActivityPeriodsTest" classname="Tests.Unit.Livewire.Concerns.ManagesActivityPeriodsTest" file="tests/Unit/Livewire/Concerns/ManagesActivityPeriodsTest.php::`ManagesActivityPeriods Unit Tests` → `activity period creation pattern` → creates activity period with started_at field" line="0" assertions="1" time="0.010723"/>
      <testcase name="`ManagesActivityPeriods Unit Tests` → `activity period creation pattern` → uses activityPeriods relationship" class="Tests\Unit\Livewire\Concerns\ManagesActivityPeriodsTest" classname="Tests.Unit.Livewire.Concerns.ManagesActivityPeriodsTest" file="tests/Unit/Livewire/Concerns/ManagesActivityPeriodsTest.php::`ManagesActivityPeriods Unit Tests` → `activity period creation pattern` → uses activityPeriods relationship" line="0" assertions="1" time="0.011445"/>
      <testcase name="`ManagesActivityPeriods Unit Tests` → `exception handling` → documents QueryException throwing" class="Tests\Unit\Livewire\Concerns\ManagesActivityPeriodsTest" classname="Tests.Unit.Livewire.Concerns.ManagesActivityPeriodsTest" file="tests/Unit/Livewire/Concerns/ManagesActivityPeriodsTest.php::`ManagesActivityPeriods Unit Tests` → `exception handling` → documents QueryException throwing" line="0" assertions="1" time="0.012450"/>
    </testsuite>
    <testsuite name="Tests\Unit\Livewire\Concerns\ManagesEmploymentTest" file="tests/Unit/Livewire/Concerns/ManagesEmploymentTest.php" tests="15" assertions="22" errors="0" failures="0" skipped="0" time="0.189828">
      <testcase name="`ManagesEmployment Unit Tests` → `trait structure` → is trait" class="Tests\Unit\Livewire\Concerns\ManagesEmploymentTest" classname="Tests.Unit.Livewire.Concerns.ManagesEmploymentTest" file="tests/Unit/Livewire/Concerns/ManagesEmploymentTest.php::`ManagesEmployment Unit Tests` → `trait structure` → is trait" line="0" assertions="1" time="0.014604"/>
      <testcase name="`ManagesEmployment Unit Tests` → `trait structure` → is not abstract" class="Tests\Unit\Livewire\Concerns\ManagesEmploymentTest" classname="Tests.Unit.Livewire.Concerns.ManagesEmploymentTest" file="tests/Unit/Livewire/Concerns/ManagesEmploymentTest.php::`ManagesEmployment Unit Tests` → `trait structure` → is not abstract" line="0" assertions="1" time="0.015877"/>
      <testcase name="`ManagesEmployment Unit Tests` → `method signatures` → has handleEmploymentCreation method" class="Tests\Unit\Livewire\Concerns\ManagesEmploymentTest" classname="Tests.Unit.Livewire.Concerns.ManagesEmploymentTest" file="tests/Unit/Livewire/Concerns/ManagesEmploymentTest.php::`ManagesEmployment Unit Tests` → `method signatures` → has handleEmploymentCreation method" line="0" assertions="4" time="0.011192"/>
      <testcase name="`ManagesEmployment Unit Tests` → `namespace and naming` → uses correct namespace" class="Tests\Unit\Livewire\Concerns\ManagesEmploymentTest" classname="Tests.Unit.Livewire.Concerns.ManagesEmploymentTest" file="tests/Unit/Livewire/Concerns/ManagesEmploymentTest.php::`ManagesEmployment Unit Tests` → `namespace and naming` → uses correct namespace" line="0" assertions="1" time="0.013555"/>
      <testcase name="`ManagesEmployment Unit Tests` → `namespace and naming` → follows trait naming convention" class="Tests\Unit\Livewire\Concerns\ManagesEmploymentTest" classname="Tests.Unit.Livewire.Concerns.ManagesEmploymentTest" file="tests/Unit/Livewire/Concerns/ManagesEmploymentTest.php::`ManagesEmployment Unit Tests` → `namespace and naming` → follows trait naming convention" line="0" assertions="1" time="0.012771"/>
      <testcase name="`ManagesEmployment Unit Tests` → `method implementation structure` → handleEmploymentCreation contains expected logic" class="Tests\Unit\Livewire\Concerns\ManagesEmploymentTest" classname="Tests.Unit.Livewire.Concerns.ManagesEmploymentTest" file="tests/Unit/Livewire/Concerns/ManagesEmploymentTest.php::`ManagesEmployment Unit Tests` → `method implementation structure` → handleEmploymentCreation contains expected logic" line="0" assertions="3" time="0.013176"/>
      <testcase name="`ManagesEmployment Unit Tests` → `trait dependencies` → expects employment_date property" class="Tests\Unit\Livewire\Concerns\ManagesEmploymentTest" classname="Tests.Unit.Livewire.Concerns.ManagesEmploymentTest" file="tests/Unit/Livewire/Concerns/ManagesEmploymentTest.php::`ManagesEmployment Unit Tests` → `trait dependencies` → expects employment_date property" line="0" assertions="1" time="0.011426"/>
      <testcase name="`ManagesEmployment Unit Tests` → `trait dependencies` → expects formModel property" class="Tests\Unit\Livewire\Concerns\ManagesEmploymentTest" classname="Tests.Unit.Livewire.Concerns.ManagesEmploymentTest" file="tests/Unit/Livewire/Concerns/ManagesEmploymentTest.php::`ManagesEmployment Unit Tests` → `trait dependencies` → expects formModel property" line="0" assertions="1" time="0.011860"/>
      <testcase name="`ManagesEmployment Unit Tests` → `trait method organization` → has single protected method" class="Tests\Unit\Livewire\Concerns\ManagesEmploymentTest" classname="Tests.Unit.Livewire.Concerns.ManagesEmploymentTest" file="tests/Unit/Livewire/Concerns/ManagesEmploymentTest.php::`ManagesEmployment Unit Tests` → `trait method organization` → has single protected method" line="0" assertions="3" time="0.012084"/>
      <testcase name="`ManagesEmployment Unit Tests` → `trait method organization` → has no public methods" class="Tests\Unit\Livewire\Concerns\ManagesEmploymentTest" classname="Tests.Unit.Livewire.Concerns.ManagesEmploymentTest" file="tests/Unit/Livewire/Concerns/ManagesEmploymentTest.php::`ManagesEmployment Unit Tests` → `trait method organization` → has no public methods" line="0" assertions="1" time="0.012387"/>
      <testcase name="`ManagesEmployment Unit Tests` → `trait method organization` → has no private methods" class="Tests\Unit\Livewire\Concerns\ManagesEmploymentTest" classname="Tests.Unit.Livewire.Concerns.ManagesEmploymentTest" file="tests/Unit/Livewire/Concerns/ManagesEmploymentTest.php::`ManagesEmployment Unit Tests` → `trait method organization` → has no private methods" line="0" assertions="1" time="0.013902"/>
      <testcase name="`ManagesEmployment Unit Tests` → `trait simplicity` → is minimal focused trait" class="Tests\Unit\Livewire\Concerns\ManagesEmploymentTest" classname="Tests.Unit.Livewire.Concerns.ManagesEmploymentTest" file="tests/Unit/Livewire/Concerns/ManagesEmploymentTest.php::`ManagesEmployment Unit Tests` → `trait simplicity` → is minimal focused trait" line="0" assertions="1" time="0.011834"/>
      <testcase name="`ManagesEmployment Unit Tests` → `trait simplicity` → has no properties" class="Tests\Unit\Livewire\Concerns\ManagesEmploymentTest" classname="Tests.Unit.Livewire.Concerns.ManagesEmploymentTest" file="tests/Unit/Livewire/Concerns/ManagesEmploymentTest.php::`ManagesEmployment Unit Tests` → `trait simplicity` → has no properties" line="0" assertions="1" time="0.010710"/>
      <testcase name="`ManagesEmployment Unit Tests` → `employment creation pattern` → uses conditional employment creation" class="Tests\Unit\Livewire\Concerns\ManagesEmploymentTest" classname="Tests.Unit.Livewire.Concerns.ManagesEmploymentTest" file="tests/Unit/Livewire/Concerns/ManagesEmploymentTest.php::`ManagesEmployment Unit Tests` → `employment creation pattern` → uses conditional employment creation" line="0" assertions="1" time="0.011781"/>
      <testcase name="`ManagesEmployment Unit Tests` → `employment creation pattern` → creates employment with started_at field" class="Tests\Unit\Livewire\Concerns\ManagesEmploymentTest" classname="Tests.Unit.Livewire.Concerns.ManagesEmploymentTest" file="tests/Unit/Livewire/Concerns/ManagesEmploymentTest.php::`ManagesEmployment Unit Tests` → `employment creation pattern` → creates employment with started_at field" line="0" assertions="1" time="0.012668"/>
    </testsuite>
    <testsuite name="Tests\Unit\Livewire\Concerns\ShowTableTraitTest" file="tests/Unit/Livewire/Concerns/ShowTableTraitTest.php" tests="13" assertions="33" errors="0" failures="0" skipped="0" time="0.16125">
      <testcase name="`ShowTableTrait Unit Tests` → `trait structure` → is trait" class="Tests\Unit\Livewire\Concerns\ShowTableTraitTest" classname="Tests.Unit.Livewire.Concerns.ShowTableTraitTest" file="tests/Unit/Livewire/Concerns/ShowTableTraitTest.php::`ShowTableTrait Unit Tests` → `trait structure` → is trait" line="0" assertions="1" time="0.011398"/>
      <testcase name="`ShowTableTrait Unit Tests` → `trait structure` → is not abstract" class="Tests\Unit\Livewire\Concerns\ShowTableTraitTest" classname="Tests.Unit.Livewire.Concerns.ShowTableTraitTest" file="tests/Unit/Livewire/Concerns/ShowTableTraitTest.php::`ShowTableTrait Unit Tests` → `trait structure` → is not abstract" line="0" assertions="1" time="0.014195"/>
      <testcase name="`ShowTableTrait Unit Tests` → `method signatures` → has configuringShowTableTrait method" class="Tests\Unit\Livewire\Concerns\ShowTableTraitTest" classname="Tests.Unit.Livewire.Concerns.ShowTableTraitTest" file="tests/Unit/Livewire/Concerns/ShowTableTraitTest.php::`ShowTableTrait Unit Tests` → `method signatures` → has configuringShowTableTrait method" line="0" assertions="4" time="0.011814"/>
      <testcase name="`ShowTableTrait Unit Tests` → `namespace and naming` → uses correct namespace" class="Tests\Unit\Livewire\Concerns\ShowTableTraitTest" classname="Tests.Unit.Livewire.Concerns.ShowTableTraitTest" file="tests/Unit/Livewire/Concerns/ShowTableTraitTest.php::`ShowTableTrait Unit Tests` → `namespace and naming` → uses correct namespace" line="0" assertions="1" time="0.011761"/>
      <testcase name="`ShowTableTrait Unit Tests` → `namespace and naming` → follows trait naming convention" class="Tests\Unit\Livewire\Concerns\ShowTableTraitTest" classname="Tests.Unit.Livewire.Concerns.ShowTableTraitTest" file="tests/Unit/Livewire/Concerns/ShowTableTraitTest.php::`ShowTableTrait Unit Tests` → `namespace and naming` → follows trait naming convention" line="0" assertions="1" time="0.015344"/>
      <testcase name="`ShowTableTrait Unit Tests` → `method implementation structure` → configuringShowTableTrait contains expected method calls" class="Tests\Unit\Livewire\Concerns\ShowTableTraitTest" classname="Tests.Unit.Livewire.Concerns.ShowTableTraitTest" file="tests/Unit/Livewire/Concerns/ShowTableTraitTest.php::`ShowTableTrait Unit Tests` → `method implementation structure` → configuringShowTableTrait contains expected method calls" line="0" assertions="8" time="0.012737"/>
      <testcase name="`ShowTableTrait Unit Tests` → `configuration pattern` → uses fluent interface pattern" class="Tests\Unit\Livewire\Concerns\ShowTableTraitTest" classname="Tests.Unit.Livewire.Concerns.ShowTableTraitTest" file="tests/Unit/Livewire/Concerns/ShowTableTraitTest.php::`ShowTableTrait Unit Tests` → `configuration pattern` → uses fluent interface pattern" line="0" assertions="4" time="0.013726"/>
      <testcase name="`ShowTableTrait Unit Tests` → `configuration pattern` → references expected properties" class="Tests\Unit\Livewire\Concerns\ShowTableTraitTest" classname="Tests.Unit.Livewire.Concerns.ShowTableTraitTest" file="tests/Unit/Livewire/Concerns/ShowTableTraitTest.php::`ShowTableTrait Unit Tests` → `configuration pattern` → references expected properties" line="0" assertions="2" time="0.012322"/>
      <testcase name="`ShowTableTrait Unit Tests` → `laravel livewire tables integration` → follows Laravel Livewire Tables configuration pattern" class="Tests\Unit\Livewire\Concerns\ShowTableTraitTest" classname="Tests.Unit.Livewire.Concerns.ShowTableTraitTest" file="tests/Unit/Livewire/Concerns/ShowTableTraitTest.php::`ShowTableTrait Unit Tests` → `laravel livewire tables integration` → follows Laravel Livewire Tables configuration pattern" line="0" assertions="6" time="0.011120"/>
      <testcase name="`ShowTableTrait Unit Tests` → `trait method organization` → has single public configuration method" class="Tests\Unit\Livewire\Concerns\ShowTableTraitTest" classname="Tests.Unit.Livewire.Concerns.ShowTableTraitTest" file="tests/Unit/Livewire/Concerns/ShowTableTraitTest.php::`ShowTableTrait Unit Tests` → `trait method organization` → has single public configuration method" line="0" assertions="2" time="0.011103"/>
      <testcase name="`ShowTableTrait Unit Tests` → `trait method organization` → has no private methods" class="Tests\Unit\Livewire\Concerns\ShowTableTraitTest" classname="Tests.Unit.Livewire.Concerns.ShowTableTraitTest" file="tests/Unit/Livewire/Concerns/ShowTableTraitTest.php::`ShowTableTrait Unit Tests` → `trait method organization` → has no private methods" line="0" assertions="1" time="0.011050"/>
      <testcase name="`ShowTableTrait Unit Tests` → `trait simplicity` → is minimal focused trait" class="Tests\Unit\Livewire\Concerns\ShowTableTraitTest" classname="Tests.Unit.Livewire.Concerns.ShowTableTraitTest" file="tests/Unit/Livewire/Concerns/ShowTableTraitTest.php::`ShowTableTrait Unit Tests` → `trait simplicity` → is minimal focused trait" line="0" assertions="1" time="0.013381"/>
      <testcase name="`ShowTableTrait Unit Tests` → `trait simplicity` → has no properties" class="Tests\Unit\Livewire\Concerns\ShowTableTraitTest" classname="Tests.Unit.Livewire.Concerns.ShowTableTraitTest" file="tests/Unit/Livewire/Concerns/ShowTableTraitTest.php::`ShowTableTrait Unit Tests` → `trait simplicity` → has no properties" line="0" assertions="1" time="0.011301"/>
    </testsuite>
    <testsuite name="Tests\Unit\Models\Concerns\BelongsToUserTest" file="tests/Unit/Models/Concerns/BelongsToUserTest.php" tests="4" assertions="4" errors="0" failures="0" skipped="0" time="0.049873">
      <testcase name="`BelongsToUser Trait Unit Tests` → `user relationship` → provides user relationship" class="Tests\Unit\Models\Concerns\BelongsToUserTest" classname="Tests.Unit.Models.Concerns.BelongsToUserTest" file="tests/Unit/Models/Concerns/BelongsToUserTest.php::`BelongsToUser Trait Unit Tests` → `user relationship` → provides user relationship" line="0" assertions="1" time="0.012582"/>
      <testcase name="`BelongsToUser Trait Unit Tests` → `user relationship` → user relationship uses correct foreign key" class="Tests\Unit\Models\Concerns\BelongsToUserTest" classname="Tests.Unit.Models.Concerns.BelongsToUserTest" file="tests/Unit/Models/Concerns/BelongsToUserTest.php::`BelongsToUser Trait Unit Tests` → `user relationship` → user relationship uses correct foreign key" line="0" assertions="1" time="0.011391"/>
      <testcase name="`BelongsToUser Trait Unit Tests` → `user relationship` → user relationship uses correct related model" class="Tests\Unit\Models\Concerns\BelongsToUserTest" classname="Tests.Unit.Models.Concerns.BelongsToUserTest" file="tests/Unit/Models/Concerns/BelongsToUserTest.php::`BelongsToUser Trait Unit Tests` → `user relationship` → user relationship uses correct related model" line="0" assertions="1" time="0.013339"/>
      <testcase name="`BelongsToUser Trait Unit Tests` → `user relationship` → user relationship returns BelongsTo type" class="Tests\Unit\Models\Concerns\BelongsToUserTest" classname="Tests.Unit.Models.Concerns.BelongsToUserTest" file="tests/Unit/Models/Concerns/BelongsToUserTest.php::`BelongsToUser Trait Unit Tests` → `user relationship` → user relationship returns BelongsTo type" line="0" assertions="1" time="0.012562"/>
    </testsuite>
    <testsuite name="Tests\Unit\Models\Concerns\CanBeManagedTest" file="tests/Unit/Models/Concerns/CanBeManagedTest.php" tests="9" assertions="13" errors="0" failures="0" skipped="0" time="0.125174">
      <testcase name="`CanBeManaged Trait Unit Tests` → `manager relationships` → provides managers relationship" class="Tests\Unit\Models\Concerns\CanBeManagedTest" classname="Tests.Unit.Models.Concerns.CanBeManagedTest" file="tests/Unit/Models/Concerns/CanBeManagedTest.php::`CanBeManaged Trait Unit Tests` → `manager relationships` → provides managers relationship" line="0" assertions="1" time="0.012306"/>
      <testcase name="`CanBeManaged Trait Unit Tests` → `manager relationships` → provides currentManagers relationship" class="Tests\Unit\Models\Concerns\CanBeManagedTest" classname="Tests.Unit.Models.Concerns.CanBeManagedTest" file="tests/Unit/Models/Concerns/CanBeManagedTest.php::`CanBeManaged Trait Unit Tests` → `manager relationships` → provides currentManagers relationship" line="0" assertions="1" time="0.011503"/>
      <testcase name="`CanBeManaged Trait Unit Tests` → `manager relationships` → provides previousManagers relationship" class="Tests\Unit\Models\Concerns\CanBeManagedTest" classname="Tests.Unit.Models.Concerns.CanBeManagedTest" file="tests/Unit/Models/Concerns/CanBeManagedTest.php::`CanBeManaged Trait Unit Tests` → `manager relationships` → provides previousManagers relationship" line="0" assertions="1" time="0.016740"/>
      <testcase name="`CanBeManaged Trait Unit Tests` → `manager pivot model resolution` → can fake manager pivot model class" class="Tests\Unit\Models\Concerns\CanBeManagedTest" classname="Tests.Unit.Models.Concerns.CanBeManagedTest" file="tests/Unit/Models/Concerns/CanBeManagedTest.php::`CanBeManaged Trait Unit Tests` → `manager pivot model resolution` → can fake manager pivot model class" line="0" assertions="1" time="0.015069"/>
      <testcase name="`CanBeManaged Trait Unit Tests` → `manager pivot table naming` → generates correct pivot table name" class="Tests\Unit\Models\Concerns\CanBeManagedTest" classname="Tests.Unit.Models.Concerns.CanBeManagedTest" file="tests/Unit/Models/Concerns/CanBeManagedTest.php::`CanBeManaged Trait Unit Tests` → `manager pivot table naming` → generates correct pivot table name" line="0" assertions="2" time="0.013024"/>
      <testcase name="`CanBeManaged Trait Unit Tests` → `manager relationship queries` → managers relationship includes pivot data" class="Tests\Unit\Models\Concerns\CanBeManagedTest" classname="Tests.Unit.Models.Concerns.CanBeManagedTest" file="tests/Unit/Models/Concerns/CanBeManagedTest.php::`CanBeManaged Trait Unit Tests` → `manager relationship queries` → managers relationship includes pivot data" line="0" assertions="2" time="0.014914"/>
      <testcase name="`CanBeManaged Trait Unit Tests` → `manager relationship queries` → currentManagers relationship includes wherePivotNull constraint" class="Tests\Unit\Models\Concerns\CanBeManagedTest" classname="Tests.Unit.Models.Concerns.CanBeManagedTest" file="tests/Unit/Models/Concerns/CanBeManagedTest.php::`CanBeManaged Trait Unit Tests` → `manager relationship queries` → currentManagers relationship includes wherePivotNull constraint" line="0" assertions="1" time="0.012224"/>
      <testcase name="`CanBeManaged Trait Unit Tests` → `manager relationship queries` → previousManagers relationship includes wherePivotNotNull constraint" class="Tests\Unit\Models\Concerns\CanBeManagedTest" classname="Tests.Unit.Models.Concerns.CanBeManagedTest" file="tests/Unit/Models/Concerns/CanBeManagedTest.php::`CanBeManaged Trait Unit Tests` → `manager relationship queries` → previousManagers relationship includes wherePivotNotNull constraint" line="0" assertions="1" time="0.017446"/>
      <testcase name="`CanBeManaged Trait Unit Tests` → `manager relationship queries` → all manager relationships use timestamps" class="Tests\Unit\Models\Concerns\CanBeManagedTest" classname="Tests.Unit.Models.Concerns.CanBeManagedTest" file="tests/Unit/Models/Concerns/CanBeManagedTest.php::`CanBeManaged Trait Unit Tests` → `manager relationship queries` → all manager relationships use timestamps" line="0" assertions="3" time="0.011948"/>
    </testsuite>
    <testsuite name="Tests\Unit\Models\Concerns\CanJoinStablesTest" file="tests/Unit/Models/Concerns/CanJoinStablesTest.php" tests="13" assertions="19" errors="0" failures="0" skipped="0" time="0.161518">
      <testcase name="`CanJoinStables Trait Unit Tests` → `stable relationships` → provides stables relationship" class="Tests\Unit\Models\Concerns\CanJoinStablesTest" classname="Tests.Unit.Models.Concerns.CanJoinStablesTest" file="tests/Unit/Models/Concerns/CanJoinStablesTest.php::`CanJoinStables Trait Unit Tests` → `stable relationships` → provides stables relationship" line="0" assertions="1" time="0.011927"/>
      <testcase name="`CanJoinStables Trait Unit Tests` → `stable relationships` → provides current stable relationship" class="Tests\Unit\Models\Concerns\CanJoinStablesTest" classname="Tests.Unit.Models.Concerns.CanJoinStablesTest" file="tests/Unit/Models/Concerns/CanJoinStablesTest.php::`CanJoinStables Trait Unit Tests` → `stable relationships` → provides current stable relationship" line="0" assertions="1" time="0.016398"/>
      <testcase name="`CanJoinStables Trait Unit Tests` → `stable relationships` → provides previous stables relationship" class="Tests\Unit\Models\Concerns\CanJoinStablesTest" classname="Tests.Unit.Models.Concerns.CanJoinStablesTest" file="tests/Unit/Models/Concerns/CanJoinStablesTest.php::`CanJoinStables Trait Unit Tests` → `stable relationships` → provides previous stables relationship" line="0" assertions="1" time="0.011590"/>
      <testcase name="`CanJoinStables Trait Unit Tests` → `stable relationships` → stables relationship uses the correct related model" class="Tests\Unit\Models\Concerns\CanJoinStablesTest" classname="Tests.Unit.Models.Concerns.CanJoinStablesTest" file="tests/Unit/Models/Concerns/CanJoinStablesTest.php::`CanJoinStables Trait Unit Tests` → `stable relationships` → stables relationship uses the correct related model" line="0" assertions="2" time="0.011208"/>
      <testcase name="`CanJoinStables Trait Unit Tests` → `stable relationships` → currentStable relationship uses the correct related model" class="Tests\Unit\Models\Concerns\CanJoinStablesTest" classname="Tests.Unit.Models.Concerns.CanJoinStablesTest" file="tests/Unit/Models/Concerns/CanJoinStablesTest.php::`CanJoinStables Trait Unit Tests` → `stable relationships` → currentStable relationship uses the correct related model" line="0" assertions="2" time="0.016780"/>
      <testcase name="`CanJoinStables Trait Unit Tests` → `stable relationships` → previousStables relationship uses the correct related model" class="Tests\Unit\Models\Concerns\CanJoinStablesTest" classname="Tests.Unit.Models.Concerns.CanJoinStablesTest" file="tests/Unit/Models/Concerns/CanJoinStablesTest.php::`CanJoinStables Trait Unit Tests` → `stable relationships` → previousStables relationship uses the correct related model" line="0" assertions="2" time="0.013887"/>
      <testcase name="`CanJoinStables Trait Unit Tests` → `stable pivot model resolution` → resolves to StableMember model by default" class="Tests\Unit\Models\Concerns\CanJoinStablesTest" classname="Tests.Unit.Models.Concerns.CanJoinStablesTest" file="tests/Unit/Models/Concerns/CanJoinStablesTest.php::`CanJoinStables Trait Unit Tests` → `stable pivot model resolution` → resolves to StableMember model by default" line="0" assertions="1" time="0.011735"/>
      <testcase name="`CanJoinStables Trait Unit Tests` → `stable pivot model resolution` → can override stable pivot model class" class="Tests\Unit\Models\Concerns\CanJoinStablesTest" classname="Tests.Unit.Models.Concerns.CanJoinStablesTest" file="tests/Unit/Models/Concerns/CanJoinStablesTest.php::`CanJoinStables Trait Unit Tests` → `stable pivot model resolution` → can override stable pivot model class" line="0" assertions="1" time="0.011385"/>
      <testcase name="`CanJoinStables Trait Unit Tests` → `stable pivot table naming` → uses polymorphic stables_members table" class="Tests\Unit\Models\Concerns\CanJoinStablesTest" classname="Tests.Unit.Models.Concerns.CanJoinStablesTest" file="tests/Unit/Models/Concerns/CanJoinStablesTest.php::`CanJoinStables Trait Unit Tests` → `stable pivot table naming` → uses polymorphic stables_members table" line="0" assertions="1" time="0.011390"/>
      <testcase name="`CanJoinStables Trait Unit Tests` → `stable relationship queries` → stables relationship includes pivot data" class="Tests\Unit\Models\Concerns\CanJoinStablesTest" classname="Tests.Unit.Models.Concerns.CanJoinStablesTest" file="tests/Unit/Models/Concerns/CanJoinStablesTest.php::`CanJoinStables Trait Unit Tests` → `stable relationship queries` → stables relationship includes pivot data" line="0" assertions="2" time="0.011217"/>
      <testcase name="`CanJoinStables Trait Unit Tests` → `stable relationship queries` → currentStable relationship includes wherePivotNull constraint" class="Tests\Unit\Models\Concerns\CanJoinStablesTest" classname="Tests.Unit.Models.Concerns.CanJoinStablesTest" file="tests/Unit/Models/Concerns/CanJoinStablesTest.php::`CanJoinStables Trait Unit Tests` → `stable relationship queries` → currentStable relationship includes wherePivotNull constraint" line="0" assertions="1" time="0.011072"/>
      <testcase name="`CanJoinStables Trait Unit Tests` → `stable relationship queries` → previousStables relationship includes wherePivot constraints" class="Tests\Unit\Models\Concerns\CanJoinStablesTest" classname="Tests.Unit.Models.Concerns.CanJoinStablesTest" file="tests/Unit/Models/Concerns/CanJoinStablesTest.php::`CanJoinStables Trait Unit Tests` → `stable relationship queries` → previousStables relationship includes wherePivot constraints" line="0" assertions="1" time="0.011241"/>
      <testcase name="`CanJoinStables Trait Unit Tests` → `stable relationship queries` → all stable relationships use timestamps" class="Tests\Unit\Models\Concerns\CanJoinStablesTest" classname="Tests.Unit.Models.Concerns.CanJoinStablesTest" file="tests/Unit/Models/Concerns/CanJoinStablesTest.php::`CanJoinStables Trait Unit Tests` → `stable relationship queries` → all stable relationships use timestamps" line="0" assertions="3" time="0.011687"/>
    </testsuite>
    <testsuite name="Tests\Unit\Models\Concerns\CanJoinTagTeamsTest" file="tests/Unit/Models/Concerns/CanJoinTagTeamsTest.php" tests="10" assertions="15" errors="0" failures="0" skipped="0" time="0.138005">
      <testcase name="`CanJoinTagTeams Trait Unit Tests` → `tag team relationships` → provides tagTeams relationship" class="Tests\Unit\Models\Concerns\CanJoinTagTeamsTest" classname="Tests.Unit.Models.Concerns.CanJoinTagTeamsTest" file="tests/Unit/Models/Concerns/CanJoinTagTeamsTest.php::`CanJoinTagTeams Trait Unit Tests` → `tag team relationships` → provides tagTeams relationship" line="0" assertions="1" time="0.011814"/>
      <testcase name="`CanJoinTagTeams Trait Unit Tests` → `tag team relationships` → provides currentTagTeam relationship" class="Tests\Unit\Models\Concerns\CanJoinTagTeamsTest" classname="Tests.Unit.Models.Concerns.CanJoinTagTeamsTest" file="tests/Unit/Models/Concerns/CanJoinTagTeamsTest.php::`CanJoinTagTeams Trait Unit Tests` → `tag team relationships` → provides currentTagTeam relationship" line="0" assertions="1" time="0.012636"/>
      <testcase name="`CanJoinTagTeams Trait Unit Tests` → `tag team relationships` → provides previousTagTeams relationship" class="Tests\Unit\Models\Concerns\CanJoinTagTeamsTest" classname="Tests.Unit.Models.Concerns.CanJoinTagTeamsTest" file="tests/Unit/Models/Concerns/CanJoinTagTeamsTest.php::`CanJoinTagTeams Trait Unit Tests` → `tag team relationships` → provides previousTagTeams relationship" line="0" assertions="1" time="0.016115"/>
      <testcase name="`CanJoinTagTeams Trait Unit Tests` → `tag team relationships` → provides previousTagTeam relationship" class="Tests\Unit\Models\Concerns\CanJoinTagTeamsTest" classname="Tests.Unit.Models.Concerns.CanJoinTagTeamsTest" file="tests/Unit/Models/Concerns/CanJoinTagTeamsTest.php::`CanJoinTagTeams Trait Unit Tests` → `tag team relationships` → provides previousTagTeam relationship" line="0" assertions="1" time="0.015475"/>
      <testcase name="`CanJoinTagTeams Trait Unit Tests` → `tag team pivot model resolution` → can fake tag team pivot model class" class="Tests\Unit\Models\Concerns\CanJoinTagTeamsTest" classname="Tests.Unit.Models.Concerns.CanJoinTagTeamsTest" file="tests/Unit/Models/Concerns/CanJoinTagTeamsTest.php::`CanJoinTagTeams Trait Unit Tests` → `tag team pivot model resolution` → can fake tag team pivot model class" line="0" assertions="1" time="0.016449"/>
      <testcase name="`CanJoinTagTeams Trait Unit Tests` → `tag team pivot table naming` → generates correct pivot table name" class="Tests\Unit\Models\Concerns\CanJoinTagTeamsTest" classname="Tests.Unit.Models.Concerns.CanJoinTagTeamsTest" file="tests/Unit/Models/Concerns/CanJoinTagTeamsTest.php::`CanJoinTagTeams Trait Unit Tests` → `tag team pivot table naming` → generates correct pivot table name" line="0" assertions="2" time="0.012342"/>
      <testcase name="`CanJoinTagTeams Trait Unit Tests` → `tag team relationship queries` → tagTeams relationship includes pivot data" class="Tests\Unit\Models\Concerns\CanJoinTagTeamsTest" classname="Tests.Unit.Models.Concerns.CanJoinTagTeamsTest" file="tests/Unit/Models/Concerns/CanJoinTagTeamsTest.php::`CanJoinTagTeams Trait Unit Tests` → `tag team relationship queries` → tagTeams relationship includes pivot data" line="0" assertions="2" time="0.013466"/>
      <testcase name="`CanJoinTagTeams Trait Unit Tests` → `tag team relationship queries` → currentTagTeam relationship includes wherePivotNull constraint" class="Tests\Unit\Models\Concerns\CanJoinTagTeamsTest" classname="Tests.Unit.Models.Concerns.CanJoinTagTeamsTest" file="tests/Unit/Models/Concerns/CanJoinTagTeamsTest.php::`CanJoinTagTeams Trait Unit Tests` → `tag team relationship queries` → currentTagTeam relationship includes wherePivotNull constraint" line="0" assertions="1" time="0.012004"/>
      <testcase name="`CanJoinTagTeams Trait Unit Tests` → `tag team relationship queries` → previousTagTeams relationship includes wherePivotNotNull constraint" class="Tests\Unit\Models\Concerns\CanJoinTagTeamsTest" classname="Tests.Unit.Models.Concerns.CanJoinTagTeamsTest" file="tests/Unit/Models/Concerns/CanJoinTagTeamsTest.php::`CanJoinTagTeams Trait Unit Tests` → `tag team relationship queries` → previousTagTeams relationship includes wherePivotNotNull constraint" line="0" assertions="1" time="0.015113"/>
      <testcase name="`CanJoinTagTeams Trait Unit Tests` → `tag team relationship queries` → all tag team relationships use timestamps" class="Tests\Unit\Models\Concerns\CanJoinTagTeamsTest" classname="Tests.Unit.Models.Concerns.CanJoinTagTeamsTest" file="tests/Unit/Models/Concerns/CanJoinTagTeamsTest.php::`CanJoinTagTeams Trait Unit Tests` → `tag team relationship queries` → all tag team relationships use timestamps" line="0" assertions="4" time="0.012590"/>
    </testsuite>
    <testsuite name="Tests\Unit\Models\Concerns\DefinesManagedAliasesTest" file="tests/Unit/Models/Concerns/DefinesManagedAliasesTest.php" tests="5" assertions="13" errors="0" failures="0" skipped="0" time="0.075437">
      <testcase name="`DefinesManagedAliases Trait Unit Tests` → `trait integration` → trait uses ManagesEntities trait" class="Tests\Unit\Models\Concerns\DefinesManagedAliasesTest" classname="Tests.Unit.Models.Concerns.DefinesManagedAliasesTest" file="tests/Unit/Models/Concerns/DefinesManagedAliasesTest.php::`DefinesManagedAliases Trait Unit Tests` → `trait integration` → trait uses ManagesEntities trait" line="0" assertions="1" time="0.014660"/>
      <testcase name="`DefinesManagedAliases Trait Unit Tests` → `trait method definitions` → trait provides wrestler relationship methods" class="Tests\Unit\Models\Concerns\DefinesManagedAliasesTest" classname="Tests.Unit.Models.Concerns.DefinesManagedAliasesTest" file="tests/Unit/Models/Concerns/DefinesManagedAliasesTest.php::`DefinesManagedAliases Trait Unit Tests` → `trait method definitions` → trait provides wrestler relationship methods" line="0" assertions="3" time="0.010919"/>
      <testcase name="`DefinesManagedAliases Trait Unit Tests` → `trait method definitions` → trait provides tag team relationship methods" class="Tests\Unit\Models\Concerns\DefinesManagedAliasesTest" classname="Tests.Unit.Models.Concerns.DefinesManagedAliasesTest" file="tests/Unit/Models/Concerns/DefinesManagedAliasesTest.php::`DefinesManagedAliases Trait Unit Tests` → `trait method definitions` → trait provides tag team relationship methods" line="0" assertions="3" time="0.020553"/>
      <testcase name="`DefinesManagedAliases Trait Unit Tests` → `trait method definitions` → wrestler methods are public" class="Tests\Unit\Models\Concerns\DefinesManagedAliasesTest" classname="Tests.Unit.Models.Concerns.DefinesManagedAliasesTest" file="tests/Unit/Models/Concerns/DefinesManagedAliasesTest.php::`DefinesManagedAliases Trait Unit Tests` → `trait method definitions` → wrestler methods are public" line="0" assertions="3" time="0.018342"/>
      <testcase name="`DefinesManagedAliases Trait Unit Tests` → `trait method definitions` → tag team methods are public" class="Tests\Unit\Models\Concerns\DefinesManagedAliasesTest" classname="Tests.Unit.Models.Concerns.DefinesManagedAliasesTest" file="tests/Unit/Models/Concerns/DefinesManagedAliasesTest.php::`DefinesManagedAliases Trait Unit Tests` → `trait method definitions` → tag team methods are public" line="0" assertions="3" time="0.010964"/>
    </testsuite>
    <testsuite name="Tests\Unit\Models\Concerns\HasActivityPeriodsTraitTest" file="tests/Unit/Models/Concerns/HasActivityPeriodsTraitTest.php" tests="37" assertions="47" errors="0" failures="0" skipped="0" time="0.534892">
      <testcase name="`HasActivityPeriods Trait Unit Tests` → `basic relationships` → activityPeriods relationship returns correct type" class="Tests\Unit\Models\Concerns\HasActivityPeriodsTraitTest" classname="Tests.Unit.Models.Concerns.HasActivityPeriodsTraitTest" file="tests/Unit/Models/Concerns/HasActivityPeriodsTraitTest.php::`HasActivityPeriods Trait Unit Tests` → `basic relationships` → activityPeriods relationship returns correct type" line="0" assertions="1" time="0.011864"/>
      <testcase name="`HasActivityPeriods Trait Unit Tests` → `basic relationships` → model can have activity periods" class="Tests\Unit\Models\Concerns\HasActivityPeriodsTraitTest" classname="Tests.Unit.Models.Concerns.HasActivityPeriodsTraitTest" file="tests/Unit/Models/Concerns/HasActivityPeriodsTraitTest.php::`HasActivityPeriods Trait Unit Tests` → `basic relationships` → model can have activity periods" line="0" assertions="1" time="0.017537"/>
      <testcase name="`HasActivityPeriods Trait Unit Tests` → `basic relationships` → activations alias relationship works" class="Tests\Unit\Models\Concerns\HasActivityPeriodsTraitTest" classname="Tests.Unit.Models.Concerns.HasActivityPeriodsTraitTest" file="tests/Unit/Models/Concerns/HasActivityPeriodsTraitTest.php::`HasActivityPeriods Trait Unit Tests` → `basic relationships` → activations alias relationship works" line="0" assertions="1" time="0.012428"/>
      <testcase name="`HasActivityPeriods Trait Unit Tests` → `current activity period` → model can have current activity period" class="Tests\Unit\Models\Concerns\HasActivityPeriodsTraitTest" classname="Tests.Unit.Models.Concerns.HasActivityPeriodsTraitTest" file="tests/Unit/Models/Concerns/HasActivityPeriodsTraitTest.php::`HasActivityPeriods Trait Unit Tests` → `current activity period` → model can have current activity period" line="0" assertions="2" time="0.014639"/>
      <testcase name="`HasActivityPeriods Trait Unit Tests` → `current activity period` → model without current activity period returns null" class="Tests\Unit\Models\Concerns\HasActivityPeriodsTraitTest" classname="Tests.Unit.Models.Concerns.HasActivityPeriodsTraitTest" file="tests/Unit/Models/Concerns/HasActivityPeriodsTraitTest.php::`HasActivityPeriods Trait Unit Tests` → `current activity period` → model without current activity period returns null" line="0" assertions="1" time="0.014437"/>
      <testcase name="`HasActivityPeriods Trait Unit Tests` → `current activity period` → currentActivityPeriod relationship returns correct type" class="Tests\Unit\Models\Concerns\HasActivityPeriodsTraitTest" classname="Tests.Unit.Models.Concerns.HasActivityPeriodsTraitTest" file="tests/Unit/Models/Concerns/HasActivityPeriodsTraitTest.php::`HasActivityPeriods Trait Unit Tests` → `current activity period` → currentActivityPeriod relationship returns correct type" line="0" assertions="1" time="0.012651"/>
      <testcase name="`HasActivityPeriods Trait Unit Tests` → `future activity period` → model can have future activity period" class="Tests\Unit\Models\Concerns\HasActivityPeriodsTraitTest" classname="Tests.Unit.Models.Concerns.HasActivityPeriodsTraitTest" file="tests/Unit/Models/Concerns/HasActivityPeriodsTraitTest.php::`HasActivityPeriods Trait Unit Tests` → `future activity period` → model can have future activity period" line="0" assertions="2" time="0.013071"/>
      <testcase name="`HasActivityPeriods Trait Unit Tests` → `future activity period` → model without future activity period returns null" class="Tests\Unit\Models\Concerns\HasActivityPeriodsTraitTest" classname="Tests.Unit.Models.Concerns.HasActivityPeriodsTraitTest" file="tests/Unit/Models/Concerns/HasActivityPeriodsTraitTest.php::`HasActivityPeriods Trait Unit Tests` → `future activity period` → model without future activity period returns null" line="0" assertions="1" time="0.012948"/>
      <testcase name="`HasActivityPeriods Trait Unit Tests` → `future activity period` → futureActivityPeriod relationship returns correct type" class="Tests\Unit\Models\Concerns\HasActivityPeriodsTraitTest" classname="Tests.Unit.Models.Concerns.HasActivityPeriodsTraitTest" file="tests/Unit/Models/Concerns/HasActivityPeriodsTraitTest.php::`HasActivityPeriods Trait Unit Tests` → `future activity period` → futureActivityPeriod relationship returns correct type" line="0" assertions="1" time="0.012998"/>
      <testcase name="`HasActivityPeriods Trait Unit Tests` → `previous activity periods` → model can have previous activity periods" class="Tests\Unit\Models\Concerns\HasActivityPeriodsTraitTest" classname="Tests.Unit.Models.Concerns.HasActivityPeriodsTraitTest" file="tests/Unit/Models/Concerns/HasActivityPeriodsTraitTest.php::`HasActivityPeriods Trait Unit Tests` → `previous activity periods` → model can have previous activity periods" line="0" assertions="2" time="0.013037"/>
      <testcase name="`HasActivityPeriods Trait Unit Tests` → `previous activity periods` → previousActivityPeriods relationship returns correct type" class="Tests\Unit\Models\Concerns\HasActivityPeriodsTraitTest" classname="Tests.Unit.Models.Concerns.HasActivityPeriodsTraitTest" file="tests/Unit/Models/Concerns/HasActivityPeriodsTraitTest.php::`HasActivityPeriods Trait Unit Tests` → `previous activity periods` → previousActivityPeriods relationship returns correct type" line="0" assertions="1" time="0.012250"/>
      <testcase name="`HasActivityPeriods Trait Unit Tests` → `previous activity periods` → previousActivityPeriod relationship returns correct type" class="Tests\Unit\Models\Concerns\HasActivityPeriodsTraitTest" classname="Tests.Unit.Models.Concerns.HasActivityPeriodsTraitTest" file="tests/Unit/Models/Concerns/HasActivityPeriodsTraitTest.php::`HasActivityPeriods Trait Unit Tests` → `previous activity periods` → previousActivityPeriod relationship returns correct type" line="0" assertions="1" time="0.011806"/>
      <testcase name="`HasActivityPeriods Trait Unit Tests` → `previous activity periods` → model can have previous activity period" class="Tests\Unit\Models\Concerns\HasActivityPeriodsTraitTest" classname="Tests.Unit.Models.Concerns.HasActivityPeriodsTraitTest" file="tests/Unit/Models/Concerns/HasActivityPeriodsTraitTest.php::`HasActivityPeriods Trait Unit Tests` → `previous activity periods` → model can have previous activity period" line="0" assertions="2" time="0.012815"/>
      <testcase name="`HasActivityPeriods Trait Unit Tests` → `first activity period` → firstActivityPeriod relationship returns correct type" class="Tests\Unit\Models\Concerns\HasActivityPeriodsTraitTest" classname="Tests.Unit.Models.Concerns.HasActivityPeriodsTraitTest" file="tests/Unit/Models/Concerns/HasActivityPeriodsTraitTest.php::`HasActivityPeriods Trait Unit Tests` → `first activity period` → firstActivityPeriod relationship returns correct type" line="0" assertions="1" time="0.013978"/>
      <testcase name="`HasActivityPeriods Trait Unit Tests` → `first activity period` → model can have first activity period" class="Tests\Unit\Models\Concerns\HasActivityPeriodsTraitTest" classname="Tests.Unit.Models.Concerns.HasActivityPeriodsTraitTest" file="tests/Unit/Models/Concerns/HasActivityPeriodsTraitTest.php::`HasActivityPeriods Trait Unit Tests` → `first activity period` → model can have first activity period" line="0" assertions="2" time="0.020748"/>
      <testcase name="`HasActivityPeriods Trait Unit Tests` → `status checking methods` → hasActivityPeriods returns true when model has periods" class="Tests\Unit\Models\Concerns\HasActivityPeriodsTraitTest" classname="Tests.Unit.Models.Concerns.HasActivityPeriodsTraitTest" file="tests/Unit/Models/Concerns/HasActivityPeriodsTraitTest.php::`HasActivityPeriods Trait Unit Tests` → `status checking methods` → hasActivityPeriods returns true when model has periods" line="0" assertions="1" time="0.025081"/>
      <testcase name="`HasActivityPeriods Trait Unit Tests` → `status checking methods` → hasActivityPeriods returns false when model has no periods" class="Tests\Unit\Models\Concerns\HasActivityPeriodsTraitTest" classname="Tests.Unit.Models.Concerns.HasActivityPeriodsTraitTest" file="tests/Unit/Models/Concerns/HasActivityPeriodsTraitTest.php::`HasActivityPeriods Trait Unit Tests` → `status checking methods` → hasActivityPeriods returns false when model has no periods" line="0" assertions="1" time="0.025412"/>
      <testcase name="`HasActivityPeriods Trait Unit Tests` → `status checking methods` → isCurrentlyActive returns true when model has current period" class="Tests\Unit\Models\Concerns\HasActivityPeriodsTraitTest" classname="Tests.Unit.Models.Concerns.HasActivityPeriodsTraitTest" file="tests/Unit/Models/Concerns/HasActivityPeriodsTraitTest.php::`HasActivityPeriods Trait Unit Tests` → `status checking methods` → isCurrentlyActive returns true when model has current period" line="0" assertions="1" time="0.017861"/>
      <testcase name="`HasActivityPeriods Trait Unit Tests` → `status checking methods` → isCurrentlyActive returns false when model has no current period" class="Tests\Unit\Models\Concerns\HasActivityPeriodsTraitTest" classname="Tests.Unit.Models.Concerns.HasActivityPeriodsTraitTest" file="tests/Unit/Models/Concerns/HasActivityPeriodsTraitTest.php::`HasActivityPeriods Trait Unit Tests` → `status checking methods` → isCurrentlyActive returns false when model has no current period" line="0" assertions="1" time="0.012589"/>
      <testcase name="`HasActivityPeriods Trait Unit Tests` → `status checking methods` → hasFutureActivity returns true when model has future period" class="Tests\Unit\Models\Concerns\HasActivityPeriodsTraitTest" classname="Tests.Unit.Models.Concerns.HasActivityPeriodsTraitTest" file="tests/Unit/Models/Concerns/HasActivityPeriodsTraitTest.php::`HasActivityPeriods Trait Unit Tests` → `status checking methods` → hasFutureActivity returns true when model has future period" line="0" assertions="1" time="0.012089"/>
      <testcase name="`HasActivityPeriods Trait Unit Tests` → `status checking methods` → hasFutureActivity returns false when model has no future period" class="Tests\Unit\Models\Concerns\HasActivityPeriodsTraitTest" classname="Tests.Unit.Models.Concerns.HasActivityPeriodsTraitTest" file="tests/Unit/Models/Concerns/HasActivityPeriodsTraitTest.php::`HasActivityPeriods Trait Unit Tests` → `status checking methods` → hasFutureActivity returns false when model has no future period" line="0" assertions="1" time="0.012366"/>
      <testcase name="`HasActivityPeriods Trait Unit Tests` → `status checking methods` → isNotCurrentlyActive returns true when model is not active" class="Tests\Unit\Models\Concerns\HasActivityPeriodsTraitTest" classname="Tests.Unit.Models.Concerns.HasActivityPeriodsTraitTest" file="tests/Unit/Models/Concerns/HasActivityPeriodsTraitTest.php::`HasActivityPeriods Trait Unit Tests` → `status checking methods` → isNotCurrentlyActive returns true when model is not active" line="0" assertions="1" time="0.013747"/>
      <testcase name="`HasActivityPeriods Trait Unit Tests` → `status checking methods` → isNotCurrentlyActive returns false when model is active" class="Tests\Unit\Models\Concerns\HasActivityPeriodsTraitTest" classname="Tests.Unit.Models.Concerns.HasActivityPeriodsTraitTest" file="tests/Unit/Models/Concerns/HasActivityPeriodsTraitTest.php::`HasActivityPeriods Trait Unit Tests` → `status checking methods` → isNotCurrentlyActive returns false when model is active" line="0" assertions="1" time="0.012658"/>
      <testcase name="`HasActivityPeriods Trait Unit Tests` → `status checking methods` → isUnactivated returns true when model has no periods" class="Tests\Unit\Models\Concerns\HasActivityPeriodsTraitTest" classname="Tests.Unit.Models.Concerns.HasActivityPeriodsTraitTest" file="tests/Unit/Models/Concerns/HasActivityPeriodsTraitTest.php::`HasActivityPeriods Trait Unit Tests` → `status checking methods` → isUnactivated returns true when model has no periods" line="0" assertions="1" time="0.012115"/>
      <testcase name="`HasActivityPeriods Trait Unit Tests` → `status checking methods` → isUnactivated returns false when model has periods" class="Tests\Unit\Models\Concerns\HasActivityPeriodsTraitTest" classname="Tests.Unit.Models.Concerns.HasActivityPeriodsTraitTest" file="tests/Unit/Models/Concerns/HasActivityPeriodsTraitTest.php::`HasActivityPeriods Trait Unit Tests` → `status checking methods` → isUnactivated returns false when model has periods" line="0" assertions="1" time="0.013074"/>
      <testcase name="`HasActivityPeriods Trait Unit Tests` → `status checking methods` → isInactive returns true when model is not currently active" class="Tests\Unit\Models\Concerns\HasActivityPeriodsTraitTest" classname="Tests.Unit.Models.Concerns.HasActivityPeriodsTraitTest" file="tests/Unit/Models/Concerns/HasActivityPeriodsTraitTest.php::`HasActivityPeriods Trait Unit Tests` → `status checking methods` → isInactive returns true when model is not currently active" line="0" assertions="1" time="0.015410"/>
      <testcase name="`HasActivityPeriods Trait Unit Tests` → `status checking methods` → isInactive returns false when model is currently active" class="Tests\Unit\Models\Concerns\HasActivityPeriodsTraitTest" classname="Tests.Unit.Models.Concerns.HasActivityPeriodsTraitTest" file="tests/Unit/Models/Concerns/HasActivityPeriodsTraitTest.php::`HasActivityPeriods Trait Unit Tests` → `status checking methods` → isInactive returns false when model is currently active" line="0" assertions="1" time="0.015062"/>
      <testcase name="`HasActivityPeriods Trait Unit Tests` → `date checking methods` → wasActiveOn returns true when current period started on date" class="Tests\Unit\Models\Concerns\HasActivityPeriodsTraitTest" classname="Tests.Unit.Models.Concerns.HasActivityPeriodsTraitTest" file="tests/Unit/Models/Concerns/HasActivityPeriodsTraitTest.php::`HasActivityPeriods Trait Unit Tests` → `date checking methods` → wasActiveOn returns true when current period started on date" line="0" assertions="1" time="0.013191"/>
      <testcase name="`HasActivityPeriods Trait Unit Tests` → `date checking methods` → wasActiveOn returns false when current period started on different date" class="Tests\Unit\Models\Concerns\HasActivityPeriodsTraitTest" classname="Tests.Unit.Models.Concerns.HasActivityPeriodsTraitTest" file="tests/Unit/Models/Concerns/HasActivityPeriodsTraitTest.php::`HasActivityPeriods Trait Unit Tests` → `date checking methods` → wasActiveOn returns false when current period started on different date" line="0" assertions="1" time="0.012674"/>
      <testcase name="`HasActivityPeriods Trait Unit Tests` → `date checking methods` → wasActiveBefore returns true when current period started before date" class="Tests\Unit\Models\Concerns\HasActivityPeriodsTraitTest" classname="Tests.Unit.Models.Concerns.HasActivityPeriodsTraitTest" file="tests/Unit/Models/Concerns/HasActivityPeriodsTraitTest.php::`HasActivityPeriods Trait Unit Tests` → `date checking methods` → wasActiveBefore returns true when current period started before date" line="0" assertions="1" time="0.013562"/>
      <testcase name="`HasActivityPeriods Trait Unit Tests` → `date checking methods` → wasActiveBefore returns false when current period started after date" class="Tests\Unit\Models\Concerns\HasActivityPeriodsTraitTest" classname="Tests.Unit.Models.Concerns.HasActivityPeriodsTraitTest" file="tests/Unit/Models/Concerns/HasActivityPeriodsTraitTest.php::`HasActivityPeriods Trait Unit Tests` → `date checking methods` → wasActiveBefore returns false when current period started after date" line="0" assertions="1" time="0.013282"/>
      <testcase name="`HasActivityPeriods Trait Unit Tests` → `utility methods` → getFormattedFirstActivity returns TBD when no periods exist" class="Tests\Unit\Models\Concerns\HasActivityPeriodsTraitTest" classname="Tests.Unit.Models.Concerns.HasActivityPeriodsTraitTest" file="tests/Unit/Models/Concerns/HasActivityPeriodsTraitTest.php::`HasActivityPeriods Trait Unit Tests` → `utility methods` → getFormattedFirstActivity returns TBD when no periods exist" line="0" assertions="1" time="0.011964"/>
      <testcase name="`HasActivityPeriods Trait Unit Tests` → `utility methods` → getFormattedFirstActivity returns formatted date when periods exist" class="Tests\Unit\Models\Concerns\HasActivityPeriodsTraitTest" classname="Tests.Unit.Models.Concerns.HasActivityPeriodsTraitTest" file="tests/Unit/Models/Concerns/HasActivityPeriodsTraitTest.php::`HasActivityPeriods Trait Unit Tests` → `utility methods` → getFormattedFirstActivity returns formatted date when periods exist" line="0" assertions="1" time="0.015426"/>
      <testcase name="`HasActivityPeriods Trait Unit Tests` → `complex scenarios` → model with multiple activity periods handles current correctly" class="Tests\Unit\Models\Concerns\HasActivityPeriodsTraitTest" classname="Tests.Unit.Models.Concerns.HasActivityPeriodsTraitTest" file="tests/Unit/Models/Concerns/HasActivityPeriodsTraitTest.php::`HasActivityPeriods Trait Unit Tests` → `complex scenarios` → model with multiple activity periods handles current correctly" line="0" assertions="3" time="0.015987"/>
      <testcase name="`HasActivityPeriods Trait Unit Tests` → `complex scenarios` → model can exist without activity periods" class="Tests\Unit\Models\Concerns\HasActivityPeriodsTraitTest" classname="Tests.Unit.Models.Concerns.HasActivityPeriodsTraitTest" file="tests/Unit/Models/Concerns/HasActivityPeriodsTraitTest.php::`HasActivityPeriods Trait Unit Tests` → `complex scenarios` → model can exist without activity periods" line="0" assertions="2" time="0.012353"/>
      <testcase name="`HasActivityPeriods Trait Unit Tests` → `complex scenarios` → model maintains relationship integrity when activity periods are deleted" class="Tests\Unit\Models\Concerns\HasActivityPeriodsTraitTest" classname="Tests.Unit.Models.Concerns.HasActivityPeriodsTraitTest" file="tests/Unit/Models/Concerns/HasActivityPeriodsTraitTest.php::`HasActivityPeriods Trait Unit Tests` → `complex scenarios` → model maintains relationship integrity when activity periods are deleted" line="0" assertions="2" time="0.018758"/>
      <testcase name="`HasActivityPeriods Trait Unit Tests` → `complex scenarios` → model can be associated with new activity periods after creation" class="Tests\Unit\Models\Concerns\HasActivityPeriodsTraitTest" classname="Tests.Unit.Models.Concerns.HasActivityPeriodsTraitTest" file="tests/Unit/Models/Concerns/HasActivityPeriodsTraitTest.php::`HasActivityPeriods Trait Unit Tests` → `complex scenarios` → model can be associated with new activity periods after creation" line="0" assertions="2" time="0.013021"/>
    </testsuite>
    <testsuite name="Tests\Unit\Models\Concerns\HasChampionshipsTraitTest" file="tests/Unit/Models/Concerns/HasChampionshipsTraitTest.php" tests="26" assertions="40" errors="0" failures="0" skipped="0" time="0.406836">
      <testcase name="`HasChampionships Trait Unit Tests` → `basic relationships` → championships relationship returns correct type" class="Tests\Unit\Models\Concerns\HasChampionshipsTraitTest" classname="Tests.Unit.Models.Concerns.HasChampionshipsTraitTest" file="tests/Unit/Models/Concerns/HasChampionshipsTraitTest.php::`HasChampionships Trait Unit Tests` → `basic relationships` → championships relationship returns correct type" line="0" assertions="1" time="0.012344"/>
      <testcase name="`HasChampionships Trait Unit Tests` → `basic relationships` → model can have championships" class="Tests\Unit\Models\Concerns\HasChampionshipsTraitTest" classname="Tests.Unit.Models.Concerns.HasChampionshipsTraitTest" file="tests/Unit/Models/Concerns/HasChampionshipsTraitTest.php::`HasChampionships Trait Unit Tests` → `basic relationships` → model can have championships" line="0" assertions="1" time="0.012960"/>
      <testcase name="`HasChampionships Trait Unit Tests` → `basic relationships` → currentChampionship relationship returns correct type" class="Tests\Unit\Models\Concerns\HasChampionshipsTraitTest" classname="Tests.Unit.Models.Concerns.HasChampionshipsTraitTest" file="tests/Unit/Models/Concerns/HasChampionshipsTraitTest.php::`HasChampionships Trait Unit Tests` → `basic relationships` → currentChampionship relationship returns correct type" line="0" assertions="1" time="0.012356"/>
      <testcase name="`HasChampionships Trait Unit Tests` → `current championship methods` → model can have current championship" class="Tests\Unit\Models\Concerns\HasChampionshipsTraitTest" classname="Tests.Unit.Models.Concerns.HasChampionshipsTraitTest" file="tests/Unit/Models/Concerns/HasChampionshipsTraitTest.php::`HasChampionships Trait Unit Tests` → `current championship methods` → model can have current championship" line="0" assertions="2" time="0.018406"/>
      <testcase name="`HasChampionships Trait Unit Tests` → `current championship methods` → model without current championship returns null" class="Tests\Unit\Models\Concerns\HasChampionshipsTraitTest" classname="Tests.Unit.Models.Concerns.HasChampionshipsTraitTest" file="tests/Unit/Models/Concerns/HasChampionshipsTraitTest.php::`HasChampionships Trait Unit Tests` → `current championship methods` → model without current championship returns null" line="0" assertions="1" time="0.012901"/>
      <testcase name="`HasChampionships Trait Unit Tests` → `current championship methods` → currentChampion returns the champion model" class="Tests\Unit\Models\Concerns\HasChampionshipsTraitTest" classname="Tests.Unit.Models.Concerns.HasChampionshipsTraitTest" file="tests/Unit/Models/Concerns/HasChampionshipsTraitTest.php::`HasChampionships Trait Unit Tests` → `current championship methods` → currentChampion returns the champion model" line="0" assertions="2" time="0.015264"/>
      <testcase name="`HasChampionships Trait Unit Tests` → `current championship methods` → currentChampion returns null when no current championship" class="Tests\Unit\Models\Concerns\HasChampionshipsTraitTest" classname="Tests.Unit.Models.Concerns.HasChampionshipsTraitTest" file="tests/Unit/Models/Concerns/HasChampionshipsTraitTest.php::`HasChampionships Trait Unit Tests` → `current championship methods` → currentChampion returns null when no current championship" line="0" assertions="1" time="0.011895"/>
      <testcase name="`HasChampionships Trait Unit Tests` → `previous championship methods` → previousChampionship returns most recent completed reign" class="Tests\Unit\Models\Concerns\HasChampionshipsTraitTest" classname="Tests.Unit.Models.Concerns.HasChampionshipsTraitTest" file="tests/Unit/Models/Concerns/HasChampionshipsTraitTest.php::`HasChampionships Trait Unit Tests` → `previous championship methods` → previousChampionship returns most recent completed reign" line="0" assertions="2" time="0.020568"/>
      <testcase name="`HasChampionships Trait Unit Tests` → `previous championship methods` → previousChampionship returns null when no previous reigns" class="Tests\Unit\Models\Concerns\HasChampionshipsTraitTest" classname="Tests.Unit.Models.Concerns.HasChampionshipsTraitTest" file="tests/Unit/Models/Concerns/HasChampionshipsTraitTest.php::`HasChampionships Trait Unit Tests` → `previous championship methods` → previousChampionship returns null when no previous reigns" line="0" assertions="1" time="0.012940"/>
      <testcase name="`HasChampionships Trait Unit Tests` → `previous championship methods` → previousChampion returns the previous champion model" class="Tests\Unit\Models\Concerns\HasChampionshipsTraitTest" classname="Tests.Unit.Models.Concerns.HasChampionshipsTraitTest" file="tests/Unit/Models/Concerns/HasChampionshipsTraitTest.php::`HasChampionships Trait Unit Tests` → `previous championship methods` → previousChampion returns the previous champion model" line="0" assertions="2" time="0.017336"/>
      <testcase name="`HasChampionships Trait Unit Tests` → `previous championship methods` → previousChampion returns null when no previous reigns" class="Tests\Unit\Models\Concerns\HasChampionshipsTraitTest" classname="Tests.Unit.Models.Concerns.HasChampionshipsTraitTest" file="tests/Unit/Models/Concerns/HasChampionshipsTraitTest.php::`HasChampionships Trait Unit Tests` → `previous championship methods` → previousChampion returns null when no previous reigns" line="0" assertions="1" time="0.017423"/>
      <testcase name="`HasChampionships Trait Unit Tests` → `first championship methods` → firstChampionship returns earliest reign" class="Tests\Unit\Models\Concerns\HasChampionshipsTraitTest" classname="Tests.Unit.Models.Concerns.HasChampionshipsTraitTest" file="tests/Unit/Models/Concerns/HasChampionshipsTraitTest.php::`HasChampionships Trait Unit Tests` → `first championship methods` → firstChampionship returns earliest reign" line="0" assertions="2" time="0.025682"/>
      <testcase name="`HasChampionships Trait Unit Tests` → `first championship methods` → firstChampionship returns null when no championships" class="Tests\Unit\Models\Concerns\HasChampionshipsTraitTest" classname="Tests.Unit.Models.Concerns.HasChampionshipsTraitTest" file="tests/Unit/Models/Concerns/HasChampionshipsTraitTest.php::`HasChampionships Trait Unit Tests` → `first championship methods` → firstChampionship returns null when no championships" line="0" assertions="1" time="0.015834"/>
      <testcase name="`HasChampionships Trait Unit Tests` → `first championship methods` → firstChampion returns the first champion model" class="Tests\Unit\Models\Concerns\HasChampionshipsTraitTest" classname="Tests.Unit.Models.Concerns.HasChampionshipsTraitTest" file="tests/Unit/Models/Concerns/HasChampionshipsTraitTest.php::`HasChampionships Trait Unit Tests` → `first championship methods` → firstChampion returns the first champion model" line="0" assertions="2" time="0.016488"/>
      <testcase name="`HasChampionships Trait Unit Tests` → `first championship methods` → firstChampion returns null when no championships" class="Tests\Unit\Models\Concerns\HasChampionshipsTraitTest" classname="Tests.Unit.Models.Concerns.HasChampionshipsTraitTest" file="tests/Unit/Models/Concerns/HasChampionshipsTraitTest.php::`HasChampionships Trait Unit Tests` → `first championship methods` → firstChampion returns null when no championships" line="0" assertions="1" time="0.012785"/>
      <testcase name="`HasChampionships Trait Unit Tests` → `longest championship methods` → longestChampionship returns reign with longest duration" class="Tests\Unit\Models\Concerns\HasChampionshipsTraitTest" classname="Tests.Unit.Models.Concerns.HasChampionshipsTraitTest" file="tests/Unit/Models/Concerns/HasChampionshipsTraitTest.php::`HasChampionships Trait Unit Tests` → `longest championship methods` → longestChampionship returns reign with longest duration" line="0" assertions="2" time="0.015574"/>
      <testcase name="`HasChampionships Trait Unit Tests` → `longest championship methods` → longestChampionship returns null when no championships" class="Tests\Unit\Models\Concerns\HasChampionshipsTraitTest" classname="Tests.Unit.Models.Concerns.HasChampionshipsTraitTest" file="tests/Unit/Models/Concerns/HasChampionshipsTraitTest.php::`HasChampionships Trait Unit Tests` → `longest championship methods` → longestChampionship returns null when no championships" line="0" assertions="1" time="0.012749"/>
      <testcase name="`HasChampionships Trait Unit Tests` → `longest championship methods` → longestChampion returns the longest reigning champion model" class="Tests\Unit\Models\Concerns\HasChampionshipsTraitTest" classname="Tests.Unit.Models.Concerns.HasChampionshipsTraitTest" file="tests/Unit/Models/Concerns/HasChampionshipsTraitTest.php::`HasChampionships Trait Unit Tests` → `longest championship methods` → longestChampion returns the longest reigning champion model" line="0" assertions="2" time="0.017246"/>
      <testcase name="`HasChampionships Trait Unit Tests` → `longest championship methods` → longestChampion returns null when no championships" class="Tests\Unit\Models\Concerns\HasChampionshipsTraitTest" classname="Tests.Unit.Models.Concerns.HasChampionshipsTraitTest" file="tests/Unit/Models/Concerns/HasChampionshipsTraitTest.php::`HasChampionships Trait Unit Tests` → `longest championship methods` → longestChampion returns null when no championships" line="0" assertions="1" time="0.018277"/>
      <testcase name="`HasChampionships Trait Unit Tests` → `utility methods` → reignCount returns correct number of reigns" class="Tests\Unit\Models\Concerns\HasChampionshipsTraitTest" classname="Tests.Unit.Models.Concerns.HasChampionshipsTraitTest" file="tests/Unit/Models/Concerns/HasChampionshipsTraitTest.php::`HasChampionships Trait Unit Tests` → `utility methods` → reignCount returns correct number of reigns" line="0" assertions="2" time="0.016583"/>
      <testcase name="`HasChampionships Trait Unit Tests` → `utility methods` → isVacant returns true when no current champion" class="Tests\Unit\Models\Concerns\HasChampionshipsTraitTest" classname="Tests.Unit.Models.Concerns.HasChampionshipsTraitTest" file="tests/Unit/Models/Concerns/HasChampionshipsTraitTest.php::`HasChampionships Trait Unit Tests` → `utility methods` → isVacant returns true when no current champion" line="0" assertions="1" time="0.014563"/>
      <testcase name="`HasChampionships Trait Unit Tests` → `utility methods` → isVacant returns false when has current champion" class="Tests\Unit\Models\Concerns\HasChampionshipsTraitTest" classname="Tests.Unit.Models.Concerns.HasChampionshipsTraitTest" file="tests/Unit/Models/Concerns/HasChampionshipsTraitTest.php::`HasChampionships Trait Unit Tests` → `utility methods` → isVacant returns false when has current champion" line="0" assertions="1" time="0.018128"/>
      <testcase name="`HasChampionships Trait Unit Tests` → `complex scenarios` → model with multiple championships handles current correctly" class="Tests\Unit\Models\Concerns\HasChampionshipsTraitTest" classname="Tests.Unit.Models.Concerns.HasChampionshipsTraitTest" file="tests/Unit/Models/Concerns/HasChampionshipsTraitTest.php::`HasChampionships Trait Unit Tests` → `complex scenarios` → model with multiple championships handles current correctly" line="0" assertions="3" time="0.017247"/>
      <testcase name="`HasChampionships Trait Unit Tests` → `complex scenarios` → model can exist without championships" class="Tests\Unit\Models\Concerns\HasChampionshipsTraitTest" classname="Tests.Unit.Models.Concerns.HasChampionshipsTraitTest" file="tests/Unit/Models/Concerns/HasChampionshipsTraitTest.php::`HasChampionships Trait Unit Tests` → `complex scenarios` → model can exist without championships" line="0" assertions="2" time="0.013993"/>
      <testcase name="`HasChampionships Trait Unit Tests` → `complex scenarios` → model maintains relationship integrity when championships are deleted" class="Tests\Unit\Models\Concerns\HasChampionshipsTraitTest" classname="Tests.Unit.Models.Concerns.HasChampionshipsTraitTest" file="tests/Unit/Models/Concerns/HasChampionshipsTraitTest.php::`HasChampionships Trait Unit Tests` → `complex scenarios` → model maintains relationship integrity when championships are deleted" line="0" assertions="2" time="0.013947"/>
      <testcase name="`HasChampionships Trait Unit Tests` → `complex scenarios` → model can be associated with new championships after creation" class="Tests\Unit\Models\Concerns\HasChampionshipsTraitTest" classname="Tests.Unit.Models.Concerns.HasChampionshipsTraitTest" file="tests/Unit/Models/Concerns/HasChampionshipsTraitTest.php::`HasChampionships Trait Unit Tests` → `complex scenarios` → model can be associated with new championships after creation" line="0" assertions="2" time="0.013345"/>
    </testsuite>
    <testsuite name="Tests\Unit\Models\Concerns\HasMatchesTest" file="tests/Unit/Models/Concerns/HasMatchesTest.php" tests="3" assertions="4" errors="0" failures="0" skipped="0" time="0.035868">
      <testcase name="`HasMatches Trait Unit Tests` → `trait method definitions` → trait provides event match relationship methods" class="Tests\Unit\Models\Concerns\HasMatchesTest" classname="Tests.Unit.Models.Concerns.HasMatchesTest" file="tests/Unit/Models/Concerns/HasMatchesTest.php::`HasMatches Trait Unit Tests` → `trait method definitions` → trait provides event match relationship methods" line="0" assertions="2" time="0.012686"/>
      <testcase name="`HasMatches Trait Unit Tests` → `trait method definitions` → matches method is public" class="Tests\Unit\Models\Concerns\HasMatchesTest" classname="Tests.Unit.Models.Concerns.HasMatchesTest" file="tests/Unit/Models/Concerns/HasMatchesTest.php::`HasMatches Trait Unit Tests` → `trait method definitions` → matches method is public" line="0" assertions="1" time="0.012284"/>
      <testcase name="`HasMatches Trait Unit Tests` → `trait method definitions` → getMatchesRelation method is protected" class="Tests\Unit\Models\Concerns\HasMatchesTest" classname="Tests.Unit.Models.Concerns.HasMatchesTest" file="tests/Unit/Models/Concerns/HasMatchesTest.php::`HasMatches Trait Unit Tests` → `trait method definitions` → getMatchesRelation method is protected" line="0" assertions="1" time="0.010898"/>
    </testsuite>
    <testsuite name="Tests\Unit\Models\Concerns\HasMembersTest" file="tests/Unit/Models/Concerns/HasMembersTest.php" tests="16" assertions="20" errors="0" failures="0" skipped="0" time="0.236499">
      <testcase name="`HasMembers Trait Unit Tests` → `wrestler relationship methods` → wrestlers relationship returns correct type" class="Tests\Unit\Models\Concerns\HasMembersTest" classname="Tests.Unit.Models.Concerns.HasMembersTest" file="tests/Unit/Models/Concerns/HasMembersTest.php::`HasMembers Trait Unit Tests` → `wrestler relationship methods` → wrestlers relationship returns correct type" line="0" assertions="1" time="0.014056"/>
      <testcase name="`HasMembers Trait Unit Tests` → `wrestler relationship methods` → currentWrestlers relationship returns correct type" class="Tests\Unit\Models\Concerns\HasMembersTest" classname="Tests.Unit.Models.Concerns.HasMembersTest" file="tests/Unit/Models/Concerns/HasMembersTest.php::`HasMembers Trait Unit Tests` → `wrestler relationship methods` → currentWrestlers relationship returns correct type" line="0" assertions="1" time="0.011919"/>
      <testcase name="`HasMembers Trait Unit Tests` → `wrestler relationship methods` → previousWrestlers relationship returns correct type" class="Tests\Unit\Models\Concerns\HasMembersTest" classname="Tests.Unit.Models.Concerns.HasMembersTest" file="tests/Unit/Models/Concerns/HasMembersTest.php::`HasMembers Trait Unit Tests` → `wrestler relationship methods` → previousWrestlers relationship returns correct type" line="0" assertions="1" time="0.011768"/>
      <testcase name="`HasMembers Trait Unit Tests` → `wrestler membership functionality` → stable can have wrestlers" class="Tests\Unit\Models\Concerns\HasMembersTest" classname="Tests.Unit.Models.Concerns.HasMembersTest" file="tests/Unit/Models/Concerns/HasMembersTest.php::`HasMembers Trait Unit Tests` → `wrestler membership functionality` → stable can have wrestlers" line="0" assertions="1" time="0.013945"/>
      <testcase name="`HasMembers Trait Unit Tests` → `wrestler membership functionality` → stable can have no wrestlers" class="Tests\Unit\Models\Concerns\HasMembersTest" classname="Tests.Unit.Models.Concerns.HasMembersTest" file="tests/Unit/Models/Concerns/HasMembersTest.php::`HasMembers Trait Unit Tests` → `wrestler membership functionality` → stable can have no wrestlers" line="0" assertions="1" time="0.011976"/>
      <testcase name="`HasMembers Trait Unit Tests` → `wrestler membership functionality` → stable can check if it has wrestlers" class="Tests\Unit\Models\Concerns\HasMembersTest" classname="Tests.Unit.Models.Concerns.HasMembersTest" file="tests/Unit/Models/Concerns/HasMembersTest.php::`HasMembers Trait Unit Tests` → `wrestler membership functionality` → stable can check if it has wrestlers" line="0" assertions="1" time="0.014157"/>
      <testcase name="`HasMembers Trait Unit Tests` → `wrestler membership functionality` → currentWrestlers returns only active members" class="Tests\Unit\Models\Concerns\HasMembersTest" classname="Tests.Unit.Models.Concerns.HasMembersTest" file="tests/Unit/Models/Concerns/HasMembersTest.php::`HasMembers Trait Unit Tests` → `wrestler membership functionality` → currentWrestlers returns only active members" line="0" assertions="2" time="0.014161"/>
      <testcase name="`HasMembers Trait Unit Tests` → `wrestler membership functionality` → previousWrestlers returns only former members" class="Tests\Unit\Models\Concerns\HasMembersTest" classname="Tests.Unit.Models.Concerns.HasMembersTest" file="tests/Unit/Models/Concerns/HasMembersTest.php::`HasMembers Trait Unit Tests` → `wrestler membership functionality` → previousWrestlers returns only former members" line="0" assertions="2" time="0.016166"/>
      <testcase name="`HasMembers Trait Unit Tests` → `tag team relationship methods` → tagTeams relationship returns correct type" class="Tests\Unit\Models\Concerns\HasMembersTest" classname="Tests.Unit.Models.Concerns.HasMembersTest" file="tests/Unit/Models/Concerns/HasMembersTest.php::`HasMembers Trait Unit Tests` → `tag team relationship methods` → tagTeams relationship returns correct type" line="0" assertions="1" time="0.015706"/>
      <testcase name="`HasMembers Trait Unit Tests` → `tag team relationship methods` → currentTagTeams relationship returns correct type" class="Tests\Unit\Models\Concerns\HasMembersTest" classname="Tests.Unit.Models.Concerns.HasMembersTest" file="tests/Unit/Models/Concerns/HasMembersTest.php::`HasMembers Trait Unit Tests` → `tag team relationship methods` → currentTagTeams relationship returns correct type" line="0" assertions="1" time="0.013995"/>
      <testcase name="`HasMembers Trait Unit Tests` → `tag team relationship methods` → previousTagTeams relationship returns correct type" class="Tests\Unit\Models\Concerns\HasMembersTest" classname="Tests.Unit.Models.Concerns.HasMembersTest" file="tests/Unit/Models/Concerns/HasMembersTest.php::`HasMembers Trait Unit Tests` → `tag team relationship methods` → previousTagTeams relationship returns correct type" line="0" assertions="1" time="0.017797"/>
      <testcase name="`HasMembers Trait Unit Tests` → `tag team membership functionality` → stable can have tag teams" class="Tests\Unit\Models\Concerns\HasMembersTest" classname="Tests.Unit.Models.Concerns.HasMembersTest" file="tests/Unit/Models/Concerns/HasMembersTest.php::`HasMembers Trait Unit Tests` → `tag team membership functionality` → stable can have tag teams" line="0" assertions="1" time="0.020194"/>
      <testcase name="`HasMembers Trait Unit Tests` → `tag team membership functionality` → stable can have no tag teams" class="Tests\Unit\Models\Concerns\HasMembersTest" classname="Tests.Unit.Models.Concerns.HasMembersTest" file="tests/Unit/Models/Concerns/HasMembersTest.php::`HasMembers Trait Unit Tests` → `tag team membership functionality` → stable can have no tag teams" line="0" assertions="1" time="0.021359"/>
      <testcase name="`HasMembers Trait Unit Tests` → `tag team membership functionality` → currentTagTeams returns only active members" class="Tests\Unit\Models\Concerns\HasMembersTest" classname="Tests.Unit.Models.Concerns.HasMembersTest" file="tests/Unit/Models/Concerns/HasMembersTest.php::`HasMembers Trait Unit Tests` → `tag team membership functionality` → currentTagTeams returns only active members" line="0" assertions="2" time="0.014114"/>
      <testcase name="`HasMembers Trait Unit Tests` → `tag team membership functionality` → previousTagTeams returns only former members" class="Tests\Unit\Models\Concerns\HasMembersTest" classname="Tests.Unit.Models.Concerns.HasMembersTest" file="tests/Unit/Models/Concerns/HasMembersTest.php::`HasMembers Trait Unit Tests` → `tag team membership functionality` → previousTagTeams returns only former members" line="0" assertions="2" time="0.013822"/>
      <testcase name="`HasMembers Trait Unit Tests` → `trait integration` → Stable model uses HasMembers trait" class="Tests\Unit\Models\Concerns\HasMembersTest" classname="Tests.Unit.Models.Concerns.HasMembersTest" file="tests/Unit/Models/Concerns/HasMembersTest.php::`HasMembers Trait Unit Tests` → `trait integration` → Stable model uses HasMembers trait" line="0" assertions="1" time="0.011364"/>
    </testsuite>
    <testsuite name="Tests\Unit\Models\Concerns\HoldsEventsTest" file="tests/Unit/Models/Concerns/HoldsEventsTest.php" tests="16" assertions="32" errors="0" failures="0" skipped="0" time="0.23552">
      <testcase name="`HoldsEvents Trait Unit Tests` → `trait method definitions` → trait provides event relationship methods" class="Tests\Unit\Models\Concerns\HoldsEventsTest" classname="Tests.Unit.Models.Concerns.HoldsEventsTest" file="tests/Unit/Models/Concerns/HoldsEventsTest.php::`HoldsEvents Trait Unit Tests` → `trait method definitions` → trait provides event relationship methods" line="0" assertions="4" time="0.011602"/>
      <testcase name="`HoldsEvents Trait Unit Tests` → `trait method definitions` → event methods are public" class="Tests\Unit\Models\Concerns\HoldsEventsTest" classname="Tests.Unit.Models.Concerns.HoldsEventsTest" file="tests/Unit/Models/Concerns/HoldsEventsTest.php::`HoldsEvents Trait Unit Tests` → `trait method definitions` → event methods are public" line="0" assertions="3" time="0.011266"/>
      <testcase name="`HoldsEvents Trait Unit Tests` → `trait method definitions` → getEventsRelation method is protected" class="Tests\Unit\Models\Concerns\HoldsEventsTest" classname="Tests.Unit.Models.Concerns.HoldsEventsTest" file="tests/Unit/Models/Concerns/HoldsEventsTest.php::`HoldsEvents Trait Unit Tests` → `trait method definitions` → getEventsRelation method is protected" line="0" assertions="1" time="0.010650"/>
      <testcase name="`HoldsEvents Trait Unit Tests` → `event relationship functionality` → events relationship returns correct type" class="Tests\Unit\Models\Concerns\HoldsEventsTest" classname="Tests.Unit.Models.Concerns.HoldsEventsTest" file="tests/Unit/Models/Concerns/HoldsEventsTest.php::`HoldsEvents Trait Unit Tests` → `event relationship functionality` → events relationship returns correct type" line="0" assertions="1" time="0.011377"/>
      <testcase name="`HoldsEvents Trait Unit Tests` → `event relationship functionality` → model can have events" class="Tests\Unit\Models\Concerns\HoldsEventsTest" classname="Tests.Unit.Models.Concerns.HoldsEventsTest" file="tests/Unit/Models/Concerns/HoldsEventsTest.php::`HoldsEvents Trait Unit Tests` → `event relationship functionality` → model can have events" line="0" assertions="2" time="0.012499"/>
      <testcase name="`HoldsEvents Trait Unit Tests` → `event relationship functionality` → model can have multiple events" class="Tests\Unit\Models\Concerns\HoldsEventsTest" classname="Tests.Unit.Models.Concerns.HoldsEventsTest" file="tests/Unit/Models/Concerns/HoldsEventsTest.php::`HoldsEvents Trait Unit Tests` → `event relationship functionality` → model can have multiple events" line="0" assertions="3" time="0.013332"/>
      <testcase name="`HoldsEvents Trait Unit Tests` → `event relationship functionality` → model can have no events" class="Tests\Unit\Models\Concerns\HoldsEventsTest" classname="Tests.Unit.Models.Concerns.HoldsEventsTest" file="tests/Unit/Models/Concerns/HoldsEventsTest.php::`HoldsEvents Trait Unit Tests` → `event relationship functionality` → model can have no events" line="0" assertions="1" time="0.012369"/>
      <testcase name="`HoldsEvents Trait Unit Tests` → `previous events functionality` → previous events relationship returns correct type" class="Tests\Unit\Models\Concerns\HoldsEventsTest" classname="Tests.Unit.Models.Concerns.HoldsEventsTest" file="tests/Unit/Models/Concerns/HoldsEventsTest.php::`HoldsEvents Trait Unit Tests` → `previous events functionality` → previous events relationship returns correct type" line="0" assertions="1" time="0.016881"/>
      <testcase name="`HoldsEvents Trait Unit Tests` → `previous events functionality` → previous events filters past events correctly" class="Tests\Unit\Models\Concerns\HoldsEventsTest" classname="Tests.Unit.Models.Concerns.HoldsEventsTest" file="tests/Unit/Models/Concerns/HoldsEventsTest.php::`HoldsEvents Trait Unit Tests` → `previous events functionality` → previous events filters past events correctly" line="0" assertions="3" time="0.022427"/>
      <testcase name="`HoldsEvents Trait Unit Tests` → `previous events functionality` → with no past events returns empty collection" class="Tests\Unit\Models\Concerns\HoldsEventsTest" classname="Tests.Unit.Models.Concerns.HoldsEventsTest" file="tests/Unit/Models/Concerns/HoldsEventsTest.php::`HoldsEvents Trait Unit Tests` → `previous events functionality` → with no past events returns empty collection" line="0" assertions="1" time="0.012813"/>
      <testcase name="`HoldsEvents Trait Unit Tests` → `previous events functionality` → previous events excludes events without dates" class="Tests\Unit\Models\Concerns\HoldsEventsTest" classname="Tests.Unit.Models.Concerns.HoldsEventsTest" file="tests/Unit/Models/Concerns/HoldsEventsTest.php::`HoldsEvents Trait Unit Tests` → `previous events functionality` → previous events excludes events without dates" line="0" assertions="2" time="0.019301"/>
      <testcase name="`HoldsEvents Trait Unit Tests` → `event relationship business logic` → model can exist without events" class="Tests\Unit\Models\Concerns\HoldsEventsTest" classname="Tests.Unit.Models.Concerns.HoldsEventsTest" file="tests/Unit/Models/Concerns/HoldsEventsTest.php::`HoldsEvents Trait Unit Tests` → `event relationship business logic` → model can exist without events" line="0" assertions="2" time="0.018926"/>
      <testcase name="`HoldsEvents Trait Unit Tests` → `event relationship business logic` → with many past events filters correctly" class="Tests\Unit\Models\Concerns\HoldsEventsTest" classname="Tests.Unit.Models.Concerns.HoldsEventsTest" file="tests/Unit/Models/Concerns/HoldsEventsTest.php::`HoldsEvents Trait Unit Tests` → `event relationship business logic` → with many past events filters correctly" line="0" assertions="2" time="0.021867"/>
      <testcase name="`HoldsEvents Trait Unit Tests` → `event relationship business logic` → maintains relationship integrity when events are deleted" class="Tests\Unit\Models\Concerns\HoldsEventsTest" classname="Tests.Unit.Models.Concerns.HoldsEventsTest" file="tests/Unit/Models/Concerns/HoldsEventsTest.php::`HoldsEvents Trait Unit Tests` → `event relationship business logic` → maintains relationship integrity when events are deleted" line="0" assertions="2" time="0.013112"/>
      <testcase name="`HoldsEvents Trait Unit Tests` → `event relationship business logic` → can be associated with events after creation" class="Tests\Unit\Models\Concerns\HoldsEventsTest" classname="Tests.Unit.Models.Concerns.HoldsEventsTest" file="tests/Unit/Models/Concerns/HoldsEventsTest.php::`HoldsEvents Trait Unit Tests` → `event relationship business logic` → can be associated with events after creation" line="0" assertions="2" time="0.013025"/>
      <testcase name="`HoldsEvents Trait Unit Tests` → `event relationship business logic` → previous events updates when event dates change" class="Tests\Unit\Models\Concerns\HoldsEventsTest" classname="Tests.Unit.Models.Concerns.HoldsEventsTest" file="tests/Unit/Models/Concerns/HoldsEventsTest.php::`HoldsEvents Trait Unit Tests` → `event relationship business logic` → previous events updates when event dates change" line="0" assertions="2" time="0.014073"/>
    </testsuite>
    <testsuite name="Tests\Unit\Models\Concerns\IsEmployableTest" file="tests/Unit/Models/Concerns/IsEmployableTest.php" tests="19" assertions="25" errors="0" failures="0" skipped="0" time="0.232233">
      <testcase name="`IsEmployable Trait Unit Tests` → `employment relationships` → provides employments relationship" class="Tests\Unit\Models\Concerns\IsEmployableTest" classname="Tests.Unit.Models.Concerns.IsEmployableTest" file="tests/Unit/Models/Concerns/IsEmployableTest.php::`IsEmployable Trait Unit Tests` → `employment relationships` → provides employments relationship" line="0" assertions="1" time="0.011373"/>
      <testcase name="`IsEmployable Trait Unit Tests` → `employment relationships` → provides current employment relationship" class="Tests\Unit\Models\Concerns\IsEmployableTest" classname="Tests.Unit.Models.Concerns.IsEmployableTest" file="tests/Unit/Models/Concerns/IsEmployableTest.php::`IsEmployable Trait Unit Tests` → `employment relationships` → provides current employment relationship" line="0" assertions="1" time="0.012474"/>
      <testcase name="`IsEmployable Trait Unit Tests` → `employment relationships` → provides future employment relationship" class="Tests\Unit\Models\Concerns\IsEmployableTest" classname="Tests.Unit.Models.Concerns.IsEmployableTest" file="tests/Unit/Models/Concerns/IsEmployableTest.php::`IsEmployable Trait Unit Tests` → `employment relationships` → provides future employment relationship" line="0" assertions="1" time="0.012860"/>
      <testcase name="`IsEmployable Trait Unit Tests` → `employment relationships` → provides previous employments relationship" class="Tests\Unit\Models\Concerns\IsEmployableTest" classname="Tests.Unit.Models.Concerns.IsEmployableTest" file="tests/Unit/Models/Concerns/IsEmployableTest.php::`IsEmployable Trait Unit Tests` → `employment relationships` → provides previous employments relationship" line="0" assertions="1" time="0.011779"/>
      <testcase name="`IsEmployable Trait Unit Tests` → `employment relationships` → provides previous employment relationship" class="Tests\Unit\Models\Concerns\IsEmployableTest" classname="Tests.Unit.Models.Concerns.IsEmployableTest" file="tests/Unit/Models/Concerns/IsEmployableTest.php::`IsEmployable Trait Unit Tests` → `employment relationships` → provides previous employment relationship" line="0" assertions="1" time="0.012743"/>
      <testcase name="`IsEmployable Trait Unit Tests` → `employment relationships` → provides first employment relationship" class="Tests\Unit\Models\Concerns\IsEmployableTest" classname="Tests.Unit.Models.Concerns.IsEmployableTest" file="tests/Unit/Models/Concerns/IsEmployableTest.php::`IsEmployable Trait Unit Tests` → `employment relationships` → provides first employment relationship" line="0" assertions="1" time="0.012277"/>
      <testcase name="`IsEmployable Trait Unit Tests` → `employment relationships` → employments relationship uses the correct related model" class="Tests\Unit\Models\Concerns\IsEmployableTest" classname="Tests.Unit.Models.Concerns.IsEmployableTest" file="tests/Unit/Models/Concerns/IsEmployableTest.php::`IsEmployable Trait Unit Tests` → `employment relationships` → employments relationship uses the correct related model" line="0" assertions="2" time="0.017847"/>
      <testcase name="`IsEmployable Trait Unit Tests` → `employment relationships` → currentEmployment relationship uses the correct related model" class="Tests\Unit\Models\Concerns\IsEmployableTest" classname="Tests.Unit.Models.Concerns.IsEmployableTest" file="tests/Unit/Models/Concerns/IsEmployableTest.php::`IsEmployable Trait Unit Tests` → `employment relationships` → currentEmployment relationship uses the correct related model" line="0" assertions="2" time="0.011290"/>
      <testcase name="`IsEmployable Trait Unit Tests` → `employment status checks` → can check if model is employed" class="Tests\Unit\Models\Concerns\IsEmployableTest" classname="Tests.Unit.Models.Concerns.IsEmployableTest" file="tests/Unit/Models/Concerns/IsEmployableTest.php::`IsEmployable Trait Unit Tests` → `employment status checks` → can check if model is employed" line="0" assertions="1" time="0.010982"/>
      <testcase name="`IsEmployable Trait Unit Tests` → `employment status checks` → can check if model is not employed" class="Tests\Unit\Models\Concerns\IsEmployableTest" classname="Tests.Unit.Models.Concerns.IsEmployableTest" file="tests/Unit/Models/Concerns/IsEmployableTest.php::`IsEmployable Trait Unit Tests` → `employment status checks` → can check if model is not employed" line="0" assertions="1" time="0.010926"/>
      <testcase name="`IsEmployable Trait Unit Tests` → `employment status checks` → can check if model has employments" class="Tests\Unit\Models\Concerns\IsEmployableTest" classname="Tests.Unit.Models.Concerns.IsEmployableTest" file="tests/Unit/Models/Concerns/IsEmployableTest.php::`IsEmployable Trait Unit Tests` → `employment status checks` → can check if model has employments" line="0" assertions="2" time="0.010988"/>
      <testcase name="`IsEmployable Trait Unit Tests` → `employment status checks` → can check if model has future employment" class="Tests\Unit\Models\Concerns\IsEmployableTest" classname="Tests.Unit.Models.Concerns.IsEmployableTest" file="tests/Unit/Models/Concerns/IsEmployableTest.php::`IsEmployable Trait Unit Tests` → `employment status checks` → can check if model has future employment" line="0" assertions="2" time="0.015156"/>
      <testcase name="`IsEmployable Trait Unit Tests` → `employment status checks` → can check if model has employment history" class="Tests\Unit\Models\Concerns\IsEmployableTest" classname="Tests.Unit.Models.Concerns.IsEmployableTest" file="tests/Unit/Models/Concerns/IsEmployableTest.php::`IsEmployable Trait Unit Tests` → `employment status checks` → can check if model has employment history" line="0" assertions="2" time="0.012690"/>
      <testcase name="`IsEmployable Trait Unit Tests` → `employment model resolution` → can fake employment model class" class="Tests\Unit\Models\Concerns\IsEmployableTest" classname="Tests.Unit.Models.Concerns.IsEmployableTest" file="tests/Unit/Models/Concerns/IsEmployableTest.php::`IsEmployable Trait Unit Tests` → `employment model resolution` → can fake employment model class" line="0" assertions="1" time="0.011097"/>
      <testcase name="`IsEmployable Trait Unit Tests` → `employment relationship queries` → current employment query includes whereNull ended_at" class="Tests\Unit\Models\Concerns\IsEmployableTest" classname="Tests.Unit.Models.Concerns.IsEmployableTest" file="tests/Unit/Models/Concerns/IsEmployableTest.php::`IsEmployable Trait Unit Tests` → `employment relationship queries` → current employment query includes whereNull ended_at" line="0" assertions="1" time="0.011079"/>
      <testcase name="`IsEmployable Trait Unit Tests` → `employment relationship queries` → future employment query includes whereNull ended_at and started_at &gt; now" class="Tests\Unit\Models\Concerns\IsEmployableTest" classname="Tests.Unit.Models.Concerns.IsEmployableTest" file="tests/Unit/Models/Concerns/IsEmployableTest.php::`IsEmployable Trait Unit Tests` → `employment relationship queries` → future employment query includes whereNull ended_at and started_at &gt; now" line="0" assertions="2" time="0.011295"/>
      <testcase name="`IsEmployable Trait Unit Tests` → `employment relationship queries` → previous employments query includes whereNotNull ended_at" class="Tests\Unit\Models\Concerns\IsEmployableTest" classname="Tests.Unit.Models.Concerns.IsEmployableTest" file="tests/Unit/Models/Concerns/IsEmployableTest.php::`IsEmployable Trait Unit Tests` → `employment relationship queries` → previous employments query includes whereNotNull ended_at" line="0" assertions="1" time="0.011216"/>
      <testcase name="`IsEmployable Trait Unit Tests` → `employment relationship queries` → previous employment query includes ofMany constraint" class="Tests\Unit\Models\Concerns\IsEmployableTest" classname="Tests.Unit.Models.Concerns.IsEmployableTest" file="tests/Unit/Models/Concerns/IsEmployableTest.php::`IsEmployable Trait Unit Tests` → `employment relationship queries` → previous employment query includes ofMany constraint" line="0" assertions="1" time="0.013045"/>
      <testcase name="`IsEmployable Trait Unit Tests` → `employment relationship queries` → first employment query includes ofMany constraint" class="Tests\Unit\Models\Concerns\IsEmployableTest" classname="Tests.Unit.Models.Concerns.IsEmployableTest" file="tests/Unit/Models/Concerns/IsEmployableTest.php::`IsEmployable Trait Unit Tests` → `employment relationship queries` → first employment query includes ofMany constraint" line="0" assertions="1" time="0.011118"/>
    </testsuite>
    <testsuite name="Tests\Unit\Models\Concerns\IsInjurableTest" file="tests/Unit/Models/Concerns/IsInjurableTest.php" tests="15" assertions="18" errors="0" failures="0" skipped="0" time="0.19679">
      <testcase name="`IsInjurable Trait Unit Tests` → `injury relationships` → provides injuries relationship" class="Tests\Unit\Models\Concerns\IsInjurableTest" classname="Tests.Unit.Models.Concerns.IsInjurableTest" file="tests/Unit/Models/Concerns/IsInjurableTest.php::`IsInjurable Trait Unit Tests` → `injury relationships` → provides injuries relationship" line="0" assertions="1" time="0.011606"/>
      <testcase name="`IsInjurable Trait Unit Tests` → `injury relationships` → provides current injury relationship" class="Tests\Unit\Models\Concerns\IsInjurableTest" classname="Tests.Unit.Models.Concerns.IsInjurableTest" file="tests/Unit/Models/Concerns/IsInjurableTest.php::`IsInjurable Trait Unit Tests` → `injury relationships` → provides current injury relationship" line="0" assertions="1" time="0.012462"/>
      <testcase name="`IsInjurable Trait Unit Tests` → `injury relationships` → provides previous injuries relationship" class="Tests\Unit\Models\Concerns\IsInjurableTest" classname="Tests.Unit.Models.Concerns.IsInjurableTest" file="tests/Unit/Models/Concerns/IsInjurableTest.php::`IsInjurable Trait Unit Tests` → `injury relationships` → provides previous injuries relationship" line="0" assertions="1" time="0.011782"/>
      <testcase name="`IsInjurable Trait Unit Tests` → `injury relationships` → provides previous injury relationship" class="Tests\Unit\Models\Concerns\IsInjurableTest" classname="Tests.Unit.Models.Concerns.IsInjurableTest" file="tests/Unit/Models/Concerns/IsInjurableTest.php::`IsInjurable Trait Unit Tests` → `injury relationships` → provides previous injury relationship" line="0" assertions="1" time="0.011364"/>
      <testcase name="`IsInjurable Trait Unit Tests` → `injury relationships` → injuries relationship uses the correct related model" class="Tests\Unit\Models\Concerns\IsInjurableTest" classname="Tests.Unit.Models.Concerns.IsInjurableTest" file="tests/Unit/Models/Concerns/IsInjurableTest.php::`IsInjurable Trait Unit Tests` → `injury relationships` → injuries relationship uses the correct related model" line="0" assertions="2" time="0.015545"/>
      <testcase name="`IsInjurable Trait Unit Tests` → `injury relationships` → currentInjury relationship uses the correct related model" class="Tests\Unit\Models\Concerns\IsInjurableTest" classname="Tests.Unit.Models.Concerns.IsInjurableTest" file="tests/Unit/Models/Concerns/IsInjurableTest.php::`IsInjurable Trait Unit Tests` → `injury relationships` → currentInjury relationship uses the correct related model" line="0" assertions="2" time="0.017368"/>
      <testcase name="`IsInjurable Trait Unit Tests` → `injury status checks` → can check if model is injured" class="Tests\Unit\Models\Concerns\IsInjurableTest" classname="Tests.Unit.Models.Concerns.IsInjurableTest" file="tests/Unit/Models/Concerns/IsInjurableTest.php::`IsInjurable Trait Unit Tests` → `injury status checks` → can check if model is injured" line="0" assertions="1" time="0.011506"/>
      <testcase name="`IsInjurable Trait Unit Tests` → `injury status checks` → can check if model is not injured" class="Tests\Unit\Models\Concerns\IsInjurableTest" classname="Tests.Unit.Models.Concerns.IsInjurableTest" file="tests/Unit/Models/Concerns/IsInjurableTest.php::`IsInjurable Trait Unit Tests` → `injury status checks` → can check if model is not injured" line="0" assertions="1" time="0.019330"/>
      <testcase name="`IsInjurable Trait Unit Tests` → `injury status checks` → can check if model has injuries" class="Tests\Unit\Models\Concerns\IsInjurableTest" classname="Tests.Unit.Models.Concerns.IsInjurableTest" file="tests/Unit/Models/Concerns/IsInjurableTest.php::`IsInjurable Trait Unit Tests` → `injury status checks` → can check if model has injuries" line="0" assertions="2" time="0.015074"/>
      <testcase name="`IsInjurable Trait Unit Tests` → `injury model resolution` → can fake injury model class" class="Tests\Unit\Models\Concerns\IsInjurableTest" classname="Tests.Unit.Models.Concerns.IsInjurableTest" file="tests/Unit/Models/Concerns/IsInjurableTest.php::`IsInjurable Trait Unit Tests` → `injury model resolution` → can fake injury model class" line="0" assertions="1" time="0.015847"/>
      <testcase name="`IsInjurable Trait Unit Tests` → `injury model resolution` → throws if related model does not exist" class="Tests\Unit\Models\Concerns\IsInjurableTest" classname="Tests.Unit.Models.Concerns.IsInjurableTest" file="tests/Unit/Models/Concerns/IsInjurableTest.php::`IsInjurable Trait Unit Tests` → `injury model resolution` → throws if related model does not exist" line="0" assertions="1" time="0.011042"/>
      <testcase name="`IsInjurable Trait Unit Tests` → `injury model resolution` → can clear fake model override" class="Tests\Unit\Models\Concerns\IsInjurableTest" classname="Tests.Unit.Models.Concerns.IsInjurableTest" file="tests/Unit/Models/Concerns/IsInjurableTest.php::`IsInjurable Trait Unit Tests` → `injury model resolution` → can clear fake model override" line="0" assertions="1" time="0.010824"/>
      <testcase name="`IsInjurable Trait Unit Tests` → `injury relationship queries` → current injury query includes whereNull ended_at" class="Tests\Unit\Models\Concerns\IsInjurableTest" classname="Tests.Unit.Models.Concerns.IsInjurableTest" file="tests/Unit/Models/Concerns/IsInjurableTest.php::`IsInjurable Trait Unit Tests` → `injury relationship queries` → current injury query includes whereNull ended_at" line="0" assertions="1" time="0.010750"/>
      <testcase name="`IsInjurable Trait Unit Tests` → `injury relationship queries` → previous injuries query includes whereNotNull ended_at" class="Tests\Unit\Models\Concerns\IsInjurableTest" classname="Tests.Unit.Models.Concerns.IsInjurableTest" file="tests/Unit/Models/Concerns/IsInjurableTest.php::`IsInjurable Trait Unit Tests` → `injury relationship queries` → previous injuries query includes whereNotNull ended_at" line="0" assertions="1" time="0.010703"/>
      <testcase name="`IsInjurable Trait Unit Tests` → `injury relationship queries` → previous injury query includes ofMany constraint" class="Tests\Unit\Models\Concerns\IsInjurableTest" classname="Tests.Unit.Models.Concerns.IsInjurableTest" file="tests/Unit/Models/Concerns/IsInjurableTest.php::`IsInjurable Trait Unit Tests` → `injury relationship queries` → previous injury query includes ofMany constraint" line="0" assertions="1" time="0.011586"/>
    </testsuite>
    <testsuite name="Tests\Unit\Models\Concerns\IsRetirableTest" file="tests/Unit/Models/Concerns/IsRetirableTest.php" tests="21" assertions="27" errors="0" failures="0" skipped="0" time="0.26524">
      <testcase name="`IsRetirable Trait Unit Tests` → `retirement relationships` → provides retirements relationship" class="Tests\Unit\Models\Concerns\IsRetirableTest" classname="Tests.Unit.Models.Concerns.IsRetirableTest" file="tests/Unit/Models/Concerns/IsRetirableTest.php::`IsRetirable Trait Unit Tests` → `retirement relationships` → provides retirements relationship" line="0" assertions="1" time="0.011673"/>
      <testcase name="`IsRetirable Trait Unit Tests` → `retirement relationships` → provides current retirement relationship" class="Tests\Unit\Models\Concerns\IsRetirableTest" classname="Tests.Unit.Models.Concerns.IsRetirableTest" file="tests/Unit/Models/Concerns/IsRetirableTest.php::`IsRetirable Trait Unit Tests` → `retirement relationships` → provides current retirement relationship" line="0" assertions="1" time="0.011832"/>
      <testcase name="`IsRetirable Trait Unit Tests` → `retirement relationships` → provides previous retirements relationship" class="Tests\Unit\Models\Concerns\IsRetirableTest" classname="Tests.Unit.Models.Concerns.IsRetirableTest" file="tests/Unit/Models/Concerns/IsRetirableTest.php::`IsRetirable Trait Unit Tests` → `retirement relationships` → provides previous retirements relationship" line="0" assertions="1" time="0.011199"/>
      <testcase name="`IsRetirable Trait Unit Tests` → `retirement relationships` → provides previous retirement relationship" class="Tests\Unit\Models\Concerns\IsRetirableTest" classname="Tests.Unit.Models.Concerns.IsRetirableTest" file="tests/Unit/Models/Concerns/IsRetirableTest.php::`IsRetirable Trait Unit Tests` → `retirement relationships` → provides previous retirement relationship" line="0" assertions="1" time="0.011232"/>
      <testcase name="`IsRetirable Trait Unit Tests` → `retirement relationships` → retirements relationship uses the correct related model" class="Tests\Unit\Models\Concerns\IsRetirableTest" classname="Tests.Unit.Models.Concerns.IsRetirableTest" file="tests/Unit/Models/Concerns/IsRetirableTest.php::`IsRetirable Trait Unit Tests` → `retirement relationships` → retirements relationship uses the correct related model" line="0" assertions="2" time="0.011015"/>
      <testcase name="`IsRetirable Trait Unit Tests` → `retirement relationships` → currentRetirement relationship uses the correct related model" class="Tests\Unit\Models\Concerns\IsRetirableTest" classname="Tests.Unit.Models.Concerns.IsRetirableTest" file="tests/Unit/Models/Concerns/IsRetirableTest.php::`IsRetirable Trait Unit Tests` → `retirement relationships` → currentRetirement relationship uses the correct related model" line="0" assertions="2" time="0.015118"/>
      <testcase name="`IsRetirable Trait Unit Tests` → `retirement status checks` → can check if model is retired" class="Tests\Unit\Models\Concerns\IsRetirableTest" classname="Tests.Unit.Models.Concerns.IsRetirableTest" file="tests/Unit/Models/Concerns/IsRetirableTest.php::`IsRetirable Trait Unit Tests` → `retirement status checks` → can check if model is retired" line="0" assertions="1" time="0.014301"/>
      <testcase name="`IsRetirable Trait Unit Tests` → `retirement status checks` → can check if model is not retired" class="Tests\Unit\Models\Concerns\IsRetirableTest" classname="Tests.Unit.Models.Concerns.IsRetirableTest" file="tests/Unit/Models/Concerns/IsRetirableTest.php::`IsRetirable Trait Unit Tests` → `retirement status checks` → can check if model is not retired" line="0" assertions="1" time="0.020209"/>
      <testcase name="`IsRetirable Trait Unit Tests` → `retirement status checks` → can check if model has retirements" class="Tests\Unit\Models\Concerns\IsRetirableTest" classname="Tests.Unit.Models.Concerns.IsRetirableTest" file="tests/Unit/Models/Concerns/IsRetirableTest.php::`IsRetirable Trait Unit Tests` → `retirement status checks` → can check if model has retirements" line="0" assertions="2" time="0.016643"/>
      <testcase name="`IsRetirable Trait Unit Tests` → `retirement model resolution` → can fake retirement model class" class="Tests\Unit\Models\Concerns\IsRetirableTest" classname="Tests.Unit.Models.Concerns.IsRetirableTest" file="tests/Unit/Models/Concerns/IsRetirableTest.php::`IsRetirable Trait Unit Tests` → `retirement model resolution` → can fake retirement model class" line="0" assertions="1" time="0.012589"/>
      <testcase name="`IsRetirable Trait Unit Tests` → `retirement relationship queries` → current retirement query includes whereNull ended_at" class="Tests\Unit\Models\Concerns\IsRetirableTest" classname="Tests.Unit.Models.Concerns.IsRetirableTest" file="tests/Unit/Models/Concerns/IsRetirableTest.php::`IsRetirable Trait Unit Tests` → `retirement relationship queries` → current retirement query includes whereNull ended_at" line="0" assertions="1" time="0.011043"/>
      <testcase name="`IsRetirable Trait Unit Tests` → `retirement relationship queries` → previous retirements query includes whereNotNull ended_at" class="Tests\Unit\Models\Concerns\IsRetirableTest" classname="Tests.Unit.Models.Concerns.IsRetirableTest" file="tests/Unit/Models/Concerns/IsRetirableTest.php::`IsRetirable Trait Unit Tests` → `retirement relationship queries` → previous retirements query includes whereNotNull ended_at" line="0" assertions="1" time="0.010890"/>
      <testcase name="`IsRetirable Trait Unit Tests` → `retirement relationship queries` → previous retirement query includes ofMany constraint" class="Tests\Unit\Models\Concerns\IsRetirableTest" classname="Tests.Unit.Models.Concerns.IsRetirableTest" file="tests/Unit/Models/Concerns/IsRetirableTest.php::`IsRetirable Trait Unit Tests` → `retirement relationship queries` → previous retirement query includes ofMany constraint" line="0" assertions="1" time="0.011066"/>
      <testcase name="`IsRetirable Trait Unit Tests` → `retirement validation methods` → can check if model can be retired" class="Tests\Unit\Models\Concerns\IsRetirableTest" classname="Tests.Unit.Models.Concerns.IsRetirableTest" file="tests/Unit/Models/Concerns/IsRetirableTest.php::`IsRetirable Trait Unit Tests` → `retirement validation methods` → can check if model can be retired" line="0" assertions="2" time="0.011406"/>
      <testcase name="`IsRetirable Trait Unit Tests` → `retirement validation methods` → can check if model can be unretired" class="Tests\Unit\Models\Concerns\IsRetirableTest" classname="Tests.Unit.Models.Concerns.IsRetirableTest" file="tests/Unit/Models/Concerns/IsRetirableTest.php::`IsRetirable Trait Unit Tests` → `retirement validation methods` → can check if model can be unretired" line="0" assertions="2" time="0.011099"/>
      <testcase name="`IsRetirable Trait Unit Tests` → `retirement validation methods` → can ensure model can be retired" class="Tests\Unit\Models\Concerns\IsRetirableTest" classname="Tests.Unit.Models.Concerns.IsRetirableTest" file="tests/Unit/Models/Concerns/IsRetirableTest.php::`IsRetirable Trait Unit Tests` → `retirement validation methods` → can ensure model can be retired" line="0" assertions="1" time="0.011459"/>
      <testcase name="`IsRetirable Trait Unit Tests` → `retirement validation methods` → can ensure model can be unretired" class="Tests\Unit\Models\Concerns\IsRetirableTest" classname="Tests.Unit.Models.Concerns.IsRetirableTest" file="tests/Unit/Models/Concerns/IsRetirableTest.php::`IsRetirable Trait Unit Tests` → `retirement validation methods` → can ensure model can be unretired" line="0" assertions="1" time="0.012760"/>
      <testcase name="`IsRetirable Trait Unit Tests` → `retirement period accessors` → provides previous retirement accessor" class="Tests\Unit\Models\Concerns\IsRetirableTest" classname="Tests.Unit.Models.Concerns.IsRetirableTest" file="tests/Unit/Models/Concerns/IsRetirableTest.php::`IsRetirable Trait Unit Tests` → `retirement period accessors` → provides previous retirement accessor" line="0" assertions="1" time="0.011804"/>
      <testcase name="`IsRetirable Trait Unit Tests` → `retirement period accessors` → provides previous retirement accessor (single)" class="Tests\Unit\Models\Concerns\IsRetirableTest" classname="Tests.Unit.Models.Concerns.IsRetirableTest" file="tests/Unit/Models/Concerns/IsRetirableTest.php::`IsRetirable Trait Unit Tests` → `retirement period accessors` → provides previous retirement accessor (single)" line="0" assertions="1" time="0.012407"/>
      <testcase name="`IsRetirable Trait Unit Tests` → `retirement history methods` → can get retirement history" class="Tests\Unit\Models\Concerns\IsRetirableTest" classname="Tests.Unit.Models.Concerns.IsRetirableTest" file="tests/Unit/Models/Concerns/IsRetirableTest.php::`IsRetirable Trait Unit Tests` → `retirement history methods` → can get retirement history" line="0" assertions="1" time="0.011712"/>
      <testcase name="`IsRetirable Trait Unit Tests` → `retirement history methods` → can check if model has retirement history" class="Tests\Unit\Models\Concerns\IsRetirableTest" classname="Tests.Unit.Models.Concerns.IsRetirableTest" file="tests/Unit/Models/Concerns/IsRetirableTest.php::`IsRetirable Trait Unit Tests` → `retirement history methods` → can check if model has retirement history" line="0" assertions="2" time="0.013784"/>
    </testsuite>
    <testsuite name="Tests\Unit\Models\Concerns\IsSuspendableTest" file="tests/Unit/Models/Concerns/IsSuspendableTest.php" tests="11" assertions="14" errors="0" failures="0" skipped="0" time="0.132238">
      <testcase name="`IsSuspendable Trait Unit Tests` → `suspension relationships` → provides suspensions relationship" class="Tests\Unit\Models\Concerns\IsSuspendableTest" classname="Tests.Unit.Models.Concerns.IsSuspendableTest" file="tests/Unit/Models/Concerns/IsSuspendableTest.php::`IsSuspendable Trait Unit Tests` → `suspension relationships` → provides suspensions relationship" line="0" assertions="1" time="0.012429"/>
      <testcase name="`IsSuspendable Trait Unit Tests` → `suspension relationships` → provides current suspension relationship" class="Tests\Unit\Models\Concerns\IsSuspendableTest" classname="Tests.Unit.Models.Concerns.IsSuspendableTest" file="tests/Unit/Models/Concerns/IsSuspendableTest.php::`IsSuspendable Trait Unit Tests` → `suspension relationships` → provides current suspension relationship" line="0" assertions="1" time="0.011688"/>
      <testcase name="`IsSuspendable Trait Unit Tests` → `suspension relationships` → provides previous suspensions relationship" class="Tests\Unit\Models\Concerns\IsSuspendableTest" classname="Tests.Unit.Models.Concerns.IsSuspendableTest" file="tests/Unit/Models/Concerns/IsSuspendableTest.php::`IsSuspendable Trait Unit Tests` → `suspension relationships` → provides previous suspensions relationship" line="0" assertions="1" time="0.011152"/>
      <testcase name="`IsSuspendable Trait Unit Tests` → `suspension relationships` → provides previous suspension relationship" class="Tests\Unit\Models\Concerns\IsSuspendableTest" classname="Tests.Unit.Models.Concerns.IsSuspendableTest" file="tests/Unit/Models/Concerns/IsSuspendableTest.php::`IsSuspendable Trait Unit Tests` → `suspension relationships` → provides previous suspension relationship" line="0" assertions="1" time="0.013795"/>
      <testcase name="`IsSuspendable Trait Unit Tests` → `suspension relationships` → suspensions relationship uses the correct related model" class="Tests\Unit\Models\Concerns\IsSuspendableTest" classname="Tests.Unit.Models.Concerns.IsSuspendableTest" file="tests/Unit/Models/Concerns/IsSuspendableTest.php::`IsSuspendable Trait Unit Tests` → `suspension relationships` → suspensions relationship uses the correct related model" line="0" assertions="2" time="0.012235"/>
      <testcase name="`IsSuspendable Trait Unit Tests` → `suspension relationships` → currentSuspension relationship uses the correct related model" class="Tests\Unit\Models\Concerns\IsSuspendableTest" classname="Tests.Unit.Models.Concerns.IsSuspendableTest" file="tests/Unit/Models/Concerns/IsSuspendableTest.php::`IsSuspendable Trait Unit Tests` → `suspension relationships` → currentSuspension relationship uses the correct related model" line="0" assertions="2" time="0.013062"/>
      <testcase name="`IsSuspendable Trait Unit Tests` → `suspension status checks` → can check if model is suspended" class="Tests\Unit\Models\Concerns\IsSuspendableTest" classname="Tests.Unit.Models.Concerns.IsSuspendableTest" file="tests/Unit/Models/Concerns/IsSuspendableTest.php::`IsSuspendable Trait Unit Tests` → `suspension status checks` → can check if model is suspended" line="0" assertions="1" time="0.012460"/>
      <testcase name="`IsSuspendable Trait Unit Tests` → `suspension status checks` → can check if model is not suspended" class="Tests\Unit\Models\Concerns\IsSuspendableTest" classname="Tests.Unit.Models.Concerns.IsSuspendableTest" file="tests/Unit/Models/Concerns/IsSuspendableTest.php::`IsSuspendable Trait Unit Tests` → `suspension status checks` → can check if model is not suspended" line="0" assertions="1" time="0.011331"/>
      <testcase name="`IsSuspendable Trait Unit Tests` → `suspension status checks` → can check if model has suspensions" class="Tests\Unit\Models\Concerns\IsSuspendableTest" classname="Tests.Unit.Models.Concerns.IsSuspendableTest" file="tests/Unit/Models/Concerns/IsSuspendableTest.php::`IsSuspendable Trait Unit Tests` → `suspension status checks` → can check if model has suspensions" line="0" assertions="2" time="0.011258"/>
      <testcase name="`IsSuspendable Trait Unit Tests` → `suspension model resolution` → can fake suspension model class" class="Tests\Unit\Models\Concerns\IsSuspendableTest" classname="Tests.Unit.Models.Concerns.IsSuspendableTest" file="tests/Unit/Models/Concerns/IsSuspendableTest.php::`IsSuspendable Trait Unit Tests` → `suspension model resolution` → can fake suspension model class" line="0" assertions="1" time="0.011153"/>
      <testcase name="`IsSuspendable Trait Unit Tests` → `suspension relationship queries` → current suspension query includes whereNull ended_at" class="Tests\Unit\Models\Concerns\IsSuspendableTest" classname="Tests.Unit.Models.Concerns.IsSuspendableTest" file="tests/Unit/Models/Concerns/IsSuspendableTest.php::`IsSuspendable Trait Unit Tests` → `suspension relationship queries` → current suspension query includes whereNull ended_at" line="0" assertions="1" time="0.011677"/>
    </testsuite>
    <testsuite name="Tests\Unit\Models\Concerns\ProvidesDisplayNameTest" file="tests/Unit/Models/Concerns/ProvidesDisplayNameTest.php" tests="15" assertions="18" errors="0" failures="0" skipped="0" time="0.20111">
      <testcase name="`ProvidesDisplayName Trait Unit Tests` → `display name generation` → uses name field when available" class="Tests\Unit\Models\Concerns\ProvidesDisplayNameTest" classname="Tests.Unit.Models.Concerns.ProvidesDisplayNameTest" file="tests/Unit/Models/Concerns/ProvidesDisplayNameTest.php::`ProvidesDisplayName Trait Unit Tests` → `display name generation` → uses name field when available" line="0" assertions="1" time="0.011354"/>
      <testcase name="`ProvidesDisplayName Trait Unit Tests` → `display name generation` → uses full_name field when name is not available" class="Tests\Unit\Models\Concerns\ProvidesDisplayNameTest" classname="Tests.Unit.Models.Concerns.ProvidesDisplayNameTest" file="tests/Unit/Models/Concerns/ProvidesDisplayNameTest.php::`ProvidesDisplayName Trait Unit Tests` → `display name generation` → uses full_name field when name is not available" line="0" assertions="1" time="0.012520"/>
      <testcase name="`ProvidesDisplayName Trait Unit Tests` → `display name generation` → combines first_name and last_name when available" class="Tests\Unit\Models\Concerns\ProvidesDisplayNameTest" classname="Tests.Unit.Models.Concerns.ProvidesDisplayNameTest" file="tests/Unit/Models/Concerns/ProvidesDisplayNameTest.php::`ProvidesDisplayName Trait Unit Tests` → `display name generation` → combines first_name and last_name when available" line="0" assertions="1" time="0.010854"/>
      <testcase name="`ProvidesDisplayName Trait Unit Tests` → `display name generation` → handles empty first_name and last_name" class="Tests\Unit\Models\Concerns\ProvidesDisplayNameTest" classname="Tests.Unit.Models.Concerns.ProvidesDisplayNameTest" file="tests/Unit/Models/Concerns/ProvidesDisplayNameTest.php::`ProvidesDisplayName Trait Unit Tests` → `display name generation` → handles empty first_name and last_name" line="0" assertions="1" time="0.013769"/>
      <testcase name="`ProvidesDisplayName Trait Unit Tests` → `display name generation` → throws exception when no display name fields are available" class="Tests\Unit\Models\Concerns\ProvidesDisplayNameTest" classname="Tests.Unit.Models.Concerns.ProvidesDisplayNameTest" file="tests/Unit/Models/Concerns/ProvidesDisplayNameTest.php::`ProvidesDisplayName Trait Unit Tests` → `display name generation` → throws exception when no display name fields are available" line="0" assertions="1" time="0.011307"/>
      <testcase name="`ProvidesDisplayName Trait Unit Tests` → `display name accessor` → provides displayName accessor" class="Tests\Unit\Models\Concerns\ProvidesDisplayNameTest" classname="Tests.Unit.Models.Concerns.ProvidesDisplayNameTest" file="tests/Unit/Models/Concerns/ProvidesDisplayNameTest.php::`ProvidesDisplayName Trait Unit Tests` → `display name accessor` → provides displayName accessor" line="0" assertions="1" time="0.012161"/>
      <testcase name="`ProvidesDisplayName Trait Unit Tests` → `display name accessor` → accessor returns Attribute instance" class="Tests\Unit\Models\Concerns\ProvidesDisplayNameTest" classname="Tests.Unit.Models.Concerns.ProvidesDisplayNameTest" file="tests/Unit/Models/Concerns/ProvidesDisplayNameTest.php::`ProvidesDisplayName Trait Unit Tests` → `display name accessor` → accessor returns Attribute instance" line="0" assertions="1" time="0.017426"/>
      <testcase name="`ProvidesDisplayName Trait Unit Tests` → `field priority` → prioritizes name over full_name" class="Tests\Unit\Models\Concerns\ProvidesDisplayNameTest" classname="Tests.Unit.Models.Concerns.ProvidesDisplayNameTest" file="tests/Unit/Models/Concerns/ProvidesDisplayNameTest.php::`ProvidesDisplayName Trait Unit Tests` → `field priority` → prioritizes name over full_name" line="0" assertions="1" time="0.017046"/>
      <testcase name="`ProvidesDisplayName Trait Unit Tests` → `field priority` → prioritizes name over first_name and last_name" class="Tests\Unit\Models\Concerns\ProvidesDisplayNameTest" classname="Tests.Unit.Models.Concerns.ProvidesDisplayNameTest" file="tests/Unit/Models/Concerns/ProvidesDisplayNameTest.php::`ProvidesDisplayName Trait Unit Tests` → `field priority` → prioritizes name over first_name and last_name" line="0" assertions="1" time="0.024196"/>
      <testcase name="`ProvidesDisplayName Trait Unit Tests` → `field priority` → prioritizes full_name over first_name and last_name" class="Tests\Unit\Models\Concerns\ProvidesDisplayNameTest" classname="Tests.Unit.Models.Concerns.ProvidesDisplayNameTest" file="tests/Unit/Models/Concerns/ProvidesDisplayNameTest.php::`ProvidesDisplayName Trait Unit Tests` → `field priority` → prioritizes full_name over first_name and last_name" line="0" assertions="1" time="0.013178"/>
      <testcase name="`ProvidesDisplayName Trait Unit Tests` → `field detection` → detects name property correctly" class="Tests\Unit\Models\Concerns\ProvidesDisplayNameTest" classname="Tests.Unit.Models.Concerns.ProvidesDisplayNameTest" file="tests/Unit/Models/Concerns/ProvidesDisplayNameTest.php::`ProvidesDisplayName Trait Unit Tests` → `field detection` → detects name property correctly" line="0" assertions="2" time="0.012427"/>
      <testcase name="`ProvidesDisplayName Trait Unit Tests` → `field detection` → detects full_name property correctly" class="Tests\Unit\Models\Concerns\ProvidesDisplayNameTest" classname="Tests.Unit.Models.Concerns.ProvidesDisplayNameTest" file="tests/Unit/Models/Concerns/ProvidesDisplayNameTest.php::`ProvidesDisplayName Trait Unit Tests` → `field detection` → detects full_name property correctly" line="0" assertions="2" time="0.011128"/>
      <testcase name="`ProvidesDisplayName Trait Unit Tests` → `field detection` → detects first_name and last_name properties correctly" class="Tests\Unit\Models\Concerns\ProvidesDisplayNameTest" classname="Tests.Unit.Models.Concerns.ProvidesDisplayNameTest" file="tests/Unit/Models/Concerns/ProvidesDisplayNameTest.php::`ProvidesDisplayName Trait Unit Tests` → `field detection` → detects first_name and last_name properties correctly" line="0" assertions="2" time="0.011413"/>
      <testcase name="`ProvidesDisplayName Trait Unit Tests` → `error handling` → throws LogicException with model class name when no fields available" class="Tests\Unit\Models\Concerns\ProvidesDisplayNameTest" classname="Tests.Unit.Models.Concerns.ProvidesDisplayNameTest" file="tests/Unit/Models/Concerns/ProvidesDisplayNameTest.php::`ProvidesDisplayName Trait Unit Tests` → `error handling` → throws LogicException with model class name when no fields available" line="0" assertions="1" time="0.011289"/>
      <testcase name="`ProvidesDisplayName Trait Unit Tests` → `error handling` → handles null values gracefully" class="Tests\Unit\Models\Concerns\ProvidesDisplayNameTest" classname="Tests.Unit.Models.Concerns.ProvidesDisplayNameTest" file="tests/Unit/Models/Concerns/ProvidesDisplayNameTest.php::`ProvidesDisplayName Trait Unit Tests` → `error handling` → handles null values gracefully" line="0" assertions="1" time="0.011041"/>
    </testsuite>
    <testsuite name="Tests\Unit\Models\Concerns\ProvidesTagTeamWrestlersTest" file="tests/Unit/Models/Concerns/ProvidesTagTeamWrestlersTest.php" tests="11" assertions="13" errors="0" failures="0" skipped="0" time="0.165268">
      <testcase name="`ProvidesTagTeamWrestlers Trait Unit Tests` → `wrestler relationship methods` → wrestlers relationship returns correct type" class="Tests\Unit\Models\Concerns\ProvidesTagTeamWrestlersTest" classname="Tests.Unit.Models.Concerns.ProvidesTagTeamWrestlersTest" file="tests/Unit/Models/Concerns/ProvidesTagTeamWrestlersTest.php::`ProvidesTagTeamWrestlers Trait Unit Tests` → `wrestler relationship methods` → wrestlers relationship returns correct type" line="0" assertions="1" time="0.011972"/>
      <testcase name="`ProvidesTagTeamWrestlers Trait Unit Tests` → `wrestler relationship methods` → currentWrestlers relationship returns correct type" class="Tests\Unit\Models\Concerns\ProvidesTagTeamWrestlersTest" classname="Tests.Unit.Models.Concerns.ProvidesTagTeamWrestlersTest" file="tests/Unit/Models/Concerns/ProvidesTagTeamWrestlersTest.php::`ProvidesTagTeamWrestlers Trait Unit Tests` → `wrestler relationship methods` → currentWrestlers relationship returns correct type" line="0" assertions="1" time="0.011714"/>
      <testcase name="`ProvidesTagTeamWrestlers Trait Unit Tests` → `wrestler relationship methods` → previousWrestlers relationship returns correct type" class="Tests\Unit\Models\Concerns\ProvidesTagTeamWrestlersTest" classname="Tests.Unit.Models.Concerns.ProvidesTagTeamWrestlersTest" file="tests/Unit/Models/Concerns/ProvidesTagTeamWrestlersTest.php::`ProvidesTagTeamWrestlers Trait Unit Tests` → `wrestler relationship methods` → previousWrestlers relationship returns correct type" line="0" assertions="1" time="0.011318"/>
      <testcase name="`ProvidesTagTeamWrestlers Trait Unit Tests` → `wrestler membership functionality` → tag team can have wrestlers" class="Tests\Unit\Models\Concerns\ProvidesTagTeamWrestlersTest" classname="Tests.Unit.Models.Concerns.ProvidesTagTeamWrestlersTest" file="tests/Unit/Models/Concerns/ProvidesTagTeamWrestlersTest.php::`ProvidesTagTeamWrestlers Trait Unit Tests` → `wrestler membership functionality` → tag team can have wrestlers" line="0" assertions="1" time="0.015501"/>
      <testcase name="`ProvidesTagTeamWrestlers Trait Unit Tests` → `wrestler membership functionality` → tag team can have no wrestlers" class="Tests\Unit\Models\Concerns\ProvidesTagTeamWrestlersTest" classname="Tests.Unit.Models.Concerns.ProvidesTagTeamWrestlersTest" file="tests/Unit/Models/Concerns/ProvidesTagTeamWrestlersTest.php::`ProvidesTagTeamWrestlers Trait Unit Tests` → `wrestler membership functionality` → tag team can have no wrestlers" line="0" assertions="1" time="0.014712"/>
      <testcase name="`ProvidesTagTeamWrestlers Trait Unit Tests` → `wrestler membership functionality` → currentWrestlers returns only active members" class="Tests\Unit\Models\Concerns\ProvidesTagTeamWrestlersTest" classname="Tests.Unit.Models.Concerns.ProvidesTagTeamWrestlersTest" file="tests/Unit/Models/Concerns/ProvidesTagTeamWrestlersTest.php::`ProvidesTagTeamWrestlers Trait Unit Tests` → `wrestler membership functionality` → currentWrestlers returns only active members" line="0" assertions="2" time="0.020945"/>
      <testcase name="`ProvidesTagTeamWrestlers Trait Unit Tests` → `wrestler membership functionality` → previousWrestlers returns only former members" class="Tests\Unit\Models\Concerns\ProvidesTagTeamWrestlersTest" classname="Tests.Unit.Models.Concerns.ProvidesTagTeamWrestlersTest" file="tests/Unit/Models/Concerns/ProvidesTagTeamWrestlersTest.php::`ProvidesTagTeamWrestlers Trait Unit Tests` → `wrestler membership functionality` → previousWrestlers returns only former members" line="0" assertions="2" time="0.014324"/>
      <testcase name="`ProvidesTagTeamWrestlers Trait Unit Tests` → `combined weight calculations` → combinedWeight returns sum of current wrestler weights" class="Tests\Unit\Models\Concerns\ProvidesTagTeamWrestlersTest" classname="Tests.Unit.Models.Concerns.ProvidesTagTeamWrestlersTest" file="tests/Unit/Models/Concerns/ProvidesTagTeamWrestlersTest.php::`ProvidesTagTeamWrestlers Trait Unit Tests` → `combined weight calculations` → combinedWeight returns sum of current wrestler weights" line="0" assertions="1" time="0.026747"/>
      <testcase name="`ProvidesTagTeamWrestlers Trait Unit Tests` → `combined weight calculations` → combinedWeight excludes former wrestlers" class="Tests\Unit\Models\Concerns\ProvidesTagTeamWrestlersTest" classname="Tests.Unit.Models.Concerns.ProvidesTagTeamWrestlersTest" file="tests/Unit/Models/Concerns/ProvidesTagTeamWrestlersTest.php::`ProvidesTagTeamWrestlers Trait Unit Tests` → `combined weight calculations` → combinedWeight excludes former wrestlers" line="0" assertions="1" time="0.014622"/>
      <testcase name="`ProvidesTagTeamWrestlers Trait Unit Tests` → `combined weight calculations` → combinedWeight returns zero when no current wrestlers" class="Tests\Unit\Models\Concerns\ProvidesTagTeamWrestlersTest" classname="Tests.Unit.Models.Concerns.ProvidesTagTeamWrestlersTest" file="tests/Unit/Models/Concerns/ProvidesTagTeamWrestlersTest.php::`ProvidesTagTeamWrestlers Trait Unit Tests` → `combined weight calculations` → combinedWeight returns zero when no current wrestlers" line="0" assertions="1" time="0.011928"/>
      <testcase name="`ProvidesTagTeamWrestlers Trait Unit Tests` → `trait integration` → TagTeam model uses ProvidesTagTeamWrestlers trait" class="Tests\Unit\Models\Concerns\ProvidesTagTeamWrestlersTest" classname="Tests.Unit.Models.Concerns.ProvidesTagTeamWrestlersTest" file="tests/Unit/Models/Concerns/ProvidesTagTeamWrestlersTest.php::`ProvidesTagTeamWrestlers Trait Unit Tests` → `trait integration` → TagTeam model uses ProvidesTagTeamWrestlers trait" line="0" assertions="1" time="0.011484"/>
    </testsuite>
    <testsuite name="Tests\Unit\Models\Events\EventTest" file="tests/Unit/Models/Events/EventTest.php" tests="10" assertions="12" errors="0" failures="0" skipped="0" time="0.141644">
      <testcase name="`Event Model Unit Tests` → `model attributes and configuration` → uses correct table name" class="Tests\Unit\Models\Events\EventTest" classname="Tests.Unit.Models.Events.EventTest" file="tests/Unit/Models/Events/EventTest.php::`Event Model Unit Tests` → `model attributes and configuration` → uses correct table name" line="0" assertions="1" time="0.011734"/>
      <testcase name="`Event Model Unit Tests` → `model attributes and configuration` → has correct fillable properties" class="Tests\Unit\Models\Events\EventTest" classname="Tests.Unit.Models.Events.EventTest" file="tests/Unit/Models/Events/EventTest.php::`Event Model Unit Tests` → `model attributes and configuration` → has correct fillable properties" line="0" assertions="1" time="0.011527"/>
      <testcase name="`Event Model Unit Tests` → `model attributes and configuration` → has correct casts configuration" class="Tests\Unit\Models\Events\EventTest" classname="Tests.Unit.Models.Events.EventTest" file="tests/Unit/Models/Events/EventTest.php::`Event Model Unit Tests` → `model attributes and configuration` → has correct casts configuration" line="0" assertions="1" time="0.016371"/>
      <testcase name="`Event Model Unit Tests` → `model attributes and configuration` → has custom eloquent builder" class="Tests\Unit\Models\Events\EventTest" classname="Tests.Unit.Models.Events.EventTest" file="tests/Unit/Models/Events/EventTest.php::`Event Model Unit Tests` → `model attributes and configuration` → has custom eloquent builder" line="0" assertions="1" time="0.011852"/>
      <testcase name="`Event Model Unit Tests` → `model attributes and configuration` → has correct default values" class="Tests\Unit\Models\Events\EventTest" classname="Tests.Unit.Models.Events.EventTest" file="tests/Unit/Models/Events/EventTest.php::`Event Model Unit Tests` → `model attributes and configuration` → has correct default values" line="0" assertions="1" time="0.012962"/>
      <testcase name="`Event Model Unit Tests` → `trait integration` → uses all required traits" class="Tests\Unit\Models\Events\EventTest" classname="Tests.Unit.Models.Events.EventTest" file="tests/Unit/Models/Events/EventTest.php::`Event Model Unit Tests` → `trait integration` → uses all required traits" line="0" assertions="3" time="0.018735"/>
      <testcase name="`Event Model Unit Tests` → `interface implementation` → implements all required interfaces" class="Tests\Unit\Models\Events\EventTest" classname="Tests.Unit.Models.Events.EventTest" file="tests/Unit/Models/Events/EventTest.php::`Event Model Unit Tests` → `interface implementation` → implements all required interfaces" line="0" assertions="1" time="0.021211"/>
      <testcase name="`Event Model Unit Tests` → `model constants` → has no model-specific constants defined" class="Tests\Unit\Models\Events\EventTest" classname="Tests.Unit.Models.Events.EventTest" file="tests/Unit/Models/Events/EventTest.php::`Event Model Unit Tests` → `model constants` → has no model-specific constants defined" line="0" assertions="1" time="0.014165"/>
      <testcase name="`Event Model Unit Tests` → `business logic methods` → has venue relationship method" class="Tests\Unit\Models\Events\EventTest" classname="Tests.Unit.Models.Events.EventTest" file="tests/Unit/Models/Events/EventTest.php::`Event Model Unit Tests` → `business logic methods` → has venue relationship method" line="0" assertions="1" time="0.012162"/>
      <testcase name="`Event Model Unit Tests` → `business logic methods` → has matches relationship method" class="Tests\Unit\Models\Events\EventTest" classname="Tests.Unit.Models.Events.EventTest" file="tests/Unit/Models/Events/EventTest.php::`Event Model Unit Tests` → `business logic methods` → has matches relationship method" line="0" assertions="1" time="0.010925"/>
    </testsuite>
    <testsuite name="Tests\Unit\Models\Events\VenueTest" file="tests/Unit/Models/Events/VenueTest.php" tests="9" assertions="11" errors="0" failures="0" skipped="0" time="0.124702">
      <testcase name="`Venue Model Unit Tests` → `model attributes and configuration` → uses correct table name" class="Tests\Unit\Models\Events\VenueTest" classname="Tests.Unit.Models.Events.VenueTest" file="tests/Unit/Models/Events/VenueTest.php::`Venue Model Unit Tests` → `model attributes and configuration` → uses correct table name" line="0" assertions="1" time="0.011450"/>
      <testcase name="`Venue Model Unit Tests` → `model attributes and configuration` → has correct fillable properties" class="Tests\Unit\Models\Events\VenueTest" classname="Tests.Unit.Models.Events.VenueTest" file="tests/Unit/Models/Events/VenueTest.php::`Venue Model Unit Tests` → `model attributes and configuration` → has correct fillable properties" line="0" assertions="1" time="0.013245"/>
      <testcase name="`Venue Model Unit Tests` → `model attributes and configuration` → has correct casts configuration" class="Tests\Unit\Models\Events\VenueTest" classname="Tests.Unit.Models.Events.VenueTest" file="tests/Unit/Models/Events/VenueTest.php::`Venue Model Unit Tests` → `model attributes and configuration` → has correct casts configuration" line="0" assertions="1" time="0.017404"/>
      <testcase name="`Venue Model Unit Tests` → `model attributes and configuration` → has custom eloquent builder" class="Tests\Unit\Models\Events\VenueTest" classname="Tests.Unit.Models.Events.VenueTest" file="tests/Unit/Models/Events/VenueTest.php::`Venue Model Unit Tests` → `model attributes and configuration` → has custom eloquent builder" line="0" assertions="1" time="0.011103"/>
      <testcase name="`Venue Model Unit Tests` → `model attributes and configuration` → has correct default values" class="Tests\Unit\Models\Events\VenueTest" classname="Tests.Unit.Models.Events.VenueTest" file="tests/Unit/Models/Events/VenueTest.php::`Venue Model Unit Tests` → `model attributes and configuration` → has correct default values" line="0" assertions="1" time="0.010751"/>
      <testcase name="`Venue Model Unit Tests` → `trait integration` → uses all required traits" class="Tests\Unit\Models\Events\VenueTest" classname="Tests.Unit.Models.Events.VenueTest" file="tests/Unit/Models/Events/VenueTest.php::`Venue Model Unit Tests` → `trait integration` → uses all required traits" line="0" assertions="3" time="0.010901"/>
      <testcase name="`Venue Model Unit Tests` → `interface implementation` → implements all required interfaces" class="Tests\Unit\Models\Events\VenueTest" classname="Tests.Unit.Models.Events.VenueTest" file="tests/Unit/Models/Events/VenueTest.php::`Venue Model Unit Tests` → `interface implementation` → implements all required interfaces" line="0" assertions="1" time="0.020267"/>
      <testcase name="`Venue Model Unit Tests` → `model constants` → has no model-specific constants defined" class="Tests\Unit\Models\Events\VenueTest" classname="Tests.Unit.Models.Events.VenueTest" file="tests/Unit/Models/Events/VenueTest.php::`Venue Model Unit Tests` → `model constants` → has no model-specific constants defined" line="0" assertions="1" time="0.013156"/>
      <testcase name="`Venue Model Unit Tests` → `business logic methods` → has events relationship method" class="Tests\Unit\Models\Events\VenueTest" classname="Tests.Unit.Models.Events.VenueTest" file="tests/Unit/Models/Events/VenueTest.php::`Venue Model Unit Tests` → `business logic methods` → has events relationship method" line="0" assertions="1" time="0.016425"/>
    </testsuite>
    <testsuite name="Tests\Unit\Models\Managers\ManagerEmploymentTest" file="tests/Unit/Models/Managers/ManagerEmploymentTest.php" tests="9" assertions="12" errors="0" failures="0" skipped="0" time="0.125823">
      <testcase name="`ManagerEmployment Model Unit Tests` → `model attributes and configuration` → has correct fillable properties" class="Tests\Unit\Models\Managers\ManagerEmploymentTest" classname="Tests.Unit.Models.Managers.ManagerEmploymentTest" file="tests/Unit/Models/Managers/ManagerEmploymentTest.php::`ManagerEmployment Model Unit Tests` → `model attributes and configuration` → has correct fillable properties" line="0" assertions="1" time="0.011308"/>
      <testcase name="`ManagerEmployment Model Unit Tests` → `model attributes and configuration` → has correct casts configuration" class="Tests\Unit\Models\Managers\ManagerEmploymentTest" classname="Tests.Unit.Models.Managers.ManagerEmploymentTest" file="tests/Unit/Models/Managers/ManagerEmploymentTest.php::`ManagerEmployment Model Unit Tests` → `model attributes and configuration` → has correct casts configuration" line="0" assertions="4" time="0.011391"/>
      <testcase name="`ManagerEmployment Model Unit Tests` → `model attributes and configuration` → uses correct table name" class="Tests\Unit\Models\Managers\ManagerEmploymentTest" classname="Tests.Unit.Models.Managers.ManagerEmploymentTest" file="tests/Unit/Models/Managers/ManagerEmploymentTest.php::`ManagerEmployment Model Unit Tests` → `model attributes and configuration` → uses correct table name" line="0" assertions="1" time="0.018909"/>
      <testcase name="`ManagerEmployment Model Unit Tests` → `model attributes and configuration` → has correct default values" class="Tests\Unit\Models\Managers\ManagerEmploymentTest" classname="Tests.Unit.Models.Managers.ManagerEmploymentTest" file="tests/Unit/Models/Managers/ManagerEmploymentTest.php::`ManagerEmployment Model Unit Tests` → `model attributes and configuration` → has correct default values" line="0" assertions="1" time="0.021317"/>
      <testcase name="`ManagerEmployment Model Unit Tests` → `model attributes and configuration` → has custom eloquent builder" class="Tests\Unit\Models\Managers\ManagerEmploymentTest" classname="Tests.Unit.Models.Managers.ManagerEmploymentTest" file="tests/Unit/Models/Managers/ManagerEmploymentTest.php::`ManagerEmployment Model Unit Tests` → `model attributes and configuration` → has custom eloquent builder" line="0" assertions="1" time="0.011194"/>
      <testcase name="`ManagerEmployment Model Unit Tests` → `trait integration` → uses all required traits" class="Tests\Unit\Models\Managers\ManagerEmploymentTest" classname="Tests.Unit.Models.Managers.ManagerEmploymentTest" file="tests/Unit/Models/Managers/ManagerEmploymentTest.php::`ManagerEmployment Model Unit Tests` → `trait integration` → uses all required traits" line="0" assertions="1" time="0.013871"/>
      <testcase name="`ManagerEmployment Model Unit Tests` → `interface implementation` → implements all required interfaces" class="Tests\Unit\Models\Managers\ManagerEmploymentTest" classname="Tests.Unit.Models.Managers.ManagerEmploymentTest" file="tests/Unit/Models/Managers/ManagerEmploymentTest.php::`ManagerEmployment Model Unit Tests` → `interface implementation` → implements all required interfaces" line="0" assertions="1" time="0.010699"/>
      <testcase name="`ManagerEmployment Model Unit Tests` → `model constants` → has no model-specific constants defined" class="Tests\Unit\Models\Managers\ManagerEmploymentTest" classname="Tests.Unit.Models.Managers.ManagerEmploymentTest" file="tests/Unit/Models/Managers/ManagerEmploymentTest.php::`ManagerEmployment Model Unit Tests` → `model constants` → has no model-specific constants defined" line="0" assertions="1" time="0.014510"/>
      <testcase name="`ManagerEmployment Model Unit Tests` → `business logic methods` → has manager relationship method" class="Tests\Unit\Models\Managers\ManagerEmploymentTest" classname="Tests.Unit.Models.Managers.ManagerEmploymentTest" file="tests/Unit/Models/Managers/ManagerEmploymentTest.php::`ManagerEmployment Model Unit Tests` → `business logic methods` → has manager relationship method" line="0" assertions="1" time="0.012622"/>
    </testsuite>
    <testsuite name="Tests\Unit\Models\Managers\ManagerInjuryTest" file="tests/Unit/Models/Managers/ManagerInjuryTest.php" tests="7" assertions="10" errors="0" failures="0" skipped="0" time="0.091233">
      <testcase name="`WrestlerInjury Model Unit Tests` → `wrestlerInjury attributes and configuration` → wrestlerInjury has correct fillable properties" class="Tests\Unit\Models\Managers\ManagerInjuryTest" classname="Tests.Unit.Models.Managers.ManagerInjuryTest" file="tests/Unit/Models/Managers/ManagerInjuryTest.php::`WrestlerInjury Model Unit Tests` → `wrestlerInjury attributes and configuration` → wrestlerInjury has correct fillable properties" line="0" assertions="1" time="0.011800"/>
      <testcase name="`WrestlerInjury Model Unit Tests` → `wrestlerInjury attributes and configuration` → wrestlerInjury has correct casts configuration" class="Tests\Unit\Models\Managers\ManagerInjuryTest" classname="Tests.Unit.Models.Managers.ManagerInjuryTest" file="tests/Unit/Models/Managers/ManagerInjuryTest.php::`WrestlerInjury Model Unit Tests` → `wrestlerInjury attributes and configuration` → wrestlerInjury has correct casts configuration" line="0" assertions="4" time="0.010958"/>
      <testcase name="`WrestlerInjury Model Unit Tests` → `wrestlerInjury attributes and configuration` → wrestlerInjury has custom eloquent builder" class="Tests\Unit\Models\Managers\ManagerInjuryTest" classname="Tests.Unit.Models.Managers.ManagerInjuryTest" file="tests/Unit/Models/Managers/ManagerInjuryTest.php::`WrestlerInjury Model Unit Tests` → `wrestlerInjury attributes and configuration` → wrestlerInjury has custom eloquent builder" line="0" assertions="1" time="0.016224"/>
      <testcase name="`WrestlerInjury Model Unit Tests` → `wrestlerInjury attributes and configuration` → wrestlerInjury has correct default values" class="Tests\Unit\Models\Managers\ManagerInjuryTest" classname="Tests.Unit.Models.Managers.ManagerInjuryTest" file="tests/Unit/Models/Managers/ManagerInjuryTest.php::`WrestlerInjury Model Unit Tests` → `wrestlerInjury attributes and configuration` → wrestlerInjury has correct default values" line="0" assertions="1" time="0.018880"/>
      <testcase name="`WrestlerInjury Model Unit Tests` → `wrestlerInjury attributes and configuration` → wrestlerInjury uses correct table name" class="Tests\Unit\Models\Managers\ManagerInjuryTest" classname="Tests.Unit.Models.Managers.ManagerInjuryTest" file="tests/Unit/Models/Managers/ManagerInjuryTest.php::`WrestlerInjury Model Unit Tests` → `wrestlerInjury attributes and configuration` → wrestlerInjury uses correct table name" line="0" assertions="1" time="0.011783"/>
      <testcase name="`WrestlerInjury Model Unit Tests` → `wrestlerInjury trait integration` → wrestlerInjury uses all required traits" class="Tests\Unit\Models\Managers\ManagerInjuryTest" classname="Tests.Unit.Models.Managers.ManagerInjuryTest" file="tests/Unit/Models/Managers/ManagerInjuryTest.php::`WrestlerInjury Model Unit Tests` → `wrestlerInjury trait integration` → wrestlerInjury uses all required traits" line="0" assertions="1" time="0.010719"/>
      <testcase name="`WrestlerInjury Model Unit Tests` → `wrestlerInjury trait integration` → wrestlerInjury implements all required interfaces" class="Tests\Unit\Models\Managers\ManagerInjuryTest" classname="Tests.Unit.Models.Managers.ManagerInjuryTest" file="tests/Unit/Models/Managers/ManagerInjuryTest.php::`WrestlerInjury Model Unit Tests` → `wrestlerInjury trait integration` → wrestlerInjury implements all required interfaces" line="0" assertions="1" time="0.010869"/>
    </testsuite>
    <testsuite name="Tests\Unit\Models\Managers\ManagerRetirementTest" file="tests/Unit/Models/Managers/ManagerRetirementTest.php" tests="7" assertions="10" errors="0" failures="0" skipped="0" time="0.103911">
      <testcase name="`WrestlerEmployment Model Unit Tests` → `wrestlerEmployment attributes and configuration` → wrestlerEmployment has correct fillable properties" class="Tests\Unit\Models\Managers\ManagerRetirementTest" classname="Tests.Unit.Models.Managers.ManagerRetirementTest" file="tests/Unit/Models/Managers/ManagerRetirementTest.php::`WrestlerEmployment Model Unit Tests` → `wrestlerEmployment attributes and configuration` → wrestlerEmployment has correct fillable properties" line="0" assertions="1" time="0.018658"/>
      <testcase name="`WrestlerEmployment Model Unit Tests` → `wrestlerEmployment attributes and configuration` → wrestlerEmployment has correct casts configuration" class="Tests\Unit\Models\Managers\ManagerRetirementTest" classname="Tests.Unit.Models.Managers.ManagerRetirementTest" file="tests/Unit/Models/Managers/ManagerRetirementTest.php::`WrestlerEmployment Model Unit Tests` → `wrestlerEmployment attributes and configuration` → wrestlerEmployment has correct casts configuration" line="0" assertions="4" time="0.012019"/>
      <testcase name="`WrestlerEmployment Model Unit Tests` → `wrestlerEmployment attributes and configuration` → wrestlerEmployment has custom eloquent builder" class="Tests\Unit\Models\Managers\ManagerRetirementTest" classname="Tests.Unit.Models.Managers.ManagerRetirementTest" file="tests/Unit/Models/Managers/ManagerRetirementTest.php::`WrestlerEmployment Model Unit Tests` → `wrestlerEmployment attributes and configuration` → wrestlerEmployment has custom eloquent builder" line="0" assertions="1" time="0.018110"/>
      <testcase name="`WrestlerEmployment Model Unit Tests` → `wrestlerEmployment attributes and configuration` → wrestlerEmployment has correct default values" class="Tests\Unit\Models\Managers\ManagerRetirementTest" classname="Tests.Unit.Models.Managers.ManagerRetirementTest" file="tests/Unit/Models/Managers/ManagerRetirementTest.php::`WrestlerEmployment Model Unit Tests` → `wrestlerEmployment attributes and configuration` → wrestlerEmployment has correct default values" line="0" assertions="1" time="0.012416"/>
      <testcase name="`WrestlerEmployment Model Unit Tests` → `wrestlerEmployment attributes and configuration` → wrestlerEmployment uses correct table name" class="Tests\Unit\Models\Managers\ManagerRetirementTest" classname="Tests.Unit.Models.Managers.ManagerRetirementTest" file="tests/Unit/Models/Managers/ManagerRetirementTest.php::`WrestlerEmployment Model Unit Tests` → `wrestlerEmployment attributes and configuration` → wrestlerEmployment uses correct table name" line="0" assertions="1" time="0.013688"/>
      <testcase name="`WrestlerEmployment Model Unit Tests` → `wrestlerEmployment trait integration` → wrestlerEmployment uses all required traits" class="Tests\Unit\Models\Managers\ManagerRetirementTest" classname="Tests.Unit.Models.Managers.ManagerRetirementTest" file="tests/Unit/Models/Managers/ManagerRetirementTest.php::`WrestlerEmployment Model Unit Tests` → `wrestlerEmployment trait integration` → wrestlerEmployment uses all required traits" line="0" assertions="1" time="0.015095"/>
      <testcase name="`WrestlerEmployment Model Unit Tests` → `wrestlerEmployment trait integration` → wrestlerEmployment implements all required interfaces" class="Tests\Unit\Models\Managers\ManagerRetirementTest" classname="Tests.Unit.Models.Managers.ManagerRetirementTest" file="tests/Unit/Models/Managers/ManagerRetirementTest.php::`WrestlerEmployment Model Unit Tests` → `wrestlerEmployment trait integration` → wrestlerEmployment implements all required interfaces" line="0" assertions="1" time="0.013925"/>
    </testsuite>
    <testsuite name="Tests\Unit\Models\Managers\ManagerSuspensionTest" file="tests/Unit/Models/Managers/ManagerSuspensionTest.php" tests="7" assertions="10" errors="0" failures="0" skipped="0" time="0.105695">
      <testcase name="`ManagerSuspension Model Unit Tests` → `managerSuspension attributes and configuration` → managerSuspension has correct fillable properties" class="Tests\Unit\Models\Managers\ManagerSuspensionTest" classname="Tests.Unit.Models.Managers.ManagerSuspensionTest" file="tests/Unit/Models/Managers/ManagerSuspensionTest.php::`ManagerSuspension Model Unit Tests` → `managerSuspension attributes and configuration` → managerSuspension has correct fillable properties" line="0" assertions="1" time="0.012699"/>
      <testcase name="`ManagerSuspension Model Unit Tests` → `managerSuspension attributes and configuration` → managerSuspension has correct casts configuration" class="Tests\Unit\Models\Managers\ManagerSuspensionTest" classname="Tests.Unit.Models.Managers.ManagerSuspensionTest" file="tests/Unit/Models/Managers/ManagerSuspensionTest.php::`ManagerSuspension Model Unit Tests` → `managerSuspension attributes and configuration` → managerSuspension has correct casts configuration" line="0" assertions="4" time="0.018246"/>
      <testcase name="`ManagerSuspension Model Unit Tests` → `managerSuspension attributes and configuration` → managerSuspension has custom eloquent builder" class="Tests\Unit\Models\Managers\ManagerSuspensionTest" classname="Tests.Unit.Models.Managers.ManagerSuspensionTest" file="tests/Unit/Models/Managers/ManagerSuspensionTest.php::`ManagerSuspension Model Unit Tests` → `managerSuspension attributes and configuration` → managerSuspension has custom eloquent builder" line="0" assertions="1" time="0.015505"/>
      <testcase name="`ManagerSuspension Model Unit Tests` → `managerSuspension attributes and configuration` → managerSuspension has correct default values" class="Tests\Unit\Models\Managers\ManagerSuspensionTest" classname="Tests.Unit.Models.Managers.ManagerSuspensionTest" file="tests/Unit/Models/Managers/ManagerSuspensionTest.php::`ManagerSuspension Model Unit Tests` → `managerSuspension attributes and configuration` → managerSuspension has correct default values" line="0" assertions="1" time="0.016150"/>
      <testcase name="`ManagerSuspension Model Unit Tests` → `managerSuspension attributes and configuration` → managerSuspension uses correct table name" class="Tests\Unit\Models\Managers\ManagerSuspensionTest" classname="Tests.Unit.Models.Managers.ManagerSuspensionTest" file="tests/Unit/Models/Managers/ManagerSuspensionTest.php::`ManagerSuspension Model Unit Tests` → `managerSuspension attributes and configuration` → managerSuspension uses correct table name" line="0" assertions="1" time="0.012693"/>
      <testcase name="`ManagerSuspension Model Unit Tests` → `managerSuspension trait integration` → managerSuspension uses all required traits" class="Tests\Unit\Models\Managers\ManagerSuspensionTest" classname="Tests.Unit.Models.Managers.ManagerSuspensionTest" file="tests/Unit/Models/Managers/ManagerSuspensionTest.php::`ManagerSuspension Model Unit Tests` → `managerSuspension trait integration` → managerSuspension uses all required traits" line="0" assertions="1" time="0.017330"/>
      <testcase name="`ManagerSuspension Model Unit Tests` → `managerSuspension trait integration` → managerSuspension implements all required interfaces" class="Tests\Unit\Models\Managers\ManagerSuspensionTest" classname="Tests.Unit.Models.Managers.ManagerSuspensionTest" file="tests/Unit/Models/Managers/ManagerSuspensionTest.php::`ManagerSuspension Model Unit Tests` → `managerSuspension trait integration` → managerSuspension implements all required interfaces" line="0" assertions="1" time="0.013073"/>
    </testsuite>
    <testsuite name="Tests\Unit\Models\Managers\ManagerTest" file="tests/Unit/Models/Managers/ManagerTest.php" tests="9" assertions="20" errors="0" failures="0" skipped="0" time="0.10672">
      <testcase name="`Manager Model Unit Tests` → `model attributes and configuration` → uses correct table name" class="Tests\Unit\Models\Managers\ManagerTest" classname="Tests.Unit.Models.Managers.ManagerTest" file="tests/Unit/Models/Managers/ManagerTest.php::`Manager Model Unit Tests` → `model attributes and configuration` → uses correct table name" line="0" assertions="1" time="0.011090"/>
      <testcase name="`Manager Model Unit Tests` → `model attributes and configuration` → has correct fillable properties" class="Tests\Unit\Models\Managers\ManagerTest" classname="Tests.Unit.Models.Managers.ManagerTest" file="tests/Unit/Models/Managers/ManagerTest.php::`Manager Model Unit Tests` → `model attributes and configuration` → has correct fillable properties" line="0" assertions="1" time="0.013574"/>
      <testcase name="`Manager Model Unit Tests` → `model attributes and configuration` → has correct casts configuration" class="Tests\Unit\Models\Managers\ManagerTest" classname="Tests.Unit.Models.Managers.ManagerTest" file="tests/Unit/Models/Managers/ManagerTest.php::`Manager Model Unit Tests` → `model attributes and configuration` → has correct casts configuration" line="0" assertions="1" time="0.011169"/>
      <testcase name="`Manager Model Unit Tests` → `model attributes and configuration` → has custom eloquent builder" class="Tests\Unit\Models\Managers\ManagerTest" classname="Tests.Unit.Models.Managers.ManagerTest" file="tests/Unit/Models/Managers/ManagerTest.php::`Manager Model Unit Tests` → `model attributes and configuration` → has custom eloquent builder" line="0" assertions="1" time="0.010862"/>
      <testcase name="`Manager Model Unit Tests` → `model attributes and configuration` → has correct default values" class="Tests\Unit\Models\Managers\ManagerTest" classname="Tests.Unit.Models.Managers.ManagerTest" file="tests/Unit/Models/Managers/ManagerTest.php::`Manager Model Unit Tests` → `model attributes and configuration` → has correct default values" line="0" assertions="1" time="0.011286"/>
      <testcase name="`Manager Model Unit Tests` → `trait integration` → uses all required traits" class="Tests\Unit\Models\Managers\ManagerTest" classname="Tests.Unit.Models.Managers.ManagerTest" file="tests/Unit/Models/Managers/ManagerTest.php::`Manager Model Unit Tests` → `trait integration` → uses all required traits" line="0" assertions="8" time="0.011047"/>
      <testcase name="`Manager Model Unit Tests` → `interface implementation` → implements all required interfaces" class="Tests\Unit\Models\Managers\ManagerTest" classname="Tests.Unit.Models.Managers.ManagerTest" file="tests/Unit/Models/Managers/ManagerTest.php::`Manager Model Unit Tests` → `interface implementation` → implements all required interfaces" line="0" assertions="5" time="0.014792"/>
      <testcase name="`Manager Model Unit Tests` → `model constants` → has no model-specific constants defined" class="Tests\Unit\Models\Managers\ManagerTest" classname="Tests.Unit.Models.Managers.ManagerTest" file="tests/Unit/Models/Managers/ManagerTest.php::`Manager Model Unit Tests` → `model constants` → has no model-specific constants defined" line="0" assertions="1" time="0.011724"/>
      <testcase name="`Manager Model Unit Tests` → `business logic methods` → has display name methods from ProvidesDisplayName trait" class="Tests\Unit\Models\Managers\ManagerTest" classname="Tests.Unit.Models.Managers.ManagerTest" file="tests/Unit/Models/Managers/ManagerTest.php::`Manager Model Unit Tests` → `business logic methods` → has display name methods from ProvidesDisplayName trait" line="0" assertions="1" time="0.011175"/>
    </testsuite>
    <testsuite name="Tests\Unit\Models\Matches\EventMatchCompetitorTest" file="tests/Unit/Models/Matches/EventMatchCompetitorTest.php" tests="12" assertions="12" errors="0" failures="0" skipped="0" time="0.145681">
      <testcase name="`MatchCompetitor Model Unit Tests` → `model attributes and configuration` → has correct fillable properties" class="Tests\Unit\Models\Matches\EventMatchCompetitorTest" classname="Tests.Unit.Models.Matches.EventMatchCompetitorTest" file="tests/Unit/Models/Matches/EventMatchCompetitorTest.php::`MatchCompetitor Model Unit Tests` → `model attributes and configuration` → has correct fillable properties" line="0" assertions="1" time="0.011574"/>
      <testcase name="`MatchCompetitor Model Unit Tests` → `model attributes and configuration` → has correct casts configuration" class="Tests\Unit\Models\Matches\EventMatchCompetitorTest" classname="Tests.Unit.Models.Matches.EventMatchCompetitorTest" file="tests/Unit/Models/Matches/EventMatchCompetitorTest.php::`MatchCompetitor Model Unit Tests` → `model attributes and configuration` → has correct casts configuration" line="0" assertions="1" time="0.011392"/>
      <testcase name="`MatchCompetitor Model Unit Tests` → `model attributes and configuration` → uses correct table name" class="Tests\Unit\Models\Matches\EventMatchCompetitorTest" classname="Tests.Unit.Models.Matches.EventMatchCompetitorTest" file="tests/Unit/Models/Matches/EventMatchCompetitorTest.php::`MatchCompetitor Model Unit Tests` → `model attributes and configuration` → uses correct table name" line="0" assertions="1" time="0.012168"/>
      <testcase name="`MatchCompetitor Model Unit Tests` → `model attributes and configuration` → has correct default values" class="Tests\Unit\Models\Matches\EventMatchCompetitorTest" classname="Tests.Unit.Models.Matches.EventMatchCompetitorTest" file="tests/Unit/Models/Matches/EventMatchCompetitorTest.php::`MatchCompetitor Model Unit Tests` → `model attributes and configuration` → has correct default values" line="0" assertions="1" time="0.011295"/>
      <testcase name="`MatchCompetitor Model Unit Tests` → `model attributes and configuration` → has custom eloquent builder" class="Tests\Unit\Models\Matches\EventMatchCompetitorTest" classname="Tests.Unit.Models.Matches.EventMatchCompetitorTest" file="tests/Unit/Models/Matches/EventMatchCompetitorTest.php::`MatchCompetitor Model Unit Tests` → `model attributes and configuration` → has custom eloquent builder" line="0" assertions="1" time="0.010827"/>
      <testcase name="`MatchCompetitor Model Unit Tests` → `model attributes and configuration` → extends MorphPivot base class" class="Tests\Unit\Models\Matches\EventMatchCompetitorTest" classname="Tests.Unit.Models.Matches.EventMatchCompetitorTest" file="tests/Unit/Models/Matches/EventMatchCompetitorTest.php::`MatchCompetitor Model Unit Tests` → `model attributes and configuration` → extends MorphPivot base class" line="0" assertions="1" time="0.010728"/>
      <testcase name="`MatchCompetitor Model Unit Tests` → `model attributes and configuration` → uses custom collection class" class="Tests\Unit\Models\Matches\EventMatchCompetitorTest" classname="Tests.Unit.Models.Matches.EventMatchCompetitorTest" file="tests/Unit/Models/Matches/EventMatchCompetitorTest.php::`MatchCompetitor Model Unit Tests` → `model attributes and configuration` → uses custom collection class" line="0" assertions="1" time="0.011981"/>
      <testcase name="`MatchCompetitor Model Unit Tests` → `trait integration` → extends MorphPivot class" class="Tests\Unit\Models\Matches\EventMatchCompetitorTest" classname="Tests.Unit.Models.Matches.EventMatchCompetitorTest" file="tests/Unit/Models/Matches/EventMatchCompetitorTest.php::`MatchCompetitor Model Unit Tests` → `trait integration` → extends MorphPivot class" line="0" assertions="1" time="0.014735"/>
      <testcase name="`MatchCompetitor Model Unit Tests` → `interface implementation` → implements all required interfaces" class="Tests\Unit\Models\Matches\EventMatchCompetitorTest" classname="Tests.Unit.Models.Matches.EventMatchCompetitorTest" file="tests/Unit/Models/Matches/EventMatchCompetitorTest.php::`MatchCompetitor Model Unit Tests` → `interface implementation` → implements all required interfaces" line="0" assertions="1" time="0.013478"/>
      <testcase name="`MatchCompetitor Model Unit Tests` → `model constants` → has no model-specific constants defined" class="Tests\Unit\Models\Matches\EventMatchCompetitorTest" classname="Tests.Unit.Models.Matches.EventMatchCompetitorTest" file="tests/Unit/Models/Matches/EventMatchCompetitorTest.php::`MatchCompetitor Model Unit Tests` → `model constants` → has no model-specific constants defined" line="0" assertions="1" time="0.011719"/>
      <testcase name="`MatchCompetitor Model Unit Tests` → `business logic methods` → has competitor relationship method" class="Tests\Unit\Models\Matches\EventMatchCompetitorTest" classname="Tests.Unit.Models.Matches.EventMatchCompetitorTest" file="tests/Unit/Models/Matches/EventMatchCompetitorTest.php::`MatchCompetitor Model Unit Tests` → `business logic methods` → has competitor relationship method" line="0" assertions="1" time="0.014173"/>
      <testcase name="`MatchCompetitor Model Unit Tests` → `business logic methods` → has getCompetitor business method" class="Tests\Unit\Models\Matches\EventMatchCompetitorTest" classname="Tests.Unit.Models.Matches.EventMatchCompetitorTest" file="tests/Unit/Models/Matches/EventMatchCompetitorTest.php::`MatchCompetitor Model Unit Tests` → `business logic methods` → has getCompetitor business method" line="0" assertions="1" time="0.011609"/>
    </testsuite>
    <testsuite name="Tests\Unit\Models\Matches\EventMatchResultTest" file="tests/Unit/Models/Matches/EventMatchResultTest.php" tests="11" assertions="11" errors="0" failures="0" skipped="0" time="0.136951">
      <testcase name="`MatchResult Model Unit Tests` → `model attributes and configuration` → has correct fillable properties" class="Tests\Unit\Models\Matches\EventMatchResultTest" classname="Tests.Unit.Models.Matches.EventMatchResultTest" file="tests/Unit/Models/Matches/EventMatchResultTest.php::`MatchResult Model Unit Tests` → `model attributes and configuration` → has correct fillable properties" line="0" assertions="1" time="0.011642"/>
      <testcase name="`MatchResult Model Unit Tests` → `model attributes and configuration` → has correct casts configuration" class="Tests\Unit\Models\Matches\EventMatchResultTest" classname="Tests.Unit.Models.Matches.EventMatchResultTest" file="tests/Unit/Models/Matches/EventMatchResultTest.php::`MatchResult Model Unit Tests` → `model attributes and configuration` → has correct casts configuration" line="0" assertions="1" time="0.012055"/>
      <testcase name="`MatchResult Model Unit Tests` → `model attributes and configuration` → uses correct table name" class="Tests\Unit\Models\Matches\EventMatchResultTest" classname="Tests.Unit.Models.Matches.EventMatchResultTest" file="tests/Unit/Models/Matches/EventMatchResultTest.php::`MatchResult Model Unit Tests` → `model attributes and configuration` → uses correct table name" line="0" assertions="1" time="0.011370"/>
      <testcase name="`MatchResult Model Unit Tests` → `model attributes and configuration` → has correct default values" class="Tests\Unit\Models\Matches\EventMatchResultTest" classname="Tests.Unit.Models.Matches.EventMatchResultTest" file="tests/Unit/Models/Matches/EventMatchResultTest.php::`MatchResult Model Unit Tests` → `model attributes and configuration` → has correct default values" line="0" assertions="1" time="0.015563"/>
      <testcase name="`MatchResult Model Unit Tests` → `model attributes and configuration` → has custom eloquent builder" class="Tests\Unit\Models\Matches\EventMatchResultTest" classname="Tests.Unit.Models.Matches.EventMatchResultTest" file="tests/Unit/Models/Matches/EventMatchResultTest.php::`MatchResult Model Unit Tests` → `model attributes and configuration` → has custom eloquent builder" line="0" assertions="1" time="0.017108"/>
      <testcase name="`MatchResult Model Unit Tests` → `trait integration` → extends Model class" class="Tests\Unit\Models\Matches\EventMatchResultTest" classname="Tests.Unit.Models.Matches.EventMatchResultTest" file="tests/Unit/Models/Matches/EventMatchResultTest.php::`MatchResult Model Unit Tests` → `trait integration` → extends Model class" line="0" assertions="1" time="0.010899"/>
      <testcase name="`MatchResult Model Unit Tests` → `interface implementation` → implements all required interfaces" class="Tests\Unit\Models\Matches\EventMatchResultTest" classname="Tests.Unit.Models.Matches.EventMatchResultTest" file="tests/Unit/Models/Matches/EventMatchResultTest.php::`MatchResult Model Unit Tests` → `interface implementation` → implements all required interfaces" line="0" assertions="1" time="0.012546"/>
      <testcase name="`MatchResult Model Unit Tests` → `model constants` → has no model-specific constants defined" class="Tests\Unit\Models\Matches\EventMatchResultTest" classname="Tests.Unit.Models.Matches.EventMatchResultTest" file="tests/Unit/Models/Matches/EventMatchResultTest.php::`MatchResult Model Unit Tests` → `model constants` → has no model-specific constants defined" line="0" assertions="1" time="0.010626"/>
      <testcase name="`MatchResult Model Unit Tests` → `business logic methods` → has winners relationship method" class="Tests\Unit\Models\Matches\EventMatchResultTest" classname="Tests.Unit.Models.Matches.EventMatchResultTest" file="tests/Unit/Models/Matches/EventMatchResultTest.php::`MatchResult Model Unit Tests` → `business logic methods` → has winners relationship method" line="0" assertions="1" time="0.012514"/>
      <testcase name="`MatchResult Model Unit Tests` → `business logic methods` → has losers relationship method" class="Tests\Unit\Models\Matches\EventMatchResultTest" classname="Tests.Unit.Models.Matches.EventMatchResultTest" file="tests/Unit/Models/Matches/EventMatchResultTest.php::`MatchResult Model Unit Tests` → `business logic methods` → has losers relationship method" line="0" assertions="1" time="0.011166"/>
      <testcase name="`MatchResult Model Unit Tests` → `business logic methods` → has decision relationship method" class="Tests\Unit\Models\Matches\EventMatchResultTest" classname="Tests.Unit.Models.Matches.EventMatchResultTest" file="tests/Unit/Models/Matches/EventMatchResultTest.php::`MatchResult Model Unit Tests` → `business logic methods` → has decision relationship method" line="0" assertions="1" time="0.011462"/>
    </testsuite>
    <testsuite name="Tests\Unit\Models\Matches\EventMatchTest" file="tests/Unit/Models/Matches/EventMatchTest.php" tests="9" assertions="9" errors="0" failures="0" skipped="0" time="0.114497">
      <testcase name="`EventMatch Model Unit Tests` → `model attributes and configuration` → uses correct table name" class="Tests\Unit\Models\Matches\EventMatchTest" classname="Tests.Unit.Models.Matches.EventMatchTest" file="tests/Unit/Models/Matches/EventMatchTest.php::`EventMatch Model Unit Tests` → `model attributes and configuration` → uses correct table name" line="0" assertions="1" time="0.011670"/>
      <testcase name="`EventMatch Model Unit Tests` → `model attributes and configuration` → has correct fillable properties" class="Tests\Unit\Models\Matches\EventMatchTest" classname="Tests.Unit.Models.Matches.EventMatchTest" file="tests/Unit/Models/Matches/EventMatchTest.php::`EventMatch Model Unit Tests` → `model attributes and configuration` → has correct fillable properties" line="0" assertions="1" time="0.012087"/>
      <testcase name="`EventMatch Model Unit Tests` → `model attributes and configuration` → has correct casts configuration" class="Tests\Unit\Models\Matches\EventMatchTest" classname="Tests.Unit.Models.Matches.EventMatchTest" file="tests/Unit/Models/Matches/EventMatchTest.php::`EventMatch Model Unit Tests` → `model attributes and configuration` → has correct casts configuration" line="0" assertions="1" time="0.013116"/>
      <testcase name="`EventMatch Model Unit Tests` → `model attributes and configuration` → has custom eloquent builder" class="Tests\Unit\Models\Matches\EventMatchTest" classname="Tests.Unit.Models.Matches.EventMatchTest" file="tests/Unit/Models/Matches/EventMatchTest.php::`EventMatch Model Unit Tests` → `model attributes and configuration` → has custom eloquent builder" line="0" assertions="1" time="0.016109"/>
      <testcase name="`EventMatch Model Unit Tests` → `model attributes and configuration` → has correct default values" class="Tests\Unit\Models\Matches\EventMatchTest" classname="Tests.Unit.Models.Matches.EventMatchTest" file="tests/Unit/Models/Matches/EventMatchTest.php::`EventMatch Model Unit Tests` → `model attributes and configuration` → has correct default values" line="0" assertions="1" time="0.011591"/>
      <testcase name="`EventMatch Model Unit Tests` → `trait integration` → uses all required traits" class="Tests\Unit\Models\Matches\EventMatchTest" classname="Tests.Unit.Models.Matches.EventMatchTest" file="tests/Unit/Models/Matches/EventMatchTest.php::`EventMatch Model Unit Tests` → `trait integration` → uses all required traits" line="0" assertions="1" time="0.011378"/>
      <testcase name="`EventMatch Model Unit Tests` → `interface implementation` → implements all required interfaces" class="Tests\Unit\Models\Matches\EventMatchTest" classname="Tests.Unit.Models.Matches.EventMatchTest" file="tests/Unit/Models/Matches/EventMatchTest.php::`EventMatch Model Unit Tests` → `interface implementation` → implements all required interfaces" line="0" assertions="1" time="0.012530"/>
      <testcase name="`EventMatch Model Unit Tests` → `model constants` → has no model-specific constants defined" class="Tests\Unit\Models\Matches\EventMatchTest" classname="Tests.Unit.Models.Matches.EventMatchTest" file="tests/Unit/Models/Matches/EventMatchTest.php::`EventMatch Model Unit Tests` → `model constants` → has no model-specific constants defined" line="0" assertions="1" time="0.013524"/>
      <testcase name="`EventMatch Model Unit Tests` → `business logic methods` → has required relationship methods" class="Tests\Unit\Models\Matches\EventMatchTest" classname="Tests.Unit.Models.Matches.EventMatchTest" file="tests/Unit/Models/Matches/EventMatchTest.php::`EventMatch Model Unit Tests` → `business logic methods` → has required relationship methods" line="0" assertions="1" time="0.012492"/>
    </testsuite>
    <testsuite name="Tests\Unit\Models\Matches\MatchDecisionTest" file="tests/Unit/Models/Matches/MatchDecisionTest.php" tests="9" assertions="11" errors="0" failures="0" skipped="0" time="0.114062">
      <testcase name="`MatchDecision Model Unit Tests` → `model attributes and configuration` → uses correct table name" class="Tests\Unit\Models\Matches\MatchDecisionTest" classname="Tests.Unit.Models.Matches.MatchDecisionTest" file="tests/Unit/Models/Matches/MatchDecisionTest.php::`MatchDecision Model Unit Tests` → `model attributes and configuration` → uses correct table name" line="0" assertions="1" time="0.014887"/>
      <testcase name="`MatchDecision Model Unit Tests` → `model attributes and configuration` → has correct fillable properties" class="Tests\Unit\Models\Matches\MatchDecisionTest" classname="Tests.Unit.Models.Matches.MatchDecisionTest" file="tests/Unit/Models/Matches/MatchDecisionTest.php::`MatchDecision Model Unit Tests` → `model attributes and configuration` → has correct fillable properties" line="0" assertions="1" time="0.012028"/>
      <testcase name="`MatchDecision Model Unit Tests` → `model attributes and configuration` → has correct casts configuration" class="Tests\Unit\Models\Matches\MatchDecisionTest" classname="Tests.Unit.Models.Matches.MatchDecisionTest" file="tests/Unit/Models/Matches/MatchDecisionTest.php::`MatchDecision Model Unit Tests` → `model attributes and configuration` → has correct casts configuration" line="0" assertions="2" time="0.011049"/>
      <testcase name="`MatchDecision Model Unit Tests` → `model attributes and configuration` → has custom eloquent builder" class="Tests\Unit\Models\Matches\MatchDecisionTest" classname="Tests.Unit.Models.Matches.MatchDecisionTest" file="tests/Unit/Models/Matches/MatchDecisionTest.php::`MatchDecision Model Unit Tests` → `model attributes and configuration` → has custom eloquent builder" line="0" assertions="1" time="0.011661"/>
      <testcase name="`MatchDecision Model Unit Tests` → `model attributes and configuration` → has correct default values" class="Tests\Unit\Models\Matches\MatchDecisionTest" classname="Tests.Unit.Models.Matches.MatchDecisionTest" file="tests/Unit/Models/Matches/MatchDecisionTest.php::`MatchDecision Model Unit Tests` → `model attributes and configuration` → has correct default values" line="0" assertions="1" time="0.011435"/>
      <testcase name="`MatchDecision Model Unit Tests` → `trait integration` → uses all required traits" class="Tests\Unit\Models\Matches\MatchDecisionTest" classname="Tests.Unit.Models.Matches.MatchDecisionTest" file="tests/Unit/Models/Matches/MatchDecisionTest.php::`MatchDecision Model Unit Tests` → `trait integration` → uses all required traits" line="0" assertions="1" time="0.010727"/>
      <testcase name="`MatchDecision Model Unit Tests` → `interface implementation` → implements all required interfaces" class="Tests\Unit\Models\Matches\MatchDecisionTest" classname="Tests.Unit.Models.Matches.MatchDecisionTest" file="tests/Unit/Models/Matches/MatchDecisionTest.php::`MatchDecision Model Unit Tests` → `interface implementation` → implements all required interfaces" line="0" assertions="1" time="0.010770"/>
      <testcase name="`MatchDecision Model Unit Tests` → `model constants` → has no model-specific constants defined" class="Tests\Unit\Models\Matches\MatchDecisionTest" classname="Tests.Unit.Models.Matches.MatchDecisionTest" file="tests/Unit/Models/Matches/MatchDecisionTest.php::`MatchDecision Model Unit Tests` → `model constants` → has no model-specific constants defined" line="0" assertions="2" time="0.013749"/>
      <testcase name="`MatchDecision Model Unit Tests` → `business logic methods` → has no custom business logic methods" class="Tests\Unit\Models\Matches\MatchDecisionTest" classname="Tests.Unit.Models.Matches.MatchDecisionTest" file="tests/Unit/Models/Matches/MatchDecisionTest.php::`MatchDecision Model Unit Tests` → `business logic methods` → has no custom business logic methods" line="0" assertions="1" time="0.017756"/>
    </testsuite>
    <testsuite name="Tests\Unit\Models\Matches\MatchStipulationTest" file="tests/Unit/Models/Matches/MatchStipulationTest.php" tests="12" assertions="17" errors="0" failures="0" skipped="0" time="0.144671">
      <testcase name="`MatchStipulation Model Unit Tests` → `model attributes and configuration` → uses correct table name" class="Tests\Unit\Models\Matches\MatchStipulationTest" classname="Tests.Unit.Models.Matches.MatchStipulationTest" file="tests/Unit/Models/Matches/MatchStipulationTest.php::`MatchStipulation Model Unit Tests` → `model attributes and configuration` → uses correct table name" line="0" assertions="1" time="0.011389"/>
      <testcase name="`MatchStipulation Model Unit Tests` → `model attributes and configuration` → has correct fillable properties" class="Tests\Unit\Models\Matches\MatchStipulationTest" classname="Tests.Unit.Models.Matches.MatchStipulationTest" file="tests/Unit/Models/Matches/MatchStipulationTest.php::`MatchStipulation Model Unit Tests` → `model attributes and configuration` → has correct fillable properties" line="0" assertions="1" time="0.011209"/>
      <testcase name="`MatchStipulation Model Unit Tests` → `model attributes and configuration` → has correct casts configuration" class="Tests\Unit\Models\Matches\MatchStipulationTest" classname="Tests.Unit.Models.Matches.MatchStipulationTest" file="tests/Unit/Models/Matches/MatchStipulationTest.php::`MatchStipulation Model Unit Tests` → `model attributes and configuration` → has correct casts configuration" line="0" assertions="1" time="0.012838"/>
      <testcase name="`MatchStipulation Model Unit Tests` → `model attributes and configuration` → has custom eloquent builder" class="Tests\Unit\Models\Matches\MatchStipulationTest" classname="Tests.Unit.Models.Matches.MatchStipulationTest" file="tests/Unit/Models/Matches/MatchStipulationTest.php::`MatchStipulation Model Unit Tests` → `model attributes and configuration` → has custom eloquent builder" line="0" assertions="1" time="0.010972"/>
      <testcase name="`MatchStipulation Model Unit Tests` → `model attributes and configuration` → has correct default values" class="Tests\Unit\Models\Matches\MatchStipulationTest" classname="Tests.Unit.Models.Matches.MatchStipulationTest" file="tests/Unit/Models/Matches/MatchStipulationTest.php::`MatchStipulation Model Unit Tests` → `model attributes and configuration` → has correct default values" line="0" assertions="1" time="0.010820"/>
      <testcase name="`MatchStipulation Model Unit Tests` → `trait integration` → uses all required traits" class="Tests\Unit\Models\Matches\MatchStipulationTest" classname="Tests.Unit.Models.Matches.MatchStipulationTest" file="tests/Unit/Models/Matches/MatchStipulationTest.php::`MatchStipulation Model Unit Tests` → `trait integration` → uses all required traits" line="0" assertions="1" time="0.010755"/>
      <testcase name="`MatchStipulation Model Unit Tests` → `interface implementation` → implements all required interfaces" class="Tests\Unit\Models\Matches\MatchStipulationTest" classname="Tests.Unit.Models.Matches.MatchStipulationTest" file="tests/Unit/Models/Matches/MatchStipulationTest.php::`MatchStipulation Model Unit Tests` → `interface implementation` → implements all required interfaces" line="0" assertions="1" time="0.014376"/>
      <testcase name="`MatchStipulation Model Unit Tests` → `model constants` → has required constants defined" class="Tests\Unit\Models\Matches\MatchStipulationTest" classname="Tests.Unit.Models.Matches.MatchStipulationTest" file="tests/Unit/Models/Matches/MatchStipulationTest.php::`MatchStipulation Model Unit Tests` → `model constants` → has required constants defined" line="0" assertions="1" time="0.014514"/>
      <testcase name="`MatchStipulation Model Unit Tests` → `business logic methods` → has required relationship methods" class="Tests\Unit\Models\Matches\MatchStipulationTest" classname="Tests.Unit.Models.Matches.MatchStipulationTest" file="tests/Unit/Models/Matches/MatchStipulationTest.php::`MatchStipulation Model Unit Tests` → `business logic methods` → has required relationship methods" line="0" assertions="1" time="0.013025"/>
      <testcase name="`MatchStipulation Model Unit Tests` → `business logic methods` → has business logic helper methods" class="Tests\Unit\Models\Matches\MatchStipulationTest" classname="Tests.Unit.Models.Matches.MatchStipulationTest" file="tests/Unit/Models/Matches/MatchStipulationTest.php::`MatchStipulation Model Unit Tests` → `business logic methods` → has business logic helper methods" line="0" assertions="6" time="0.012428"/>
      <testcase name="`MatchStipulation Model Unit Tests` → `model inheritance` → extends eloquent model" class="Tests\Unit\Models\Matches\MatchStipulationTest" classname="Tests.Unit.Models.Matches.MatchStipulationTest" file="tests/Unit/Models/Matches/MatchStipulationTest.php::`MatchStipulation Model Unit Tests` → `model inheritance` → extends eloquent model" line="0" assertions="1" time="0.011147"/>
      <testcase name="`MatchStipulation Model Unit Tests` → `factory integration` → uses correct factory class" class="Tests\Unit\Models\Matches\MatchStipulationTest" classname="Tests.Unit.Models.Matches.MatchStipulationTest" file="tests/Unit/Models/Matches/MatchStipulationTest.php::`MatchStipulation Model Unit Tests` → `factory integration` → uses correct factory class" line="0" assertions="1" time="0.011198"/>
    </testsuite>
    <testsuite name="Tests\Unit\Models\Matches\MatchTypeTest" file="tests/Unit/Models/Matches/MatchTypeTest.php" tests="9" assertions="9" errors="0" failures="0" skipped="0" time="0.116674">
      <testcase name="`MatchType Model Unit Tests` → `model attributes and configuration` → uses correct table name" class="Tests\Unit\Models\Matches\MatchTypeTest" classname="Tests.Unit.Models.Matches.MatchTypeTest" file="tests/Unit/Models/Matches/MatchTypeTest.php::`MatchType Model Unit Tests` → `model attributes and configuration` → uses correct table name" line="0" assertions="1" time="0.011658"/>
      <testcase name="`MatchType Model Unit Tests` → `model attributes and configuration` → has correct fillable properties" class="Tests\Unit\Models\Matches\MatchTypeTest" classname="Tests.Unit.Models.Matches.MatchTypeTest" file="tests/Unit/Models/Matches/MatchTypeTest.php::`MatchType Model Unit Tests` → `model attributes and configuration` → has correct fillable properties" line="0" assertions="1" time="0.011562"/>
      <testcase name="`MatchType Model Unit Tests` → `model attributes and configuration` → has correct casts configuration" class="Tests\Unit\Models\Matches\MatchTypeTest" classname="Tests.Unit.Models.Matches.MatchTypeTest" file="tests/Unit/Models/Matches/MatchTypeTest.php::`MatchType Model Unit Tests` → `model attributes and configuration` → has correct casts configuration" line="0" assertions="1" time="0.013299"/>
      <testcase name="`MatchType Model Unit Tests` → `model attributes and configuration` → has custom eloquent builder" class="Tests\Unit\Models\Matches\MatchTypeTest" classname="Tests.Unit.Models.Matches.MatchTypeTest" file="tests/Unit/Models/Matches/MatchTypeTest.php::`MatchType Model Unit Tests` → `model attributes and configuration` → has custom eloquent builder" line="0" assertions="1" time="0.014663"/>
      <testcase name="`MatchType Model Unit Tests` → `model attributes and configuration` → has correct default values" class="Tests\Unit\Models\Matches\MatchTypeTest" classname="Tests.Unit.Models.Matches.MatchTypeTest" file="tests/Unit/Models/Matches/MatchTypeTest.php::`MatchType Model Unit Tests` → `model attributes and configuration` → has correct default values" line="0" assertions="1" time="0.014559"/>
      <testcase name="`MatchType Model Unit Tests` → `trait integration` → uses all required traits" class="Tests\Unit\Models\Matches\MatchTypeTest" classname="Tests.Unit.Models.Matches.MatchTypeTest" file="tests/Unit/Models/Matches/MatchTypeTest.php::`MatchType Model Unit Tests` → `trait integration` → uses all required traits" line="0" assertions="1" time="0.011072"/>
      <testcase name="`MatchType Model Unit Tests` → `interface implementation` → implements all required interfaces" class="Tests\Unit\Models\Matches\MatchTypeTest" classname="Tests.Unit.Models.Matches.MatchTypeTest" file="tests/Unit/Models/Matches/MatchTypeTest.php::`MatchType Model Unit Tests` → `interface implementation` → implements all required interfaces" line="0" assertions="1" time="0.010895"/>
      <testcase name="`MatchType Model Unit Tests` → `model constants` → has no model-specific constants defined" class="Tests\Unit\Models\Matches\MatchTypeTest" classname="Tests.Unit.Models.Matches.MatchTypeTest" file="tests/Unit/Models/Matches/MatchTypeTest.php::`MatchType Model Unit Tests` → `model constants` → has no model-specific constants defined" line="0" assertions="1" time="0.017099"/>
      <testcase name="`MatchType Model Unit Tests` → `business logic methods` → has required relationship methods" class="Tests\Unit\Models\Matches\MatchTypeTest" classname="Tests.Unit.Models.Matches.MatchTypeTest" file="tests/Unit/Models/Matches/MatchTypeTest.php::`MatchType Model Unit Tests` → `business logic methods` → has required relationship methods" line="0" assertions="1" time="0.011867"/>
    </testsuite>
    <testsuite name="Tests\Unit\Models\Referees\RefereeEmploymentTest" file="tests/Unit/Models/Referees/RefereeEmploymentTest.php" tests="7" assertions="10" errors="0" failures="0" skipped="0" time="0.097903">
      <testcase name="`WrestlerEmployment Model Unit Tests` → `wrestlerEmployment attributes and configuration` → wrestlerEmployment has correct fillable properties" class="Tests\Unit\Models\Referees\RefereeEmploymentTest" classname="Tests.Unit.Models.Referees.RefereeEmploymentTest" file="tests/Unit/Models/Referees/RefereeEmploymentTest.php::`WrestlerEmployment Model Unit Tests` → `wrestlerEmployment attributes and configuration` → wrestlerEmployment has correct fillable properties" line="0" assertions="1" time="0.011092"/>
      <testcase name="`WrestlerEmployment Model Unit Tests` → `wrestlerEmployment attributes and configuration` → wrestlerEmployment has correct casts configuration" class="Tests\Unit\Models\Referees\RefereeEmploymentTest" classname="Tests.Unit.Models.Referees.RefereeEmploymentTest" file="tests/Unit/Models/Referees/RefereeEmploymentTest.php::`WrestlerEmployment Model Unit Tests` → `wrestlerEmployment attributes and configuration` → wrestlerEmployment has correct casts configuration" line="0" assertions="4" time="0.010684"/>
      <testcase name="`WrestlerEmployment Model Unit Tests` → `wrestlerEmployment attributes and configuration` → wrestlerEmployment has custom eloquent builder" class="Tests\Unit\Models\Referees\RefereeEmploymentTest" classname="Tests.Unit.Models.Referees.RefereeEmploymentTest" file="tests/Unit/Models/Referees/RefereeEmploymentTest.php::`WrestlerEmployment Model Unit Tests` → `wrestlerEmployment attributes and configuration` → wrestlerEmployment has custom eloquent builder" line="0" assertions="1" time="0.013403"/>
      <testcase name="`WrestlerEmployment Model Unit Tests` → `wrestlerEmployment attributes and configuration` → wrestlerEmployment has correct default values" class="Tests\Unit\Models\Referees\RefereeEmploymentTest" classname="Tests.Unit.Models.Referees.RefereeEmploymentTest" file="tests/Unit/Models/Referees/RefereeEmploymentTest.php::`WrestlerEmployment Model Unit Tests` → `wrestlerEmployment attributes and configuration` → wrestlerEmployment has correct default values" line="0" assertions="1" time="0.012064"/>
      <testcase name="`WrestlerEmployment Model Unit Tests` → `wrestlerEmployment attributes and configuration` → wrestlerEmployment uses correct table name" class="Tests\Unit\Models\Referees\RefereeEmploymentTest" classname="Tests.Unit.Models.Referees.RefereeEmploymentTest" file="tests/Unit/Models/Referees/RefereeEmploymentTest.php::`WrestlerEmployment Model Unit Tests` → `wrestlerEmployment attributes and configuration` → wrestlerEmployment uses correct table name" line="0" assertions="1" time="0.020168"/>
      <testcase name="`WrestlerEmployment Model Unit Tests` → `wrestlerEmployment trait integration` → wrestlerEmployment uses all required traits" class="Tests\Unit\Models\Referees\RefereeEmploymentTest" classname="Tests.Unit.Models.Referees.RefereeEmploymentTest" file="tests/Unit/Models/Referees/RefereeEmploymentTest.php::`WrestlerEmployment Model Unit Tests` → `wrestlerEmployment trait integration` → wrestlerEmployment uses all required traits" line="0" assertions="1" time="0.013574"/>
      <testcase name="`WrestlerEmployment Model Unit Tests` → `wrestlerEmployment trait integration` → wrestlerEmployment implements all required interfaces" class="Tests\Unit\Models\Referees\RefereeEmploymentTest" classname="Tests.Unit.Models.Referees.RefereeEmploymentTest" file="tests/Unit/Models/Referees/RefereeEmploymentTest.php::`WrestlerEmployment Model Unit Tests` → `wrestlerEmployment trait integration` → wrestlerEmployment implements all required interfaces" line="0" assertions="1" time="0.016918"/>
    </testsuite>
    <testsuite name="Tests\Unit\Models\Referees\RefereeInjuryTest" file="tests/Unit/Models/Referees/RefereeInjuryTest.php" tests="7" assertions="10" errors="0" failures="0" skipped="0" time="0.098926">
      <testcase name="`WrestlerInjury Model Unit Tests` → `wrestlerInjury attributes and configuration` → wrestlerInjury has correct fillable properties" class="Tests\Unit\Models\Referees\RefereeInjuryTest" classname="Tests.Unit.Models.Referees.RefereeInjuryTest" file="tests/Unit/Models/Referees/RefereeInjuryTest.php::`WrestlerInjury Model Unit Tests` → `wrestlerInjury attributes and configuration` → wrestlerInjury has correct fillable properties" line="0" assertions="1" time="0.011562"/>
      <testcase name="`WrestlerInjury Model Unit Tests` → `wrestlerInjury attributes and configuration` → wrestlerInjury has correct casts configuration" class="Tests\Unit\Models\Referees\RefereeInjuryTest" classname="Tests.Unit.Models.Referees.RefereeInjuryTest" file="tests/Unit/Models/Referees/RefereeInjuryTest.php::`WrestlerInjury Model Unit Tests` → `wrestlerInjury attributes and configuration` → wrestlerInjury has correct casts configuration" line="0" assertions="4" time="0.012294"/>
      <testcase name="`WrestlerInjury Model Unit Tests` → `wrestlerInjury attributes and configuration` → wrestlerInjury has custom eloquent builder" class="Tests\Unit\Models\Referees\RefereeInjuryTest" classname="Tests.Unit.Models.Referees.RefereeInjuryTest" file="tests/Unit/Models/Referees/RefereeInjuryTest.php::`WrestlerInjury Model Unit Tests` → `wrestlerInjury attributes and configuration` → wrestlerInjury has custom eloquent builder" line="0" assertions="1" time="0.017264"/>
      <testcase name="`WrestlerInjury Model Unit Tests` → `wrestlerInjury attributes and configuration` → wrestlerInjury has correct default values" class="Tests\Unit\Models\Referees\RefereeInjuryTest" classname="Tests.Unit.Models.Referees.RefereeInjuryTest" file="tests/Unit/Models/Referees/RefereeInjuryTest.php::`WrestlerInjury Model Unit Tests` → `wrestlerInjury attributes and configuration` → wrestlerInjury has correct default values" line="0" assertions="1" time="0.011466"/>
      <testcase name="`WrestlerInjury Model Unit Tests` → `wrestlerInjury attributes and configuration` → wrestlerInjury uses correct table name" class="Tests\Unit\Models\Referees\RefereeInjuryTest" classname="Tests.Unit.Models.Referees.RefereeInjuryTest" file="tests/Unit/Models/Referees/RefereeInjuryTest.php::`WrestlerInjury Model Unit Tests` → `wrestlerInjury attributes and configuration` → wrestlerInjury uses correct table name" line="0" assertions="1" time="0.013523"/>
      <testcase name="`WrestlerInjury Model Unit Tests` → `wrestlerInjury trait integration` → wrestlerInjury uses all required traits" class="Tests\Unit\Models\Referees\RefereeInjuryTest" classname="Tests.Unit.Models.Referees.RefereeInjuryTest" file="tests/Unit/Models/Referees/RefereeInjuryTest.php::`WrestlerInjury Model Unit Tests` → `wrestlerInjury trait integration` → wrestlerInjury uses all required traits" line="0" assertions="1" time="0.013754"/>
      <testcase name="`WrestlerInjury Model Unit Tests` → `wrestlerInjury trait integration` → wrestlerInjury implements all required interfaces" class="Tests\Unit\Models\Referees\RefereeInjuryTest" classname="Tests.Unit.Models.Referees.RefereeInjuryTest" file="tests/Unit/Models/Referees/RefereeInjuryTest.php::`WrestlerInjury Model Unit Tests` → `wrestlerInjury trait integration` → wrestlerInjury implements all required interfaces" line="0" assertions="1" time="0.019064"/>
    </testsuite>
    <testsuite name="Tests\Unit\Models\Referees\RefereeRetirementTest" file="tests/Unit/Models/Referees/RefereeRetirementTest.php" tests="7" assertions="10" errors="0" failures="0" skipped="0" time="0.099261">
      <testcase name="`WrestlerEmployment Model Unit Tests` → `wrestlerEmployment attributes and configuration` → wrestlerEmployment has correct fillable properties" class="Tests\Unit\Models\Referees\RefereeRetirementTest" classname="Tests.Unit.Models.Referees.RefereeRetirementTest" file="tests/Unit/Models/Referees/RefereeRetirementTest.php::`WrestlerEmployment Model Unit Tests` → `wrestlerEmployment attributes and configuration` → wrestlerEmployment has correct fillable properties" line="0" assertions="1" time="0.012444"/>
      <testcase name="`WrestlerEmployment Model Unit Tests` → `wrestlerEmployment attributes and configuration` → wrestlerEmployment has correct casts configuration" class="Tests\Unit\Models\Referees\RefereeRetirementTest" classname="Tests.Unit.Models.Referees.RefereeRetirementTest" file="tests/Unit/Models/Referees/RefereeRetirementTest.php::`WrestlerEmployment Model Unit Tests` → `wrestlerEmployment attributes and configuration` → wrestlerEmployment has correct casts configuration" line="0" assertions="4" time="0.021530"/>
      <testcase name="`WrestlerEmployment Model Unit Tests` → `wrestlerEmployment attributes and configuration` → wrestlerEmployment has custom eloquent builder" class="Tests\Unit\Models\Referees\RefereeRetirementTest" classname="Tests.Unit.Models.Referees.RefereeRetirementTest" file="tests/Unit/Models/Referees/RefereeRetirementTest.php::`WrestlerEmployment Model Unit Tests` → `wrestlerEmployment attributes and configuration` → wrestlerEmployment has custom eloquent builder" line="0" assertions="1" time="0.016267"/>
      <testcase name="`WrestlerEmployment Model Unit Tests` → `wrestlerEmployment attributes and configuration` → wrestlerEmployment has correct default values" class="Tests\Unit\Models\Referees\RefereeRetirementTest" classname="Tests.Unit.Models.Referees.RefereeRetirementTest" file="tests/Unit/Models/Referees/RefereeRetirementTest.php::`WrestlerEmployment Model Unit Tests` → `wrestlerEmployment attributes and configuration` → wrestlerEmployment has correct default values" line="0" assertions="1" time="0.013253"/>
      <testcase name="`WrestlerEmployment Model Unit Tests` → `wrestlerEmployment attributes and configuration` → wrestlerEmployment uses correct table name" class="Tests\Unit\Models\Referees\RefereeRetirementTest" classname="Tests.Unit.Models.Referees.RefereeRetirementTest" file="tests/Unit/Models/Referees/RefereeRetirementTest.php::`WrestlerEmployment Model Unit Tests` → `wrestlerEmployment attributes and configuration` → wrestlerEmployment uses correct table name" line="0" assertions="1" time="0.013324"/>
      <testcase name="`WrestlerEmployment Model Unit Tests` → `wrestlerEmployment trait integration` → wrestlerEmployment uses all required traits" class="Tests\Unit\Models\Referees\RefereeRetirementTest" classname="Tests.Unit.Models.Referees.RefereeRetirementTest" file="tests/Unit/Models/Referees/RefereeRetirementTest.php::`WrestlerEmployment Model Unit Tests` → `wrestlerEmployment trait integration` → wrestlerEmployment uses all required traits" line="0" assertions="1" time="0.011173"/>
      <testcase name="`WrestlerEmployment Model Unit Tests` → `wrestlerEmployment trait integration` → wrestlerEmployment implements all required interfaces" class="Tests\Unit\Models\Referees\RefereeRetirementTest" classname="Tests.Unit.Models.Referees.RefereeRetirementTest" file="tests/Unit/Models/Referees/RefereeRetirementTest.php::`WrestlerEmployment Model Unit Tests` → `wrestlerEmployment trait integration` → wrestlerEmployment implements all required interfaces" line="0" assertions="1" time="0.011270"/>
    </testsuite>
    <testsuite name="Tests\Unit\Models\Referees\RefereeSuspensionTest" file="tests/Unit/Models/Referees/RefereeSuspensionTest.php" tests="7" assertions="10" errors="0" failures="0" skipped="0" time="0.085913">
      <testcase name="`RefereeSuspension Model Unit Tests` → `refereeSuspension attributes and configuration` → refereeSuspension has correct fillable properties" class="Tests\Unit\Models\Referees\RefereeSuspensionTest" classname="Tests.Unit.Models.Referees.RefereeSuspensionTest" file="tests/Unit/Models/Referees/RefereeSuspensionTest.php::`RefereeSuspension Model Unit Tests` → `refereeSuspension attributes and configuration` → refereeSuspension has correct fillable properties" line="0" assertions="1" time="0.011183"/>
      <testcase name="`RefereeSuspension Model Unit Tests` → `refereeSuspension attributes and configuration` → refereeSuspension has correct casts configuration" class="Tests\Unit\Models\Referees\RefereeSuspensionTest" classname="Tests.Unit.Models.Referees.RefereeSuspensionTest" file="tests/Unit/Models/Referees/RefereeSuspensionTest.php::`RefereeSuspension Model Unit Tests` → `refereeSuspension attributes and configuration` → refereeSuspension has correct casts configuration" line="0" assertions="4" time="0.011225"/>
      <testcase name="`RefereeSuspension Model Unit Tests` → `refereeSuspension attributes and configuration` → refereeSuspension has custom eloquent builder" class="Tests\Unit\Models\Referees\RefereeSuspensionTest" classname="Tests.Unit.Models.Referees.RefereeSuspensionTest" file="tests/Unit/Models/Referees/RefereeSuspensionTest.php::`RefereeSuspension Model Unit Tests` → `refereeSuspension attributes and configuration` → refereeSuspension has custom eloquent builder" line="0" assertions="1" time="0.016489"/>
      <testcase name="`RefereeSuspension Model Unit Tests` → `refereeSuspension attributes and configuration` → refereeSuspension has correct default values" class="Tests\Unit\Models\Referees\RefereeSuspensionTest" classname="Tests.Unit.Models.Referees.RefereeSuspensionTest" file="tests/Unit/Models/Referees/RefereeSuspensionTest.php::`RefereeSuspension Model Unit Tests` → `refereeSuspension attributes and configuration` → refereeSuspension has correct default values" line="0" assertions="1" time="0.011492"/>
      <testcase name="`RefereeSuspension Model Unit Tests` → `refereeSuspension attributes and configuration` → refereeSuspension uses correct table name" class="Tests\Unit\Models\Referees\RefereeSuspensionTest" classname="Tests.Unit.Models.Referees.RefereeSuspensionTest" file="tests/Unit/Models/Referees/RefereeSuspensionTest.php::`RefereeSuspension Model Unit Tests` → `refereeSuspension attributes and configuration` → refereeSuspension uses correct table name" line="0" assertions="1" time="0.013109"/>
      <testcase name="`RefereeSuspension Model Unit Tests` → `refereeSuspension trait integration` → refereeSuspension uses all required traits" class="Tests\Unit\Models\Referees\RefereeSuspensionTest" classname="Tests.Unit.Models.Referees.RefereeSuspensionTest" file="tests/Unit/Models/Referees/RefereeSuspensionTest.php::`RefereeSuspension Model Unit Tests` → `refereeSuspension trait integration` → refereeSuspension uses all required traits" line="0" assertions="1" time="0.011397"/>
      <testcase name="`RefereeSuspension Model Unit Tests` → `refereeSuspension trait integration` → refereeSuspension implements all required interfaces" class="Tests\Unit\Models\Referees\RefereeSuspensionTest" classname="Tests.Unit.Models.Referees.RefereeSuspensionTest" file="tests/Unit/Models/Referees/RefereeSuspensionTest.php::`RefereeSuspension Model Unit Tests` → `refereeSuspension trait integration` → refereeSuspension implements all required interfaces" line="0" assertions="1" time="0.011020"/>
    </testsuite>
    <testsuite name="Tests\Unit\Models\Referees\RefereeTest" file="tests/Unit/Models/Referees/RefereeTest.php" tests="9" assertions="23" errors="0" failures="0" skipped="0" time="0.13599">
      <testcase name="`Referee Model Unit Tests` → `model attributes and configuration` → uses correct table name" class="Tests\Unit\Models\Referees\RefereeTest" classname="Tests.Unit.Models.Referees.RefereeTest" file="tests/Unit/Models/Referees/RefereeTest.php::`Referee Model Unit Tests` → `model attributes and configuration` → uses correct table name" line="0" assertions="1" time="0.018199"/>
      <testcase name="`Referee Model Unit Tests` → `model attributes and configuration` → has correct fillable properties" class="Tests\Unit\Models\Referees\RefereeTest" classname="Tests.Unit.Models.Referees.RefereeTest" file="tests/Unit/Models/Referees/RefereeTest.php::`Referee Model Unit Tests` → `model attributes and configuration` → has correct fillable properties" line="0" assertions="1" time="0.012303"/>
      <testcase name="`Referee Model Unit Tests` → `model attributes and configuration` → has correct casts configuration" class="Tests\Unit\Models\Referees\RefereeTest" classname="Tests.Unit.Models.Referees.RefereeTest" file="tests/Unit/Models/Referees/RefereeTest.php::`Referee Model Unit Tests` → `model attributes and configuration` → has correct casts configuration" line="0" assertions="1" time="0.013174"/>
      <testcase name="`Referee Model Unit Tests` → `model attributes and configuration` → has custom eloquent builder" class="Tests\Unit\Models\Referees\RefereeTest" classname="Tests.Unit.Models.Referees.RefereeTest" file="tests/Unit/Models/Referees/RefereeTest.php::`Referee Model Unit Tests` → `model attributes and configuration` → has custom eloquent builder" line="0" assertions="1" time="0.013820"/>
      <testcase name="`Referee Model Unit Tests` → `model attributes and configuration` → has correct default values" class="Tests\Unit\Models\Referees\RefereeTest" classname="Tests.Unit.Models.Referees.RefereeTest" file="tests/Unit/Models/Referees/RefereeTest.php::`Referee Model Unit Tests` → `model attributes and configuration` → has correct default values" line="0" assertions="1" time="0.014563"/>
      <testcase name="`Referee Model Unit Tests` → `trait integration` → uses all required traits" class="Tests\Unit\Models\Referees\RefereeTest" classname="Tests.Unit.Models.Referees.RefereeTest" file="tests/Unit/Models/Referees/RefereeTest.php::`Referee Model Unit Tests` → `trait integration` → uses all required traits" line="0" assertions="12" time="0.011291"/>
      <testcase name="`Referee Model Unit Tests` → `interface implementation` → implements all required interfaces" class="Tests\Unit\Models\Referees\RefereeTest" classname="Tests.Unit.Models.Referees.RefereeTest" file="tests/Unit/Models/Referees/RefereeTest.php::`Referee Model Unit Tests` → `interface implementation` → implements all required interfaces" line="0" assertions="4" time="0.025372"/>
      <testcase name="`Referee Model Unit Tests` → `model constants` → has no model-specific constants defined" class="Tests\Unit\Models\Referees\RefereeTest" classname="Tests.Unit.Models.Referees.RefereeTest" file="tests/Unit/Models/Referees/RefereeTest.php::`Referee Model Unit Tests` → `model constants` → has no model-specific constants defined" line="0" assertions="1" time="0.011123"/>
      <testcase name="`Referee Model Unit Tests` → `business logic methods` → has required relationship methods" class="Tests\Unit\Models\Referees\RefereeTest" classname="Tests.Unit.Models.Referees.RefereeTest" file="tests/Unit/Models/Referees/RefereeTest.php::`Referee Model Unit Tests` → `business logic methods` → has required relationship methods" line="0" assertions="1" time="0.016146"/>
    </testsuite>
    <testsuite name="Tests\Unit\Models\Shared\StateTest" file="tests/Unit/Models/Shared/StateTest.php" tests="11" assertions="17" errors="0" failures="0" skipped="0" time="0.134298">
      <testcase name="`State Model Unit Tests` → `model attributes and configuration` → has correct fillable properties" class="Tests\Unit\Models\Shared\StateTest" classname="Tests.Unit.Models.Shared.StateTest" file="tests/Unit/Models/Shared/StateTest.php::`State Model Unit Tests` → `model attributes and configuration` → has correct fillable properties" line="0" assertions="1" time="0.012181"/>
      <testcase name="`State Model Unit Tests` → `model attributes and configuration` → has correct casts configuration" class="Tests\Unit\Models\Shared\StateTest" classname="Tests.Unit.Models.Shared.StateTest" file="tests/Unit/Models/Shared/StateTest.php::`State Model Unit Tests` → `model attributes and configuration` → has correct casts configuration" line="0" assertions="2" time="0.014240"/>
      <testcase name="`State Model Unit Tests` → `model attributes and configuration` → uses correct table name" class="Tests\Unit\Models\Shared\StateTest" classname="Tests.Unit.Models.Shared.StateTest" file="tests/Unit/Models/Shared/StateTest.php::`State Model Unit Tests` → `model attributes and configuration` → uses correct table name" line="0" assertions="1" time="0.011325"/>
      <testcase name="`State Model Unit Tests` → `model attributes and configuration` → has correct default values" class="Tests\Unit\Models\Shared\StateTest" classname="Tests.Unit.Models.Shared.StateTest" file="tests/Unit/Models/Shared/StateTest.php::`State Model Unit Tests` → `model attributes and configuration` → has correct default values" line="0" assertions="1" time="0.012234"/>
      <testcase name="`State Model Unit Tests` → `model attributes and configuration` → has custom eloquent builder" class="Tests\Unit\Models\Shared\StateTest" classname="Tests.Unit.Models.Shared.StateTest" file="tests/Unit/Models/Shared/StateTest.php::`State Model Unit Tests` → `model attributes and configuration` → has custom eloquent builder" line="0" assertions="1" time="0.015009"/>
      <testcase name="`State Model Unit Tests` → `model attributes and configuration` → has state data rows property" class="Tests\Unit\Models\Shared\StateTest" classname="Tests.Unit.Models.Shared.StateTest" file="tests/Unit/Models/Shared/StateTest.php::`State Model Unit Tests` → `model attributes and configuration` → has state data rows property" line="0" assertions="3" time="0.013200"/>
      <testcase name="`State Model Unit Tests` → `model attributes and configuration` → contains expected US states" class="Tests\Unit\Models\Shared\StateTest" classname="Tests.Unit.Models.Shared.StateTest" file="tests/Unit/Models/Shared/StateTest.php::`State Model Unit Tests` → `model attributes and configuration` → contains expected US states" line="0" assertions="4" time="0.011430"/>
      <testcase name="`State Model Unit Tests` → `trait integration` → uses all required traits" class="Tests\Unit\Models\Shared\StateTest" classname="Tests.Unit.Models.Shared.StateTest" file="tests/Unit/Models/Shared/StateTest.php::`State Model Unit Tests` → `trait integration` → uses all required traits" line="0" assertions="1" time="0.011254"/>
      <testcase name="`State Model Unit Tests` → `interface implementation` → implements all required interfaces" class="Tests\Unit\Models\Shared\StateTest" classname="Tests.Unit.Models.Shared.StateTest" file="tests/Unit/Models/Shared/StateTest.php::`State Model Unit Tests` → `interface implementation` → implements all required interfaces" line="0" assertions="1" time="0.011082"/>
      <testcase name="`State Model Unit Tests` → `model constants` → has no model-specific constants defined" class="Tests\Unit\Models\Shared\StateTest" classname="Tests.Unit.Models.Shared.StateTest" file="tests/Unit/Models/Shared/StateTest.php::`State Model Unit Tests` → `model constants` → has no model-specific constants defined" line="0" assertions="1" time="0.011128"/>
      <testcase name="`State Model Unit Tests` → `business logic methods` → has no custom business logic methods" class="Tests\Unit\Models\Shared\StateTest" classname="Tests.Unit.Models.Shared.StateTest" file="tests/Unit/Models/Shared/StateTest.php::`State Model Unit Tests` → `business logic methods` → has no custom business logic methods" line="0" assertions="1" time="0.011214"/>
    </testsuite>
    <testsuite name="Tests\Unit\Models\Stables\StableActivityPeriodTest" file="tests/Unit/Models/Stables/StableActivityPeriodTest.php" tests="9" assertions="12" errors="0" failures="0" skipped="0" time="0.105497">
      <testcase name="`StableActivityPeriod Model Unit Tests` → `model attributes and configuration` → has correct fillable properties" class="Tests\Unit\Models\Stables\StableActivityPeriodTest" classname="Tests.Unit.Models.Stables.StableActivityPeriodTest" file="tests/Unit/Models/Stables/StableActivityPeriodTest.php::`StableActivityPeriod Model Unit Tests` → `model attributes and configuration` → has correct fillable properties" line="0" assertions="1" time="0.013687"/>
      <testcase name="`StableActivityPeriod Model Unit Tests` → `model attributes and configuration` → has correct casts configuration" class="Tests\Unit\Models\Stables\StableActivityPeriodTest" classname="Tests.Unit.Models.Stables.StableActivityPeriodTest" file="tests/Unit/Models/Stables/StableActivityPeriodTest.php::`StableActivityPeriod Model Unit Tests` → `model attributes and configuration` → has correct casts configuration" line="0" assertions="4" time="0.011190"/>
      <testcase name="`StableActivityPeriod Model Unit Tests` → `model attributes and configuration` → uses correct table name" class="Tests\Unit\Models\Stables\StableActivityPeriodTest" classname="Tests.Unit.Models.Stables.StableActivityPeriodTest" file="tests/Unit/Models/Stables/StableActivityPeriodTest.php::`StableActivityPeriod Model Unit Tests` → `model attributes and configuration` → uses correct table name" line="0" assertions="1" time="0.010885"/>
      <testcase name="`StableActivityPeriod Model Unit Tests` → `model attributes and configuration` → has correct default values" class="Tests\Unit\Models\Stables\StableActivityPeriodTest" classname="Tests.Unit.Models.Stables.StableActivityPeriodTest" file="tests/Unit/Models/Stables/StableActivityPeriodTest.php::`StableActivityPeriod Model Unit Tests` → `model attributes and configuration` → has correct default values" line="0" assertions="1" time="0.011036"/>
      <testcase name="`StableActivityPeriod Model Unit Tests` → `model attributes and configuration` → has custom eloquent builder" class="Tests\Unit\Models\Stables\StableActivityPeriodTest" classname="Tests.Unit.Models.Stables.StableActivityPeriodTest" file="tests/Unit/Models/Stables/StableActivityPeriodTest.php::`StableActivityPeriod Model Unit Tests` → `model attributes and configuration` → has custom eloquent builder" line="0" assertions="1" time="0.011327"/>
      <testcase name="`StableActivityPeriod Model Unit Tests` → `trait integration` → uses all required traits" class="Tests\Unit\Models\Stables\StableActivityPeriodTest" classname="Tests.Unit.Models.Stables.StableActivityPeriodTest" file="tests/Unit/Models/Stables/StableActivityPeriodTest.php::`StableActivityPeriod Model Unit Tests` → `trait integration` → uses all required traits" line="0" assertions="1" time="0.010868"/>
      <testcase name="`StableActivityPeriod Model Unit Tests` → `interface implementation` → implements all required interfaces" class="Tests\Unit\Models\Stables\StableActivityPeriodTest" classname="Tests.Unit.Models.Stables.StableActivityPeriodTest" file="tests/Unit/Models/Stables/StableActivityPeriodTest.php::`StableActivityPeriod Model Unit Tests` → `interface implementation` → implements all required interfaces" line="0" assertions="1" time="0.011702"/>
      <testcase name="`StableActivityPeriod Model Unit Tests` → `model constants` → has no model-specific constants defined" class="Tests\Unit\Models\Stables\StableActivityPeriodTest" classname="Tests.Unit.Models.Stables.StableActivityPeriodTest" file="tests/Unit/Models/Stables/StableActivityPeriodTest.php::`StableActivityPeriod Model Unit Tests` → `model constants` → has no model-specific constants defined" line="0" assertions="1" time="0.012756"/>
      <testcase name="`StableActivityPeriod Model Unit Tests` → `business logic methods` → has stable relationship method" class="Tests\Unit\Models\Stables\StableActivityPeriodTest" classname="Tests.Unit.Models.Stables.StableActivityPeriodTest" file="tests/Unit/Models/Stables/StableActivityPeriodTest.php::`StableActivityPeriod Model Unit Tests` → `business logic methods` → has stable relationship method" line="0" assertions="1" time="0.012047"/>
    </testsuite>
    <testsuite name="Tests\Unit\Models\Stables\StableRetirementTest" file="tests/Unit/Models/Stables/StableRetirementTest.php" tests="7" assertions="10" errors="0" failures="0" skipped="0" time="0.082358">
      <testcase name="`StableRetirement Model Unit Tests` → `stableRetirement attributes and configuration` → stableRetirement has correct fillable properties" class="Tests\Unit\Models\Stables\StableRetirementTest" classname="Tests.Unit.Models.Stables.StableRetirementTest" file="tests/Unit/Models/Stables/StableRetirementTest.php::`StableRetirement Model Unit Tests` → `stableRetirement attributes and configuration` → stableRetirement has correct fillable properties" line="0" assertions="1" time="0.013502"/>
      <testcase name="`StableRetirement Model Unit Tests` → `stableRetirement attributes and configuration` → stableRetirement has correct casts configuration" class="Tests\Unit\Models\Stables\StableRetirementTest" classname="Tests.Unit.Models.Stables.StableRetirementTest" file="tests/Unit/Models/Stables/StableRetirementTest.php::`StableRetirement Model Unit Tests` → `stableRetirement attributes and configuration` → stableRetirement has correct casts configuration" line="0" assertions="4" time="0.011765"/>
      <testcase name="`StableRetirement Model Unit Tests` → `stableRetirement attributes and configuration` → stableRetirement has custom eloquent builder" class="Tests\Unit\Models\Stables\StableRetirementTest" classname="Tests.Unit.Models.Stables.StableRetirementTest" file="tests/Unit/Models/Stables/StableRetirementTest.php::`StableRetirement Model Unit Tests` → `stableRetirement attributes and configuration` → stableRetirement has custom eloquent builder" line="0" assertions="1" time="0.011137"/>
      <testcase name="`StableRetirement Model Unit Tests` → `stableRetirement attributes and configuration` → stableRetirement has correct default values" class="Tests\Unit\Models\Stables\StableRetirementTest" classname="Tests.Unit.Models.Stables.StableRetirementTest" file="tests/Unit/Models/Stables/StableRetirementTest.php::`StableRetirement Model Unit Tests` → `stableRetirement attributes and configuration` → stableRetirement has correct default values" line="0" assertions="1" time="0.011356"/>
      <testcase name="`StableRetirement Model Unit Tests` → `stableRetirement attributes and configuration` → stableRetirement uses correct table name" class="Tests\Unit\Models\Stables\StableRetirementTest" classname="Tests.Unit.Models.Stables.StableRetirementTest" file="tests/Unit/Models/Stables/StableRetirementTest.php::`StableRetirement Model Unit Tests` → `stableRetirement attributes and configuration` → stableRetirement uses correct table name" line="0" assertions="1" time="0.011727"/>
      <testcase name="`StableRetirement Model Unit Tests` → `stableRetirement trait integration` → stableRetirement uses all required traits" class="Tests\Unit\Models\Stables\StableRetirementTest" classname="Tests.Unit.Models.Stables.StableRetirementTest" file="tests/Unit/Models/Stables/StableRetirementTest.php::`StableRetirement Model Unit Tests` → `stableRetirement trait integration` → stableRetirement uses all required traits" line="0" assertions="1" time="0.011637"/>
      <testcase name="`StableRetirement Model Unit Tests` → `stableRetirement trait integration` → stableRetirement implements all required interfaces" class="Tests\Unit\Models\Stables\StableRetirementTest" classname="Tests.Unit.Models.Stables.StableRetirementTest" file="tests/Unit/Models/Stables/StableRetirementTest.php::`StableRetirement Model Unit Tests` → `stableRetirement trait integration` → stableRetirement implements all required interfaces" line="0" assertions="1" time="0.011233"/>
    </testsuite>
    <testsuite name="Tests\Unit\Models\Stables\StableTest" file="tests/Unit/Models/Stables/StableTest.php" tests="10" assertions="25" errors="0" failures="0" skipped="0" time="0.120188">
      <testcase name="`Stable Model Unit Tests` → `model attributes and configuration` → uses correct table name" class="Tests\Unit\Models\Stables\StableTest" classname="Tests.Unit.Models.Stables.StableTest" file="tests/Unit/Models/Stables/StableTest.php::`Stable Model Unit Tests` → `model attributes and configuration` → uses correct table name" line="0" assertions="1" time="0.011487"/>
      <testcase name="`Stable Model Unit Tests` → `model attributes and configuration` → has correct fillable properties" class="Tests\Unit\Models\Stables\StableTest" classname="Tests.Unit.Models.Stables.StableTest" file="tests/Unit/Models/Stables/StableTest.php::`Stable Model Unit Tests` → `model attributes and configuration` → has correct fillable properties" line="0" assertions="1" time="0.011127"/>
      <testcase name="`Stable Model Unit Tests` → `model attributes and configuration` → has correct casts configuration" class="Tests\Unit\Models\Stables\StableTest" classname="Tests.Unit.Models.Stables.StableTest" file="tests/Unit/Models/Stables/StableTest.php::`Stable Model Unit Tests` → `model attributes and configuration` → has correct casts configuration" line="0" assertions="1" time="0.011251"/>
      <testcase name="`Stable Model Unit Tests` → `model attributes and configuration` → has custom eloquent builder" class="Tests\Unit\Models\Stables\StableTest" classname="Tests.Unit.Models.Stables.StableTest" file="tests/Unit/Models/Stables/StableTest.php::`Stable Model Unit Tests` → `model attributes and configuration` → has custom eloquent builder" line="0" assertions="1" time="0.011114"/>
      <testcase name="`Stable Model Unit Tests` → `model attributes and configuration` → has correct default values" class="Tests\Unit\Models\Stables\StableTest" classname="Tests.Unit.Models.Stables.StableTest" file="tests/Unit/Models/Stables/StableTest.php::`Stable Model Unit Tests` → `model attributes and configuration` → has correct default values" line="0" assertions="1" time="0.012793"/>
      <testcase name="`Stable Model Unit Tests` → `trait integration` → uses all required traits" class="Tests\Unit\Models\Stables\StableTest" classname="Tests.Unit.Models.Stables.StableTest" file="tests/Unit/Models/Stables/StableTest.php::`Stable Model Unit Tests` → `trait integration` → uses all required traits" line="0" assertions="9" time="0.011332"/>
      <testcase name="`Stable Model Unit Tests` → `interface implementation` → implements all required interfaces" class="Tests\Unit\Models\Stables\StableTest" classname="Tests.Unit.Models.Stables.StableTest" file="tests/Unit/Models/Stables/StableTest.php::`Stable Model Unit Tests` → `interface implementation` → implements all required interfaces" line="0" assertions="3" time="0.010971"/>
      <testcase name="`Stable Model Unit Tests` → `model constants` → has MIN_MEMBERS_COUNT constant defined" class="Tests\Unit\Models\Stables\StableTest" classname="Tests.Unit.Models.Stables.StableTest" file="tests/Unit/Models/Stables/StableTest.php::`Stable Model Unit Tests` → `model constants` → has MIN_MEMBERS_COUNT constant defined" line="0" assertions="2" time="0.012099"/>
      <testcase name="`Stable Model Unit Tests` → `business logic methods` → has member relationship methods" class="Tests\Unit\Models\Stables\StableTest" classname="Tests.Unit.Models.Stables.StableTest" file="tests/Unit/Models/Stables/StableTest.php::`Stable Model Unit Tests` → `business logic methods` → has member relationship methods" line="0" assertions="4" time="0.015208"/>
      <testcase name="`Stable Model Unit Tests` → `business logic methods` → has activity period methods" class="Tests\Unit\Models\Stables\StableTest" classname="Tests.Unit.Models.Stables.StableTest" file="tests/Unit/Models/Stables/StableTest.php::`Stable Model Unit Tests` → `business logic methods` → has activity period methods" line="0" assertions="2" time="0.012806"/>
    </testsuite>
    <testsuite name="Tests\Unit\Models\TagTeams\TagTeamEmploymentTest" file="tests/Unit/Models/TagTeams/TagTeamEmploymentTest.php" tests="10" assertions="13" errors="0" failures="0" skipped="0" time="0.118694">
      <testcase name="`TagTeamEmployment Model Unit Tests` → `model attributes and configuration` → has correct fillable properties" class="Tests\Unit\Models\TagTeams\TagTeamEmploymentTest" classname="Tests.Unit.Models.TagTeams.TagTeamEmploymentTest" file="tests/Unit/Models/TagTeams/TagTeamEmploymentTest.php::`TagTeamEmployment Model Unit Tests` → `model attributes and configuration` → has correct fillable properties" line="0" assertions="1" time="0.011321"/>
      <testcase name="`TagTeamEmployment Model Unit Tests` → `model attributes and configuration` → has correct casts configuration" class="Tests\Unit\Models\TagTeams\TagTeamEmploymentTest" classname="Tests.Unit.Models.TagTeams.TagTeamEmploymentTest" file="tests/Unit/Models/TagTeams/TagTeamEmploymentTest.php::`TagTeamEmployment Model Unit Tests` → `model attributes and configuration` → has correct casts configuration" line="0" assertions="4" time="0.011215"/>
      <testcase name="`TagTeamEmployment Model Unit Tests` → `model attributes and configuration` → uses correct table name" class="Tests\Unit\Models\TagTeams\TagTeamEmploymentTest" classname="Tests.Unit.Models.TagTeams.TagTeamEmploymentTest" file="tests/Unit/Models/TagTeams/TagTeamEmploymentTest.php::`TagTeamEmployment Model Unit Tests` → `model attributes and configuration` → uses correct table name" line="0" assertions="1" time="0.012192"/>
      <testcase name="`TagTeamEmployment Model Unit Tests` → `model attributes and configuration` → has correct default values" class="Tests\Unit\Models\TagTeams\TagTeamEmploymentTest" classname="Tests.Unit.Models.TagTeams.TagTeamEmploymentTest" file="tests/Unit/Models/TagTeams/TagTeamEmploymentTest.php::`TagTeamEmployment Model Unit Tests` → `model attributes and configuration` → has correct default values" line="0" assertions="1" time="0.011540"/>
      <testcase name="`TagTeamEmployment Model Unit Tests` → `model attributes and configuration` → has custom eloquent builder" class="Tests\Unit\Models\TagTeams\TagTeamEmploymentTest" classname="Tests.Unit.Models.TagTeams.TagTeamEmploymentTest" file="tests/Unit/Models/TagTeams/TagTeamEmploymentTest.php::`TagTeamEmployment Model Unit Tests` → `model attributes and configuration` → has custom eloquent builder" line="0" assertions="1" time="0.011265"/>
      <testcase name="`TagTeamEmployment Model Unit Tests` → `trait integration` → uses all required traits" class="Tests\Unit\Models\TagTeams\TagTeamEmploymentTest" classname="Tests.Unit.Models.TagTeams.TagTeamEmploymentTest" file="tests/Unit/Models/TagTeams/TagTeamEmploymentTest.php::`TagTeamEmployment Model Unit Tests` → `trait integration` → uses all required traits" line="0" assertions="1" time="0.011452"/>
      <testcase name="`TagTeamEmployment Model Unit Tests` → `interface implementation` → implements all required interfaces" class="Tests\Unit\Models\TagTeams\TagTeamEmploymentTest" classname="Tests.Unit.Models.TagTeams.TagTeamEmploymentTest" file="tests/Unit/Models/TagTeams/TagTeamEmploymentTest.php::`TagTeamEmployment Model Unit Tests` → `interface implementation` → implements all required interfaces" line="0" assertions="1" time="0.011178"/>
      <testcase name="`TagTeamEmployment Model Unit Tests` → `model constants` → has no model-specific constants defined" class="Tests\Unit\Models\TagTeams\TagTeamEmploymentTest" classname="Tests.Unit.Models.TagTeams.TagTeamEmploymentTest" file="tests/Unit/Models/TagTeams/TagTeamEmploymentTest.php::`TagTeamEmployment Model Unit Tests` → `model constants` → has no model-specific constants defined" line="0" assertions="1" time="0.012383"/>
      <testcase name="`TagTeamEmployment Model Unit Tests` → `business logic methods` → has tagTeam relationship method" class="Tests\Unit\Models\TagTeams\TagTeamEmploymentTest" classname="Tests.Unit.Models.TagTeams.TagTeamEmploymentTest" file="tests/Unit/Models/TagTeams/TagTeamEmploymentTest.php::`TagTeamEmployment Model Unit Tests` → `business logic methods` → has tagTeam relationship method" line="0" assertions="1" time="0.014897"/>
      <testcase name="`TagTeamEmployment Model Unit Tests` → `business logic methods` → has startedBefore business method" class="Tests\Unit\Models\TagTeams\TagTeamEmploymentTest" classname="Tests.Unit.Models.TagTeams.TagTeamEmploymentTest" file="tests/Unit/Models/TagTeams/TagTeamEmploymentTest.php::`TagTeamEmployment Model Unit Tests` → `business logic methods` → has startedBefore business method" line="0" assertions="1" time="0.011251"/>
    </testsuite>
    <testsuite name="Tests\Unit\Models\TagTeams\TagTeamManagerTest" file="tests/Unit/Models/TagTeams/TagTeamManagerTest.php" tests="7" assertions="9" errors="0" failures="0" skipped="0" time="0.087857">
      <testcase name="`TagTeamManager Model Unit Tests` → `tagTeamManager attributes and configuration` → tagTeamManager has correct fillable properties" class="Tests\Unit\Models\TagTeams\TagTeamManagerTest" classname="Tests.Unit.Models.TagTeams.TagTeamManagerTest" file="tests/Unit/Models/TagTeams/TagTeamManagerTest.php::`TagTeamManager Model Unit Tests` → `tagTeamManager attributes and configuration` → tagTeamManager has correct fillable properties" line="0" assertions="1" time="0.011537"/>
      <testcase name="`TagTeamManager Model Unit Tests` → `tagTeamManager attributes and configuration` → tagTeamManager has correct casts configuration" class="Tests\Unit\Models\TagTeams\TagTeamManagerTest" classname="Tests.Unit.Models.TagTeams.TagTeamManagerTest" file="tests/Unit/Models/TagTeams/TagTeamManagerTest.php::`TagTeamManager Model Unit Tests` → `tagTeamManager attributes and configuration` → tagTeamManager has correct casts configuration" line="0" assertions="3" time="0.011507"/>
      <testcase name="`TagTeamManager Model Unit Tests` → `tagTeamManager attributes and configuration` → tagTeamManager has custom eloquent builder" class="Tests\Unit\Models\TagTeams\TagTeamManagerTest" classname="Tests.Unit.Models.TagTeams.TagTeamManagerTest" file="tests/Unit/Models/TagTeams/TagTeamManagerTest.php::`TagTeamManager Model Unit Tests` → `tagTeamManager attributes and configuration` → tagTeamManager has custom eloquent builder" line="0" assertions="1" time="0.016284"/>
      <testcase name="`TagTeamManager Model Unit Tests` → `tagTeamManager attributes and configuration` → tagTeamManager has correct default values" class="Tests\Unit\Models\TagTeams\TagTeamManagerTest" classname="Tests.Unit.Models.TagTeams.TagTeamManagerTest" file="tests/Unit/Models/TagTeams/TagTeamManagerTest.php::`TagTeamManager Model Unit Tests` → `tagTeamManager attributes and configuration` → tagTeamManager has correct default values" line="0" assertions="1" time="0.014065"/>
      <testcase name="`TagTeamManager Model Unit Tests` → `tagTeamManager attributes and configuration` → tagTeamManager uses correct table name" class="Tests\Unit\Models\TagTeams\TagTeamManagerTest" classname="Tests.Unit.Models.TagTeams.TagTeamManagerTest" file="tests/Unit/Models/TagTeams/TagTeamManagerTest.php::`TagTeamManager Model Unit Tests` → `tagTeamManager attributes and configuration` → tagTeamManager uses correct table name" line="0" assertions="1" time="0.011263"/>
      <testcase name="`TagTeamManager Model Unit Tests` → `tagTeamManager trait integration` → tagTeamManager uses all required traits" class="Tests\Unit\Models\TagTeams\TagTeamManagerTest" classname="Tests.Unit.Models.TagTeams.TagTeamManagerTest" file="tests/Unit/Models/TagTeams/TagTeamManagerTest.php::`TagTeamManager Model Unit Tests` → `tagTeamManager trait integration` → tagTeamManager uses all required traits" line="0" assertions="1" time="0.011929"/>
      <testcase name="`TagTeamManager Model Unit Tests` → `tagTeamManager trait integration` → tagTeamManager implements all required interfaces" class="Tests\Unit\Models\TagTeams\TagTeamManagerTest" classname="Tests.Unit.Models.TagTeams.TagTeamManagerTest" file="tests/Unit/Models/TagTeams/TagTeamManagerTest.php::`TagTeamManager Model Unit Tests` → `tagTeamManager trait integration` → tagTeamManager implements all required interfaces" line="0" assertions="1" time="0.011271"/>
    </testsuite>
    <testsuite name="Tests\Unit\Models\TagTeams\TagTeamRetirementTest" file="tests/Unit/Models/TagTeams/TagTeamRetirementTest.php" tests="7" assertions="10" errors="0" failures="0" skipped="0" time="0.087747">
      <testcase name="`TagTeamRetirement Model Unit Tests` → `tagTeamRetirement attributes and configuration` → tagTeamRetirement has correct fillable properties" class="Tests\Unit\Models\TagTeams\TagTeamRetirementTest" classname="Tests.Unit.Models.TagTeams.TagTeamRetirementTest" file="tests/Unit/Models/TagTeams/TagTeamRetirementTest.php::`TagTeamRetirement Model Unit Tests` → `tagTeamRetirement attributes and configuration` → tagTeamRetirement has correct fillable properties" line="0" assertions="1" time="0.014992"/>
      <testcase name="`TagTeamRetirement Model Unit Tests` → `tagTeamRetirement attributes and configuration` → tagTeamRetirement has correct casts configuration" class="Tests\Unit\Models\TagTeams\TagTeamRetirementTest" classname="Tests.Unit.Models.TagTeams.TagTeamRetirementTest" file="tests/Unit/Models/TagTeams/TagTeamRetirementTest.php::`TagTeamRetirement Model Unit Tests` → `tagTeamRetirement attributes and configuration` → tagTeamRetirement has correct casts configuration" line="0" assertions="4" time="0.012564"/>
      <testcase name="`TagTeamRetirement Model Unit Tests` → `tagTeamRetirement attributes and configuration` → tagTeamRetirement has custom eloquent builder" class="Tests\Unit\Models\TagTeams\TagTeamRetirementTest" classname="Tests.Unit.Models.TagTeams.TagTeamRetirementTest" file="tests/Unit/Models/TagTeams/TagTeamRetirementTest.php::`TagTeamRetirement Model Unit Tests` → `tagTeamRetirement attributes and configuration` → tagTeamRetirement has custom eloquent builder" line="0" assertions="1" time="0.013121"/>
      <testcase name="`TagTeamRetirement Model Unit Tests` → `tagTeamRetirement attributes and configuration` → tagTeamRetirement has correct default values" class="Tests\Unit\Models\TagTeams\TagTeamRetirementTest" classname="Tests.Unit.Models.TagTeams.TagTeamRetirementTest" file="tests/Unit/Models/TagTeams/TagTeamRetirementTest.php::`TagTeamRetirement Model Unit Tests` → `tagTeamRetirement attributes and configuration` → tagTeamRetirement has correct default values" line="0" assertions="1" time="0.011681"/>
      <testcase name="`TagTeamRetirement Model Unit Tests` → `tagTeamRetirement attributes and configuration` → tagTeamRetirement uses correct table name" class="Tests\Unit\Models\TagTeams\TagTeamRetirementTest" classname="Tests.Unit.Models.TagTeams.TagTeamRetirementTest" file="tests/Unit/Models/TagTeams/TagTeamRetirementTest.php::`TagTeamRetirement Model Unit Tests` → `tagTeamRetirement attributes and configuration` → tagTeamRetirement uses correct table name" line="0" assertions="1" time="0.011396"/>
      <testcase name="`TagTeamRetirement Model Unit Tests` → `tagTeamRetirement trait integration` → tagTeamRetirement uses all required traits" class="Tests\Unit\Models\TagTeams\TagTeamRetirementTest" classname="Tests.Unit.Models.TagTeams.TagTeamRetirementTest" file="tests/Unit/Models/TagTeams/TagTeamRetirementTest.php::`TagTeamRetirement Model Unit Tests` → `tagTeamRetirement trait integration` → tagTeamRetirement uses all required traits" line="0" assertions="1" time="0.012098"/>
      <testcase name="`TagTeamRetirement Model Unit Tests` → `tagTeamRetirement trait integration` → tagTeamRetirement implements all required interfaces" class="Tests\Unit\Models\TagTeams\TagTeamRetirementTest" classname="Tests.Unit.Models.TagTeams.TagTeamRetirementTest" file="tests/Unit/Models/TagTeams/TagTeamRetirementTest.php::`TagTeamRetirement Model Unit Tests` → `tagTeamRetirement trait integration` → tagTeamRetirement implements all required interfaces" line="0" assertions="1" time="0.011896"/>
    </testsuite>
    <testsuite name="Tests\Unit\Models\TagTeams\TagTeamSuspensionTest" file="tests/Unit/Models/TagTeams/TagTeamSuspensionTest.php" tests="9" assertions="12" errors="0" failures="0" skipped="0" time="0.110496">
      <testcase name="`TagTeamSuspension Model Unit Tests` → `model attributes and configuration` → has correct fillable properties" class="Tests\Unit\Models\TagTeams\TagTeamSuspensionTest" classname="Tests.Unit.Models.TagTeams.TagTeamSuspensionTest" file="tests/Unit/Models/TagTeams/TagTeamSuspensionTest.php::`TagTeamSuspension Model Unit Tests` → `model attributes and configuration` → has correct fillable properties" line="0" assertions="1" time="0.012484"/>
      <testcase name="`TagTeamSuspension Model Unit Tests` → `model attributes and configuration` → has correct casts configuration" class="Tests\Unit\Models\TagTeams\TagTeamSuspensionTest" classname="Tests.Unit.Models.TagTeams.TagTeamSuspensionTest" file="tests/Unit/Models/TagTeams/TagTeamSuspensionTest.php::`TagTeamSuspension Model Unit Tests` → `model attributes and configuration` → has correct casts configuration" line="0" assertions="4" time="0.015402"/>
      <testcase name="`TagTeamSuspension Model Unit Tests` → `model attributes and configuration` → uses correct table name" class="Tests\Unit\Models\TagTeams\TagTeamSuspensionTest" classname="Tests.Unit.Models.TagTeams.TagTeamSuspensionTest" file="tests/Unit/Models/TagTeams/TagTeamSuspensionTest.php::`TagTeamSuspension Model Unit Tests` → `model attributes and configuration` → uses correct table name" line="0" assertions="1" time="0.012018"/>
      <testcase name="`TagTeamSuspension Model Unit Tests` → `model attributes and configuration` → has correct default values" class="Tests\Unit\Models\TagTeams\TagTeamSuspensionTest" classname="Tests.Unit.Models.TagTeams.TagTeamSuspensionTest" file="tests/Unit/Models/TagTeams/TagTeamSuspensionTest.php::`TagTeamSuspension Model Unit Tests` → `model attributes and configuration` → has correct default values" line="0" assertions="1" time="0.011340"/>
      <testcase name="`TagTeamSuspension Model Unit Tests` → `model attributes and configuration` → has custom eloquent builder" class="Tests\Unit\Models\TagTeams\TagTeamSuspensionTest" classname="Tests.Unit.Models.TagTeams.TagTeamSuspensionTest" file="tests/Unit/Models/TagTeams/TagTeamSuspensionTest.php::`TagTeamSuspension Model Unit Tests` → `model attributes and configuration` → has custom eloquent builder" line="0" assertions="1" time="0.010982"/>
      <testcase name="`TagTeamSuspension Model Unit Tests` → `trait integration` → uses all required traits" class="Tests\Unit\Models\TagTeams\TagTeamSuspensionTest" classname="Tests.Unit.Models.TagTeams.TagTeamSuspensionTest" file="tests/Unit/Models/TagTeams/TagTeamSuspensionTest.php::`TagTeamSuspension Model Unit Tests` → `trait integration` → uses all required traits" line="0" assertions="1" time="0.014814"/>
      <testcase name="`TagTeamSuspension Model Unit Tests` → `interface implementation` → implements all required interfaces" class="Tests\Unit\Models\TagTeams\TagTeamSuspensionTest" classname="Tests.Unit.Models.TagTeams.TagTeamSuspensionTest" file="tests/Unit/Models/TagTeams/TagTeamSuspensionTest.php::`TagTeamSuspension Model Unit Tests` → `interface implementation` → implements all required interfaces" line="0" assertions="1" time="0.010973"/>
      <testcase name="`TagTeamSuspension Model Unit Tests` → `model constants` → has no model-specific constants defined" class="Tests\Unit\Models\TagTeams\TagTeamSuspensionTest" classname="Tests.Unit.Models.TagTeams.TagTeamSuspensionTest" file="tests/Unit/Models/TagTeams/TagTeamSuspensionTest.php::`TagTeamSuspension Model Unit Tests` → `model constants` → has no model-specific constants defined" line="0" assertions="1" time="0.011612"/>
      <testcase name="`TagTeamSuspension Model Unit Tests` → `business logic methods` → has tagTeam relationship method" class="Tests\Unit\Models\TagTeams\TagTeamSuspensionTest" classname="Tests.Unit.Models.TagTeams.TagTeamSuspensionTest" file="tests/Unit/Models/TagTeams/TagTeamSuspensionTest.php::`TagTeamSuspension Model Unit Tests` → `business logic methods` → has tagTeam relationship method" line="0" assertions="1" time="0.010871"/>
    </testsuite>
    <testsuite name="Tests\Unit\Models\TagTeams\TagTeamTest" file="tests/Unit/Models/TagTeams/TagTeamTest.php" tests="9" assertions="30" errors="0" failures="0" skipped="0" time="0.142392">
      <testcase name="`TagTeam Model Unit Tests` → `model attributes and configuration` → uses correct table name" class="Tests\Unit\Models\TagTeams\TagTeamTest" classname="Tests.Unit.Models.TagTeams.TagTeamTest" file="tests/Unit/Models/TagTeams/TagTeamTest.php::`TagTeam Model Unit Tests` → `model attributes and configuration` → uses correct table name" line="0" assertions="1" time="0.014187"/>
      <testcase name="`TagTeam Model Unit Tests` → `model attributes and configuration` → has correct fillable properties" class="Tests\Unit\Models\TagTeams\TagTeamTest" classname="Tests.Unit.Models.TagTeams.TagTeamTest" file="tests/Unit/Models/TagTeams/TagTeamTest.php::`TagTeam Model Unit Tests` → `model attributes and configuration` → has correct fillable properties" line="0" assertions="1" time="0.014975"/>
      <testcase name="`TagTeam Model Unit Tests` → `model attributes and configuration` → has correct casts configuration" class="Tests\Unit\Models\TagTeams\TagTeamTest" classname="Tests.Unit.Models.TagTeams.TagTeamTest" file="tests/Unit/Models/TagTeams/TagTeamTest.php::`TagTeam Model Unit Tests` → `model attributes and configuration` → has correct casts configuration" line="0" assertions="1" time="0.014337"/>
      <testcase name="`TagTeam Model Unit Tests` → `model attributes and configuration` → has custom eloquent builder" class="Tests\Unit\Models\TagTeams\TagTeamTest" classname="Tests.Unit.Models.TagTeams.TagTeamTest" file="tests/Unit/Models/TagTeams/TagTeamTest.php::`TagTeam Model Unit Tests` → `model attributes and configuration` → has custom eloquent builder" line="0" assertions="1" time="0.012289"/>
      <testcase name="`TagTeam Model Unit Tests` → `model attributes and configuration` → has correct default values" class="Tests\Unit\Models\TagTeams\TagTeamTest" classname="Tests.Unit.Models.TagTeams.TagTeamTest" file="tests/Unit/Models/TagTeams/TagTeamTest.php::`TagTeam Model Unit Tests` → `model attributes and configuration` → has correct default values" line="0" assertions="1" time="0.012873"/>
      <testcase name="`TagTeam Model Unit Tests` → `trait integration` → uses all required traits" class="Tests\Unit\Models\TagTeams\TagTeamTest" classname="Tests.Unit.Models.TagTeams.TagTeamTest" file="tests/Unit/Models/TagTeams/TagTeamTest.php::`TagTeam Model Unit Tests` → `trait integration` → uses all required traits" line="0" assertions="13" time="0.011506"/>
      <testcase name="`TagTeam Model Unit Tests` → `interface implementation` → implements all required interfaces" class="Tests\Unit\Models\TagTeams\TagTeamTest" classname="Tests.Unit.Models.TagTeams.TagTeamTest" file="tests/Unit/Models/TagTeams/TagTeamTest.php::`TagTeam Model Unit Tests` → `interface implementation` → implements all required interfaces" line="0" assertions="8" time="0.040424"/>
      <testcase name="`TagTeam Model Unit Tests` → `model constants` → has required constants defined" class="Tests\Unit\Models\TagTeams\TagTeamTest" classname="Tests.Unit.Models.TagTeams.TagTeamTest" file="tests/Unit/Models/TagTeams/TagTeamTest.php::`TagTeam Model Unit Tests` → `model constants` → has required constants defined" line="0" assertions="2" time="0.010887"/>
      <testcase name="`TagTeam Model Unit Tests` → `business logic methods` → has required relationship methods" class="Tests\Unit\Models\TagTeams\TagTeamTest" classname="Tests.Unit.Models.TagTeams.TagTeamTest" file="tests/Unit/Models/TagTeams/TagTeamTest.php::`TagTeam Model Unit Tests` → `business logic methods` → has required relationship methods" line="0" assertions="2" time="0.010914"/>
    </testsuite>
    <testsuite name="Tests\Unit\Models\TagTeams\TagTeamWrestlerTest" file="tests/Unit/Models/TagTeams/TagTeamWrestlerTest.php" tests="11" assertions="13" errors="0" failures="0" skipped="0" time="0.126074">
      <testcase name="`TagTeamWrestler Model Unit Tests` → `model attributes and configuration` → has correct fillable properties" class="Tests\Unit\Models\TagTeams\TagTeamWrestlerTest" classname="Tests.Unit.Models.TagTeams.TagTeamWrestlerTest" file="tests/Unit/Models/TagTeams/TagTeamWrestlerTest.php::`TagTeamWrestler Model Unit Tests` → `model attributes and configuration` → has correct fillable properties" line="0" assertions="1" time="0.014499"/>
      <testcase name="`TagTeamWrestler Model Unit Tests` → `model attributes and configuration` → has correct casts configuration" class="Tests\Unit\Models\TagTeams\TagTeamWrestlerTest" classname="Tests.Unit.Models.TagTeams.TagTeamWrestlerTest" file="tests/Unit/Models/TagTeams/TagTeamWrestlerTest.php::`TagTeamWrestler Model Unit Tests` → `model attributes and configuration` → has correct casts configuration" line="0" assertions="3" time="0.011609"/>
      <testcase name="`TagTeamWrestler Model Unit Tests` → `model attributes and configuration` → uses correct table name" class="Tests\Unit\Models\TagTeams\TagTeamWrestlerTest" classname="Tests.Unit.Models.TagTeams.TagTeamWrestlerTest" file="tests/Unit/Models/TagTeams/TagTeamWrestlerTest.php::`TagTeamWrestler Model Unit Tests` → `model attributes and configuration` → uses correct table name" line="0" assertions="1" time="0.011539"/>
      <testcase name="`TagTeamWrestler Model Unit Tests` → `model attributes and configuration` → has correct default values" class="Tests\Unit\Models\TagTeams\TagTeamWrestlerTest" classname="Tests.Unit.Models.TagTeams.TagTeamWrestlerTest" file="tests/Unit/Models/TagTeams/TagTeamWrestlerTest.php::`TagTeamWrestler Model Unit Tests` → `model attributes and configuration` → has correct default values" line="0" assertions="1" time="0.010845"/>
      <testcase name="`TagTeamWrestler Model Unit Tests` → `model attributes and configuration` → has custom eloquent builder" class="Tests\Unit\Models\TagTeams\TagTeamWrestlerTest" classname="Tests.Unit.Models.TagTeams.TagTeamWrestlerTest" file="tests/Unit/Models/TagTeams/TagTeamWrestlerTest.php::`TagTeamWrestler Model Unit Tests` → `model attributes and configuration` → has custom eloquent builder" line="0" assertions="1" time="0.010813"/>
      <testcase name="`TagTeamWrestler Model Unit Tests` → `model attributes and configuration` → extends Pivot base class" class="Tests\Unit\Models\TagTeams\TagTeamWrestlerTest" classname="Tests.Unit.Models.TagTeams.TagTeamWrestlerTest" file="tests/Unit/Models/TagTeams/TagTeamWrestlerTest.php::`TagTeamWrestler Model Unit Tests` → `model attributes and configuration` → extends Pivot base class" line="0" assertions="1" time="0.010751"/>
      <testcase name="`TagTeamWrestler Model Unit Tests` → `trait integration` → extends Pivot class" class="Tests\Unit\Models\TagTeams\TagTeamWrestlerTest" classname="Tests.Unit.Models.TagTeams.TagTeamWrestlerTest" file="tests/Unit/Models/TagTeams/TagTeamWrestlerTest.php::`TagTeamWrestler Model Unit Tests` → `trait integration` → extends Pivot class" line="0" assertions="1" time="0.010742"/>
      <testcase name="`TagTeamWrestler Model Unit Tests` → `interface implementation` → implements all required interfaces" class="Tests\Unit\Models\TagTeams\TagTeamWrestlerTest" classname="Tests.Unit.Models.TagTeams.TagTeamWrestlerTest" file="tests/Unit/Models/TagTeams/TagTeamWrestlerTest.php::`TagTeamWrestler Model Unit Tests` → `interface implementation` → implements all required interfaces" line="0" assertions="1" time="0.012137"/>
      <testcase name="`TagTeamWrestler Model Unit Tests` → `model constants` → has no model-specific constants defined" class="Tests\Unit\Models\TagTeams\TagTeamWrestlerTest" classname="Tests.Unit.Models.TagTeams.TagTeamWrestlerTest" file="tests/Unit/Models/TagTeams/TagTeamWrestlerTest.php::`TagTeamWrestler Model Unit Tests` → `model constants` → has no model-specific constants defined" line="0" assertions="1" time="0.011049"/>
      <testcase name="`TagTeamWrestler Model Unit Tests` → `business logic methods` → has tagTeam relationship method" class="Tests\Unit\Models\TagTeams\TagTeamWrestlerTest" classname="Tests.Unit.Models.TagTeams.TagTeamWrestlerTest" file="tests/Unit/Models/TagTeams/TagTeamWrestlerTest.php::`TagTeamWrestler Model Unit Tests` → `business logic methods` → has tagTeam relationship method" line="0" assertions="1" time="0.011058"/>
      <testcase name="`TagTeamWrestler Model Unit Tests` → `business logic methods` → has wrestler relationship method" class="Tests\Unit\Models\TagTeams\TagTeamWrestlerTest" classname="Tests.Unit.Models.TagTeams.TagTeamWrestlerTest" file="tests/Unit/Models/TagTeams/TagTeamWrestlerTest.php::`TagTeamWrestler Model Unit Tests` → `business logic methods` → has wrestler relationship method" line="0" assertions="1" time="0.011032"/>
    </testsuite>
    <testsuite name="Tests\Unit\Models\Titles\TitleActivityPeriodTest" file="tests/Unit/Models/Titles/TitleActivityPeriodTest.php" tests="9" assertions="12" errors="0" failures="0" skipped="0" time="0.105652">
      <testcase name="`TitleActivityPeriod Model Unit Tests` → `model attributes and configuration` → has correct fillable properties" class="Tests\Unit\Models\Titles\TitleActivityPeriodTest" classname="Tests.Unit.Models.Titles.TitleActivityPeriodTest" file="tests/Unit/Models/Titles/TitleActivityPeriodTest.php::`TitleActivityPeriod Model Unit Tests` → `model attributes and configuration` → has correct fillable properties" line="0" assertions="1" time="0.011293"/>
      <testcase name="`TitleActivityPeriod Model Unit Tests` → `model attributes and configuration` → has correct casts configuration" class="Tests\Unit\Models\Titles\TitleActivityPeriodTest" classname="Tests.Unit.Models.Titles.TitleActivityPeriodTest" file="tests/Unit/Models/Titles/TitleActivityPeriodTest.php::`TitleActivityPeriod Model Unit Tests` → `model attributes and configuration` → has correct casts configuration" line="0" assertions="4" time="0.010883"/>
      <testcase name="`TitleActivityPeriod Model Unit Tests` → `model attributes and configuration` → uses correct table name" class="Tests\Unit\Models\Titles\TitleActivityPeriodTest" classname="Tests.Unit.Models.Titles.TitleActivityPeriodTest" file="tests/Unit/Models/Titles/TitleActivityPeriodTest.php::`TitleActivityPeriod Model Unit Tests` → `model attributes and configuration` → uses correct table name" line="0" assertions="1" time="0.011122"/>
      <testcase name="`TitleActivityPeriod Model Unit Tests` → `model attributes and configuration` → has correct default values" class="Tests\Unit\Models\Titles\TitleActivityPeriodTest" classname="Tests.Unit.Models.Titles.TitleActivityPeriodTest" file="tests/Unit/Models/Titles/TitleActivityPeriodTest.php::`TitleActivityPeriod Model Unit Tests` → `model attributes and configuration` → has correct default values" line="0" assertions="1" time="0.011562"/>
      <testcase name="`TitleActivityPeriod Model Unit Tests` → `model attributes and configuration` → has custom eloquent builder" class="Tests\Unit\Models\Titles\TitleActivityPeriodTest" classname="Tests.Unit.Models.Titles.TitleActivityPeriodTest" file="tests/Unit/Models/Titles/TitleActivityPeriodTest.php::`TitleActivityPeriod Model Unit Tests` → `model attributes and configuration` → has custom eloquent builder" line="0" assertions="1" time="0.010947"/>
      <testcase name="`TitleActivityPeriod Model Unit Tests` → `trait integration` → uses all required traits" class="Tests\Unit\Models\Titles\TitleActivityPeriodTest" classname="Tests.Unit.Models.Titles.TitleActivityPeriodTest" file="tests/Unit/Models/Titles/TitleActivityPeriodTest.php::`TitleActivityPeriod Model Unit Tests` → `trait integration` → uses all required traits" line="0" assertions="1" time="0.017015"/>
      <testcase name="`TitleActivityPeriod Model Unit Tests` → `interface implementation` → implements all required interfaces" class="Tests\Unit\Models\Titles\TitleActivityPeriodTest" classname="Tests.Unit.Models.Titles.TitleActivityPeriodTest" file="tests/Unit/Models/Titles/TitleActivityPeriodTest.php::`TitleActivityPeriod Model Unit Tests` → `interface implementation` → implements all required interfaces" line="0" assertions="1" time="0.011136"/>
      <testcase name="`TitleActivityPeriod Model Unit Tests` → `model constants` → has no model-specific constants defined" class="Tests\Unit\Models\Titles\TitleActivityPeriodTest" classname="Tests.Unit.Models.Titles.TitleActivityPeriodTest" file="tests/Unit/Models/Titles/TitleActivityPeriodTest.php::`TitleActivityPeriod Model Unit Tests` → `model constants` → has no model-specific constants defined" line="0" assertions="1" time="0.010789"/>
      <testcase name="`TitleActivityPeriod Model Unit Tests` → `business logic methods` → has title relationship method" class="Tests\Unit\Models\Titles\TitleActivityPeriodTest" classname="Tests.Unit.Models.Titles.TitleActivityPeriodTest" file="tests/Unit/Models/Titles/TitleActivityPeriodTest.php::`TitleActivityPeriod Model Unit Tests` → `business logic methods` → has title relationship method" line="0" assertions="1" time="0.010906"/>
    </testsuite>
    <testsuite name="Tests\Unit\Models\Titles\TitleChampionshipTest" file="tests/Unit/Models/Titles/TitleChampionshipTest.php" tests="7" assertions="9" errors="0" failures="0" skipped="0" time="0.086281">
      <testcase name="`TitleChampionship Model Unit Tests` → `title championship attributes and configuration` → title championship uses correct table name" class="Tests\Unit\Models\Titles\TitleChampionshipTest" classname="Tests.Unit.Models.Titles.TitleChampionshipTest" file="tests/Unit/Models/Titles/TitleChampionshipTest.php::`TitleChampionship Model Unit Tests` → `title championship attributes and configuration` → title championship uses correct table name" line="0" assertions="1" time="0.013616"/>
      <testcase name="`TitleChampionship Model Unit Tests` → `title championship attributes and configuration` → title championship has correct fillable properties" class="Tests\Unit\Models\Titles\TitleChampionshipTest" classname="Tests.Unit.Models.Titles.TitleChampionshipTest" file="tests/Unit/Models/Titles/TitleChampionshipTest.php::`TitleChampionship Model Unit Tests` → `title championship attributes and configuration` → title championship has correct fillable properties" line="0" assertions="1" time="0.011657"/>
      <testcase name="`TitleChampionship Model Unit Tests` → `title championship attributes and configuration` → title championship has correct casts configuration" class="Tests\Unit\Models\Titles\TitleChampionshipTest" classname="Tests.Unit.Models.Titles.TitleChampionshipTest" file="tests/Unit/Models/Titles/TitleChampionshipTest.php::`TitleChampionship Model Unit Tests` → `title championship attributes and configuration` → title championship has correct casts configuration" line="0" assertions="3" time="0.011255"/>
      <testcase name="`TitleChampionship Model Unit Tests` → `title championship attributes and configuration` → title championship has custom eloquent builder" class="Tests\Unit\Models\Titles\TitleChampionshipTest" classname="Tests.Unit.Models.Titles.TitleChampionshipTest" file="tests/Unit/Models/Titles/TitleChampionshipTest.php::`TitleChampionship Model Unit Tests` → `title championship attributes and configuration` → title championship has custom eloquent builder" line="0" assertions="1" time="0.011521"/>
      <testcase name="`TitleChampionship Model Unit Tests` → `title championship attributes and configuration` → title championship has correct default values" class="Tests\Unit\Models\Titles\TitleChampionshipTest" classname="Tests.Unit.Models.Titles.TitleChampionshipTest" file="tests/Unit/Models/Titles/TitleChampionshipTest.php::`TitleChampionship Model Unit Tests` → `title championship attributes and configuration` → title championship has correct default values" line="0" assertions="1" time="0.012173"/>
      <testcase name="`TitleChampionship Model Unit Tests` → `title championship trait integration` → title championship uses all required traits" class="Tests\Unit\Models\Titles\TitleChampionshipTest" classname="Tests.Unit.Models.Titles.TitleChampionshipTest" file="tests/Unit/Models/Titles/TitleChampionshipTest.php::`TitleChampionship Model Unit Tests` → `title championship trait integration` → title championship uses all required traits" line="0" assertions="1" time="0.013526"/>
      <testcase name="`TitleChampionship Model Unit Tests` → `title championship trait integration` → title championship implements all required interfaces" class="Tests\Unit\Models\Titles\TitleChampionshipTest" classname="Tests.Unit.Models.Titles.TitleChampionshipTest" file="tests/Unit/Models/Titles/TitleChampionshipTest.php::`TitleChampionship Model Unit Tests` → `title championship trait integration` → title championship implements all required interfaces" line="0" assertions="1" time="0.012534"/>
    </testsuite>
    <testsuite name="Tests\Unit\Models\Titles\TitleRetirementTest" file="tests/Unit/Models/Titles/TitleRetirementTest.php" tests="6" assertions="9" errors="0" failures="0" skipped="0" time="0.067619">
      <testcase name="`Title Retirement Model Unit Tests` → `title retirement attributes and configuration` → title retirement uses correct table name" class="Tests\Unit\Models\Titles\TitleRetirementTest" classname="Tests.Unit.Models.Titles.TitleRetirementTest" file="tests/Unit/Models/Titles/TitleRetirementTest.php::`Title Retirement Model Unit Tests` → `title retirement attributes and configuration` → title retirement uses correct table name" line="0" assertions="1" time="0.011567"/>
      <testcase name="`Title Retirement Model Unit Tests` → `title retirement attributes and configuration` → title has correct fillable properties" class="Tests\Unit\Models\Titles\TitleRetirementTest" classname="Tests.Unit.Models.Titles.TitleRetirementTest" file="tests/Unit/Models/Titles/TitleRetirementTest.php::`Title Retirement Model Unit Tests` → `title retirement attributes and configuration` → title has correct fillable properties" line="0" assertions="1" time="0.011156"/>
      <testcase name="`Title Retirement Model Unit Tests` → `title retirement attributes and configuration` → title retirement has correct casts configuration" class="Tests\Unit\Models\Titles\TitleRetirementTest" classname="Tests.Unit.Models.Titles.TitleRetirementTest" file="tests/Unit/Models/Titles/TitleRetirementTest.php::`Title Retirement Model Unit Tests` → `title retirement attributes and configuration` → title retirement has correct casts configuration" line="0" assertions="4" time="0.010949"/>
      <testcase name="`Title Retirement Model Unit Tests` → `title retirement attributes and configuration` → title has custom eloquent builder" class="Tests\Unit\Models\Titles\TitleRetirementTest" classname="Tests.Unit.Models.Titles.TitleRetirementTest" file="tests/Unit/Models/Titles/TitleRetirementTest.php::`Title Retirement Model Unit Tests` → `title retirement attributes and configuration` → title has custom eloquent builder" line="0" assertions="1" time="0.011333"/>
      <testcase name="`Title Retirement Model Unit Tests` → `title retirement attributes and configuration` → title retirement has correct default values" class="Tests\Unit\Models\Titles\TitleRetirementTest" classname="Tests.Unit.Models.Titles.TitleRetirementTest" file="tests/Unit/Models/Titles/TitleRetirementTest.php::`Title Retirement Model Unit Tests` → `title retirement attributes and configuration` → title retirement has correct default values" line="0" assertions="1" time="0.011079"/>
      <testcase name="`Title Retirement Model Unit Tests` → `title retirement trait integration` → title uses all required traits" class="Tests\Unit\Models\Titles\TitleRetirementTest" classname="Tests.Unit.Models.Titles.TitleRetirementTest" file="tests/Unit/Models/Titles/TitleRetirementTest.php::`Title Retirement Model Unit Tests` → `title retirement trait integration` → title uses all required traits" line="0" assertions="1" time="0.011535"/>
    </testsuite>
    <testsuite name="Tests\Unit\Models\Titles\TitleStatusChangeTest" file="tests/Unit/Models/Titles/TitleStatusChangeTest.php" tests="9" assertions="11" errors="0" failures="0" skipped="0" time="0.105634">
      <testcase name="`TitleStatusChange Model Unit Tests` → `model attributes and configuration` → has correct fillable properties" class="Tests\Unit\Models\Titles\TitleStatusChangeTest" classname="Tests.Unit.Models.Titles.TitleStatusChangeTest" file="tests/Unit/Models/Titles/TitleStatusChangeTest.php::`TitleStatusChange Model Unit Tests` → `model attributes and configuration` → has correct fillable properties" line="0" assertions="1" time="0.011423"/>
      <testcase name="`TitleStatusChange Model Unit Tests` → `model attributes and configuration` → has correct casts configuration" class="Tests\Unit\Models\Titles\TitleStatusChangeTest" classname="Tests.Unit.Models.Titles.TitleStatusChangeTest" file="tests/Unit/Models/Titles/TitleStatusChangeTest.php::`TitleStatusChange Model Unit Tests` → `model attributes and configuration` → has correct casts configuration" line="0" assertions="3" time="0.012357"/>
      <testcase name="`TitleStatusChange Model Unit Tests` → `model attributes and configuration` → uses correct table name" class="Tests\Unit\Models\Titles\TitleStatusChangeTest" classname="Tests.Unit.Models.Titles.TitleStatusChangeTest" file="tests/Unit/Models/Titles/TitleStatusChangeTest.php::`TitleStatusChange Model Unit Tests` → `model attributes and configuration` → uses correct table name" line="0" assertions="1" time="0.010984"/>
      <testcase name="`TitleStatusChange Model Unit Tests` → `model attributes and configuration` → has correct default values" class="Tests\Unit\Models\Titles\TitleStatusChangeTest" classname="Tests.Unit.Models.Titles.TitleStatusChangeTest" file="tests/Unit/Models/Titles/TitleStatusChangeTest.php::`TitleStatusChange Model Unit Tests` → `model attributes and configuration` → has correct default values" line="0" assertions="1" time="0.013888"/>
      <testcase name="`TitleStatusChange Model Unit Tests` → `model attributes and configuration` → has custom eloquent builder" class="Tests\Unit\Models\Titles\TitleStatusChangeTest" classname="Tests.Unit.Models.Titles.TitleStatusChangeTest" file="tests/Unit/Models/Titles/TitleStatusChangeTest.php::`TitleStatusChange Model Unit Tests` → `model attributes and configuration` → has custom eloquent builder" line="0" assertions="1" time="0.011445"/>
      <testcase name="`TitleStatusChange Model Unit Tests` → `trait integration` → extends Model class" class="Tests\Unit\Models\Titles\TitleStatusChangeTest" classname="Tests.Unit.Models.Titles.TitleStatusChangeTest" file="tests/Unit/Models/Titles/TitleStatusChangeTest.php::`TitleStatusChange Model Unit Tests` → `trait integration` → extends Model class" line="0" assertions="1" time="0.012318"/>
      <testcase name="`TitleStatusChange Model Unit Tests` → `interface implementation` → implements all required interfaces" class="Tests\Unit\Models\Titles\TitleStatusChangeTest" classname="Tests.Unit.Models.Titles.TitleStatusChangeTest" file="tests/Unit/Models/Titles/TitleStatusChangeTest.php::`TitleStatusChange Model Unit Tests` → `interface implementation` → implements all required interfaces" line="0" assertions="1" time="0.011286"/>
      <testcase name="`TitleStatusChange Model Unit Tests` → `model constants` → has no model-specific constants defined" class="Tests\Unit\Models\Titles\TitleStatusChangeTest" classname="Tests.Unit.Models.Titles.TitleStatusChangeTest" file="tests/Unit/Models/Titles/TitleStatusChangeTest.php::`TitleStatusChange Model Unit Tests` → `model constants` → has no model-specific constants defined" line="0" assertions="1" time="0.011082"/>
      <testcase name="`TitleStatusChange Model Unit Tests` → `business logic methods` → has title relationship method" class="Tests\Unit\Models\Titles\TitleStatusChangeTest" classname="Tests.Unit.Models.Titles.TitleStatusChangeTest" file="tests/Unit/Models/Titles/TitleStatusChangeTest.php::`TitleStatusChange Model Unit Tests` → `business logic methods` → has title relationship method" line="0" assertions="1" time="0.010851"/>
    </testsuite>
    <testsuite name="Tests\Unit\Models\Titles\TitleTest" file="tests/Unit/Models/Titles/TitleTest.php" tests="9" assertions="15" errors="0" failures="0" skipped="0" time="0.102503">
      <testcase name="`Title Model Unit Tests` → `model attributes and configuration` → uses correct table name" class="Tests\Unit\Models\Titles\TitleTest" classname="Tests.Unit.Models.Titles.TitleTest" file="tests/Unit/Models/Titles/TitleTest.php::`Title Model Unit Tests` → `model attributes and configuration` → uses correct table name" line="0" assertions="1" time="0.011602"/>
      <testcase name="`Title Model Unit Tests` → `model attributes and configuration` → has correct fillable properties" class="Tests\Unit\Models\Titles\TitleTest" classname="Tests.Unit.Models.Titles.TitleTest" file="tests/Unit/Models/Titles/TitleTest.php::`Title Model Unit Tests` → `model attributes and configuration` → has correct fillable properties" line="0" assertions="1" time="0.011455"/>
      <testcase name="`Title Model Unit Tests` → `model attributes and configuration` → has correct casts configuration" class="Tests\Unit\Models\Titles\TitleTest" classname="Tests.Unit.Models.Titles.TitleTest" file="tests/Unit/Models/Titles/TitleTest.php::`Title Model Unit Tests` → `model attributes and configuration` → has correct casts configuration" line="0" assertions="2" time="0.011973"/>
      <testcase name="`Title Model Unit Tests` → `model attributes and configuration` → has custom eloquent builder" class="Tests\Unit\Models\Titles\TitleTest" classname="Tests.Unit.Models.Titles.TitleTest" file="tests/Unit/Models/Titles/TitleTest.php::`Title Model Unit Tests` → `model attributes and configuration` → has custom eloquent builder" line="0" assertions="1" time="0.011302"/>
      <testcase name="`Title Model Unit Tests` → `model attributes and configuration` → has correct default values" class="Tests\Unit\Models\Titles\TitleTest" classname="Tests.Unit.Models.Titles.TitleTest" file="tests/Unit/Models/Titles/TitleTest.php::`Title Model Unit Tests` → `model attributes and configuration` → has correct default values" line="0" assertions="1" time="0.011559"/>
      <testcase name="`Title Model Unit Tests` → `trait integration` → uses all required traits" class="Tests\Unit\Models\Titles\TitleTest" classname="Tests.Unit.Models.Titles.TitleTest" file="tests/Unit/Models/Titles/TitleTest.php::`Title Model Unit Tests` → `trait integration` → uses all required traits" line="0" assertions="6" time="0.010709"/>
      <testcase name="`Title Model Unit Tests` → `interface implementation` → implements all required interfaces" class="Tests\Unit\Models\Titles\TitleTest" classname="Tests.Unit.Models.Titles.TitleTest" file="tests/Unit/Models/Titles/TitleTest.php::`Title Model Unit Tests` → `interface implementation` → implements all required interfaces" line="0" assertions="1" time="0.010738"/>
      <testcase name="`Title Model Unit Tests` → `model constants` → has no model-specific constants defined" class="Tests\Unit\Models\Titles\TitleTest" classname="Tests.Unit.Models.Titles.TitleTest" file="tests/Unit/Models/Titles/TitleTest.php::`Title Model Unit Tests` → `model constants` → has no model-specific constants defined" line="0" assertions="1" time="0.010702"/>
      <testcase name="`Title Model Unit Tests` → `business logic methods` → has required relationship methods" class="Tests\Unit\Models\Titles\TitleTest" classname="Tests.Unit.Models.Titles.TitleTest" file="tests/Unit/Models/Titles/TitleTest.php::`Title Model Unit Tests` → `business logic methods` → has required relationship methods" line="0" assertions="1" time="0.012464"/>
    </testsuite>
    <testsuite name="Tests\Unit\Models\Users\UserTest" file="tests/Unit/Models/Users/UserTest.php" tests="9" assertions="13" errors="0" failures="0" skipped="0" time="0.103277">
      <testcase name="`User Model Unit Tests` → `model attributes and configuration` → uses correct table name" class="Tests\Unit\Models\Users\UserTest" classname="Tests.Unit.Models.Users.UserTest" file="tests/Unit/Models/Users/UserTest.php::`User Model Unit Tests` → `model attributes and configuration` → uses correct table name" line="0" assertions="1" time="0.011860"/>
      <testcase name="`User Model Unit Tests` → `model attributes and configuration` → has correct fillable properties" class="Tests\Unit\Models\Users\UserTest" classname="Tests.Unit.Models.Users.UserTest" file="tests/Unit/Models/Users/UserTest.php::`User Model Unit Tests` → `model attributes and configuration` → has correct fillable properties" line="0" assertions="1" time="0.011170"/>
      <testcase name="`User Model Unit Tests` → `model attributes and configuration` → has correct casts configuration" class="Tests\Unit\Models\Users\UserTest" classname="Tests.Unit.Models.Users.UserTest" file="tests/Unit/Models/Users/UserTest.php::`User Model Unit Tests` → `model attributes and configuration` → has correct casts configuration" line="0" assertions="2" time="0.011028"/>
      <testcase name="`User Model Unit Tests` → `model attributes and configuration` → has custom eloquent builder" class="Tests\Unit\Models\Users\UserTest" classname="Tests.Unit.Models.Users.UserTest" file="tests/Unit/Models/Users/UserTest.php::`User Model Unit Tests` → `model attributes and configuration` → has custom eloquent builder" line="0" assertions="1" time="0.011170"/>
      <testcase name="`User Model Unit Tests` → `model attributes and configuration` → has correct default values" class="Tests\Unit\Models\Users\UserTest" classname="Tests.Unit.Models.Users.UserTest" file="tests/Unit/Models/Users/UserTest.php::`User Model Unit Tests` → `model attributes and configuration` → has correct default values" line="0" assertions="1" time="0.010860"/>
      <testcase name="`User Model Unit Tests` → `trait integration` → uses all required traits" class="Tests\Unit\Models\Users\UserTest" classname="Tests.Unit.Models.Users.UserTest" file="tests/Unit/Models/Users/UserTest.php::`User Model Unit Tests` → `trait integration` → uses all required traits" line="0" assertions="2" time="0.010897"/>
      <testcase name="`User Model Unit Tests` → `interface implementation` → implements all required interfaces" class="Tests\Unit\Models\Users\UserTest" classname="Tests.Unit.Models.Users.UserTest" file="tests/Unit/Models/Users/UserTest.php::`User Model Unit Tests` → `interface implementation` → implements all required interfaces" line="0" assertions="1" time="0.011406"/>
      <testcase name="`User Model Unit Tests` → `model constants` → has no model-specific constants defined" class="Tests\Unit\Models\Users\UserTest" classname="Tests.Unit.Models.Users.UserTest" file="tests/Unit/Models/Users/UserTest.php::`User Model Unit Tests` → `model constants` → has no model-specific constants defined" line="0" assertions="1" time="0.013480"/>
      <testcase name="`User Model Unit Tests` → `business logic methods` → has required relationship methods" class="Tests\Unit\Models\Users\UserTest" classname="Tests.Unit.Models.Users.UserTest" file="tests/Unit/Models/Users/UserTest.php::`User Model Unit Tests` → `business logic methods` → has required relationship methods" line="0" assertions="3" time="0.011408"/>
    </testsuite>
    <testsuite name="Tests\Unit\Models\Wrestlers\WrestlerEmploymentTest" file="tests/Unit/Models/Wrestlers/WrestlerEmploymentTest.php" tests="9" assertions="11" errors="0" failures="0" skipped="0" time="0.110241">
      <testcase name="`WrestlerEmployment Model Unit Tests` → `model attributes and configuration` → has correct fillable properties" class="Tests\Unit\Models\Wrestlers\WrestlerEmploymentTest" classname="Tests.Unit.Models.Wrestlers.WrestlerEmploymentTest" file="tests/Unit/Models/Wrestlers/WrestlerEmploymentTest.php::`WrestlerEmployment Model Unit Tests` → `model attributes and configuration` → has correct fillable properties" line="0" assertions="1" time="0.011555"/>
      <testcase name="`WrestlerEmployment Model Unit Tests` → `model attributes and configuration` → has correct casts configuration" class="Tests\Unit\Models\Wrestlers\WrestlerEmploymentTest" classname="Tests.Unit.Models.Wrestlers.WrestlerEmploymentTest" file="tests/Unit/Models/Wrestlers/WrestlerEmploymentTest.php::`WrestlerEmployment Model Unit Tests` → `model attributes and configuration` → has correct casts configuration" line="0" assertions="3" time="0.014593"/>
      <testcase name="`WrestlerEmployment Model Unit Tests` → `model attributes and configuration` → has custom eloquent builder" class="Tests\Unit\Models\Wrestlers\WrestlerEmploymentTest" classname="Tests.Unit.Models.Wrestlers.WrestlerEmploymentTest" file="tests/Unit/Models/Wrestlers/WrestlerEmploymentTest.php::`WrestlerEmployment Model Unit Tests` → `model attributes and configuration` → has custom eloquent builder" line="0" assertions="1" time="0.013614"/>
      <testcase name="`WrestlerEmployment Model Unit Tests` → `model attributes and configuration` → has correct default values" class="Tests\Unit\Models\Wrestlers\WrestlerEmploymentTest" classname="Tests.Unit.Models.Wrestlers.WrestlerEmploymentTest" file="tests/Unit/Models/Wrestlers/WrestlerEmploymentTest.php::`WrestlerEmployment Model Unit Tests` → `model attributes and configuration` → has correct default values" line="0" assertions="1" time="0.011119"/>
      <testcase name="`WrestlerEmployment Model Unit Tests` → `model attributes and configuration` → uses correct table name" class="Tests\Unit\Models\Wrestlers\WrestlerEmploymentTest" classname="Tests.Unit.Models.Wrestlers.WrestlerEmploymentTest" file="tests/Unit/Models/Wrestlers/WrestlerEmploymentTest.php::`WrestlerEmployment Model Unit Tests` → `model attributes and configuration` → uses correct table name" line="0" assertions="1" time="0.011088"/>
      <testcase name="`WrestlerEmployment Model Unit Tests` → `trait integration` → uses all required traits" class="Tests\Unit\Models\Wrestlers\WrestlerEmploymentTest" classname="Tests.Unit.Models.Wrestlers.WrestlerEmploymentTest" file="tests/Unit/Models/Wrestlers/WrestlerEmploymentTest.php::`WrestlerEmployment Model Unit Tests` → `trait integration` → uses all required traits" line="0" assertions="1" time="0.010627"/>
      <testcase name="`WrestlerEmployment Model Unit Tests` → `interface implementation` → implements all required interfaces" class="Tests\Unit\Models\Wrestlers\WrestlerEmploymentTest" classname="Tests.Unit.Models.Wrestlers.WrestlerEmploymentTest" file="tests/Unit/Models/Wrestlers/WrestlerEmploymentTest.php::`WrestlerEmployment Model Unit Tests` → `interface implementation` → implements all required interfaces" line="0" assertions="1" time="0.011796"/>
      <testcase name="`WrestlerEmployment Model Unit Tests` → `model constants` → has no model-specific constants defined" class="Tests\Unit\Models\Wrestlers\WrestlerEmploymentTest" classname="Tests.Unit.Models.Wrestlers.WrestlerEmploymentTest" file="tests/Unit/Models/Wrestlers/WrestlerEmploymentTest.php::`WrestlerEmployment Model Unit Tests` → `model constants` → has no model-specific constants defined" line="0" assertions="1" time="0.013078"/>
      <testcase name="`WrestlerEmployment Model Unit Tests` → `business logic methods` → has wrestler relationship method" class="Tests\Unit\Models\Wrestlers\WrestlerEmploymentTest" classname="Tests.Unit.Models.Wrestlers.WrestlerEmploymentTest" file="tests/Unit/Models/Wrestlers/WrestlerEmploymentTest.php::`WrestlerEmployment Model Unit Tests` → `business logic methods` → has wrestler relationship method" line="0" assertions="1" time="0.012771"/>
    </testsuite>
    <testsuite name="Tests\Unit\Models\Wrestlers\WrestlerInjuryTest" file="tests/Unit/Models/Wrestlers/WrestlerInjuryTest.php" tests="7" assertions="10" errors="0" failures="0" skipped="0" time="0.084797">
      <testcase name="`WrestlerInjury Model Unit Tests` → `wrestlerInjury attributes and configuration` → wrestlerInjury has correct fillable properties" class="Tests\Unit\Models\Wrestlers\WrestlerInjuryTest" classname="Tests.Unit.Models.Wrestlers.WrestlerInjuryTest" file="tests/Unit/Models/Wrestlers/WrestlerInjuryTest.php::`WrestlerInjury Model Unit Tests` → `wrestlerInjury attributes and configuration` → wrestlerInjury has correct fillable properties" line="0" assertions="1" time="0.016640"/>
      <testcase name="`WrestlerInjury Model Unit Tests` → `wrestlerInjury attributes and configuration` → wrestlerInjury has correct casts configuration" class="Tests\Unit\Models\Wrestlers\WrestlerInjuryTest" classname="Tests.Unit.Models.Wrestlers.WrestlerInjuryTest" file="tests/Unit/Models/Wrestlers/WrestlerInjuryTest.php::`WrestlerInjury Model Unit Tests` → `wrestlerInjury attributes and configuration` → wrestlerInjury has correct casts configuration" line="0" assertions="4" time="0.010970"/>
      <testcase name="`WrestlerInjury Model Unit Tests` → `wrestlerInjury attributes and configuration` → wrestlerInjury has custom eloquent builder" class="Tests\Unit\Models\Wrestlers\WrestlerInjuryTest" classname="Tests.Unit.Models.Wrestlers.WrestlerInjuryTest" file="tests/Unit/Models/Wrestlers/WrestlerInjuryTest.php::`WrestlerInjury Model Unit Tests` → `wrestlerInjury attributes and configuration` → wrestlerInjury has custom eloquent builder" line="0" assertions="1" time="0.010996"/>
      <testcase name="`WrestlerInjury Model Unit Tests` → `wrestlerInjury attributes and configuration` → wrestlerInjury has correct default values" class="Tests\Unit\Models\Wrestlers\WrestlerInjuryTest" classname="Tests.Unit.Models.Wrestlers.WrestlerInjuryTest" file="tests/Unit/Models/Wrestlers/WrestlerInjuryTest.php::`WrestlerInjury Model Unit Tests` → `wrestlerInjury attributes and configuration` → wrestlerInjury has correct default values" line="0" assertions="1" time="0.010621"/>
      <testcase name="`WrestlerInjury Model Unit Tests` → `wrestlerInjury attributes and configuration` → wrestlerInjury uses correct table name" class="Tests\Unit\Models\Wrestlers\WrestlerInjuryTest" classname="Tests.Unit.Models.Wrestlers.WrestlerInjuryTest" file="tests/Unit/Models/Wrestlers/WrestlerInjuryTest.php::`WrestlerInjury Model Unit Tests` → `wrestlerInjury attributes and configuration` → wrestlerInjury uses correct table name" line="0" assertions="1" time="0.011458"/>
      <testcase name="`WrestlerInjury Model Unit Tests` → `wrestlerInjury trait integration` → wrestlerInjury uses all required traits" class="Tests\Unit\Models\Wrestlers\WrestlerInjuryTest" classname="Tests.Unit.Models.Wrestlers.WrestlerInjuryTest" file="tests/Unit/Models/Wrestlers/WrestlerInjuryTest.php::`WrestlerInjury Model Unit Tests` → `wrestlerInjury trait integration` → wrestlerInjury uses all required traits" line="0" assertions="1" time="0.013174"/>
      <testcase name="`WrestlerInjury Model Unit Tests` → `wrestlerInjury trait integration` → wrestlerInjury implements all required interfaces" class="Tests\Unit\Models\Wrestlers\WrestlerInjuryTest" classname="Tests.Unit.Models.Wrestlers.WrestlerInjuryTest" file="tests/Unit/Models/Wrestlers/WrestlerInjuryTest.php::`WrestlerInjury Model Unit Tests` → `wrestlerInjury trait integration` → wrestlerInjury implements all required interfaces" line="0" assertions="1" time="0.010937"/>
    </testsuite>
    <testsuite name="Tests\Unit\Models\Wrestlers\WrestlerManagerTest" file="tests/Unit/Models/Wrestlers/WrestlerManagerTest.php" tests="7" assertions="9" errors="0" failures="0" skipped="0" time="0.081449">
      <testcase name="`WrestlerManager Model Unit Tests` → `wrestlerManager attributes and configuration` → wrestlerManager has correct fillable properties" class="Tests\Unit\Models\Wrestlers\WrestlerManagerTest" classname="Tests.Unit.Models.Wrestlers.WrestlerManagerTest" file="tests/Unit/Models/Wrestlers/WrestlerManagerTest.php::`WrestlerManager Model Unit Tests` → `wrestlerManager attributes and configuration` → wrestlerManager has correct fillable properties" line="0" assertions="1" time="0.012029"/>
      <testcase name="`WrestlerManager Model Unit Tests` → `wrestlerManager attributes and configuration` → wrestlerManager has correct casts configuration" class="Tests\Unit\Models\Wrestlers\WrestlerManagerTest" classname="Tests.Unit.Models.Wrestlers.WrestlerManagerTest" file="tests/Unit/Models/Wrestlers/WrestlerManagerTest.php::`WrestlerManager Model Unit Tests` → `wrestlerManager attributes and configuration` → wrestlerManager has correct casts configuration" line="0" assertions="3" time="0.011226"/>
      <testcase name="`WrestlerManager Model Unit Tests` → `wrestlerManager attributes and configuration` → wrestlerManager has custom eloquent builder" class="Tests\Unit\Models\Wrestlers\WrestlerManagerTest" classname="Tests.Unit.Models.Wrestlers.WrestlerManagerTest" file="tests/Unit/Models/Wrestlers/WrestlerManagerTest.php::`WrestlerManager Model Unit Tests` → `wrestlerManager attributes and configuration` → wrestlerManager has custom eloquent builder" line="0" assertions="1" time="0.011115"/>
      <testcase name="`WrestlerManager Model Unit Tests` → `wrestlerManager attributes and configuration` → wrestlerManager has correct default values" class="Tests\Unit\Models\Wrestlers\WrestlerManagerTest" classname="Tests.Unit.Models.Wrestlers.WrestlerManagerTest" file="tests/Unit/Models/Wrestlers/WrestlerManagerTest.php::`WrestlerManager Model Unit Tests` → `wrestlerManager attributes and configuration` → wrestlerManager has correct default values" line="0" assertions="1" time="0.011141"/>
      <testcase name="`WrestlerManager Model Unit Tests` → `wrestlerManager attributes and configuration` → wrestlerManager uses correct table name" class="Tests\Unit\Models\Wrestlers\WrestlerManagerTest" classname="Tests.Unit.Models.Wrestlers.WrestlerManagerTest" file="tests/Unit/Models/Wrestlers/WrestlerManagerTest.php::`WrestlerManager Model Unit Tests` → `wrestlerManager attributes and configuration` → wrestlerManager uses correct table name" line="0" assertions="1" time="0.011581"/>
      <testcase name="`WrestlerManager Model Unit Tests` → `wrestlerManager trait integration` → wrestlerManager uses all required traits" class="Tests\Unit\Models\Wrestlers\WrestlerManagerTest" classname="Tests.Unit.Models.Wrestlers.WrestlerManagerTest" file="tests/Unit/Models/Wrestlers/WrestlerManagerTest.php::`WrestlerManager Model Unit Tests` → `wrestlerManager trait integration` → wrestlerManager uses all required traits" line="0" assertions="1" time="0.013229"/>
      <testcase name="`WrestlerManager Model Unit Tests` → `wrestlerManager trait integration` → wrestlerManager implements all required interfaces" class="Tests\Unit\Models\Wrestlers\WrestlerManagerTest" classname="Tests.Unit.Models.Wrestlers.WrestlerManagerTest" file="tests/Unit/Models/Wrestlers/WrestlerManagerTest.php::`WrestlerManager Model Unit Tests` → `wrestlerManager trait integration` → wrestlerManager implements all required interfaces" line="0" assertions="1" time="0.011129"/>
    </testsuite>
    <testsuite name="Tests\Unit\Models\Wrestlers\WrestlerRetirementTest" file="tests/Unit/Models/Wrestlers/WrestlerRetirementTest.php" tests="9" assertions="12" errors="0" failures="0" skipped="0" time="0.108834">
      <testcase name="`WrestlerRetirement Model Unit Tests` → `model attributes and configuration` → has correct fillable properties" class="Tests\Unit\Models\Wrestlers\WrestlerRetirementTest" classname="Tests.Unit.Models.Wrestlers.WrestlerRetirementTest" file="tests/Unit/Models/Wrestlers/WrestlerRetirementTest.php::`WrestlerRetirement Model Unit Tests` → `model attributes and configuration` → has correct fillable properties" line="0" assertions="1" time="0.011074"/>
      <testcase name="`WrestlerRetirement Model Unit Tests` → `model attributes and configuration` → has correct casts configuration" class="Tests\Unit\Models\Wrestlers\WrestlerRetirementTest" classname="Tests.Unit.Models.Wrestlers.WrestlerRetirementTest" file="tests/Unit/Models/Wrestlers/WrestlerRetirementTest.php::`WrestlerRetirement Model Unit Tests` → `model attributes and configuration` → has correct casts configuration" line="0" assertions="4" time="0.010701"/>
      <testcase name="`WrestlerRetirement Model Unit Tests` → `model attributes and configuration` → uses correct table name" class="Tests\Unit\Models\Wrestlers\WrestlerRetirementTest" classname="Tests.Unit.Models.Wrestlers.WrestlerRetirementTest" file="tests/Unit/Models/Wrestlers/WrestlerRetirementTest.php::`WrestlerRetirement Model Unit Tests` → `model attributes and configuration` → uses correct table name" line="0" assertions="1" time="0.010959"/>
      <testcase name="`WrestlerRetirement Model Unit Tests` → `model attributes and configuration` → has correct default values" class="Tests\Unit\Models\Wrestlers\WrestlerRetirementTest" classname="Tests.Unit.Models.Wrestlers.WrestlerRetirementTest" file="tests/Unit/Models/Wrestlers/WrestlerRetirementTest.php::`WrestlerRetirement Model Unit Tests` → `model attributes and configuration` → has correct default values" line="0" assertions="1" time="0.011052"/>
      <testcase name="`WrestlerRetirement Model Unit Tests` → `model attributes and configuration` → has custom eloquent builder" class="Tests\Unit\Models\Wrestlers\WrestlerRetirementTest" classname="Tests.Unit.Models.Wrestlers.WrestlerRetirementTest" file="tests/Unit/Models/Wrestlers/WrestlerRetirementTest.php::`WrestlerRetirement Model Unit Tests` → `model attributes and configuration` → has custom eloquent builder" line="0" assertions="1" time="0.015037"/>
      <testcase name="`WrestlerRetirement Model Unit Tests` → `trait integration` → uses all required traits" class="Tests\Unit\Models\Wrestlers\WrestlerRetirementTest" classname="Tests.Unit.Models.Wrestlers.WrestlerRetirementTest" file="tests/Unit/Models/Wrestlers/WrestlerRetirementTest.php::`WrestlerRetirement Model Unit Tests` → `trait integration` → uses all required traits" line="0" assertions="1" time="0.012036"/>
      <testcase name="`WrestlerRetirement Model Unit Tests` → `interface implementation` → implements all required interfaces" class="Tests\Unit\Models\Wrestlers\WrestlerRetirementTest" classname="Tests.Unit.Models.Wrestlers.WrestlerRetirementTest" file="tests/Unit/Models/Wrestlers/WrestlerRetirementTest.php::`WrestlerRetirement Model Unit Tests` → `interface implementation` → implements all required interfaces" line="0" assertions="1" time="0.011135"/>
      <testcase name="`WrestlerRetirement Model Unit Tests` → `model constants` → has no model-specific constants defined" class="Tests\Unit\Models\Wrestlers\WrestlerRetirementTest" classname="Tests.Unit.Models.Wrestlers.WrestlerRetirementTest" file="tests/Unit/Models/Wrestlers/WrestlerRetirementTest.php::`WrestlerRetirement Model Unit Tests` → `model constants` → has no model-specific constants defined" line="0" assertions="1" time="0.010799"/>
      <testcase name="`WrestlerRetirement Model Unit Tests` → `business logic methods` → has wrestler relationship method" class="Tests\Unit\Models\Wrestlers\WrestlerRetirementTest" classname="Tests.Unit.Models.Wrestlers.WrestlerRetirementTest" file="tests/Unit/Models/Wrestlers/WrestlerRetirementTest.php::`WrestlerRetirement Model Unit Tests` → `business logic methods` → has wrestler relationship method" line="0" assertions="1" time="0.016041"/>
    </testsuite>
    <testsuite name="Tests\Unit\Models\Wrestlers\WrestlerSuspensionTest" file="tests/Unit/Models/Wrestlers/WrestlerSuspensionTest.php" tests="9" assertions="11" errors="0" failures="0" skipped="0" time="0.112607">
      <testcase name="`WrestlerSuspension Model Unit Tests` → `model attributes and configuration` → has correct fillable properties" class="Tests\Unit\Models\Wrestlers\WrestlerSuspensionTest" classname="Tests.Unit.Models.Wrestlers.WrestlerSuspensionTest" file="tests/Unit/Models/Wrestlers/WrestlerSuspensionTest.php::`WrestlerSuspension Model Unit Tests` → `model attributes and configuration` → has correct fillable properties" line="0" assertions="1" time="0.011396"/>
      <testcase name="`WrestlerSuspension Model Unit Tests` → `model attributes and configuration` → has correct casts configuration" class="Tests\Unit\Models\Wrestlers\WrestlerSuspensionTest" classname="Tests.Unit.Models.Wrestlers.WrestlerSuspensionTest" file="tests/Unit/Models/Wrestlers/WrestlerSuspensionTest.php::`WrestlerSuspension Model Unit Tests` → `model attributes and configuration` → has correct casts configuration" line="0" assertions="3" time="0.014255"/>
      <testcase name="`WrestlerSuspension Model Unit Tests` → `model attributes and configuration` → has custom eloquent builder" class="Tests\Unit\Models\Wrestlers\WrestlerSuspensionTest" classname="Tests.Unit.Models.Wrestlers.WrestlerSuspensionTest" file="tests/Unit/Models/Wrestlers/WrestlerSuspensionTest.php::`WrestlerSuspension Model Unit Tests` → `model attributes and configuration` → has custom eloquent builder" line="0" assertions="1" time="0.012917"/>
      <testcase name="`WrestlerSuspension Model Unit Tests` → `model attributes and configuration` → has correct default values" class="Tests\Unit\Models\Wrestlers\WrestlerSuspensionTest" classname="Tests.Unit.Models.Wrestlers.WrestlerSuspensionTest" file="tests/Unit/Models/Wrestlers/WrestlerSuspensionTest.php::`WrestlerSuspension Model Unit Tests` → `model attributes and configuration` → has correct default values" line="0" assertions="1" time="0.010901"/>
      <testcase name="`WrestlerSuspension Model Unit Tests` → `model attributes and configuration` → uses correct table name" class="Tests\Unit\Models\Wrestlers\WrestlerSuspensionTest" classname="Tests.Unit.Models.Wrestlers.WrestlerSuspensionTest" file="tests/Unit/Models/Wrestlers/WrestlerSuspensionTest.php::`WrestlerSuspension Model Unit Tests` → `model attributes and configuration` → uses correct table name" line="0" assertions="1" time="0.011061"/>
      <testcase name="`WrestlerSuspension Model Unit Tests` → `trait integration` → uses all required traits" class="Tests\Unit\Models\Wrestlers\WrestlerSuspensionTest" classname="Tests.Unit.Models.Wrestlers.WrestlerSuspensionTest" file="tests/Unit/Models/Wrestlers/WrestlerSuspensionTest.php::`WrestlerSuspension Model Unit Tests` → `trait integration` → uses all required traits" line="0" assertions="1" time="0.011253"/>
      <testcase name="`WrestlerSuspension Model Unit Tests` → `interface implementation` → implements all required interfaces" class="Tests\Unit\Models\Wrestlers\WrestlerSuspensionTest" classname="Tests.Unit.Models.Wrestlers.WrestlerSuspensionTest" file="tests/Unit/Models/Wrestlers/WrestlerSuspensionTest.php::`WrestlerSuspension Model Unit Tests` → `interface implementation` → implements all required interfaces" line="0" assertions="1" time="0.010591"/>
      <testcase name="`WrestlerSuspension Model Unit Tests` → `model constants` → has no model-specific constants defined" class="Tests\Unit\Models\Wrestlers\WrestlerSuspensionTest" classname="Tests.Unit.Models.Wrestlers.WrestlerSuspensionTest" file="tests/Unit/Models/Wrestlers/WrestlerSuspensionTest.php::`WrestlerSuspension Model Unit Tests` → `model constants` → has no model-specific constants defined" line="0" assertions="1" time="0.016660"/>
      <testcase name="`WrestlerSuspension Model Unit Tests` → `business logic methods` → has wrestler relationship method" class="Tests\Unit\Models\Wrestlers\WrestlerSuspensionTest" classname="Tests.Unit.Models.Wrestlers.WrestlerSuspensionTest" file="tests/Unit/Models/Wrestlers/WrestlerSuspensionTest.php::`WrestlerSuspension Model Unit Tests` → `business logic methods` → has wrestler relationship method" line="0" assertions="1" time="0.013572"/>
    </testsuite>
    <testsuite name="Tests\Unit\Models\Wrestlers\WrestlerTest" file="tests/Unit/Models/Wrestlers/WrestlerTest.php" tests="9" assertions="32" errors="0" failures="0" skipped="0" time="0.102161">
      <testcase name="`Wrestler Model Unit Tests` → `model attributes and configuration` → uses correct table name" class="Tests\Unit\Models\Wrestlers\WrestlerTest" classname="Tests.Unit.Models.Wrestlers.WrestlerTest" file="tests/Unit/Models/Wrestlers/WrestlerTest.php::`Wrestler Model Unit Tests` → `model attributes and configuration` → uses correct table name" line="0" assertions="1" time="0.011066"/>
      <testcase name="`Wrestler Model Unit Tests` → `model attributes and configuration` → has correct fillable properties" class="Tests\Unit\Models\Wrestlers\WrestlerTest" classname="Tests.Unit.Models.Wrestlers.WrestlerTest" file="tests/Unit/Models/Wrestlers/WrestlerTest.php::`Wrestler Model Unit Tests` → `model attributes and configuration` → has correct fillable properties" line="0" assertions="1" time="0.010870"/>
      <testcase name="`Wrestler Model Unit Tests` → `model attributes and configuration` → has correct casts configuration" class="Tests\Unit\Models\Wrestlers\WrestlerTest" classname="Tests.Unit.Models.Wrestlers.WrestlerTest" file="tests/Unit/Models/Wrestlers/WrestlerTest.php::`Wrestler Model Unit Tests` → `model attributes and configuration` → has correct casts configuration" line="0" assertions="2" time="0.010868"/>
      <testcase name="`Wrestler Model Unit Tests` → `model attributes and configuration` → has custom eloquent builder" class="Tests\Unit\Models\Wrestlers\WrestlerTest" classname="Tests.Unit.Models.Wrestlers.WrestlerTest" file="tests/Unit/Models/Wrestlers/WrestlerTest.php::`Wrestler Model Unit Tests` → `model attributes and configuration` → has custom eloquent builder" line="0" assertions="1" time="0.010968"/>
      <testcase name="`Wrestler Model Unit Tests` → `model attributes and configuration` → has correct default values" class="Tests\Unit\Models\Wrestlers\WrestlerTest" classname="Tests.Unit.Models.Wrestlers.WrestlerTest" file="tests/Unit/Models/Wrestlers/WrestlerTest.php::`Wrestler Model Unit Tests` → `model attributes and configuration` → has correct default values" line="0" assertions="1" time="0.012792"/>
      <testcase name="`Wrestler Model Unit Tests` → `trait integration` → uses all required traits" class="Tests\Unit\Models\Wrestlers\WrestlerTest" classname="Tests.Unit.Models.Wrestlers.WrestlerTest" file="tests/Unit/Models/Wrestlers/WrestlerTest.php::`Wrestler Model Unit Tests` → `trait integration` → uses all required traits" line="0" assertions="14" time="0.010967"/>
      <testcase name="`Wrestler Model Unit Tests` → `interface implementation` → implements all required interfaces" class="Tests\Unit\Models\Wrestlers\WrestlerTest" classname="Tests.Unit.Models.Wrestlers.WrestlerTest" file="tests/Unit/Models/Wrestlers/WrestlerTest.php::`Wrestler Model Unit Tests` → `interface implementation` → implements all required interfaces" line="0" assertions="10" time="0.011308"/>
      <testcase name="`Wrestler Model Unit Tests` → `model constants` → has no model-specific constants defined" class="Tests\Unit\Models\Wrestlers\WrestlerTest" classname="Tests.Unit.Models.Wrestlers.WrestlerTest" file="tests/Unit/Models/Wrestlers/WrestlerTest.php::`Wrestler Model Unit Tests` → `model constants` → has no model-specific constants defined" line="0" assertions="1" time="0.011880"/>
      <testcase name="`Wrestler Model Unit Tests` → `business logic methods` → has isBookable business method" class="Tests\Unit\Models\Wrestlers\WrestlerTest" classname="Tests.Unit.Models.Wrestlers.WrestlerTest" file="tests/Unit/Models/Wrestlers/WrestlerTest.php::`Wrestler Model Unit Tests` → `business logic methods` → has isBookable business method" line="0" assertions="1" time="0.011443"/>
    </testsuite>
    <testsuite name="Tests\Unit\Policies\EventPolicyTest" file="tests/Unit/Policies/EventPolicyTest.php" tests="16" assertions="56" errors="0" failures="0" skipped="0" time="0.280226">
      <testcase name="`EventPolicy Unit Tests` → `before hook behavior` → administrators bypass all authorization checks" class="Tests\Unit\Policies\EventPolicyTest" classname="Tests.Unit.Policies.EventPolicyTest" file="tests/Unit/Policies/EventPolicyTest.php::`EventPolicy Unit Tests` → `before hook behavior` → administrators bypass all authorization checks" line="0" assertions="6" time="0.016363"/>
      <testcase name="`EventPolicy Unit Tests` → `before hook behavior` → basic users continue to individual method checks" class="Tests\Unit\Policies\EventPolicyTest" classname="Tests.Unit.Policies.EventPolicyTest" file="tests/Unit/Policies/EventPolicyTest.php::`EventPolicy Unit Tests` → `before hook behavior` → basic users continue to individual method checks" line="0" assertions="6" time="0.018787"/>
      <testcase name="`EventPolicy Unit Tests` → `before hook behavior` → before hook works for arbitrary abilities" class="Tests\Unit\Policies\EventPolicyTest" classname="Tests.Unit.Policies.EventPolicyTest" file="tests/Unit/Policies/EventPolicyTest.php::`EventPolicy Unit Tests` → `before hook behavior` → before hook works for arbitrary abilities" line="0" assertions="2" time="0.016344"/>
      <testcase name="`EventPolicy Unit Tests` → `basic CRUD permissions` → viewList method denies basic users" class="Tests\Unit\Policies\EventPolicyTest" classname="Tests.Unit.Policies.EventPolicyTest" file="tests/Unit/Policies/EventPolicyTest.php::`EventPolicy Unit Tests` → `basic CRUD permissions` → viewList method denies basic users" line="0" assertions="1" time="0.015043"/>
      <testcase name="`EventPolicy Unit Tests` → `basic CRUD permissions` → view method denies basic users" class="Tests\Unit\Policies\EventPolicyTest" classname="Tests.Unit.Policies.EventPolicyTest" file="tests/Unit/Policies/EventPolicyTest.php::`EventPolicy Unit Tests` → `basic CRUD permissions` → view method denies basic users" line="0" assertions="1" time="0.015853"/>
      <testcase name="`EventPolicy Unit Tests` → `basic CRUD permissions` → create method denies basic users" class="Tests\Unit\Policies\EventPolicyTest" classname="Tests.Unit.Policies.EventPolicyTest" file="tests/Unit/Policies/EventPolicyTest.php::`EventPolicy Unit Tests` → `basic CRUD permissions` → create method denies basic users" line="0" assertions="1" time="0.015182"/>
      <testcase name="`EventPolicy Unit Tests` → `basic CRUD permissions` → update method denies basic users" class="Tests\Unit\Policies\EventPolicyTest" classname="Tests.Unit.Policies.EventPolicyTest" file="tests/Unit/Policies/EventPolicyTest.php::`EventPolicy Unit Tests` → `basic CRUD permissions` → update method denies basic users" line="0" assertions="1" time="0.015917"/>
      <testcase name="`EventPolicy Unit Tests` → `basic CRUD permissions` → delete method denies basic users" class="Tests\Unit\Policies\EventPolicyTest" classname="Tests.Unit.Policies.EventPolicyTest" file="tests/Unit/Policies/EventPolicyTest.php::`EventPolicy Unit Tests` → `basic CRUD permissions` → delete method denies basic users" line="0" assertions="1" time="0.015003"/>
      <testcase name="`EventPolicy Unit Tests` → `basic CRUD permissions` → restore method denies basic users" class="Tests\Unit\Policies\EventPolicyTest" classname="Tests.Unit.Policies.EventPolicyTest" file="tests/Unit/Policies/EventPolicyTest.php::`EventPolicy Unit Tests` → `basic CRUD permissions` → restore method denies basic users" line="0" assertions="1" time="0.021764"/>
      <testcase name="`EventPolicy Unit Tests` → `policy integration with Laravel Gate` → policy integrates correctly with Gate facade" class="Tests\Unit\Policies\EventPolicyTest" classname="Tests.Unit.Policies.EventPolicyTest" file="tests/Unit/Policies/EventPolicyTest.php::`EventPolicy Unit Tests` → `policy integration with Laravel Gate` → policy integrates correctly with Gate facade" line="0" assertions="6" time="0.022057"/>
      <testcase name="`EventPolicy Unit Tests` → `policy integration with Laravel Gate` → policy works with specific event instances" class="Tests\Unit\Policies\EventPolicyTest" classname="Tests.Unit.Policies.EventPolicyTest" file="tests/Unit/Policies/EventPolicyTest.php::`EventPolicy Unit Tests` → `policy integration with Laravel Gate` → policy works with specific event instances" line="0" assertions="6" time="0.016726"/>
      <testcase name="`EventPolicy Unit Tests` → `policy method consistency` → all policy methods follow consistent pattern" class="Tests\Unit\Policies\EventPolicyTest" classname="Tests.Unit.Policies.EventPolicyTest" file="tests/Unit/Policies/EventPolicyTest.php::`EventPolicy Unit Tests` → `policy method consistency` → all policy methods follow consistent pattern" line="0" assertions="12" time="0.018741"/>
      <testcase name="`EventPolicy Unit Tests` → `policy method consistency` → policy has all expected methods" class="Tests\Unit\Policies\EventPolicyTest" classname="Tests.Unit.Policies.EventPolicyTest" file="tests/Unit/Policies/EventPolicyTest.php::`EventPolicy Unit Tests` → `policy method consistency` → policy has all expected methods" line="0" assertions="7" time="0.015478"/>
      <testcase name="`EventPolicy Unit Tests` → `edge cases and security` → policy handles null user gracefully" class="Tests\Unit\Policies\EventPolicyTest" classname="Tests.Unit.Policies.EventPolicyTest" file="tests/Unit/Policies/EventPolicyTest.php::`EventPolicy Unit Tests` → `edge cases and security` → policy handles null user gracefully" line="0" assertions="1" time="0.021671"/>
      <testcase name="`EventPolicy Unit Tests` → `edge cases and security` → policy methods are type-safe" class="Tests\Unit\Policies\EventPolicyTest" classname="Tests.Unit.Policies.EventPolicyTest" file="tests/Unit/Policies/EventPolicyTest.php::`EventPolicy Unit Tests` → `edge cases and security` → policy methods are type-safe" line="0" assertions="2" time="0.017255"/>
      <testcase name="`EventPolicy Unit Tests` → `edge cases and security` → policy is consistent across multiple instances" class="Tests\Unit\Policies\EventPolicyTest" classname="Tests.Unit.Policies.EventPolicyTest" file="tests/Unit/Policies/EventPolicyTest.php::`EventPolicy Unit Tests` → `edge cases and security` → policy is consistent across multiple instances" line="0" assertions="2" time="0.018042"/>
    </testsuite>
    <testsuite name="Tests\Unit\Policies\ManagerPolicyTest" file="tests/Unit/Policies/ManagerPolicyTest.php" tests="23" assertions="132" errors="0" failures="0" skipped="0" time="0.417478">
      <testcase name="`ManagerPolicy Unit Tests` → `before hook behavior` → administrators bypass all authorization checks" class="Tests\Unit\Policies\ManagerPolicyTest" classname="Tests.Unit.Policies.ManagerPolicyTest" file="tests/Unit/Policies/ManagerPolicyTest.php::`ManagerPolicy Unit Tests` → `before hook behavior` → administrators bypass all authorization checks" line="0" assertions="6" time="0.016043"/>
      <testcase name="`ManagerPolicy Unit Tests` → `before hook behavior` → basic users continue to individual method checks" class="Tests\Unit\Policies\ManagerPolicyTest" classname="Tests.Unit.Policies.ManagerPolicyTest" file="tests/Unit/Policies/ManagerPolicyTest.php::`ManagerPolicy Unit Tests` → `before hook behavior` → basic users continue to individual method checks" line="0" assertions="6" time="0.018695"/>
      <testcase name="`ManagerPolicy Unit Tests` → `before hook behavior` → before hook works for arbitrary abilities" class="Tests\Unit\Policies\ManagerPolicyTest" classname="Tests.Unit.Policies.ManagerPolicyTest" file="tests/Unit/Policies/ManagerPolicyTest.php::`ManagerPolicy Unit Tests` → `before hook behavior` → before hook works for arbitrary abilities" line="0" assertions="2" time="0.015417"/>
      <testcase name="`ManagerPolicy Unit Tests` → `before hook behavior` → before hook works for manager-specific abilities" class="Tests\Unit\Policies\ManagerPolicyTest" classname="Tests.Unit.Policies.ManagerPolicyTest" file="tests/Unit/Policies/ManagerPolicyTest.php::`ManagerPolicy Unit Tests` → `before hook behavior` → before hook works for manager-specific abilities" line="0" assertions="16" time="0.020226"/>
      <testcase name="`ManagerPolicy Unit Tests` → `basic CRUD permissions` → viewList method denies basic users" class="Tests\Unit\Policies\ManagerPolicyTest" classname="Tests.Unit.Policies.ManagerPolicyTest" file="tests/Unit/Policies/ManagerPolicyTest.php::`ManagerPolicy Unit Tests` → `basic CRUD permissions` → viewList method denies basic users" line="0" assertions="1" time="0.017622"/>
      <testcase name="`ManagerPolicy Unit Tests` → `basic CRUD permissions` → view method denies basic users" class="Tests\Unit\Policies\ManagerPolicyTest" classname="Tests.Unit.Policies.ManagerPolicyTest" file="tests/Unit/Policies/ManagerPolicyTest.php::`ManagerPolicy Unit Tests` → `basic CRUD permissions` → view method denies basic users" line="0" assertions="1" time="0.019536"/>
      <testcase name="`ManagerPolicy Unit Tests` → `basic CRUD permissions` → create method denies basic users" class="Tests\Unit\Policies\ManagerPolicyTest" classname="Tests.Unit.Policies.ManagerPolicyTest" file="tests/Unit/Policies/ManagerPolicyTest.php::`ManagerPolicy Unit Tests` → `basic CRUD permissions` → create method denies basic users" line="0" assertions="1" time="0.014758"/>
      <testcase name="`ManagerPolicy Unit Tests` → `basic CRUD permissions` → update method denies basic users" class="Tests\Unit\Policies\ManagerPolicyTest" classname="Tests.Unit.Policies.ManagerPolicyTest" file="tests/Unit/Policies/ManagerPolicyTest.php::`ManagerPolicy Unit Tests` → `basic CRUD permissions` → update method denies basic users" line="0" assertions="1" time="0.020192"/>
      <testcase name="`ManagerPolicy Unit Tests` → `basic CRUD permissions` → delete method denies basic users" class="Tests\Unit\Policies\ManagerPolicyTest" classname="Tests.Unit.Policies.ManagerPolicyTest" file="tests/Unit/Policies/ManagerPolicyTest.php::`ManagerPolicy Unit Tests` → `basic CRUD permissions` → delete method denies basic users" line="0" assertions="1" time="0.021143"/>
      <testcase name="`ManagerPolicy Unit Tests` → `basic CRUD permissions` → restore method denies basic users" class="Tests\Unit\Policies\ManagerPolicyTest" classname="Tests.Unit.Policies.ManagerPolicyTest" file="tests/Unit/Policies/ManagerPolicyTest.php::`ManagerPolicy Unit Tests` → `basic CRUD permissions` → restore method denies basic users" line="0" assertions="1" time="0.015239"/>
      <testcase name="`ManagerPolicy Unit Tests` → `policy integration with Laravel Gate` → policy integrates correctly with Gate facade" class="Tests\Unit\Policies\ManagerPolicyTest" classname="Tests.Unit.Policies.ManagerPolicyTest" file="tests/Unit/Policies/ManagerPolicyTest.php::`ManagerPolicy Unit Tests` → `policy integration with Laravel Gate` → policy integrates correctly with Gate facade" line="0" assertions="6" time="0.021876"/>
      <testcase name="`ManagerPolicy Unit Tests` → `policy integration with Laravel Gate` → policy works with specific manager instances" class="Tests\Unit\Policies\ManagerPolicyTest" classname="Tests.Unit.Policies.ManagerPolicyTest" file="tests/Unit/Policies/ManagerPolicyTest.php::`ManagerPolicy Unit Tests` → `policy integration with Laravel Gate` → policy works with specific manager instances" line="0" assertions="6" time="0.018844"/>
      <testcase name="`ManagerPolicy Unit Tests` → `policy integration with Laravel Gate` → policy supports manager-specific operations through Gate" class="Tests\Unit\Policies\ManagerPolicyTest" classname="Tests.Unit.Policies.ManagerPolicyTest" file="tests/Unit/Policies/ManagerPolicyTest.php::`ManagerPolicy Unit Tests` → `policy integration with Laravel Gate` → policy supports manager-specific operations through Gate" line="0" assertions="16" time="0.016262"/>
      <testcase name="`ManagerPolicy Unit Tests` → `policy method consistency` → all policy methods follow consistent pattern" class="Tests\Unit\Policies\ManagerPolicyTest" classname="Tests.Unit.Policies.ManagerPolicyTest" file="tests/Unit/Policies/ManagerPolicyTest.php::`ManagerPolicy Unit Tests` → `policy method consistency` → all policy methods follow consistent pattern" line="0" assertions="12" time="0.019113"/>
      <testcase name="`ManagerPolicy Unit Tests` → `policy method consistency` → policy has all expected methods" class="Tests\Unit\Policies\ManagerPolicyTest" classname="Tests.Unit.Policies.ManagerPolicyTest" file="tests/Unit/Policies/ManagerPolicyTest.php::`ManagerPolicy Unit Tests` → `policy method consistency` → policy has all expected methods" line="0" assertions="7" time="0.017543"/>
      <testcase name="`ManagerPolicy Unit Tests` → `policy method consistency` → policy is similar to wrestler policy but simpler" class="Tests\Unit\Policies\ManagerPolicyTest" classname="Tests.Unit.Policies.ManagerPolicyTest" file="tests/Unit/Policies/ManagerPolicyTest.php::`ManagerPolicy Unit Tests` → `policy method consistency` → policy is similar to wrestler policy but simpler" line="0" assertions="6" time="0.018042"/>
      <testcase name="`ManagerPolicy Unit Tests` → `manager-specific business context` → policy supports manager lifecycle operations via before hook" class="Tests\Unit\Policies\ManagerPolicyTest" classname="Tests.Unit.Policies.ManagerPolicyTest" file="tests/Unit/Policies/ManagerPolicyTest.php::`ManagerPolicy Unit Tests` → `manager-specific business context` → policy supports manager lifecycle operations via before hook" line="0" assertions="22" time="0.015292"/>
      <testcase name="`ManagerPolicy Unit Tests` → `manager-specific business context` → policy works with different manager statuses" class="Tests\Unit\Policies\ManagerPolicyTest" classname="Tests.Unit.Policies.ManagerPolicyTest" file="tests/Unit/Policies/ManagerPolicyTest.php::`ManagerPolicy Unit Tests` → `manager-specific business context` → policy works with different manager statuses" line="0" assertions="8" time="0.029567"/>
      <testcase name="`ManagerPolicy Unit Tests` → `edge cases and security` → policy handles null user gracefully" class="Tests\Unit\Policies\ManagerPolicyTest" classname="Tests.Unit.Policies.ManagerPolicyTest" file="tests/Unit/Policies/ManagerPolicyTest.php::`ManagerPolicy Unit Tests` → `edge cases and security` → policy handles null user gracefully" line="0" assertions="1" time="0.016814"/>
      <testcase name="`ManagerPolicy Unit Tests` → `edge cases and security` → policy methods are type-safe" class="Tests\Unit\Policies\ManagerPolicyTest" classname="Tests.Unit.Policies.ManagerPolicyTest" file="tests/Unit/Policies/ManagerPolicyTest.php::`ManagerPolicy Unit Tests` → `edge cases and security` → policy methods are type-safe" line="0" assertions="2" time="0.014615"/>
      <testcase name="`ManagerPolicy Unit Tests` → `edge cases and security` → policy is consistent across multiple instances" class="Tests\Unit\Policies\ManagerPolicyTest" classname="Tests.Unit.Policies.ManagerPolicyTest" file="tests/Unit/Policies/ManagerPolicyTest.php::`ManagerPolicy Unit Tests` → `edge cases and security` → policy is consistent across multiple instances" line="0" assertions="2" time="0.014600"/>
      <testcase name="`ManagerPolicy Unit Tests` → `edge cases and security` → policy is stateless" class="Tests\Unit\Policies\ManagerPolicyTest" classname="Tests.Unit.Policies.ManagerPolicyTest" file="tests/Unit/Policies/ManagerPolicyTest.php::`ManagerPolicy Unit Tests` → `edge cases and security` → policy is stateless" line="0" assertions="4" time="0.018955"/>
      <testcase name="`ManagerPolicy Unit Tests` → `edge cases and security` → policy handles complex manager states consistently" class="Tests\Unit\Policies\ManagerPolicyTest" classname="Tests.Unit.Policies.ManagerPolicyTest" file="tests/Unit/Policies/ManagerPolicyTest.php::`ManagerPolicy Unit Tests` → `edge cases and security` → policy handles complex manager states consistently" line="0" assertions="4" time="0.017084"/>
    </testsuite>
    <testsuite name="Tests\Unit\Policies\MatchPolicyTest" file="tests/Unit/Policies/MatchPolicyTest.php" tests="16" assertions="56" errors="0" failures="0" skipped="0" time="0.282795">
      <testcase name="`MatchPolicy Unit Tests` → `before hook behavior` → administrators bypass all authorization checks" class="Tests\Unit\Policies\MatchPolicyTest" classname="Tests.Unit.Policies.MatchPolicyTest" file="tests/Unit/Policies/MatchPolicyTest.php::`MatchPolicy Unit Tests` → `before hook behavior` → administrators bypass all authorization checks" line="0" assertions="6" time="0.017906"/>
      <testcase name="`MatchPolicy Unit Tests` → `before hook behavior` → basic users continue to individual method checks" class="Tests\Unit\Policies\MatchPolicyTest" classname="Tests.Unit.Policies.MatchPolicyTest" file="tests/Unit/Policies/MatchPolicyTest.php::`MatchPolicy Unit Tests` → `before hook behavior` → basic users continue to individual method checks" line="0" assertions="6" time="0.016477"/>
      <testcase name="`MatchPolicy Unit Tests` → `before hook behavior` → before hook works for arbitrary abilities" class="Tests\Unit\Policies\MatchPolicyTest" classname="Tests.Unit.Policies.MatchPolicyTest" file="tests/Unit/Policies/MatchPolicyTest.php::`MatchPolicy Unit Tests` → `before hook behavior` → before hook works for arbitrary abilities" line="0" assertions="2" time="0.016503"/>
      <testcase name="`MatchPolicy Unit Tests` → `basic CRUD permissions` → viewList method denies basic users" class="Tests\Unit\Policies\MatchPolicyTest" classname="Tests.Unit.Policies.MatchPolicyTest" file="tests/Unit/Policies/MatchPolicyTest.php::`MatchPolicy Unit Tests` → `basic CRUD permissions` → viewList method denies basic users" line="0" assertions="1" time="0.015688"/>
      <testcase name="`MatchPolicy Unit Tests` → `basic CRUD permissions` → view method denies basic users" class="Tests\Unit\Policies\MatchPolicyTest" classname="Tests.Unit.Policies.MatchPolicyTest" file="tests/Unit/Policies/MatchPolicyTest.php::`MatchPolicy Unit Tests` → `basic CRUD permissions` → view method denies basic users" line="0" assertions="1" time="0.017541"/>
      <testcase name="`MatchPolicy Unit Tests` → `basic CRUD permissions` → create method denies basic users" class="Tests\Unit\Policies\MatchPolicyTest" classname="Tests.Unit.Policies.MatchPolicyTest" file="tests/Unit/Policies/MatchPolicyTest.php::`MatchPolicy Unit Tests` → `basic CRUD permissions` → create method denies basic users" line="0" assertions="1" time="0.015555"/>
      <testcase name="`MatchPolicy Unit Tests` → `basic CRUD permissions` → update method denies basic users" class="Tests\Unit\Policies\MatchPolicyTest" classname="Tests.Unit.Policies.MatchPolicyTest" file="tests/Unit/Policies/MatchPolicyTest.php::`MatchPolicy Unit Tests` → `basic CRUD permissions` → update method denies basic users" line="0" assertions="1" time="0.015166"/>
      <testcase name="`MatchPolicy Unit Tests` → `basic CRUD permissions` → delete method denies basic users" class="Tests\Unit\Policies\MatchPolicyTest" classname="Tests.Unit.Policies.MatchPolicyTest" file="tests/Unit/Policies/MatchPolicyTest.php::`MatchPolicy Unit Tests` → `basic CRUD permissions` → delete method denies basic users" line="0" assertions="1" time="0.015211"/>
      <testcase name="`MatchPolicy Unit Tests` → `basic CRUD permissions` → restore method denies basic users" class="Tests\Unit\Policies\MatchPolicyTest" classname="Tests.Unit.Policies.MatchPolicyTest" file="tests/Unit/Policies/MatchPolicyTest.php::`MatchPolicy Unit Tests` → `basic CRUD permissions` → restore method denies basic users" line="0" assertions="1" time="0.015582"/>
      <testcase name="`MatchPolicy Unit Tests` → `policy integration with Laravel Gate` → policy integrates correctly with Gate facade" class="Tests\Unit\Policies\MatchPolicyTest" classname="Tests.Unit.Policies.MatchPolicyTest" file="tests/Unit/Policies/MatchPolicyTest.php::`MatchPolicy Unit Tests` → `policy integration with Laravel Gate` → policy integrates correctly with Gate facade" line="0" assertions="6" time="0.022180"/>
      <testcase name="`MatchPolicy Unit Tests` → `policy integration with Laravel Gate` → policy works with specific event match instances" class="Tests\Unit\Policies\MatchPolicyTest" classname="Tests.Unit.Policies.MatchPolicyTest" file="tests/Unit/Policies/MatchPolicyTest.php::`MatchPolicy Unit Tests` → `policy integration with Laravel Gate` → policy works with specific event match instances" line="0" assertions="6" time="0.020585"/>
      <testcase name="`MatchPolicy Unit Tests` → `policy method consistency` → all policy methods follow consistent pattern" class="Tests\Unit\Policies\MatchPolicyTest" classname="Tests.Unit.Policies.MatchPolicyTest" file="tests/Unit/Policies/MatchPolicyTest.php::`MatchPolicy Unit Tests` → `policy method consistency` → all policy methods follow consistent pattern" line="0" assertions="12" time="0.015849"/>
      <testcase name="`MatchPolicy Unit Tests` → `policy method consistency` → policy has all expected methods" class="Tests\Unit\Policies\MatchPolicyTest" classname="Tests.Unit.Policies.MatchPolicyTest" file="tests/Unit/Policies/MatchPolicyTest.php::`MatchPolicy Unit Tests` → `policy method consistency` → policy has all expected methods" line="0" assertions="7" time="0.023628"/>
      <testcase name="`MatchPolicy Unit Tests` → `edge cases and security` → policy handles null user gracefully" class="Tests\Unit\Policies\MatchPolicyTest" classname="Tests.Unit.Policies.MatchPolicyTest" file="tests/Unit/Policies/MatchPolicyTest.php::`MatchPolicy Unit Tests` → `edge cases and security` → policy handles null user gracefully" line="0" assertions="1" time="0.018319"/>
      <testcase name="`MatchPolicy Unit Tests` → `edge cases and security` → policy methods are type-safe" class="Tests\Unit\Policies\MatchPolicyTest" classname="Tests.Unit.Policies.MatchPolicyTest" file="tests/Unit/Policies/MatchPolicyTest.php::`MatchPolicy Unit Tests` → `edge cases and security` → policy methods are type-safe" line="0" assertions="2" time="0.018959"/>
      <testcase name="`MatchPolicy Unit Tests` → `edge cases and security` → policy is consistent across multiple instances" class="Tests\Unit\Policies\MatchPolicyTest" classname="Tests.Unit.Policies.MatchPolicyTest" file="tests/Unit/Policies/MatchPolicyTest.php::`MatchPolicy Unit Tests` → `edge cases and security` → policy is consistent across multiple instances" line="0" assertions="2" time="0.017648"/>
    </testsuite>
    <testsuite name="Tests\Unit\Policies\PolicyBeforeHookTest" file="tests/Unit/Policies/PolicyBeforeHookTest.php" tests="3" assertions="240" errors="0" failures="0" skipped="0" time="0.050746">
      <testcase name="`Policy Before Hook Pattern` → administrators bypass all authorization methods" class="Tests\Unit\Policies\PolicyBeforeHookTest" classname="Tests.Unit.Policies.PolicyBeforeHookTest" file="tests/Unit/Policies/PolicyBeforeHookTest.php::`Policy Before Hook Pattern` → administrators bypass all authorization methods" line="0" assertions="115" time="0.019821"/>
      <testcase name="`Policy Before Hook Pattern` → basic users continue to individual method checks" class="Tests\Unit\Policies\PolicyBeforeHookTest" classname="Tests.Unit.Policies.PolicyBeforeHookTest" file="tests/Unit/Policies/PolicyBeforeHookTest.php::`Policy Before Hook Pattern` → basic users continue to individual method checks" line="0" assertions="115" time="0.016216"/>
      <testcase name="`Policy Before Hook Pattern` → all policies have before hook method" class="Tests\Unit\Policies\PolicyBeforeHookTest" classname="Tests.Unit.Policies.PolicyBeforeHookTest" file="tests/Unit/Policies/PolicyBeforeHookTest.php::`Policy Before Hook Pattern` → all policies have before hook method" line="0" assertions="10" time="0.014709"/>
    </testsuite>
    <testsuite name="Tests\Unit\Policies\RefereePolicyTest" file="tests/Unit/Policies/RefereePolicyTest.php" tests="23" assertions="136" errors="0" failures="0" skipped="0" time="0.424874">
      <testcase name="`RefereePolicy Unit Tests` → `before hook behavior` → administrators bypass all authorization checks" class="Tests\Unit\Policies\RefereePolicyTest" classname="Tests.Unit.Policies.RefereePolicyTest" file="tests/Unit/Policies/RefereePolicyTest.php::`RefereePolicy Unit Tests` → `before hook behavior` → administrators bypass all authorization checks" line="0" assertions="6" time="0.020565"/>
      <testcase name="`RefereePolicy Unit Tests` → `before hook behavior` → basic users continue to individual method checks" class="Tests\Unit\Policies\RefereePolicyTest" classname="Tests.Unit.Policies.RefereePolicyTest" file="tests/Unit/Policies/RefereePolicyTest.php::`RefereePolicy Unit Tests` → `before hook behavior` → basic users continue to individual method checks" line="0" assertions="6" time="0.015960"/>
      <testcase name="`RefereePolicy Unit Tests` → `before hook behavior` → before hook works for arbitrary abilities" class="Tests\Unit\Policies\RefereePolicyTest" classname="Tests.Unit.Policies.RefereePolicyTest" file="tests/Unit/Policies/RefereePolicyTest.php::`RefereePolicy Unit Tests` → `before hook behavior` → before hook works for arbitrary abilities" line="0" assertions="2" time="0.017368"/>
      <testcase name="`RefereePolicy Unit Tests` → `before hook behavior` → before hook works for referee-specific abilities" class="Tests\Unit\Policies\RefereePolicyTest" classname="Tests.Unit.Policies.RefereePolicyTest" file="tests/Unit/Policies/RefereePolicyTest.php::`RefereePolicy Unit Tests` → `before hook behavior` → before hook works for referee-specific abilities" line="0" assertions="20" time="0.019454"/>
      <testcase name="`RefereePolicy Unit Tests` → `basic CRUD permissions` → viewList method denies basic users" class="Tests\Unit\Policies\RefereePolicyTest" classname="Tests.Unit.Policies.RefereePolicyTest" file="tests/Unit/Policies/RefereePolicyTest.php::`RefereePolicy Unit Tests` → `basic CRUD permissions` → viewList method denies basic users" line="0" assertions="1" time="0.017634"/>
      <testcase name="`RefereePolicy Unit Tests` → `basic CRUD permissions` → view method denies basic users" class="Tests\Unit\Policies\RefereePolicyTest" classname="Tests.Unit.Policies.RefereePolicyTest" file="tests/Unit/Policies/RefereePolicyTest.php::`RefereePolicy Unit Tests` → `basic CRUD permissions` → view method denies basic users" line="0" assertions="1" time="0.015318"/>
      <testcase name="`RefereePolicy Unit Tests` → `basic CRUD permissions` → create method denies basic users" class="Tests\Unit\Policies\RefereePolicyTest" classname="Tests.Unit.Policies.RefereePolicyTest" file="tests/Unit/Policies/RefereePolicyTest.php::`RefereePolicy Unit Tests` → `basic CRUD permissions` → create method denies basic users" line="0" assertions="1" time="0.016217"/>
      <testcase name="`RefereePolicy Unit Tests` → `basic CRUD permissions` → update method denies basic users" class="Tests\Unit\Policies\RefereePolicyTest" classname="Tests.Unit.Policies.RefereePolicyTest" file="tests/Unit/Policies/RefereePolicyTest.php::`RefereePolicy Unit Tests` → `basic CRUD permissions` → update method denies basic users" line="0" assertions="1" time="0.025647"/>
      <testcase name="`RefereePolicy Unit Tests` → `basic CRUD permissions` → delete method denies basic users" class="Tests\Unit\Policies\RefereePolicyTest" classname="Tests.Unit.Policies.RefereePolicyTest" file="tests/Unit/Policies/RefereePolicyTest.php::`RefereePolicy Unit Tests` → `basic CRUD permissions` → delete method denies basic users" line="0" assertions="1" time="0.025061"/>
      <testcase name="`RefereePolicy Unit Tests` → `basic CRUD permissions` → restore method denies basic users" class="Tests\Unit\Policies\RefereePolicyTest" classname="Tests.Unit.Policies.RefereePolicyTest" file="tests/Unit/Policies/RefereePolicyTest.php::`RefereePolicy Unit Tests` → `basic CRUD permissions` → restore method denies basic users" line="0" assertions="1" time="0.025616"/>
      <testcase name="`RefereePolicy Unit Tests` → `policy integration with Laravel Gate` → policy integrates correctly with Gate facade" class="Tests\Unit\Policies\RefereePolicyTest" classname="Tests.Unit.Policies.RefereePolicyTest" file="tests/Unit/Policies/RefereePolicyTest.php::`RefereePolicy Unit Tests` → `policy integration with Laravel Gate` → policy integrates correctly with Gate facade" line="0" assertions="6" time="0.016313"/>
      <testcase name="`RefereePolicy Unit Tests` → `policy integration with Laravel Gate` → policy works with specific referee instances" class="Tests\Unit\Policies\RefereePolicyTest" classname="Tests.Unit.Policies.RefereePolicyTest" file="tests/Unit/Policies/RefereePolicyTest.php::`RefereePolicy Unit Tests` → `policy integration with Laravel Gate` → policy works with specific referee instances" line="0" assertions="6" time="0.020059"/>
      <testcase name="`RefereePolicy Unit Tests` → `policy integration with Laravel Gate` → policy supports referee-specific operations through Gate" class="Tests\Unit\Policies\RefereePolicyTest" classname="Tests.Unit.Policies.RefereePolicyTest" file="tests/Unit/Policies/RefereePolicyTest.php::`RefereePolicy Unit Tests` → `policy integration with Laravel Gate` → policy supports referee-specific operations through Gate" line="0" assertions="16" time="0.023274"/>
      <testcase name="`RefereePolicy Unit Tests` → `policy method consistency` → all policy methods follow consistent pattern" class="Tests\Unit\Policies\RefereePolicyTest" classname="Tests.Unit.Policies.RefereePolicyTest" file="tests/Unit/Policies/RefereePolicyTest.php::`RefereePolicy Unit Tests` → `policy method consistency` → all policy methods follow consistent pattern" line="0" assertions="12" time="0.017155"/>
      <testcase name="`RefereePolicy Unit Tests` → `policy method consistency` → policy has all expected methods" class="Tests\Unit\Policies\RefereePolicyTest" classname="Tests.Unit.Policies.RefereePolicyTest" file="tests/Unit/Policies/RefereePolicyTest.php::`RefereePolicy Unit Tests` → `policy method consistency` → policy has all expected methods" line="0" assertions="7" time="0.014597"/>
      <testcase name="`RefereePolicy Unit Tests` → `policy method consistency` → policy is similar to wrestler and manager policies" class="Tests\Unit\Policies\RefereePolicyTest" classname="Tests.Unit.Policies.RefereePolicyTest" file="tests/Unit/Policies/RefereePolicyTest.php::`RefereePolicy Unit Tests` → `policy method consistency` → policy is similar to wrestler and manager policies" line="0" assertions="6" time="0.014945"/>
      <testcase name="`RefereePolicy Unit Tests` → `referee-specific business context` → policy supports referee lifecycle operations via before hook" class="Tests\Unit\Policies\RefereePolicyTest" classname="Tests.Unit.Policies.RefereePolicyTest" file="tests/Unit/Policies/RefereePolicyTest.php::`RefereePolicy Unit Tests` → `referee-specific business context` → policy supports referee lifecycle operations via before hook" line="0" assertions="22" time="0.014851"/>
      <testcase name="`RefereePolicy Unit Tests` → `referee-specific business context` → policy works with different referee statuses" class="Tests\Unit\Policies\RefereePolicyTest" classname="Tests.Unit.Policies.RefereePolicyTest" file="tests/Unit/Policies/RefereePolicyTest.php::`RefereePolicy Unit Tests` → `referee-specific business context` → policy works with different referee statuses" line="0" assertions="8" time="0.021116"/>
      <testcase name="`RefereePolicy Unit Tests` → `edge cases and security` → policy handles null user gracefully" class="Tests\Unit\Policies\RefereePolicyTest" classname="Tests.Unit.Policies.RefereePolicyTest" file="tests/Unit/Policies/RefereePolicyTest.php::`RefereePolicy Unit Tests` → `edge cases and security` → policy handles null user gracefully" line="0" assertions="1" time="0.014864"/>
      <testcase name="`RefereePolicy Unit Tests` → `edge cases and security` → policy methods are type-safe" class="Tests\Unit\Policies\RefereePolicyTest" classname="Tests.Unit.Policies.RefereePolicyTest" file="tests/Unit/Policies/RefereePolicyTest.php::`RefereePolicy Unit Tests` → `edge cases and security` → policy methods are type-safe" line="0" assertions="2" time="0.014595"/>
      <testcase name="`RefereePolicy Unit Tests` → `edge cases and security` → policy is consistent across multiple instances" class="Tests\Unit\Policies\RefereePolicyTest" classname="Tests.Unit.Policies.RefereePolicyTest" file="tests/Unit/Policies/RefereePolicyTest.php::`RefereePolicy Unit Tests` → `edge cases and security` → policy is consistent across multiple instances" line="0" assertions="2" time="0.019036"/>
      <testcase name="`RefereePolicy Unit Tests` → `edge cases and security` → policy is stateless" class="Tests\Unit\Policies\RefereePolicyTest" classname="Tests.Unit.Policies.RefereePolicyTest" file="tests/Unit/Policies/RefereePolicyTest.php::`RefereePolicy Unit Tests` → `edge cases and security` → policy is stateless" line="0" assertions="4" time="0.018123"/>
      <testcase name="`RefereePolicy Unit Tests` → `edge cases and security` → policy handles complex referee states consistently" class="Tests\Unit\Policies\RefereePolicyTest" classname="Tests.Unit.Policies.RefereePolicyTest" file="tests/Unit/Policies/RefereePolicyTest.php::`RefereePolicy Unit Tests` → `edge cases and security` → policy handles complex referee states consistently" line="0" assertions="4" time="0.017106"/>
    </testsuite>
    <testsuite name="Tests\Unit\Policies\StablePolicyTest" file="tests/Unit/Policies/StablePolicyTest.php" tests="21" assertions="132" errors="0" failures="0" skipped="0" time="0.615421">
      <testcase name="`StablePolicy Unit Tests` → `before hook behavior` → administrators bypass all authorization checks" class="Tests\Unit\Policies\StablePolicyTest" classname="Tests.Unit.Policies.StablePolicyTest" file="tests/Unit/Policies/StablePolicyTest.php::`StablePolicy Unit Tests` → `before hook behavior` → administrators bypass all authorization checks" line="0" assertions="9" time="0.024029"/>
      <testcase name="`StablePolicy Unit Tests` → `before hook behavior` → basic users do not bypass authorization checks" class="Tests\Unit\Policies\StablePolicyTest" classname="Tests.Unit.Policies.StablePolicyTest" file="tests/Unit/Policies/StablePolicyTest.php::`StablePolicy Unit Tests` → `before hook behavior` → basic users do not bypass authorization checks" line="0" assertions="9" time="0.025121"/>
      <testcase name="`StablePolicy Unit Tests` → `before hook behavior` → before hook handles unknown abilities correctly" class="Tests\Unit\Policies\StablePolicyTest" classname="Tests.Unit.Policies.StablePolicyTest" file="tests/Unit/Policies/StablePolicyTest.php::`StablePolicy Unit Tests` → `before hook behavior` → before hook handles unknown abilities correctly" line="0" assertions="2" time="0.025017"/>
      <testcase name="`StablePolicy Unit Tests` → `view authorization` → basic users cannot view stable list" class="Tests\Unit\Policies\StablePolicyTest" classname="Tests.Unit.Policies.StablePolicyTest" file="tests/Unit/Policies/StablePolicyTest.php::`StablePolicy Unit Tests` → `view authorization` → basic users cannot view stable list" line="0" assertions="1" time="0.020871"/>
      <testcase name="`StablePolicy Unit Tests` → `view authorization` → basic users cannot view individual stables" class="Tests\Unit\Policies\StablePolicyTest" classname="Tests.Unit.Policies.StablePolicyTest" file="tests/Unit/Policies/StablePolicyTest.php::`StablePolicy Unit Tests` → `view authorization` → basic users cannot view individual stables" line="0" assertions="1" time="0.023797"/>
      <testcase name="`StablePolicy Unit Tests` → `view authorization` → view policies work with different stable states" class="Tests\Unit\Policies\StablePolicyTest" classname="Tests.Unit.Policies.StablePolicyTest" file="tests/Unit/Policies/StablePolicyTest.php::`StablePolicy Unit Tests` → `view authorization` → view policies work with different stable states" line="0" assertions="3" time="0.049494"/>
      <testcase name="`StablePolicy Unit Tests` → `management authorization` → basic users cannot create stables" class="Tests\Unit\Policies\StablePolicyTest" classname="Tests.Unit.Policies.StablePolicyTest" file="tests/Unit/Policies/StablePolicyTest.php::`StablePolicy Unit Tests` → `management authorization` → basic users cannot create stables" line="0" assertions="1" time="0.022734"/>
      <testcase name="`StablePolicy Unit Tests` → `management authorization` → basic users cannot update stables" class="Tests\Unit\Policies\StablePolicyTest" classname="Tests.Unit.Policies.StablePolicyTest" file="tests/Unit/Policies/StablePolicyTest.php::`StablePolicy Unit Tests` → `management authorization` → basic users cannot update stables" line="0" assertions="1" time="0.024568"/>
      <testcase name="`StablePolicy Unit Tests` → `management authorization` → basic users cannot delete stables" class="Tests\Unit\Policies\StablePolicyTest" classname="Tests.Unit.Policies.StablePolicyTest" file="tests/Unit/Policies/StablePolicyTest.php::`StablePolicy Unit Tests` → `management authorization` → basic users cannot delete stables" line="0" assertions="1" time="0.023072"/>
      <testcase name="`StablePolicy Unit Tests` → `management authorization` → basic users cannot restore stables" class="Tests\Unit\Policies\StablePolicyTest" classname="Tests.Unit.Policies.StablePolicyTest" file="tests/Unit/Policies/StablePolicyTest.php::`StablePolicy Unit Tests` → `management authorization` → basic users cannot restore stables" line="0" assertions="1" time="0.030299"/>
      <testcase name="`StablePolicy Unit Tests` → `stable business action authorization` → basic users cannot disband stables" class="Tests\Unit\Policies\StablePolicyTest" classname="Tests.Unit.Policies.StablePolicyTest" file="tests/Unit/Policies/StablePolicyTest.php::`StablePolicy Unit Tests` → `stable business action authorization` → basic users cannot disband stables" line="0" assertions="1" time="0.030572"/>
      <testcase name="`StablePolicy Unit Tests` → `stable business action authorization` → basic users cannot retire stables" class="Tests\Unit\Policies\StablePolicyTest" classname="Tests.Unit.Policies.StablePolicyTest" file="tests/Unit/Policies/StablePolicyTest.php::`StablePolicy Unit Tests` → `stable business action authorization` → basic users cannot retire stables" line="0" assertions="1" time="0.037136"/>
      <testcase name="`StablePolicy Unit Tests` → `stable business action authorization` → basic users cannot unretire stables" class="Tests\Unit\Policies\StablePolicyTest" classname="Tests.Unit.Policies.StablePolicyTest" file="tests/Unit/Policies/StablePolicyTest.php::`StablePolicy Unit Tests` → `stable business action authorization` → basic users cannot unretire stables" line="0" assertions="1" time="0.029113"/>
      <testcase name="`StablePolicy Unit Tests` → `stable business action authorization` → business action policies work regardless of stable status" class="Tests\Unit\Policies\StablePolicyTest" classname="Tests.Unit.Policies.StablePolicyTest" file="tests/Unit/Policies/StablePolicyTest.php::`StablePolicy Unit Tests` → `stable business action authorization` → business action policies work regardless of stable status" line="0" assertions="12" time="0.055411"/>
      <testcase name="`StablePolicy Unit Tests` → `edge cases and boundary conditions` → policy handles null user gracefully" class="Tests\Unit\Policies\StablePolicyTest" classname="Tests.Unit.Policies.StablePolicyTest" file="tests/Unit/Policies/StablePolicyTest.php::`StablePolicy Unit Tests` → `edge cases and boundary conditions` → policy handles null user gracefully" line="0" assertions="6" time="0.021775"/>
      <testcase name="`StablePolicy Unit Tests` → `edge cases and boundary conditions` → policy works with soft deleted stables" class="Tests\Unit\Policies\StablePolicyTest" classname="Tests.Unit.Policies.StablePolicyTest" file="tests/Unit/Policies/StablePolicyTest.php::`StablePolicy Unit Tests` → `edge cases and boundary conditions` → policy works with soft deleted stables" line="0" assertions="3" time="0.021794"/>
      <testcase name="`StablePolicy Unit Tests` → `edge cases and boundary conditions` → policy consistency across all stable statuses" class="Tests\Unit\Policies\StablePolicyTest" classname="Tests.Unit.Policies.StablePolicyTest" file="tests/Unit/Policies/StablePolicyTest.php::`StablePolicy Unit Tests` → `edge cases and boundary conditions` → policy consistency across all stable statuses" line="0" assertions="30" time="0.048302"/>
      <testcase name="`StablePolicy Unit Tests` → `policy method completeness` → all required policy methods exist" class="Tests\Unit\Policies\StablePolicyTest" classname="Tests.Unit.Policies.StablePolicyTest" file="tests/Unit/Policies/StablePolicyTest.php::`StablePolicy Unit Tests` → `policy method completeness` → all required policy methods exist" line="0" assertions="10" time="0.025261"/>
      <testcase name="`StablePolicy Unit Tests` → `policy method completeness` → policy methods have correct signatures" class="Tests\Unit\Policies\StablePolicyTest" classname="Tests.Unit.Policies.StablePolicyTest" file="tests/Unit/Policies/StablePolicyTest.php::`StablePolicy Unit Tests` → `policy method completeness` → policy methods have correct signatures" line="0" assertions="3" time="0.023252"/>
      <testcase name="`StablePolicy Unit Tests` → `authorization consistency` → all authorization methods return boolean for basic users" class="Tests\Unit\Policies\StablePolicyTest" classname="Tests.Unit.Policies.StablePolicyTest" file="tests/Unit/Policies/StablePolicyTest.php::`StablePolicy Unit Tests` → `authorization consistency` → all authorization methods return boolean for basic users" line="0" assertions="18" time="0.027929"/>
      <testcase name="`StablePolicy Unit Tests` → `authorization consistency` → before hook returns boolean true for admin or null for others" class="Tests\Unit\Policies\StablePolicyTest" classname="Tests.Unit.Policies.StablePolicyTest" file="tests/Unit/Policies/StablePolicyTest.php::`StablePolicy Unit Tests` → `authorization consistency` → before hook returns boolean true for admin or null for others" line="0" assertions="18" time="0.025873"/>
    </testsuite>
    <testsuite name="Tests\Unit\Policies\TagTeamPolicyTest" file="tests/Unit/Policies/TagTeamPolicyTest.php" tests="31" assertions="105" errors="0" failures="0" skipped="0" time="0.574326">
      <testcase name="`TagTeamPolicy Unit Tests` → `before hook authorization` → administrators bypass all authorization checks" class="Tests\Unit\Policies\TagTeamPolicyTest" classname="Tests.Unit.Policies.TagTeamPolicyTest" file="tests/Unit/Policies/TagTeamPolicyTest.php::`TagTeamPolicy Unit Tests` → `before hook authorization` → administrators bypass all authorization checks" line="0" assertions="12" time="0.015665"/>
      <testcase name="`TagTeamPolicy Unit Tests` → `before hook authorization` → non-administrators do not bypass authorization checks" class="Tests\Unit\Policies\TagTeamPolicyTest" classname="Tests.Unit.Policies.TagTeamPolicyTest" file="tests/Unit/Policies/TagTeamPolicyTest.php::`TagTeamPolicy Unit Tests` → `before hook authorization` → non-administrators do not bypass authorization checks" line="0" assertions="12" time="0.014803"/>
      <testcase name="`TagTeamPolicy Unit Tests` → `view permissions` → viewList denies access for basic users" class="Tests\Unit\Policies\TagTeamPolicyTest" classname="Tests.Unit.Policies.TagTeamPolicyTest" file="tests/Unit/Policies/TagTeamPolicyTest.php::`TagTeamPolicy Unit Tests` → `view permissions` → viewList denies access for basic users" line="0" assertions="1" time="0.016791"/>
      <testcase name="`TagTeamPolicy Unit Tests` → `view permissions` → view denies access for basic users" class="Tests\Unit\Policies\TagTeamPolicyTest" classname="Tests.Unit.Policies.TagTeamPolicyTest" file="tests/Unit/Policies/TagTeamPolicyTest.php::`TagTeamPolicy Unit Tests` → `view permissions` → view denies access for basic users" line="0" assertions="1" time="0.015773"/>
      <testcase name="`TagTeamPolicy Unit Tests` → `crud permissions` → create denies access for basic users" class="Tests\Unit\Policies\TagTeamPolicyTest" classname="Tests.Unit.Policies.TagTeamPolicyTest" file="tests/Unit/Policies/TagTeamPolicyTest.php::`TagTeamPolicy Unit Tests` → `crud permissions` → create denies access for basic users" line="0" assertions="1" time="0.014397"/>
      <testcase name="`TagTeamPolicy Unit Tests` → `crud permissions` → update denies access for basic users" class="Tests\Unit\Policies\TagTeamPolicyTest" classname="Tests.Unit.Policies.TagTeamPolicyTest" file="tests/Unit/Policies/TagTeamPolicyTest.php::`TagTeamPolicy Unit Tests` → `crud permissions` → update denies access for basic users" line="0" assertions="1" time="0.025994"/>
      <testcase name="`TagTeamPolicy Unit Tests` → `crud permissions` → delete denies access for basic users" class="Tests\Unit\Policies\TagTeamPolicyTest" classname="Tests.Unit.Policies.TagTeamPolicyTest" file="tests/Unit/Policies/TagTeamPolicyTest.php::`TagTeamPolicy Unit Tests` → `crud permissions` → delete denies access for basic users" line="0" assertions="1" time="0.014009"/>
      <testcase name="`TagTeamPolicy Unit Tests` → `crud permissions` → restore denies access for basic users" class="Tests\Unit\Policies\TagTeamPolicyTest" classname="Tests.Unit.Policies.TagTeamPolicyTest" file="tests/Unit/Policies/TagTeamPolicyTest.php::`TagTeamPolicy Unit Tests` → `crud permissions` → restore denies access for basic users" line="0" assertions="1" time="0.014067"/>
      <testcase name="`TagTeamPolicy Unit Tests` → `employment management permissions` → employ denies access for basic users" class="Tests\Unit\Policies\TagTeamPolicyTest" classname="Tests.Unit.Policies.TagTeamPolicyTest" file="tests/Unit/Policies/TagTeamPolicyTest.php::`TagTeamPolicy Unit Tests` → `employment management permissions` → employ denies access for basic users" line="0" assertions="1" time="0.018212"/>
      <testcase name="`TagTeamPolicy Unit Tests` → `employment management permissions` → release denies access for basic users" class="Tests\Unit\Policies\TagTeamPolicyTest" classname="Tests.Unit.Policies.TagTeamPolicyTest" file="tests/Unit/Policies/TagTeamPolicyTest.php::`TagTeamPolicy Unit Tests` → `employment management permissions` → release denies access for basic users" line="0" assertions="1" time="0.018596"/>
      <testcase name="`TagTeamPolicy Unit Tests` → `employment management permissions` → suspend denies access for basic users" class="Tests\Unit\Policies\TagTeamPolicyTest" classname="Tests.Unit.Policies.TagTeamPolicyTest" file="tests/Unit/Policies/TagTeamPolicyTest.php::`TagTeamPolicy Unit Tests` → `employment management permissions` → suspend denies access for basic users" line="0" assertions="1" time="0.015375"/>
      <testcase name="`TagTeamPolicy Unit Tests` → `employment management permissions` → reinstate denies access for basic users" class="Tests\Unit\Policies\TagTeamPolicyTest" classname="Tests.Unit.Policies.TagTeamPolicyTest" file="tests/Unit/Policies/TagTeamPolicyTest.php::`TagTeamPolicy Unit Tests` → `employment management permissions` → reinstate denies access for basic users" line="0" assertions="1" time="0.014900"/>
      <testcase name="`TagTeamPolicy Unit Tests` → `employment management permissions` → retire denies access for basic users" class="Tests\Unit\Policies\TagTeamPolicyTest" classname="Tests.Unit.Policies.TagTeamPolicyTest" file="tests/Unit/Policies/TagTeamPolicyTest.php::`TagTeamPolicy Unit Tests` → `employment management permissions` → retire denies access for basic users" line="0" assertions="1" time="0.017962"/>
      <testcase name="`TagTeamPolicy Unit Tests` → `employment management permissions` → unretire denies access for basic users" class="Tests\Unit\Policies\TagTeamPolicyTest" classname="Tests.Unit.Policies.TagTeamPolicyTest" file="tests/Unit/Policies/TagTeamPolicyTest.php::`TagTeamPolicy Unit Tests` → `employment management permissions` → unretire denies access for basic users" line="0" assertions="1" time="0.018200"/>
      <testcase name="`TagTeamPolicy Unit Tests` → `tag team-specific business rules` → booking permissions consider tag team employment status" class="Tests\Unit\Policies\TagTeamPolicyTest" classname="Tests.Unit.Policies.TagTeamPolicyTest" file="tests/Unit/Policies/TagTeamPolicyTest.php::`TagTeamPolicy Unit Tests` → `tag team-specific business rules` → booking permissions consider tag team employment status" line="0" assertions="4" time="0.023575"/>
      <testcase name="`TagTeamPolicy Unit Tests` → `tag team-specific business rules` → partnership management considers tag team status" class="Tests\Unit\Policies\TagTeamPolicyTest" classname="Tests.Unit.Policies.TagTeamPolicyTest" file="tests/Unit/Policies/TagTeamPolicyTest.php::`TagTeamPolicy Unit Tests` → `tag team-specific business rules` → partnership management considers tag team status" line="0" assertions="2" time="0.022816"/>
      <testcase name="`TagTeamPolicy Unit Tests` → `tag team-specific business rules` → tag team management considers employment periods" class="Tests\Unit\Policies\TagTeamPolicyTest" classname="Tests.Unit.Policies.TagTeamPolicyTest" file="tests/Unit/Policies/TagTeamPolicyTest.php::`TagTeamPolicy Unit Tests` → `tag team-specific business rules` → tag team management considers employment periods" line="0" assertions="3" time="0.022079"/>
      <testcase name="`TagTeamPolicy Unit Tests` → `administrative override patterns` → administrator can perform restricted actions" class="Tests\Unit\Policies\TagTeamPolicyTest" classname="Tests.Unit.Policies.TagTeamPolicyTest" file="tests/Unit/Policies/TagTeamPolicyTest.php::`TagTeamPolicy Unit Tests` → `administrative override patterns` → administrator can perform restricted actions" line="0" assertions="6" time="0.025926"/>
      <testcase name="`TagTeamPolicy Unit Tests` → `administrative override patterns` → basic users cannot perform management actions" class="Tests\Unit\Policies\TagTeamPolicyTest" classname="Tests.Unit.Policies.TagTeamPolicyTest" file="tests/Unit/Policies/TagTeamPolicyTest.php::`TagTeamPolicy Unit Tests` → `administrative override patterns` → basic users cannot perform management actions" line="0" assertions="6" time="0.021394"/>
      <testcase name="`TagTeamPolicy Unit Tests` → `role-based authorization patterns` → role hierarchy is respected for tag team operations" class="Tests\Unit\Policies\TagTeamPolicyTest" classname="Tests.Unit.Policies.TagTeamPolicyTest" file="tests/Unit/Policies/TagTeamPolicyTest.php::`TagTeamPolicy Unit Tests` → `role-based authorization patterns` → role hierarchy is respected for tag team operations" line="0" assertions="6" time="0.014424"/>
      <testcase name="`TagTeamPolicy Unit Tests` → `role-based authorization patterns` → view permissions follow same restrictive pattern as management permissions" class="Tests\Unit\Policies\TagTeamPolicyTest" classname="Tests.Unit.Policies.TagTeamPolicyTest" file="tests/Unit/Policies/TagTeamPolicyTest.php::`TagTeamPolicy Unit Tests` → `role-based authorization patterns` → view permissions follow same restrictive pattern as management permissions" line="0" assertions="4" time="0.017820"/>
      <testcase name="`TagTeamPolicy Unit Tests` → `employment lifecycle authorization` → employment actions follow business rules" class="Tests\Unit\Policies\TagTeamPolicyTest" classname="Tests.Unit.Policies.TagTeamPolicyTest" file="tests/Unit/Policies/TagTeamPolicyTest.php::`TagTeamPolicy Unit Tests` → `employment lifecycle authorization` → employment actions follow business rules" line="0" assertions="6" time="0.023088"/>
      <testcase name="`TagTeamPolicy Unit Tests` → `employment lifecycle authorization` → suspension management follows employment rules" class="Tests\Unit\Policies\TagTeamPolicyTest" classname="Tests.Unit.Policies.TagTeamPolicyTest" file="tests/Unit/Policies/TagTeamPolicyTest.php::`TagTeamPolicy Unit Tests` → `employment lifecycle authorization` → suspension management follows employment rules" line="0" assertions="3" time="0.018842"/>
      <testcase name="`TagTeamPolicy Unit Tests` → `employment lifecycle authorization` → retirement management considers tag team status" class="Tests\Unit\Policies\TagTeamPolicyTest" classname="Tests.Unit.Policies.TagTeamPolicyTest" file="tests/Unit/Policies/TagTeamPolicyTest.php::`TagTeamPolicy Unit Tests` → `employment lifecycle authorization` → retirement management considers tag team status" line="0" assertions="3" time="0.021594"/>
      <testcase name="`TagTeamPolicy Unit Tests` → `partnership and booking authorization` → partnership management requires appropriate permissions" class="Tests\Unit\Policies\TagTeamPolicyTest" classname="Tests.Unit.Policies.TagTeamPolicyTest" file="tests/Unit/Policies/TagTeamPolicyTest.php::`TagTeamPolicy Unit Tests` → `partnership and booking authorization` → partnership management requires appropriate permissions" line="0" assertions="2" time="0.019694"/>
      <testcase name="`TagTeamPolicy Unit Tests` → `partnership and booking authorization` → booking permissions consider tag team availability" class="Tests\Unit\Policies\TagTeamPolicyTest" classname="Tests.Unit.Policies.TagTeamPolicyTest" file="tests/Unit/Policies/TagTeamPolicyTest.php::`TagTeamPolicy Unit Tests` → `partnership and booking authorization` → booking permissions consider tag team availability" line="0" assertions="2" time="0.025750"/>
      <testcase name="`TagTeamPolicy Unit Tests` → `soft delete and restoration authorization` → restoration permissions are properly restricted" class="Tests\Unit\Policies\TagTeamPolicyTest" classname="Tests.Unit.Policies.TagTeamPolicyTest" file="tests/Unit/Policies/TagTeamPolicyTest.php::`TagTeamPolicy Unit Tests` → `soft delete and restoration authorization` → restoration permissions are properly restricted" line="0" assertions="2" time="0.017906"/>
      <testcase name="`TagTeamPolicy Unit Tests` → `soft delete and restoration authorization` → deletion permissions consider tag team status" class="Tests\Unit\Policies\TagTeamPolicyTest" classname="Tests.Unit.Policies.TagTeamPolicyTest" file="tests/Unit/Policies/TagTeamPolicyTest.php::`TagTeamPolicy Unit Tests` → `soft delete and restoration authorization` → deletion permissions consider tag team status" line="0" assertions="2" time="0.018757"/>
      <testcase name="`TagTeamPolicy Unit Tests` → `policy consistency and edge cases` → null user handling" class="Tests\Unit\Policies\TagTeamPolicyTest" classname="Tests.Unit.Policies.TagTeamPolicyTest" file="tests/Unit/Policies/TagTeamPolicyTest.php::`TagTeamPolicy Unit Tests` → `policy consistency and edge cases` → null user handling" line="0" assertions="5" time="0.014196"/>
      <testcase name="`TagTeamPolicy Unit Tests` → `policy consistency and edge cases` → policy methods return correct types" class="Tests\Unit\Policies\TagTeamPolicyTest" classname="Tests.Unit.Policies.TagTeamPolicyTest" file="tests/Unit/Policies/TagTeamPolicyTest.php::`TagTeamPolicy Unit Tests` → `policy consistency and edge cases` → policy methods return correct types" line="0" assertions="11" time="0.014390"/>
      <testcase name="`TagTeamPolicy Unit Tests` → `policy consistency and edge cases` → before hook returns correct types" class="Tests\Unit\Policies\TagTeamPolicyTest" classname="Tests.Unit.Policies.TagTeamPolicyTest" file="tests/Unit/Policies/TagTeamPolicyTest.php::`TagTeamPolicy Unit Tests` → `policy consistency and edge cases` → before hook returns correct types" line="0" assertions="2" time="0.017330"/>
    </testsuite>
    <testsuite name="Tests\Unit\Policies\TitlePolicyTest" file="tests/Unit/Policies/TitlePolicyTest.php" tests="23" assertions="111" errors="0" failures="0" skipped="0" time="0.403341">
      <testcase name="`TitlePolicy Unit Tests` → `before hook behavior` → administrators bypass all authorization checks" class="Tests\Unit\Policies\TitlePolicyTest" classname="Tests.Unit.Policies.TitlePolicyTest" file="tests/Unit/Policies/TitlePolicyTest.php::`TitlePolicy Unit Tests` → `before hook behavior` → administrators bypass all authorization checks" line="0" assertions="6" time="0.016776"/>
      <testcase name="`TitlePolicy Unit Tests` → `before hook behavior` → basic users continue to individual method checks" class="Tests\Unit\Policies\TitlePolicyTest" classname="Tests.Unit.Policies.TitlePolicyTest" file="tests/Unit/Policies/TitlePolicyTest.php::`TitlePolicy Unit Tests` → `before hook behavior` → basic users continue to individual method checks" line="0" assertions="6" time="0.014725"/>
      <testcase name="`TitlePolicy Unit Tests` → `before hook behavior` → before hook works for arbitrary abilities" class="Tests\Unit\Policies\TitlePolicyTest" classname="Tests.Unit.Policies.TitlePolicyTest" file="tests/Unit/Policies/TitlePolicyTest.php::`TitlePolicy Unit Tests` → `before hook behavior` → before hook works for arbitrary abilities" line="0" assertions="2" time="0.016638"/>
      <testcase name="`TitlePolicy Unit Tests` → `before hook behavior` → before hook works for title-specific abilities" class="Tests\Unit\Policies\TitlePolicyTest" classname="Tests.Unit.Policies.TitlePolicyTest" file="tests/Unit/Policies/TitlePolicyTest.php::`TitlePolicy Unit Tests` → `before hook behavior` → before hook works for title-specific abilities" line="0" assertions="10" time="0.018459"/>
      <testcase name="`TitlePolicy Unit Tests` → `basic CRUD permissions` → viewList method denies basic users" class="Tests\Unit\Policies\TitlePolicyTest" classname="Tests.Unit.Policies.TitlePolicyTest" file="tests/Unit/Policies/TitlePolicyTest.php::`TitlePolicy Unit Tests` → `basic CRUD permissions` → viewList method denies basic users" line="0" assertions="1" time="0.014401"/>
      <testcase name="`TitlePolicy Unit Tests` → `basic CRUD permissions` → view method denies basic users" class="Tests\Unit\Policies\TitlePolicyTest" classname="Tests.Unit.Policies.TitlePolicyTest" file="tests/Unit/Policies/TitlePolicyTest.php::`TitlePolicy Unit Tests` → `basic CRUD permissions` → view method denies basic users" line="0" assertions="1" time="0.014603"/>
      <testcase name="`TitlePolicy Unit Tests` → `basic CRUD permissions` → create method denies basic users" class="Tests\Unit\Policies\TitlePolicyTest" classname="Tests.Unit.Policies.TitlePolicyTest" file="tests/Unit/Policies/TitlePolicyTest.php::`TitlePolicy Unit Tests` → `basic CRUD permissions` → create method denies basic users" line="0" assertions="1" time="0.014782"/>
      <testcase name="`TitlePolicy Unit Tests` → `basic CRUD permissions` → update method denies basic users" class="Tests\Unit\Policies\TitlePolicyTest" classname="Tests.Unit.Policies.TitlePolicyTest" file="tests/Unit/Policies/TitlePolicyTest.php::`TitlePolicy Unit Tests` → `basic CRUD permissions` → update method denies basic users" line="0" assertions="1" time="0.022409"/>
      <testcase name="`TitlePolicy Unit Tests` → `basic CRUD permissions` → delete method denies basic users" class="Tests\Unit\Policies\TitlePolicyTest" classname="Tests.Unit.Policies.TitlePolicyTest" file="tests/Unit/Policies/TitlePolicyTest.php::`TitlePolicy Unit Tests` → `basic CRUD permissions` → delete method denies basic users" line="0" assertions="1" time="0.015003"/>
      <testcase name="`TitlePolicy Unit Tests` → `basic CRUD permissions` → restore method denies basic users" class="Tests\Unit\Policies\TitlePolicyTest" classname="Tests.Unit.Policies.TitlePolicyTest" file="tests/Unit/Policies/TitlePolicyTest.php::`TitlePolicy Unit Tests` → `basic CRUD permissions` → restore method denies basic users" line="0" assertions="1" time="0.021269"/>
      <testcase name="`TitlePolicy Unit Tests` → `policy integration with Laravel Gate` → policy integrates correctly with Gate facade" class="Tests\Unit\Policies\TitlePolicyTest" classname="Tests.Unit.Policies.TitlePolicyTest" file="tests/Unit/Policies/TitlePolicyTest.php::`TitlePolicy Unit Tests` → `policy integration with Laravel Gate` → policy integrates correctly with Gate facade" line="0" assertions="6" time="0.018149"/>
      <testcase name="`TitlePolicy Unit Tests` → `policy integration with Laravel Gate` → policy works with specific title instances" class="Tests\Unit\Policies\TitlePolicyTest" classname="Tests.Unit.Policies.TitlePolicyTest" file="tests/Unit/Policies/TitlePolicyTest.php::`TitlePolicy Unit Tests` → `policy integration with Laravel Gate` → policy works with specific title instances" line="0" assertions="6" time="0.016996"/>
      <testcase name="`TitlePolicy Unit Tests` → `policy integration with Laravel Gate` → policy supports title-specific operations through Gate" class="Tests\Unit\Policies\TitlePolicyTest" classname="Tests.Unit.Policies.TitlePolicyTest" file="tests/Unit/Policies/TitlePolicyTest.php::`TitlePolicy Unit Tests` → `policy integration with Laravel Gate` → policy supports title-specific operations through Gate" line="0" assertions="10" time="0.021087"/>
      <testcase name="`TitlePolicy Unit Tests` → `policy method consistency` → all policy methods follow consistent pattern" class="Tests\Unit\Policies\TitlePolicyTest" classname="Tests.Unit.Policies.TitlePolicyTest" file="tests/Unit/Policies/TitlePolicyTest.php::`TitlePolicy Unit Tests` → `policy method consistency` → all policy methods follow consistent pattern" line="0" assertions="12" time="0.019312"/>
      <testcase name="`TitlePolicy Unit Tests` → `policy method consistency` → policy has all expected methods" class="Tests\Unit\Policies\TitlePolicyTest" classname="Tests.Unit.Policies.TitlePolicyTest" file="tests/Unit/Policies/TitlePolicyTest.php::`TitlePolicy Unit Tests` → `policy method consistency` → policy has all expected methods" line="0" assertions="7" time="0.014837"/>
      <testcase name="`TitlePolicy Unit Tests` → `policy method consistency` → policy is simpler than wrestler policy" class="Tests\Unit\Policies\TitlePolicyTest" classname="Tests.Unit.Policies.TitlePolicyTest" file="tests/Unit/Policies/TitlePolicyTest.php::`TitlePolicy Unit Tests` → `policy method consistency` → policy is simpler than wrestler policy" line="0" assertions="5" time="0.014813"/>
      <testcase name="`TitlePolicy Unit Tests` → `title-specific business context` → policy supports title lifecycle operations via before hook" class="Tests\Unit\Policies\TitlePolicyTest" classname="Tests.Unit.Policies.TitlePolicyTest" file="tests/Unit/Policies/TitlePolicyTest.php::`TitlePolicy Unit Tests` → `title-specific business context` → policy supports title lifecycle operations via before hook" line="0" assertions="16" time="0.025127"/>
      <testcase name="`TitlePolicy Unit Tests` → `title-specific business context` → policy works with different title types" class="Tests\Unit\Policies\TitlePolicyTest" classname="Tests.Unit.Policies.TitlePolicyTest" file="tests/Unit/Policies/TitlePolicyTest.php::`TitlePolicy Unit Tests` → `title-specific business context` → policy works with different title types" line="0" assertions="4" time="0.018087"/>
      <testcase name="`TitlePolicy Unit Tests` → `title-specific business context` → policy works with different title statuses" class="Tests\Unit\Policies\TitlePolicyTest" classname="Tests.Unit.Policies.TitlePolicyTest" file="tests/Unit/Policies/TitlePolicyTest.php::`TitlePolicy Unit Tests` → `title-specific business context` → policy works with different title statuses" line="0" assertions="6" time="0.017659"/>
      <testcase name="`TitlePolicy Unit Tests` → `edge cases and security` → policy handles null user gracefully" class="Tests\Unit\Policies\TitlePolicyTest" classname="Tests.Unit.Policies.TitlePolicyTest" file="tests/Unit/Policies/TitlePolicyTest.php::`TitlePolicy Unit Tests` → `edge cases and security` → policy handles null user gracefully" line="0" assertions="1" time="0.018196"/>
      <testcase name="`TitlePolicy Unit Tests` → `edge cases and security` → policy methods are type-safe" class="Tests\Unit\Policies\TitlePolicyTest" classname="Tests.Unit.Policies.TitlePolicyTest" file="tests/Unit/Policies/TitlePolicyTest.php::`TitlePolicy Unit Tests` → `edge cases and security` → policy methods are type-safe" line="0" assertions="2" time="0.015828"/>
      <testcase name="`TitlePolicy Unit Tests` → `edge cases and security` → policy is consistent across multiple instances" class="Tests\Unit\Policies\TitlePolicyTest" classname="Tests.Unit.Policies.TitlePolicyTest" file="tests/Unit/Policies/TitlePolicyTest.php::`TitlePolicy Unit Tests` → `edge cases and security` → policy is consistent across multiple instances" line="0" assertions="2" time="0.018524"/>
      <testcase name="`TitlePolicy Unit Tests` → `edge cases and security` → policy is stateless" class="Tests\Unit\Policies\TitlePolicyTest" classname="Tests.Unit.Policies.TitlePolicyTest" file="tests/Unit/Policies/TitlePolicyTest.php::`TitlePolicy Unit Tests` → `edge cases and security` → policy is stateless" line="0" assertions="4" time="0.015659"/>
    </testsuite>
    <testsuite name="Tests\Unit\Policies\UserPolicyTest" file="tests/Unit/Policies/UserPolicyTest.php" tests="26" assertions="129" errors="0" failures="0" skipped="0" time="0.449677">
      <testcase name="`UserPolicy before hook` → before hook allows administrators for any ability" class="Tests\Unit\Policies\UserPolicyTest" classname="Tests.Unit.Policies.UserPolicyTest" file="tests/Unit/Policies/UserPolicyTest.php::`UserPolicy before hook` → before hook allows administrators for any ability" line="0" assertions="1" time="0.016278"/>
      <testcase name="`UserPolicy before hook` → before hook returns null for basic users" class="Tests\Unit\Policies\UserPolicyTest" classname="Tests.Unit.Policies.UserPolicyTest" file="tests/Unit/Policies/UserPolicyTest.php::`UserPolicy before hook` → before hook returns null for basic users" line="0" assertions="1" time="0.015646"/>
      <testcase name="`UserPolicy before hook` → before hook allows administrators for all abilities" class="Tests\Unit\Policies\UserPolicyTest" classname="Tests.Unit.Policies.UserPolicyTest" file="tests/Unit/Policies/UserPolicyTest.php::`UserPolicy before hook` → before hook allows administrators for all abilities" line="0" assertions="6" time="0.014872"/>
      <testcase name="`UserPolicy before hook` → before hook returns null for basic users on all abilities" class="Tests\Unit\Policies\UserPolicyTest" classname="Tests.Unit.Policies.UserPolicyTest" file="tests/Unit/Policies/UserPolicyTest.php::`UserPolicy before hook` → before hook returns null for basic users on all abilities" line="0" assertions="6" time="0.016493"/>
      <testcase name="`UserPolicy before hook` → before hook works for user-specific abilities" class="Tests\Unit\Policies\UserPolicyTest" classname="Tests.Unit.Policies.UserPolicyTest" file="tests/Unit/Policies/UserPolicyTest.php::`UserPolicy before hook` → before hook works for user-specific abilities" line="0" assertions="8" time="0.019551"/>
      <testcase name="`UserPolicy individual methods` → viewList method returns false for basic users" class="Tests\Unit\Policies\UserPolicyTest" classname="Tests.Unit.Policies.UserPolicyTest" file="tests/Unit/Policies/UserPolicyTest.php::`UserPolicy individual methods` → viewList method returns false for basic users" line="0" assertions="1" time="0.014919"/>
      <testcase name="`UserPolicy individual methods` → view method returns false for basic users" class="Tests\Unit\Policies\UserPolicyTest" classname="Tests.Unit.Policies.UserPolicyTest" file="tests/Unit/Policies/UserPolicyTest.php::`UserPolicy individual methods` → view method returns false for basic users" line="0" assertions="1" time="0.014098"/>
      <testcase name="`UserPolicy individual methods` → create method returns false for basic users" class="Tests\Unit\Policies\UserPolicyTest" classname="Tests.Unit.Policies.UserPolicyTest" file="tests/Unit/Policies/UserPolicyTest.php::`UserPolicy individual methods` → create method returns false for basic users" line="0" assertions="1" time="0.013149"/>
      <testcase name="`UserPolicy individual methods` → update method returns false for basic users" class="Tests\Unit\Policies\UserPolicyTest" classname="Tests.Unit.Policies.UserPolicyTest" file="tests/Unit/Policies/UserPolicyTest.php::`UserPolicy individual methods` → update method returns false for basic users" line="0" assertions="1" time="0.013267"/>
      <testcase name="`UserPolicy individual methods` → delete method returns false for basic users" class="Tests\Unit\Policies\UserPolicyTest" classname="Tests.Unit.Policies.UserPolicyTest" file="tests/Unit/Policies/UserPolicyTest.php::`UserPolicy individual methods` → delete method returns false for basic users" line="0" assertions="1" time="0.013432"/>
      <testcase name="`UserPolicy individual methods` → restore method returns false for basic users" class="Tests\Unit\Policies\UserPolicyTest" classname="Tests.Unit.Policies.UserPolicyTest" file="tests/Unit/Policies/UserPolicyTest.php::`UserPolicy individual methods` → restore method returns false for basic users" line="0" assertions="1" time="0.018528"/>
      <testcase name="`UserPolicy integration with Gate facade` → Gate allows administrators through before hook" class="Tests\Unit\Policies\UserPolicyTest" classname="Tests.Unit.Policies.UserPolicyTest" file="tests/Unit/Policies/UserPolicyTest.php::`UserPolicy integration with Gate facade` → Gate allows administrators through before hook" line="0" assertions="6" time="0.017370"/>
      <testcase name="`UserPolicy integration with Gate facade` → Gate denies basic users after before hook returns null" class="Tests\Unit\Policies\UserPolicyTest" classname="Tests.Unit.Policies.UserPolicyTest" file="tests/Unit/Policies/UserPolicyTest.php::`UserPolicy integration with Gate facade` → Gate denies basic users after before hook returns null" line="0" assertions="6" time="0.028574"/>
      <testcase name="`UserPolicy integration with Gate facade` → Gate works with specific user instances" class="Tests\Unit\Policies\UserPolicyTest" classname="Tests.Unit.Policies.UserPolicyTest" file="tests/Unit/Policies/UserPolicyTest.php::`UserPolicy integration with Gate facade` → Gate works with specific user instances" line="0" assertions="6" time="0.018407"/>
      <testcase name="`UserPolicy method signatures` → policy class exists and has required methods" class="Tests\Unit\Policies\UserPolicyTest" classname="Tests.Unit.Policies.UserPolicyTest" file="tests/Unit/Policies/UserPolicyTest.php::`UserPolicy method signatures` → policy class exists and has required methods" line="0" assertions="8" time="0.011600"/>
      <testcase name="`UserPolicy method signatures` → before method has correct signature" class="Tests\Unit\Policies\UserPolicyTest" classname="Tests.Unit.Policies.UserPolicyTest" file="tests/Unit/Policies/UserPolicyTest.php::`UserPolicy method signatures` → before method has correct signature" line="0" assertions="4" time="0.010729"/>
      <testcase name="`UserPolicy method signatures` → policy methods have correct signatures" class="Tests\Unit\Policies\UserPolicyTest" classname="Tests.Unit.Policies.UserPolicyTest" file="tests/Unit/Policies/UserPolicyTest.php::`UserPolicy method signatures` → policy methods have correct signatures" line="0" assertions="18" time="0.017253"/>
      <testcase name="`UserPolicy business context` → policy supports user management operations via before hook" class="Tests\Unit\Policies\UserPolicyTest" classname="Tests.Unit.Policies.UserPolicyTest" file="tests/Unit/Policies/UserPolicyTest.php::`UserPolicy business context` → policy supports user management operations via before hook" line="0" assertions="16" time="0.040432"/>
      <testcase name="`UserPolicy business context` → policy works with different user roles" class="Tests\Unit\Policies\UserPolicyTest" classname="Tests.Unit.Policies.UserPolicyTest" file="tests/Unit/Policies/UserPolicyTest.php::`UserPolicy business context` → policy works with different user roles" line="0" assertions="4" time="0.023161"/>
      <testcase name="`UserPolicy business context` → policy works with different user statuses" class="Tests\Unit\Policies\UserPolicyTest" classname="Tests.Unit.Policies.UserPolicyTest" file="tests/Unit/Policies/UserPolicyTest.php::`UserPolicy business context` → policy works with different user statuses" line="0" assertions="6" time="0.025073"/>
      <testcase name="`UserPolicy business context` → policy maintains consistency with authentication system" class="Tests\Unit\Policies\UserPolicyTest" classname="Tests.Unit.Policies.UserPolicyTest" file="tests/Unit/Policies/UserPolicyTest.php::`UserPolicy business context` → policy maintains consistency with authentication system" line="0" assertions="4" time="0.013999"/>
      <testcase name="`UserPolicy edge cases and security` → policy handles null user gracefully" class="Tests\Unit\Policies\UserPolicyTest" classname="Tests.Unit.Policies.UserPolicyTest" file="tests/Unit/Policies/UserPolicyTest.php::`UserPolicy edge cases and security` → policy handles null user gracefully" line="0" assertions="1" time="0.010584"/>
      <testcase name="`UserPolicy edge cases and security` → policy methods are type-safe" class="Tests\Unit\Policies\UserPolicyTest" classname="Tests.Unit.Policies.UserPolicyTest" file="tests/Unit/Policies/UserPolicyTest.php::`UserPolicy edge cases and security` → policy methods are type-safe" line="0" assertions="2" time="0.011055"/>
      <testcase name="`UserPolicy edge cases and security` → policy is consistent across multiple instances" class="Tests\Unit\Policies\UserPolicyTest" classname="Tests.Unit.Policies.UserPolicyTest" file="tests/Unit/Policies/UserPolicyTest.php::`UserPolicy edge cases and security` → policy is consistent across multiple instances" line="0" assertions="2" time="0.017092"/>
      <testcase name="`UserPolicy edge cases and security` → policy is stateless" class="Tests\Unit\Policies\UserPolicyTest" classname="Tests.Unit.Policies.UserPolicyTest" file="tests/Unit/Policies/UserPolicyTest.php::`UserPolicy edge cases and security` → policy is stateless" line="0" assertions="4" time="0.019481"/>
      <testcase name="`UserPolicy edge cases and security` → policy correctly identifies administrator privileges" class="Tests\Unit\Policies\UserPolicyTest" classname="Tests.Unit.Policies.UserPolicyTest" file="tests/Unit/Policies/UserPolicyTest.php::`UserPolicy edge cases and security` → policy correctly identifies administrator privileges" line="0" assertions="14" time="0.014634"/>
    </testsuite>
    <testsuite name="Tests\Unit\Policies\VenuePolicyTest" file="tests/Unit/Policies/VenuePolicyTest.php" tests="30" assertions="80" errors="0" failures="0" skipped="0" time="0.503139">
      <testcase name="`VenuePolicy Unit Tests` → `before hook authorization` → administrators bypass all authorization checks" class="Tests\Unit\Policies\VenuePolicyTest" classname="Tests.Unit.Policies.VenuePolicyTest" file="tests/Unit/Policies/VenuePolicyTest.php::`VenuePolicy Unit Tests` → `before hook authorization` → administrators bypass all authorization checks" line="0" assertions="6" time="0.016995"/>
      <testcase name="`VenuePolicy Unit Tests` → `before hook authorization` → non-administrators do not bypass authorization checks" class="Tests\Unit\Policies\VenuePolicyTest" classname="Tests.Unit.Policies.VenuePolicyTest" file="tests/Unit/Policies/VenuePolicyTest.php::`VenuePolicy Unit Tests` → `before hook authorization` → non-administrators do not bypass authorization checks" line="0" assertions="6" time="0.015693"/>
      <testcase name="`VenuePolicy Unit Tests` → `view permissions` → viewList denies access for basic users" class="Tests\Unit\Policies\VenuePolicyTest" classname="Tests.Unit.Policies.VenuePolicyTest" file="tests/Unit/Policies/VenuePolicyTest.php::`VenuePolicy Unit Tests` → `view permissions` → viewList denies access for basic users" line="0" assertions="1" time="0.014037"/>
      <testcase name="`VenuePolicy Unit Tests` → `view permissions` → view denies access for basic users" class="Tests\Unit\Policies\VenuePolicyTest" classname="Tests.Unit.Policies.VenuePolicyTest" file="tests/Unit/Policies/VenuePolicyTest.php::`VenuePolicy Unit Tests` → `view permissions` → view denies access for basic users" line="0" assertions="1" time="0.013832"/>
      <testcase name="`VenuePolicy Unit Tests` → `crud permissions` → create denies access for basic users" class="Tests\Unit\Policies\VenuePolicyTest" classname="Tests.Unit.Policies.VenuePolicyTest" file="tests/Unit/Policies/VenuePolicyTest.php::`VenuePolicy Unit Tests` → `crud permissions` → create denies access for basic users" line="0" assertions="1" time="0.013851"/>
      <testcase name="`VenuePolicy Unit Tests` → `crud permissions` → update denies access for basic users" class="Tests\Unit\Policies\VenuePolicyTest" classname="Tests.Unit.Policies.VenuePolicyTest" file="tests/Unit/Policies/VenuePolicyTest.php::`VenuePolicy Unit Tests` → `crud permissions` → update denies access for basic users" line="0" assertions="1" time="0.013770"/>
      <testcase name="`VenuePolicy Unit Tests` → `crud permissions` → delete denies access for basic users" class="Tests\Unit\Policies\VenuePolicyTest" classname="Tests.Unit.Policies.VenuePolicyTest" file="tests/Unit/Policies/VenuePolicyTest.php::`VenuePolicy Unit Tests` → `crud permissions` → delete denies access for basic users" line="0" assertions="1" time="0.013953"/>
      <testcase name="`VenuePolicy Unit Tests` → `crud permissions` → restore denies access for basic users" class="Tests\Unit\Policies\VenuePolicyTest" classname="Tests.Unit.Policies.VenuePolicyTest" file="tests/Unit/Policies/VenuePolicyTest.php::`VenuePolicy Unit Tests` → `crud permissions` → restore denies access for basic users" line="0" assertions="1" time="0.021190"/>
      <testcase name="`VenuePolicy Unit Tests` → `venue-specific business rules` → venue management considers facility requirements" class="Tests\Unit\Policies\VenuePolicyTest" classname="Tests.Unit.Policies.VenuePolicyTest" file="tests/Unit/Policies/VenuePolicyTest.php::`VenuePolicy Unit Tests` → `venue-specific business rules` → venue management considers facility requirements" line="0" assertions="3" time="0.018719"/>
      <testcase name="`VenuePolicy Unit Tests` → `venue-specific business rules` → venue location management considers geographic factors" class="Tests\Unit\Policies\VenuePolicyTest" classname="Tests.Unit.Policies.VenuePolicyTest" file="tests/Unit/Policies/VenuePolicyTest.php::`VenuePolicy Unit Tests` → `venue-specific business rules` → venue location management considers geographic factors" line="0" assertions="2" time="0.025605"/>
      <testcase name="`VenuePolicy Unit Tests` → `venue-specific business rules` → venue capacity and facilities do not affect base permissions" class="Tests\Unit\Policies\VenuePolicyTest" classname="Tests.Unit.Policies.VenuePolicyTest" file="tests/Unit/Policies/VenuePolicyTest.php::`VenuePolicy Unit Tests` → `venue-specific business rules` → venue capacity and facilities do not affect base permissions" line="0" assertions="2" time="0.019236"/>
      <testcase name="`VenuePolicy Unit Tests` → `administrative override patterns` → administrator can perform restricted actions" class="Tests\Unit\Policies\VenuePolicyTest" classname="Tests.Unit.Policies.VenuePolicyTest" file="tests/Unit/Policies/VenuePolicyTest.php::`VenuePolicy Unit Tests` → `administrative override patterns` → administrator can perform restricted actions" line="0" assertions="4" time="0.017938"/>
      <testcase name="`VenuePolicy Unit Tests` → `administrative override patterns` → basic users cannot perform management actions" class="Tests\Unit\Policies\VenuePolicyTest" classname="Tests.Unit.Policies.VenuePolicyTest" file="tests/Unit/Policies/VenuePolicyTest.php::`VenuePolicy Unit Tests` → `administrative override patterns` → basic users cannot perform management actions" line="0" assertions="4" time="0.016728"/>
      <testcase name="`VenuePolicy Unit Tests` → `role-based authorization patterns` → role hierarchy is respected for venue operations" class="Tests\Unit\Policies\VenuePolicyTest" classname="Tests.Unit.Policies.VenuePolicyTest" file="tests/Unit/Policies/VenuePolicyTest.php::`VenuePolicy Unit Tests` → `role-based authorization patterns` → role hierarchy is respected for venue operations" line="0" assertions="6" time="0.014890"/>
      <testcase name="`VenuePolicy Unit Tests` → `role-based authorization patterns` → view permissions are consistently restrictive" class="Tests\Unit\Policies\VenuePolicyTest" classname="Tests.Unit.Policies.VenuePolicyTest" file="tests/Unit/Policies/VenuePolicyTest.php::`VenuePolicy Unit Tests` → `role-based authorization patterns` → view permissions are consistently restrictive" line="0" assertions="2" time="0.013848"/>
      <testcase name="`VenuePolicy Unit Tests` → `venue address and location authorization` → address management follows standard authorization" class="Tests\Unit\Policies\VenuePolicyTest" classname="Tests.Unit.Policies.VenuePolicyTest" file="tests/Unit/Policies/VenuePolicyTest.php::`VenuePolicy Unit Tests` → `venue address and location authorization` → address management follows standard authorization" line="0" assertions="2" time="0.014021"/>
      <testcase name="`VenuePolicy Unit Tests` → `venue address and location authorization` → venue relocation authorization follows policy pattern" class="Tests\Unit\Policies\VenuePolicyTest" classname="Tests.Unit.Policies.VenuePolicyTest" file="tests/Unit/Policies/VenuePolicyTest.php::`VenuePolicy Unit Tests` → `venue address and location authorization` → venue relocation authorization follows policy pattern" line="0" assertions="2" time="0.016340"/>
      <testcase name="`VenuePolicy Unit Tests` → `venue event relationship authorization` → venue with event history follows standard authorization" class="Tests\Unit\Policies\VenuePolicyTest" classname="Tests.Unit.Policies.VenuePolicyTest" file="tests/Unit/Policies/VenuePolicyTest.php::`VenuePolicy Unit Tests` → `venue event relationship authorization` → venue with event history follows standard authorization" line="0" assertions="3" time="0.015291"/>
      <testcase name="`VenuePolicy Unit Tests` → `venue event relationship authorization` → venue booking management requires proper authorization" class="Tests\Unit\Policies\VenuePolicyTest" classname="Tests.Unit.Policies.VenuePolicyTest" file="tests/Unit/Policies/VenuePolicyTest.php::`VenuePolicy Unit Tests` → `venue event relationship authorization` → venue booking management requires proper authorization" line="0" assertions="2" time="0.016139"/>
      <testcase name="`VenuePolicy Unit Tests` → `soft delete and restoration authorization` → restoration permissions are properly restricted" class="Tests\Unit\Policies\VenuePolicyTest" classname="Tests.Unit.Policies.VenuePolicyTest" file="tests/Unit/Policies/VenuePolicyTest.php::`VenuePolicy Unit Tests` → `soft delete and restoration authorization` → restoration permissions are properly restricted" line="0" assertions="2" time="0.014930"/>
      <testcase name="`VenuePolicy Unit Tests` → `soft delete and restoration authorization` → deletion permissions consider venue status" class="Tests\Unit\Policies\VenuePolicyTest" classname="Tests.Unit.Policies.VenuePolicyTest" file="tests/Unit/Policies/VenuePolicyTest.php::`VenuePolicy Unit Tests` → `soft delete and restoration authorization` → deletion permissions consider venue status" line="0" assertions="2" time="0.018308"/>
      <testcase name="`VenuePolicy Unit Tests` → `policy consistency and edge cases` → null user handling" class="Tests\Unit\Policies\VenuePolicyTest" classname="Tests.Unit.Policies.VenuePolicyTest" file="tests/Unit/Policies/VenuePolicyTest.php::`VenuePolicy Unit Tests` → `policy consistency and edge cases` → null user handling" line="0" assertions="5" time="0.014093"/>
      <testcase name="`VenuePolicy Unit Tests` → `policy consistency and edge cases` → policy methods return correct types" class="Tests\Unit\Policies\VenuePolicyTest" classname="Tests.Unit.Policies.VenuePolicyTest" file="tests/Unit/Policies/VenuePolicyTest.php::`VenuePolicy Unit Tests` → `policy consistency and edge cases` → policy methods return correct types" line="0" assertions="6" time="0.013619"/>
      <testcase name="`VenuePolicy Unit Tests` → `policy consistency and edge cases` → before hook returns correct types" class="Tests\Unit\Policies\VenuePolicyTest" classname="Tests.Unit.Policies.VenuePolicyTest" file="tests/Unit/Policies/VenuePolicyTest.php::`VenuePolicy Unit Tests` → `policy consistency and edge cases` → before hook returns correct types" line="0" assertions="2" time="0.013659"/>
      <testcase name="`VenuePolicy Unit Tests` → `venue facility management authorization` → facility type does not affect authorization" class="Tests\Unit\Policies\VenuePolicyTest" classname="Tests.Unit.Policies.VenuePolicyTest" file="tests/Unit/Policies/VenuePolicyTest.php::`VenuePolicy Unit Tests` → `venue facility management authorization` → facility type does not affect authorization" line="0" assertions="3" time="0.019950"/>
      <testcase name="`VenuePolicy Unit Tests` → `venue facility management authorization` → venue capacity planning requires admin access" class="Tests\Unit\Policies\VenuePolicyTest" classname="Tests.Unit.Policies.VenuePolicyTest" file="tests/Unit/Policies/VenuePolicyTest.php::`VenuePolicy Unit Tests` → `venue facility management authorization` → venue capacity planning requires admin access" line="0" assertions="2" time="0.018566"/>
      <testcase name="`VenuePolicy Unit Tests` → `geographic and regional authorization` → venue location does not affect base authorization" class="Tests\Unit\Policies\VenuePolicyTest" classname="Tests.Unit.Policies.VenuePolicyTest" file="tests/Unit/Policies/VenuePolicyTest.php::`VenuePolicy Unit Tests` → `geographic and regional authorization` → venue location does not affect base authorization" line="0" assertions="2" time="0.017080"/>
      <testcase name="`VenuePolicy Unit Tests` → `geographic and regional authorization` → multi-state venue management follows standard rules" class="Tests\Unit\Policies\VenuePolicyTest" classname="Tests.Unit.Policies.VenuePolicyTest" file="tests/Unit/Policies/VenuePolicyTest.php::`VenuePolicy Unit Tests` → `geographic and regional authorization` → multi-state venue management follows standard rules" line="0" assertions="2" time="0.015715"/>
      <testcase name="`VenuePolicy Unit Tests` → `venue operational authorization` → venue maintenance authorization follows policy" class="Tests\Unit\Policies\VenuePolicyTest" classname="Tests.Unit.Policies.VenuePolicyTest" file="tests/Unit/Policies/VenuePolicyTest.php::`VenuePolicy Unit Tests` → `venue operational authorization` → venue maintenance authorization follows policy" line="0" assertions="2" time="0.019804"/>
      <testcase name="`VenuePolicy Unit Tests` → `venue operational authorization` → venue availability management requires admin access" class="Tests\Unit\Policies\VenuePolicyTest" classname="Tests.Unit.Policies.VenuePolicyTest" file="tests/Unit/Policies/VenuePolicyTest.php::`VenuePolicy Unit Tests` → `venue operational authorization` → venue availability management requires admin access" line="0" assertions="2" time="0.025338"/>
    </testsuite>
    <testsuite name="Tests\Unit\Policies\WrestlerPolicyTest" file="tests/Unit/Policies/WrestlerPolicyTest.php" tests="24" assertions="104" errors="0" failures="0" skipped="0" time="0.413202">
      <testcase name="`WrestlerPolicy Unit Tests` → `before hook behavior` → administrators bypass all authorization checks" class="Tests\Unit\Policies\WrestlerPolicyTest" classname="Tests.Unit.Policies.WrestlerPolicyTest" file="tests/Unit/Policies/WrestlerPolicyTest.php::`WrestlerPolicy Unit Tests` → `before hook behavior` → administrators bypass all authorization checks" line="0" assertions="14" time="0.020347"/>
      <testcase name="`WrestlerPolicy Unit Tests` → `before hook behavior` → basic users continue to individual method checks" class="Tests\Unit\Policies\WrestlerPolicyTest" classname="Tests.Unit.Policies.WrestlerPolicyTest" file="tests/Unit/Policies/WrestlerPolicyTest.php::`WrestlerPolicy Unit Tests` → `before hook behavior` → basic users continue to individual method checks" line="0" assertions="14" time="0.017110"/>
      <testcase name="`WrestlerPolicy Unit Tests` → `before hook behavior` → before hook works for arbitrary abilities" class="Tests\Unit\Policies\WrestlerPolicyTest" classname="Tests.Unit.Policies.WrestlerPolicyTest" file="tests/Unit/Policies/WrestlerPolicyTest.php::`WrestlerPolicy Unit Tests` → `before hook behavior` → before hook works for arbitrary abilities" line="0" assertions="2" time="0.014803"/>
      <testcase name="`WrestlerPolicy Unit Tests` → `basic CRUD permissions` → viewList method denies basic users" class="Tests\Unit\Policies\WrestlerPolicyTest" classname="Tests.Unit.Policies.WrestlerPolicyTest" file="tests/Unit/Policies/WrestlerPolicyTest.php::`WrestlerPolicy Unit Tests` → `basic CRUD permissions` → viewList method denies basic users" line="0" assertions="1" time="0.014773"/>
      <testcase name="`WrestlerPolicy Unit Tests` → `basic CRUD permissions` → view method denies basic users" class="Tests\Unit\Policies\WrestlerPolicyTest" classname="Tests.Unit.Policies.WrestlerPolicyTest" file="tests/Unit/Policies/WrestlerPolicyTest.php::`WrestlerPolicy Unit Tests` → `basic CRUD permissions` → view method denies basic users" line="0" assertions="1" time="0.014804"/>
      <testcase name="`WrestlerPolicy Unit Tests` → `basic CRUD permissions` → create method denies basic users" class="Tests\Unit\Policies\WrestlerPolicyTest" classname="Tests.Unit.Policies.WrestlerPolicyTest" file="tests/Unit/Policies/WrestlerPolicyTest.php::`WrestlerPolicy Unit Tests` → `basic CRUD permissions` → create method denies basic users" line="0" assertions="1" time="0.014828"/>
      <testcase name="`WrestlerPolicy Unit Tests` → `basic CRUD permissions` → update method denies basic users" class="Tests\Unit\Policies\WrestlerPolicyTest" classname="Tests.Unit.Policies.WrestlerPolicyTest" file="tests/Unit/Policies/WrestlerPolicyTest.php::`WrestlerPolicy Unit Tests` → `basic CRUD permissions` → update method denies basic users" line="0" assertions="1" time="0.015576"/>
      <testcase name="`WrestlerPolicy Unit Tests` → `basic CRUD permissions` → delete method denies basic users" class="Tests\Unit\Policies\WrestlerPolicyTest" classname="Tests.Unit.Policies.WrestlerPolicyTest" file="tests/Unit/Policies/WrestlerPolicyTest.php::`WrestlerPolicy Unit Tests` → `basic CRUD permissions` → delete method denies basic users" line="0" assertions="1" time="0.015378"/>
      <testcase name="`WrestlerPolicy Unit Tests` → `basic CRUD permissions` → restore method denies basic users" class="Tests\Unit\Policies\WrestlerPolicyTest" classname="Tests.Unit.Policies.WrestlerPolicyTest" file="tests/Unit/Policies/WrestlerPolicyTest.php::`WrestlerPolicy Unit Tests` → `basic CRUD permissions` → restore method denies basic users" line="0" assertions="1" time="0.015505"/>
      <testcase name="`WrestlerPolicy Unit Tests` → `employment management permissions` → employ method denies basic users" class="Tests\Unit\Policies\WrestlerPolicyTest" classname="Tests.Unit.Policies.WrestlerPolicyTest" file="tests/Unit/Policies/WrestlerPolicyTest.php::`WrestlerPolicy Unit Tests` → `employment management permissions` → employ method denies basic users" line="0" assertions="1" time="0.022038"/>
      <testcase name="`WrestlerPolicy Unit Tests` → `employment management permissions` → release method denies basic users" class="Tests\Unit\Policies\WrestlerPolicyTest" classname="Tests.Unit.Policies.WrestlerPolicyTest" file="tests/Unit/Policies/WrestlerPolicyTest.php::`WrestlerPolicy Unit Tests` → `employment management permissions` → release method denies basic users" line="0" assertions="1" time="0.015170"/>
      <testcase name="`WrestlerPolicy Unit Tests` → `retirement management permissions` → retire method denies basic users" class="Tests\Unit\Policies\WrestlerPolicyTest" classname="Tests.Unit.Policies.WrestlerPolicyTest" file="tests/Unit/Policies/WrestlerPolicyTest.php::`WrestlerPolicy Unit Tests` → `retirement management permissions` → retire method denies basic users" line="0" assertions="1" time="0.021409"/>
      <testcase name="`WrestlerPolicy Unit Tests` → `retirement management permissions` → unretire method denies basic users" class="Tests\Unit\Policies\WrestlerPolicyTest" classname="Tests.Unit.Policies.WrestlerPolicyTest" file="tests/Unit/Policies/WrestlerPolicyTest.php::`WrestlerPolicy Unit Tests` → `retirement management permissions` → unretire method denies basic users" line="0" assertions="1" time="0.018741"/>
      <testcase name="`WrestlerPolicy Unit Tests` → `suspension management permissions` → suspend method denies basic users" class="Tests\Unit\Policies\WrestlerPolicyTest" classname="Tests.Unit.Policies.WrestlerPolicyTest" file="tests/Unit/Policies/WrestlerPolicyTest.php::`WrestlerPolicy Unit Tests` → `suspension management permissions` → suspend method denies basic users" line="0" assertions="1" time="0.015127"/>
      <testcase name="`WrestlerPolicy Unit Tests` → `suspension management permissions` → reinstate method denies basic users" class="Tests\Unit\Policies\WrestlerPolicyTest" classname="Tests.Unit.Policies.WrestlerPolicyTest" file="tests/Unit/Policies/WrestlerPolicyTest.php::`WrestlerPolicy Unit Tests` → `suspension management permissions` → reinstate method denies basic users" line="0" assertions="1" time="0.016523"/>
      <testcase name="`WrestlerPolicy Unit Tests` → `injury management permissions` → injure method denies basic users" class="Tests\Unit\Policies\WrestlerPolicyTest" classname="Tests.Unit.Policies.WrestlerPolicyTest" file="tests/Unit/Policies/WrestlerPolicyTest.php::`WrestlerPolicy Unit Tests` → `injury management permissions` → injure method denies basic users" line="0" assertions="1" time="0.017062"/>
      <testcase name="`WrestlerPolicy Unit Tests` → `injury management permissions` → clearFromInjury method denies basic users" class="Tests\Unit\Policies\WrestlerPolicyTest" classname="Tests.Unit.Policies.WrestlerPolicyTest" file="tests/Unit/Policies/WrestlerPolicyTest.php::`WrestlerPolicy Unit Tests` → `injury management permissions` → clearFromInjury method denies basic users" line="0" assertions="1" time="0.021170"/>
      <testcase name="`WrestlerPolicy Unit Tests` → `policy integration with Laravel Gate` → policy integrates correctly with Gate facade" class="Tests\Unit\Policies\WrestlerPolicyTest" classname="Tests.Unit.Policies.WrestlerPolicyTest" file="tests/Unit/Policies/WrestlerPolicyTest.php::`WrestlerPolicy Unit Tests` → `policy integration with Laravel Gate` → policy integrates correctly with Gate facade" line="0" assertions="6" time="0.020852"/>
      <testcase name="`WrestlerPolicy Unit Tests` → `policy integration with Laravel Gate` → policy works with specific wrestler instances" class="Tests\Unit\Policies\WrestlerPolicyTest" classname="Tests.Unit.Policies.WrestlerPolicyTest" file="tests/Unit/Policies/WrestlerPolicyTest.php::`WrestlerPolicy Unit Tests` → `policy integration with Laravel Gate` → policy works with specific wrestler instances" line="0" assertions="6" time="0.022758"/>
      <testcase name="`WrestlerPolicy Unit Tests` → `policy method consistency` → all policy methods follow consistent pattern" class="Tests\Unit\Policies\WrestlerPolicyTest" classname="Tests.Unit.Policies.WrestlerPolicyTest" file="tests/Unit/Policies/WrestlerPolicyTest.php::`WrestlerPolicy Unit Tests` → `policy method consistency` → all policy methods follow consistent pattern" line="0" assertions="28" time="0.015293"/>
      <testcase name="`WrestlerPolicy Unit Tests` → `policy method consistency` → policy has all expected methods" class="Tests\Unit\Policies\WrestlerPolicyTest" classname="Tests.Unit.Policies.WrestlerPolicyTest" file="tests/Unit/Policies/WrestlerPolicyTest.php::`WrestlerPolicy Unit Tests` → `policy method consistency` → policy has all expected methods" line="0" assertions="15" time="0.016287"/>
      <testcase name="`WrestlerPolicy Unit Tests` → `edge cases and security` → policy handles null user gracefully" class="Tests\Unit\Policies\WrestlerPolicyTest" classname="Tests.Unit.Policies.WrestlerPolicyTest" file="tests/Unit/Policies/WrestlerPolicyTest.php::`WrestlerPolicy Unit Tests` → `edge cases and security` → policy handles null user gracefully" line="0" assertions="1" time="0.016510"/>
      <testcase name="`WrestlerPolicy Unit Tests` → `edge cases and security` → policy methods are type-safe" class="Tests\Unit\Policies\WrestlerPolicyTest" classname="Tests.Unit.Policies.WrestlerPolicyTest" file="tests/Unit/Policies/WrestlerPolicyTest.php::`WrestlerPolicy Unit Tests` → `edge cases and security` → policy methods are type-safe" line="0" assertions="2" time="0.015432"/>
      <testcase name="`WrestlerPolicy Unit Tests` → `edge cases and security` → policy is consistent across multiple instances" class="Tests\Unit\Policies\WrestlerPolicyTest" classname="Tests.Unit.Policies.WrestlerPolicyTest" file="tests/Unit/Policies/WrestlerPolicyTest.php::`WrestlerPolicy Unit Tests` → `edge cases and security` → policy is consistent across multiple instances" line="0" assertions="2" time="0.015707"/>
    </testsuite>
    <testsuite name="Tests\Unit\Repositories\Concerns\ManagesActivityTest" file="tests/Unit/Repositories/Concerns/ManagesActivityTest.php" tests="12" assertions="21" errors="0" failures="0" skipped="0" time="0.166505">
      <testcase name="`ManagesActivity Trait` → `createActivity method` → creates activity period record" class="Tests\Unit\Repositories\Concerns\ManagesActivityTest" classname="Tests.Unit.Repositories.Concerns.ManagesActivityTest" file="tests/Unit/Repositories/Concerns/ManagesActivityTest.php::`ManagesActivity Trait` → `createActivity method` → creates activity period record" line="0" assertions="1" time="0.014007"/>
      <testcase name="`ManagesActivity Trait` → `createActivity method` → sets activity start date correctly" class="Tests\Unit\Repositories\Concerns\ManagesActivityTest" classname="Tests.Unit.Repositories.Concerns.ManagesActivityTest" file="tests/Unit/Repositories/Concerns/ManagesActivityTest.php::`ManagesActivity Trait` → `createActivity method` → sets activity start date correctly" line="0" assertions="1" time="0.011441"/>
      <testcase name="`ManagesActivity Trait` → `createActivity method` → creates activity period with null end date by default" class="Tests\Unit\Repositories\Concerns\ManagesActivityTest" classname="Tests.Unit.Repositories.Concerns.ManagesActivityTest" file="tests/Unit/Repositories/Concerns/ManagesActivityTest.php::`ManagesActivity Trait` → `createActivity method` → creates activity period with null end date by default" line="0" assertions="1" time="0.013078"/>
      <testcase name="`ManagesActivity Trait` → `createActivity method` → uses updateOrCreate to manage single active period" class="Tests\Unit\Repositories\Concerns\ManagesActivityTest" classname="Tests.Unit.Repositories.Concerns.ManagesActivityTest" file="tests/Unit/Repositories/Concerns/ManagesActivityTest.php::`ManagesActivity Trait` → `createActivity method` → uses updateOrCreate to manage single active period" line="0" assertions="3" time="0.011033"/>
      <testcase name="`ManagesActivity Trait` → `endActivity method` → ends current activity period when it exists" class="Tests\Unit\Repositories\Concerns\ManagesActivityTest" classname="Tests.Unit.Repositories.Concerns.ManagesActivityTest" file="tests/Unit/Repositories/Concerns/ManagesActivityTest.php::`ManagesActivity Trait` → `endActivity method` → ends current activity period when it exists" line="0" assertions="1" time="0.013856"/>
      <testcase name="`ManagesActivity Trait` → `endActivity method` → sets activity end date correctly" class="Tests\Unit\Repositories\Concerns\ManagesActivityTest" classname="Tests.Unit.Repositories.Concerns.ManagesActivityTest" file="tests/Unit/Repositories/Concerns/ManagesActivityTest.php::`ManagesActivity Trait` → `endActivity method` → sets activity end date correctly" line="0" assertions="1" time="0.019604"/>
      <testcase name="`ManagesActivity Trait` → `endActivity method` → handles update operation correctly" class="Tests\Unit\Repositories\Concerns\ManagesActivityTest" classname="Tests.Unit.Repositories.Concerns.ManagesActivityTest" file="tests/Unit/Repositories/Concerns/ManagesActivityTest.php::`ManagesActivity Trait` → `endActivity method` → handles update operation correctly" line="0" assertions="1" time="0.017634"/>
      <testcase name="`ManagesActivity Trait` → `trait behavior verification` → trait methods exist and are callable" class="Tests\Unit\Repositories\Concerns\ManagesActivityTest" classname="Tests.Unit.Repositories.Concerns.ManagesActivityTest" file="tests/Unit/Repositories/Concerns/ManagesActivityTest.php::`ManagesActivity Trait` → `trait behavior verification` → trait methods exist and are callable" line="0" assertions="2" time="0.013694"/>
      <testcase name="`ManagesActivity Trait` → `trait behavior verification` → trait is model agnostic" class="Tests\Unit\Repositories\Concerns\ManagesActivityTest" classname="Tests.Unit.Repositories.Concerns.ManagesActivityTest" file="tests/Unit/Repositories/Concerns/ManagesActivityTest.php::`ManagesActivity Trait` → `trait behavior verification` → trait is model agnostic" line="0" assertions="2" time="0.018165"/>
      <testcase name="`ManagesActivity Trait` → `trait behavior verification` → works with different relationship names" class="Tests\Unit\Repositories\Concerns\ManagesActivityTest" classname="Tests.Unit.Repositories.Concerns.ManagesActivityTest" file="tests/Unit/Repositories/Concerns/ManagesActivityTest.php::`ManagesActivity Trait` → `trait behavior verification` → works with different relationship names" line="0" assertions="2" time="0.011468"/>
      <testcase name="`ManagesActivity Trait` → `trait integration safety` → trait methods handle activity operations gracefully" class="Tests\Unit\Repositories\Concerns\ManagesActivityTest" classname="Tests.Unit.Repositories.Concerns.ManagesActivityTest" file="tests/Unit/Repositories/Concerns/ManagesActivityTest.php::`ManagesActivity Trait` → `trait integration safety` → trait methods handle activity operations gracefully" line="0" assertions="4" time="0.011488"/>
      <testcase name="`ManagesActivity Trait` → `trait integration safety` → trait is reusable across multiple repository instances" class="Tests\Unit\Repositories\Concerns\ManagesActivityTest" classname="Tests.Unit.Repositories.Concerns.ManagesActivityTest" file="tests/Unit/Repositories/Concerns/ManagesActivityTest.php::`ManagesActivity Trait` → `trait integration safety` → trait is reusable across multiple repository instances" line="0" assertions="2" time="0.011037"/>
    </testsuite>
    <testsuite name="Tests\Unit\Repositories\Concerns\ManagesDatesTest" file="tests/Unit/Repositories/Concerns/ManagesDatesTest.php" tests="19" assertions="55" errors="0" failures="0" skipped="0" time="0.278447">
      <testcase name="`ManagesDates Trait` → `startPeriod method` → creates period with start date" class="Tests\Unit\Repositories\Concerns\ManagesDatesTest" classname="Tests.Unit.Repositories.Concerns.ManagesDatesTest" file="tests/Unit/Repositories/Concerns/ManagesDatesTest.php::`ManagesDates Trait` → `startPeriod method` → creates period with start date" line="0" assertions="2" time="0.033702"/>
      <testcase name="`ManagesDates Trait` → `startPeriod method` → sets start date correctly" class="Tests\Unit\Repositories\Concerns\ManagesDatesTest" classname="Tests.Unit.Repositories.Concerns.ManagesDatesTest" file="tests/Unit/Repositories/Concerns/ManagesDatesTest.php::`ManagesDates Trait` → `startPeriod method` → sets start date correctly" line="0" assertions="2" time="0.011730"/>
      <testcase name="`ManagesDates Trait` → `startPeriod method` → accepts additional data for period record" class="Tests\Unit\Repositories\Concerns\ManagesDatesTest" classname="Tests.Unit.Repositories.Concerns.ManagesDatesTest" file="tests/Unit/Repositories/Concerns/ManagesDatesTest.php::`ManagesDates Trait` → `startPeriod method` → accepts additional data for period record" line="0" assertions="3" time="0.011613"/>
      <testcase name="`ManagesDates Trait` → `startPeriod method` → works with different relationship names" class="Tests\Unit\Repositories\Concerns\ManagesDatesTest" classname="Tests.Unit.Repositories.Concerns.ManagesDatesTest" file="tests/Unit/Repositories/Concerns/ManagesDatesTest.php::`ManagesDates Trait` → `startPeriod method` → works with different relationship names" line="0" assertions="4" time="0.015754"/>
      <testcase name="`ManagesDates Trait` → `endCurrentPeriod method` → ends current period when it exists" class="Tests\Unit\Repositories\Concerns\ManagesDatesTest" classname="Tests.Unit.Repositories.Concerns.ManagesDatesTest" file="tests/Unit/Repositories/Concerns/ManagesDatesTest.php::`ManagesDates Trait` → `endCurrentPeriod method` → ends current period when it exists" line="0" assertions="3" time="0.017514"/>
      <testcase name="`ManagesDates Trait` → `endCurrentPeriod method` → returns false when no current period exists" class="Tests\Unit\Repositories\Concerns\ManagesDatesTest" classname="Tests.Unit.Repositories.Concerns.ManagesDatesTest" file="tests/Unit/Repositories/Concerns/ManagesDatesTest.php::`ManagesDates Trait` → `endCurrentPeriod method` → returns false when no current period exists" line="0" assertions="2" time="0.011869"/>
      <testcase name="`ManagesDates Trait` → `endCurrentPeriod method` → sets end date correctly" class="Tests\Unit\Repositories\Concerns\ManagesDatesTest" classname="Tests.Unit.Repositories.Concerns.ManagesDatesTest" file="tests/Unit/Repositories/Concerns/ManagesDatesTest.php::`ManagesDates Trait` → `endCurrentPeriod method` → sets end date correctly" line="0" assertions="3" time="0.011923"/>
      <testcase name="`ManagesDates Trait` → `hasActivePeriod method` → returns true when active period exists" class="Tests\Unit\Repositories\Concerns\ManagesDatesTest" classname="Tests.Unit.Repositories.Concerns.ManagesDatesTest" file="tests/Unit/Repositories/Concerns/ManagesDatesTest.php::`ManagesDates Trait` → `hasActivePeriod method` → returns true when active period exists" line="0" assertions="2" time="0.016713"/>
      <testcase name="`ManagesDates Trait` → `hasActivePeriod method` → returns false when no active period exists" class="Tests\Unit\Repositories\Concerns\ManagesDatesTest" classname="Tests.Unit.Repositories.Concerns.ManagesDatesTest" file="tests/Unit/Repositories/Concerns/ManagesDatesTest.php::`ManagesDates Trait` → `hasActivePeriod method` → returns false when no active period exists" line="0" assertions="2" time="0.020541"/>
      <testcase name="`ManagesDates Trait` → `hasActivePeriod method` → works with different relationship names" class="Tests\Unit\Repositories\Concerns\ManagesDatesTest" classname="Tests.Unit.Repositories.Concerns.ManagesDatesTest" file="tests/Unit/Repositories/Concerns/ManagesDatesTest.php::`ManagesDates Trait` → `hasActivePeriod method` → works with different relationship names" line="0" assertions="6" time="0.011885"/>
      <testcase name="`ManagesDates Trait` → `getCurrentPeriodDuration method` → calculates duration correctly for active period" class="Tests\Unit\Repositories\Concerns\ManagesDatesTest" classname="Tests.Unit.Repositories.Concerns.ManagesDatesTest" file="tests/Unit/Repositories/Concerns/ManagesDatesTest.php::`ManagesDates Trait` → `getCurrentPeriodDuration method` → calculates duration correctly for active period" line="0" assertions="2" time="0.018404"/>
      <testcase name="`ManagesDates Trait` → `getCurrentPeriodDuration method` → returns null when no current period exists" class="Tests\Unit\Repositories\Concerns\ManagesDatesTest" classname="Tests.Unit.Repositories.Concerns.ManagesDatesTest" file="tests/Unit/Repositories/Concerns/ManagesDatesTest.php::`ManagesDates Trait` → `getCurrentPeriodDuration method` → returns null when no current period exists" line="0" assertions="2" time="0.013968"/>
      <testcase name="`ManagesDates Trait` → `getCurrentPeriodDuration method` → returns null when current period has no start date" class="Tests\Unit\Repositories\Concerns\ManagesDatesTest" classname="Tests.Unit.Repositories.Concerns.ManagesDatesTest" file="tests/Unit/Repositories/Concerns/ManagesDatesTest.php::`ManagesDates Trait` → `getCurrentPeriodDuration method` → returns null when current period has no start date" line="0" assertions="2" time="0.011325"/>
      <testcase name="`ManagesDates Trait` → `getCurrentPeriodDuration method` → calculates duration for recent period correctly" class="Tests\Unit\Repositories\Concerns\ManagesDatesTest" classname="Tests.Unit.Repositories.Concerns.ManagesDatesTest" file="tests/Unit/Repositories/Concerns/ManagesDatesTest.php::`ManagesDates Trait` → `getCurrentPeriodDuration method` → calculates duration for recent period correctly" line="0" assertions="2" time="0.011639"/>
      <testcase name="`ManagesDates Trait` → `trait behavior verification` → trait methods exist and are callable" class="Tests\Unit\Repositories\Concerns\ManagesDatesTest" classname="Tests.Unit.Repositories.Concerns.ManagesDatesTest" file="tests/Unit/Repositories/Concerns/ManagesDatesTest.php::`ManagesDates Trait` → `trait behavior verification` → trait methods exist and are callable" line="0" assertions="4" time="0.013005"/>
      <testcase name="`ManagesDates Trait` → `trait behavior verification` → trait is model agnostic" class="Tests\Unit\Repositories\Concerns\ManagesDatesTest" classname="Tests.Unit.Repositories.Concerns.ManagesDatesTest" file="tests/Unit/Repositories/Concerns/ManagesDatesTest.php::`ManagesDates Trait` → `trait behavior verification` → trait is model agnostic" line="0" assertions="2" time="0.013733"/>
      <testcase name="`ManagesDates Trait` → `trait behavior verification` → trait methods are protected" class="Tests\Unit\Repositories\Concerns\ManagesDatesTest" classname="Tests.Unit.Repositories.Concerns.ManagesDatesTest" file="tests/Unit/Repositories/Concerns/ManagesDatesTest.php::`ManagesDates Trait` → `trait behavior verification` → trait methods are protected" line="0" assertions="8" time="0.010905"/>
      <testcase name="`ManagesDates Trait` → `trait integration safety` → trait is reusable across multiple repository instances" class="Tests\Unit\Repositories\Concerns\ManagesDatesTest" classname="Tests.Unit.Repositories.Concerns.ManagesDatesTest" file="tests/Unit/Repositories/Concerns/ManagesDatesTest.php::`ManagesDates Trait` → `trait integration safety` → trait is reusable across multiple repository instances" line="0" assertions="2" time="0.011094"/>
      <testcase name="`ManagesDates Trait` → `trait integration safety` → trait handles edge cases gracefully" class="Tests\Unit\Repositories\Concerns\ManagesDatesTest" classname="Tests.Unit.Repositories.Concerns.ManagesDatesTest" file="tests/Unit/Repositories/Concerns/ManagesDatesTest.php::`ManagesDates Trait` → `trait integration safety` → trait handles edge cases gracefully" line="0" assertions="2" time="0.011128"/>
    </testsuite>
    <testsuite name="Tests\Unit\Repositories\Concerns\ManagesEmploymentTest" file="tests/Unit/Repositories/Concerns/ManagesEmploymentTest.php" tests="18" assertions="64" errors="0" failures="0" skipped="0" time="0.321506">
      <testcase name="`ManagesEmployment Trait` → `createEmployment method` → creates employment relationship record" class="Tests\Unit\Repositories\Concerns\ManagesEmploymentTest" classname="Tests.Unit.Repositories.Concerns.ManagesEmploymentTest" file="tests/Unit/Repositories/Concerns/ManagesEmploymentTest.php::`ManagesEmployment Trait` → `createEmployment method` → creates employment relationship record" line="0" assertions="1" time="0.013859"/>
      <testcase name="`ManagesEmployment Trait` → `createEmployment method` → updates status field to employed" class="Tests\Unit\Repositories\Concerns\ManagesEmploymentTest" classname="Tests.Unit.Repositories.Concerns.ManagesEmploymentTest" file="tests/Unit/Repositories/Concerns/ManagesEmploymentTest.php::`ManagesEmployment Trait` → `createEmployment method` → updates status field to employed" line="0" assertions="5" time="0.014615"/>
      <testcase name="`ManagesEmployment Trait` → `createEmployment method` → sets employment start date correctly" class="Tests\Unit\Repositories\Concerns\ManagesEmploymentTest" classname="Tests.Unit.Repositories.Concerns.ManagesEmploymentTest" file="tests/Unit/Repositories/Concerns/ManagesEmploymentTest.php::`ManagesEmployment Trait` → `createEmployment method` → sets employment start date correctly" line="0" assertions="2" time="0.015243"/>
      <testcase name="`ManagesEmployment Trait` → `createEmployment method` → ends previous employment when creating new one" class="Tests\Unit\Repositories\Concerns\ManagesEmploymentTest" classname="Tests.Unit.Repositories.Concerns.ManagesEmploymentTest" file="tests/Unit/Repositories/Concerns/ManagesEmploymentTest.php::`ManagesEmployment Trait` → `createEmployment method` → ends previous employment when creating new one" line="0" assertions="3" time="0.014436"/>
      <testcase name="`ManagesEmployment Trait` → `createEmployment method` → maintains data consistency in transaction" class="Tests\Unit\Repositories\Concerns\ManagesEmploymentTest" classname="Tests.Unit.Repositories.Concerns.ManagesEmploymentTest" file="tests/Unit/Repositories/Concerns/ManagesEmploymentTest.php::`ManagesEmployment Trait` → `createEmployment method` → maintains data consistency in transaction" line="0" assertions="5" time="0.026170"/>
      <testcase name="`ManagesEmployment Trait` → `status field synchronization` → synchronizes status from unemployed to employed" class="Tests\Unit\Repositories\Concerns\ManagesEmploymentTest" classname="Tests.Unit.Repositories.Concerns.ManagesEmploymentTest" file="tests/Unit/Repositories/Concerns/ManagesEmploymentTest.php::`ManagesEmployment Trait` → `status field synchronization` → synchronizes status from unemployed to employed" line="0" assertions="2" time="0.023173"/>
      <testcase name="`ManagesEmployment Trait` → `status field synchronization` → synchronizes status from released to employed" class="Tests\Unit\Repositories\Concerns\ManagesEmploymentTest" classname="Tests.Unit.Repositories.Concerns.ManagesEmploymentTest" file="tests/Unit/Repositories/Concerns/ManagesEmploymentTest.php::`ManagesEmployment Trait` → `status field synchronization` → synchronizes status from released to employed" line="0" assertions="2" time="0.015643"/>
      <testcase name="`ManagesEmployment Trait` → `status field synchronization` → maintains employed status when already employed" class="Tests\Unit\Repositories\Concerns\ManagesEmploymentTest" classname="Tests.Unit.Repositories.Concerns.ManagesEmploymentTest" file="tests/Unit/Repositories/Concerns/ManagesEmploymentTest.php::`ManagesEmployment Trait` → `status field synchronization` → maintains employed status when already employed" line="0" assertions="2" time="0.023576"/>
      <testcase name="`ManagesEmployment Trait` → `business rule compliance` → employing retired wrestler requires ending retirement first" class="Tests\Unit\Repositories\Concerns\ManagesEmploymentTest" classname="Tests.Unit.Repositories.Concerns.ManagesEmploymentTest" file="tests/Unit/Repositories/Concerns/ManagesEmploymentTest.php::`ManagesEmployment Trait` → `business rule compliance` → employing retired wrestler requires ending retirement first" line="0" assertions="6" time="0.016782"/>
      <testcase name="`ManagesEmployment Trait` → `endEmployment method` → ends current employment relationship" class="Tests\Unit\Repositories\Concerns\ManagesEmploymentTest" classname="Tests.Unit.Repositories.Concerns.ManagesEmploymentTest" file="tests/Unit/Repositories/Concerns/ManagesEmploymentTest.php::`ManagesEmployment Trait` → `endEmployment method` → ends current employment relationship" line="0" assertions="3" time="0.014528"/>
      <testcase name="`ManagesEmployment Trait` → `endEmployment method` → updates status field to released" class="Tests\Unit\Repositories\Concerns\ManagesEmploymentTest" classname="Tests.Unit.Repositories.Concerns.ManagesEmploymentTest" file="tests/Unit/Repositories/Concerns/ManagesEmploymentTest.php::`ManagesEmployment Trait` → `endEmployment method` → updates status field to released" line="0" assertions="5" time="0.017351"/>
      <testcase name="`ManagesEmployment Trait` → `endEmployment method` → sets employment end date correctly" class="Tests\Unit\Repositories\Concerns\ManagesEmploymentTest" classname="Tests.Unit.Repositories.Concerns.ManagesEmploymentTest" file="tests/Unit/Repositories/Concerns/ManagesEmploymentTest.php::`ManagesEmployment Trait` → `endEmployment method` → sets employment end date correctly" line="0" assertions="3" time="0.016923"/>
      <testcase name="`ManagesEmployment Trait` → `endEmployment method` → does nothing when no active employment exists" class="Tests\Unit\Repositories\Concerns\ManagesEmploymentTest" classname="Tests.Unit.Repositories.Concerns.ManagesEmploymentTest" file="tests/Unit/Repositories/Concerns/ManagesEmploymentTest.php::`ManagesEmployment Trait` → `endEmployment method` → does nothing when no active employment exists" line="0" assertions="4" time="0.015212"/>
      <testcase name="`ManagesEmployment Trait` → `createRelease method` → creates release by ending employment" class="Tests\Unit\Repositories\Concerns\ManagesEmploymentTest" classname="Tests.Unit.Repositories.Concerns.ManagesEmploymentTest" file="tests/Unit/Repositories/Concerns/ManagesEmploymentTest.php::`ManagesEmployment Trait` → `createRelease method` → creates release by ending employment" line="0" assertions="4" time="0.019132"/>
      <testcase name="`ManagesEmployment Trait` → `createRelease method` → delegates to endEmployment method" class="Tests\Unit\Repositories\Concerns\ManagesEmploymentTest" classname="Tests.Unit.Repositories.Concerns.ManagesEmploymentTest" file="tests/Unit/Repositories/Concerns/ManagesEmploymentTest.php::`ManagesEmployment Trait` → `createRelease method` → delegates to endEmployment method" line="0" assertions="3" time="0.016044"/>
      <testcase name="`ManagesEmployment Trait` → `createReinstatement method` → creates reinstatement by employing wrestler" class="Tests\Unit\Repositories\Concerns\ManagesEmploymentTest" classname="Tests.Unit.Repositories.Concerns.ManagesEmploymentTest" file="tests/Unit/Repositories/Concerns/ManagesEmploymentTest.php::`ManagesEmployment Trait` → `createReinstatement method` → creates reinstatement by employing wrestler" line="0" assertions="5" time="0.017217"/>
      <testcase name="`ManagesEmployment Trait` → `createReinstatement method` → delegates to createEmployment method" class="Tests\Unit\Repositories\Concerns\ManagesEmploymentTest" classname="Tests.Unit.Repositories.Concerns.ManagesEmploymentTest" file="tests/Unit/Repositories/Concerns/ManagesEmploymentTest.php::`ManagesEmployment Trait` → `createReinstatement method` → delegates to createEmployment method" line="0" assertions="3" time="0.014196"/>
      <testcase name="`ManagesEmployment Trait` → `method integration` → employ then release then reinstate workflow" class="Tests\Unit\Repositories\Concerns\ManagesEmploymentTest" classname="Tests.Unit.Repositories.Concerns.ManagesEmploymentTest" file="tests/Unit/Repositories/Concerns/ManagesEmploymentTest.php::`ManagesEmployment Trait` → `method integration` → employ then release then reinstate workflow" line="0" assertions="6" time="0.027405"/>
    </testsuite>
    <testsuite name="Tests\Unit\Repositories\Concerns\ManagesInjuryTest" file="tests/Unit/Repositories/Concerns/ManagesInjuryTest.php" tests="10" assertions="15" errors="0" failures="0" skipped="0" time="0.144581">
      <testcase name="`ManagesInjury Trait` → `createInjury method` → creates injury record" class="Tests\Unit\Repositories\Concerns\ManagesInjuryTest" classname="Tests.Unit.Repositories.Concerns.ManagesInjuryTest" file="tests/Unit/Repositories/Concerns/ManagesInjuryTest.php::`ManagesInjury Trait` → `createInjury method` → creates injury record" line="0" assertions="1" time="0.017764"/>
      <testcase name="`ManagesInjury Trait` → `createInjury method` → sets injury start date correctly" class="Tests\Unit\Repositories\Concerns\ManagesInjuryTest" classname="Tests.Unit.Repositories.Concerns.ManagesInjuryTest" file="tests/Unit/Repositories/Concerns/ManagesInjuryTest.php::`ManagesInjury Trait` → `createInjury method` → sets injury start date correctly" line="0" assertions="1" time="0.014670"/>
      <testcase name="`ManagesInjury Trait` → `createInjury method` → creates injury with null end date by default" class="Tests\Unit\Repositories\Concerns\ManagesInjuryTest" classname="Tests.Unit.Repositories.Concerns.ManagesInjuryTest" file="tests/Unit/Repositories/Concerns/ManagesInjuryTest.php::`ManagesInjury Trait` → `createInjury method` → creates injury with null end date by default" line="0" assertions="1" time="0.018406"/>
      <testcase name="`ManagesInjury Trait` → `endInjury method` → ends current injury when it exists" class="Tests\Unit\Repositories\Concerns\ManagesInjuryTest" classname="Tests.Unit.Repositories.Concerns.ManagesInjuryTest" file="tests/Unit/Repositories/Concerns/ManagesInjuryTest.php::`ManagesInjury Trait` → `endInjury method` → ends current injury when it exists" line="0" assertions="2" time="0.016837"/>
      <testcase name="`ManagesInjury Trait` → `endInjury method` → does nothing when no current injury exists" class="Tests\Unit\Repositories\Concerns\ManagesInjuryTest" classname="Tests.Unit.Repositories.Concerns.ManagesInjuryTest" file="tests/Unit/Repositories/Concerns/ManagesInjuryTest.php::`ManagesInjury Trait` → `endInjury method` → does nothing when no current injury exists" line="0" assertions="1" time="0.014544"/>
      <testcase name="`ManagesInjury Trait` → `endInjury method` → sets recovery date correctly" class="Tests\Unit\Repositories\Concerns\ManagesInjuryTest" classname="Tests.Unit.Repositories.Concerns.ManagesInjuryTest" file="tests/Unit/Repositories/Concerns/ManagesInjuryTest.php::`ManagesInjury Trait` → `endInjury method` → sets recovery date correctly" line="0" assertions="2" time="0.011961"/>
      <testcase name="`ManagesInjury Trait` → `trait behavior verification` → trait methods exist and are callable" class="Tests\Unit\Repositories\Concerns\ManagesInjuryTest" classname="Tests.Unit.Repositories.Concerns.ManagesInjuryTest" file="tests/Unit/Repositories/Concerns/ManagesInjuryTest.php::`ManagesInjury Trait` → `trait behavior verification` → trait methods exist and are callable" line="0" assertions="2" time="0.011708"/>
      <testcase name="`ManagesInjury Trait` → `trait behavior verification` → trait is model agnostic" class="Tests\Unit\Repositories\Concerns\ManagesInjuryTest" classname="Tests.Unit.Repositories.Concerns.ManagesInjuryTest" file="tests/Unit/Repositories/Concerns/ManagesInjuryTest.php::`ManagesInjury Trait` → `trait behavior verification` → trait is model agnostic" line="0" assertions="2" time="0.014426"/>
      <testcase name="`ManagesInjury Trait` → `trait integration safety` → trait methods handle null gracefully" class="Tests\Unit\Repositories\Concerns\ManagesInjuryTest" classname="Tests.Unit.Repositories.Concerns.ManagesInjuryTest" file="tests/Unit/Repositories/Concerns/ManagesInjuryTest.php::`ManagesInjury Trait` → `trait integration safety` → trait methods handle null gracefully" line="0" assertions="1" time="0.013119"/>
      <testcase name="`ManagesInjury Trait` → `trait integration safety` → trait is reusable across multiple repository instances" class="Tests\Unit\Repositories\Concerns\ManagesInjuryTest" classname="Tests.Unit.Repositories.Concerns.ManagesInjuryTest" file="tests/Unit/Repositories/Concerns/ManagesInjuryTest.php::`ManagesInjury Trait` → `trait integration safety` → trait is reusable across multiple repository instances" line="0" assertions="2" time="0.011147"/>
    </testsuite>
    <testsuite name="Tests\Unit\Repositories\Concerns\ManagesMembersTest" file="tests/Unit/Repositories/Concerns/ManagesMembersTest.php" tests="12" assertions="26" errors="0" failures="0" skipped="0" time="0.207581">
      <testcase name="`ManagesMembers Trait` → `addMember method` → adds member with join date" class="Tests\Unit\Repositories\Concerns\ManagesMembersTest" classname="Tests.Unit.Repositories.Concerns.ManagesMembersTest" file="tests/Unit/Repositories/Concerns/ManagesMembersTest.php::`ManagesMembers Trait` → `addMember method` → adds member with join date" line="0" assertions="1" time="0.032204"/>
      <testcase name="`ManagesMembers Trait` → `addMember method` → sets join date correctly" class="Tests\Unit\Repositories\Concerns\ManagesMembersTest" classname="Tests.Unit.Repositories.Concerns.ManagesMembersTest" file="tests/Unit/Repositories/Concerns/ManagesMembersTest.php::`ManagesMembers Trait` → `addMember method` → sets join date correctly" line="0" assertions="1" time="0.016710"/>
      <testcase name="`ManagesMembers Trait` → `addMember method` → works with different relationship names" class="Tests\Unit\Repositories\Concerns\ManagesMembersTest" classname="Tests.Unit.Repositories.Concerns.ManagesMembersTest" file="tests/Unit/Repositories/Concerns/ManagesMembersTest.php::`ManagesMembers Trait` → `addMember method` → works with different relationship names" line="0" assertions="1" time="0.011792"/>
      <testcase name="`ManagesMembers Trait` → `removeMember method` → removes member by setting leave date" class="Tests\Unit\Repositories\Concerns\ManagesMembersTest" classname="Tests.Unit.Repositories.Concerns.ManagesMembersTest" file="tests/Unit/Repositories/Concerns/ManagesMembersTest.php::`ManagesMembers Trait` → `removeMember method` → removes member by setting leave date" line="0" assertions="1" time="0.011591"/>
      <testcase name="`ManagesMembers Trait` → `removeMember method` → sets leave date correctly" class="Tests\Unit\Repositories\Concerns\ManagesMembersTest" classname="Tests.Unit.Repositories.Concerns.ManagesMembersTest" file="tests/Unit/Repositories/Concerns/ManagesMembersTest.php::`ManagesMembers Trait` → `removeMember method` → sets leave date correctly" line="0" assertions="1" time="0.023661"/>
      <testcase name="`ManagesMembers Trait` → `removeCurrentMember method` → removes only current member relationship" class="Tests\Unit\Repositories\Concerns\ManagesMembersTest" classname="Tests.Unit.Repositories.Concerns.ManagesMembersTest" file="tests/Unit/Repositories/Concerns/ManagesMembersTest.php::`ManagesMembers Trait` → `removeCurrentMember method` → removes only current member relationship" line="0" assertions="2" time="0.020345"/>
      <testcase name="`ManagesMembers Trait` → `removeCurrentMember method` → filters by null left_at correctly" class="Tests\Unit\Repositories\Concerns\ManagesMembersTest" classname="Tests.Unit.Repositories.Concerns.ManagesMembersTest" file="tests/Unit/Repositories/Concerns/ManagesMembersTest.php::`ManagesMembers Trait` → `removeCurrentMember method` → filters by null left_at correctly" line="0" assertions="2" time="0.017808"/>
      <testcase name="`ManagesMembers Trait` → `trait behavior verification` → trait methods exist and are callable" class="Tests\Unit\Repositories\Concerns\ManagesMembersTest" classname="Tests.Unit.Repositories.Concerns.ManagesMembersTest" file="tests/Unit/Repositories/Concerns/ManagesMembersTest.php::`ManagesMembers Trait` → `trait behavior verification` → trait methods exist and are callable" line="0" assertions="3" time="0.010975"/>
      <testcase name="`ManagesMembers Trait` → `trait behavior verification` → trait is model agnostic" class="Tests\Unit\Repositories\Concerns\ManagesMembersTest" classname="Tests.Unit.Repositories.Concerns.ManagesMembersTest" file="tests/Unit/Repositories/Concerns/ManagesMembersTest.php::`ManagesMembers Trait` → `trait behavior verification` → trait is model agnostic" line="0" assertions="2" time="0.018490"/>
      <testcase name="`ManagesMembers Trait` → `trait behavior verification` → handles different relationship names correctly" class="Tests\Unit\Repositories\Concerns\ManagesMembersTest" classname="Tests.Unit.Repositories.Concerns.ManagesMembersTest" file="tests/Unit/Repositories/Concerns/ManagesMembersTest.php::`ManagesMembers Trait` → `trait behavior verification` → handles different relationship names correctly" line="0" assertions="4" time="0.012325"/>
      <testcase name="`ManagesMembers Trait` → `trait integration safety` → trait methods are protected and work through inheritance" class="Tests\Unit\Repositories\Concerns\ManagesMembersTest" classname="Tests.Unit.Repositories.Concerns.ManagesMembersTest" file="tests/Unit/Repositories/Concerns/ManagesMembersTest.php::`ManagesMembers Trait` → `trait integration safety` → trait methods are protected and work through inheritance" line="0" assertions="6" time="0.013631"/>
      <testcase name="`ManagesMembers Trait` → `trait integration safety` → trait is reusable across multiple repository instances" class="Tests\Unit\Repositories\Concerns\ManagesMembersTest" classname="Tests.Unit.Repositories.Concerns.ManagesMembersTest" file="tests/Unit/Repositories/Concerns/ManagesMembersTest.php::`ManagesMembers Trait` → `trait integration safety` → trait is reusable across multiple repository instances" line="0" assertions="2" time="0.018050"/>
    </testsuite>
    <testsuite name="Tests\Unit\Repositories\Concerns\ManagesRetirementTest" file="tests/Unit/Repositories/Concerns/ManagesRetirementTest.php" tests="15" assertions="55" errors="0" failures="0" skipped="0" time="0.30727">
      <testcase name="`ManagesRetirement Trait` → `createRetirement method` → creates retirement relationship record" class="Tests\Unit\Repositories\Concerns\ManagesRetirementTest" classname="Tests.Unit.Repositories.Concerns.ManagesRetirementTest" file="tests/Unit/Repositories/Concerns/ManagesRetirementTest.php::`ManagesRetirement Trait` → `createRetirement method` → creates retirement relationship record" line="0" assertions="1" time="0.020545"/>
      <testcase name="`ManagesRetirement Trait` → `createRetirement method` → updates status field to retired" class="Tests\Unit\Repositories\Concerns\ManagesRetirementTest" classname="Tests.Unit.Repositories.Concerns.ManagesRetirementTest" file="tests/Unit/Repositories/Concerns/ManagesRetirementTest.php::`ManagesRetirement Trait` → `createRetirement method` → updates status field to retired" line="0" assertions="4" time="0.022530"/>
      <testcase name="`ManagesRetirement Trait` → `createRetirement method` → sets retirement start date correctly" class="Tests\Unit\Repositories\Concerns\ManagesRetirementTest" classname="Tests.Unit.Repositories.Concerns.ManagesRetirementTest" file="tests/Unit/Repositories/Concerns/ManagesRetirementTest.php::`ManagesRetirement Trait` → `createRetirement method` → sets retirement start date correctly" line="0" assertions="2" time="0.014734"/>
      <testcase name="`ManagesRetirement Trait` → `createRetirement method` → maintains data consistency in transaction" class="Tests\Unit\Repositories\Concerns\ManagesRetirementTest" classname="Tests.Unit.Repositories.Concerns.ManagesRetirementTest" file="tests/Unit/Repositories/Concerns/ManagesRetirementTest.php::`ManagesRetirement Trait` → `createRetirement method` → maintains data consistency in transaction" line="0" assertions="5" time="0.023728"/>
      <testcase name="`ManagesRetirement Trait` → `createRetirement method` → handles multiple retirements correctly" class="Tests\Unit\Repositories\Concerns\ManagesRetirementTest" classname="Tests.Unit.Repositories.Concerns.ManagesRetirementTest" file="tests/Unit/Repositories/Concerns/ManagesRetirementTest.php::`ManagesRetirement Trait` → `createRetirement method` → handles multiple retirements correctly" line="0" assertions="4" time="0.024949"/>
      <testcase name="`ManagesRetirement Trait` → `endRetirement method` → ends current retirement relationship" class="Tests\Unit\Repositories\Concerns\ManagesRetirementTest" classname="Tests.Unit.Repositories.Concerns.ManagesRetirementTest" file="tests/Unit/Repositories/Concerns/ManagesRetirementTest.php::`ManagesRetirement Trait` → `endRetirement method` → ends current retirement relationship" line="0" assertions="3" time="0.030818"/>
      <testcase name="`ManagesRetirement Trait` → `endRetirement method` → updates status field to released after comeback" class="Tests\Unit\Repositories\Concerns\ManagesRetirementTest" classname="Tests.Unit.Repositories.Concerns.ManagesRetirementTest" file="tests/Unit/Repositories/Concerns/ManagesRetirementTest.php::`ManagesRetirement Trait` → `endRetirement method` → updates status field to released after comeback" line="0" assertions="4" time="0.019997"/>
      <testcase name="`ManagesRetirement Trait` → `endRetirement method` → sets retirement end date correctly" class="Tests\Unit\Repositories\Concerns\ManagesRetirementTest" classname="Tests.Unit.Repositories.Concerns.ManagesRetirementTest" file="tests/Unit/Repositories/Concerns/ManagesRetirementTest.php::`ManagesRetirement Trait` → `endRetirement method` → sets retirement end date correctly" line="0" assertions="3" time="0.021669"/>
      <testcase name="`ManagesRetirement Trait` → `endRetirement method` → does nothing when no active retirement exists" class="Tests\Unit\Repositories\Concerns\ManagesRetirementTest" classname="Tests.Unit.Repositories.Concerns.ManagesRetirementTest" file="tests/Unit/Repositories/Concerns/ManagesRetirementTest.php::`ManagesRetirement Trait` → `endRetirement method` → does nothing when no active retirement exists" line="0" assertions="4" time="0.014779"/>
      <testcase name="`ManagesRetirement Trait` → `endRetirement method` → maintains data consistency in transaction" class="Tests\Unit\Repositories\Concerns\ManagesRetirementTest" classname="Tests.Unit.Repositories.Concerns.ManagesRetirementTest" file="tests/Unit/Repositories/Concerns/ManagesRetirementTest.php::`ManagesRetirement Trait` → `endRetirement method` → maintains data consistency in transaction" line="0" assertions="5" time="0.018866"/>
      <testcase name="`ManagesRetirement Trait` → `status field synchronization` → synchronizes status from employed to retired" class="Tests\Unit\Repositories\Concerns\ManagesRetirementTest" classname="Tests.Unit.Repositories.Concerns.ManagesRetirementTest" file="tests/Unit/Repositories/Concerns/ManagesRetirementTest.php::`ManagesRetirement Trait` → `status field synchronization` → synchronizes status from employed to retired" line="0" assertions="4" time="0.017894"/>
      <testcase name="`ManagesRetirement Trait` → `status field synchronization` → synchronizes status from retired to released on comeback" class="Tests\Unit\Repositories\Concerns\ManagesRetirementTest" classname="Tests.Unit.Repositories.Concerns.ManagesRetirementTest" file="tests/Unit/Repositories/Concerns/ManagesRetirementTest.php::`ManagesRetirement Trait` → `status field synchronization` → synchronizes status from retired to released on comeback" line="0" assertions="4" time="0.020209"/>
      <testcase name="`ManagesRetirement Trait` → `business rule compliance` → retirement from any employment status updates to retired" class="Tests\Unit\Repositories\Concerns\ManagesRetirementTest" classname="Tests.Unit.Repositories.Concerns.ManagesRetirementTest" file="tests/Unit/Repositories/Concerns/ManagesRetirementTest.php::`ManagesRetirement Trait` → `business rule compliance` → retirement from any employment status updates to retired" line="0" assertions="3" time="0.019813"/>
      <testcase name="`ManagesRetirement Trait` → `business rule compliance` → comeback always results in released status requiring re-employment" class="Tests\Unit\Repositories\Concerns\ManagesRetirementTest" classname="Tests.Unit.Repositories.Concerns.ManagesRetirementTest" file="tests/Unit/Repositories/Concerns/ManagesRetirementTest.php::`ManagesRetirement Trait` → `business rule compliance` → comeback always results in released status requiring re-employment" line="0" assertions="2" time="0.017301"/>
      <testcase name="`ManagesRetirement Trait` → `method integration` → retire then comeback then re-employ workflow" class="Tests\Unit\Repositories\Concerns\ManagesRetirementTest" classname="Tests.Unit.Repositories.Concerns.ManagesRetirementTest" file="tests/Unit/Repositories/Concerns/ManagesRetirementTest.php::`ManagesRetirement Trait` → `method integration` → retire then comeback then re-employ workflow" line="0" assertions="7" time="0.019439"/>
    </testsuite>
    <testsuite name="Tests\Unit\Repositories\Concerns\ManagesSuspensionTest" file="tests/Unit/Repositories/Concerns/ManagesSuspensionTest.php" tests="10" assertions="15" errors="0" failures="0" skipped="0" time="0.121821">
      <testcase name="`ManagesSuspension Trait` → `createSuspension method` → creates suspension record" class="Tests\Unit\Repositories\Concerns\ManagesSuspensionTest" classname="Tests.Unit.Repositories.Concerns.ManagesSuspensionTest" file="tests/Unit/Repositories/Concerns/ManagesSuspensionTest.php::`ManagesSuspension Trait` → `createSuspension method` → creates suspension record" line="0" assertions="1" time="0.013331"/>
      <testcase name="`ManagesSuspension Trait` → `createSuspension method` → sets suspension start date correctly" class="Tests\Unit\Repositories\Concerns\ManagesSuspensionTest" classname="Tests.Unit.Repositories.Concerns.ManagesSuspensionTest" file="tests/Unit/Repositories/Concerns/ManagesSuspensionTest.php::`ManagesSuspension Trait` → `createSuspension method` → sets suspension start date correctly" line="0" assertions="1" time="0.011985"/>
      <testcase name="`ManagesSuspension Trait` → `createSuspension method` → creates suspension with null end date by default" class="Tests\Unit\Repositories\Concerns\ManagesSuspensionTest" classname="Tests.Unit.Repositories.Concerns.ManagesSuspensionTest" file="tests/Unit/Repositories/Concerns/ManagesSuspensionTest.php::`ManagesSuspension Trait` → `createSuspension method` → creates suspension with null end date by default" line="0" assertions="1" time="0.011203"/>
      <testcase name="`ManagesSuspension Trait` → `endSuspension method` → ends current suspension when it exists" class="Tests\Unit\Repositories\Concerns\ManagesSuspensionTest" classname="Tests.Unit.Repositories.Concerns.ManagesSuspensionTest" file="tests/Unit/Repositories/Concerns/ManagesSuspensionTest.php::`ManagesSuspension Trait` → `endSuspension method` → ends current suspension when it exists" line="0" assertions="2" time="0.011576"/>
      <testcase name="`ManagesSuspension Trait` → `endSuspension method` → does nothing when no current suspension exists" class="Tests\Unit\Repositories\Concerns\ManagesSuspensionTest" classname="Tests.Unit.Repositories.Concerns.ManagesSuspensionTest" file="tests/Unit/Repositories/Concerns/ManagesSuspensionTest.php::`ManagesSuspension Trait` → `endSuspension method` → does nothing when no current suspension exists" line="0" assertions="1" time="0.011144"/>
      <testcase name="`ManagesSuspension Trait` → `endSuspension method` → sets end date correctly" class="Tests\Unit\Repositories\Concerns\ManagesSuspensionTest" classname="Tests.Unit.Repositories.Concerns.ManagesSuspensionTest" file="tests/Unit/Repositories/Concerns/ManagesSuspensionTest.php::`ManagesSuspension Trait` → `endSuspension method` → sets end date correctly" line="0" assertions="2" time="0.011943"/>
      <testcase name="`ManagesSuspension Trait` → `trait behavior verification` → trait methods exist and are callable" class="Tests\Unit\Repositories\Concerns\ManagesSuspensionTest" classname="Tests.Unit.Repositories.Concerns.ManagesSuspensionTest" file="tests/Unit/Repositories/Concerns/ManagesSuspensionTest.php::`ManagesSuspension Trait` → `trait behavior verification` → trait methods exist and are callable" line="0" assertions="2" time="0.012645"/>
      <testcase name="`ManagesSuspension Trait` → `trait behavior verification` → trait is model agnostic" class="Tests\Unit\Repositories\Concerns\ManagesSuspensionTest" classname="Tests.Unit.Repositories.Concerns.ManagesSuspensionTest" file="tests/Unit/Repositories/Concerns/ManagesSuspensionTest.php::`ManagesSuspension Trait` → `trait behavior verification` → trait is model agnostic" line="0" assertions="2" time="0.011562"/>
      <testcase name="`ManagesSuspension Trait` → `trait integration safety` → trait methods handle null gracefully" class="Tests\Unit\Repositories\Concerns\ManagesSuspensionTest" classname="Tests.Unit.Repositories.Concerns.ManagesSuspensionTest" file="tests/Unit/Repositories/Concerns/ManagesSuspensionTest.php::`ManagesSuspension Trait` → `trait integration safety` → trait methods handle null gracefully" line="0" assertions="1" time="0.011380"/>
      <testcase name="`ManagesSuspension Trait` → `trait integration safety` → trait is reusable across multiple repository instances" class="Tests\Unit\Repositories\Concerns\ManagesSuspensionTest" classname="Tests.Unit.Repositories.Concerns.ManagesSuspensionTest" file="tests/Unit/Repositories/Concerns/ManagesSuspensionTest.php::`ManagesSuspension Trait` → `trait integration safety` → trait is reusable across multiple repository instances" line="0" assertions="2" time="0.015052"/>
    </testsuite>
    <testsuite name="Tests\Unit\Repositories\EventRepositoryTest" file="tests/Unit/Repositories/EventRepositoryTest.php" tests="8" assertions="31" errors="0" failures="0" skipped="0" time="0.113933">
      <testcase name="`EventRepository Unit Tests` → `repository configuration` → repository can be resolved from container" class="Tests\Unit\Repositories\EventRepositoryTest" classname="Tests.Unit.Repositories.EventRepositoryTest" file="tests/Unit/Repositories/EventRepositoryTest.php::`EventRepository Unit Tests` → `repository configuration` → repository can be resolved from container" line="0" assertions="2" time="0.012669"/>
      <testcase name="`EventRepository Unit Tests` → `repository configuration` → repository has all expected methods" class="Tests\Unit\Repositories\EventRepositoryTest" classname="Tests.Unit.Repositories.EventRepositoryTest" file="tests/Unit/Repositories/EventRepositoryTest.php::`EventRepository Unit Tests` → `repository configuration` → repository has all expected methods" line="0" assertions="4" time="0.014072"/>
      <testcase name="`EventRepository Unit Tests` → `core CRUD operations` → can create event with minimal data" class="Tests\Unit\Repositories\EventRepositoryTest" classname="Tests.Unit.Repositories.EventRepositoryTest" file="tests/Unit/Repositories/EventRepositoryTest.php::`EventRepository Unit Tests` → `core CRUD operations` → can create event with minimal data" line="0" assertions="6" time="0.018378"/>
      <testcase name="`EventRepository Unit Tests` → `core CRUD operations` → can create event with date" class="Tests\Unit\Repositories\EventRepositoryTest" classname="Tests.Unit.Repositories.EventRepositoryTest" file="tests/Unit/Repositories/EventRepositoryTest.php::`EventRepository Unit Tests` → `core CRUD operations` → can create event with date" line="0" assertions="5" time="0.014257"/>
      <testcase name="`EventRepository Unit Tests` → `core CRUD operations` → can create event with date and venue" class="Tests\Unit\Repositories\EventRepositoryTest" classname="Tests.Unit.Repositories.EventRepositoryTest" file="tests/Unit/Repositories/EventRepositoryTest.php::`EventRepository Unit Tests` → `core CRUD operations` → can create event with date and venue" line="0" assertions="5" time="0.012692"/>
      <testcase name="`EventRepository Unit Tests` → `core CRUD operations` → can create event with all data" class="Tests\Unit\Repositories\EventRepositoryTest" classname="Tests.Unit.Repositories.EventRepositoryTest" file="tests/Unit/Repositories/EventRepositoryTest.php::`EventRepository Unit Tests` → `core CRUD operations` → can create event with all data" line="0" assertions="5" time="0.012641"/>
      <testcase name="`EventRepository Unit Tests` → `core CRUD operations` → can soft delete event" class="Tests\Unit\Repositories\EventRepositoryTest" classname="Tests.Unit.Repositories.EventRepositoryTest" file="tests/Unit/Repositories/EventRepositoryTest.php::`EventRepository Unit Tests` → `core CRUD operations` → can soft delete event" line="0" assertions="2" time="0.016823"/>
      <testcase name="`EventRepository Unit Tests` → `core CRUD operations` → can restore soft deleted event" class="Tests\Unit\Repositories\EventRepositoryTest" classname="Tests.Unit.Repositories.EventRepositoryTest" file="tests/Unit/Repositories/EventRepositoryTest.php::`EventRepository Unit Tests` → `core CRUD operations` → can restore soft deleted event" line="0" assertions="2" time="0.012400"/>
    </testsuite>
    <testsuite name="Tests\Unit\Repositories\ManagerRepositoryTest" file="tests/Unit/Repositories/ManagerRepositoryTest.php" tests="19" assertions="59" errors="0" failures="0" skipped="0" time="0.270091">
      <testcase name="`ManagerRepository Unit Tests` → `repository configuration` → repository can be resolved from container" class="Tests\Unit\Repositories\ManagerRepositoryTest" classname="Tests.Unit.Repositories.ManagerRepositoryTest" file="tests/Unit/Repositories/ManagerRepositoryTest.php::`ManagerRepository Unit Tests` → `repository configuration` → repository can be resolved from container" line="0" assertions="2" time="0.011581"/>
      <testcase name="`ManagerRepository Unit Tests` → `repository configuration` → repository implements all required contracts" class="Tests\Unit\Repositories\ManagerRepositoryTest" classname="Tests.Unit.Repositories.ManagerRepositoryTest" file="tests/Unit/Repositories/ManagerRepositoryTest.php::`ManagerRepository Unit Tests` → `repository configuration` → repository implements all required contracts" line="0" assertions="4" time="0.011529"/>
      <testcase name="`ManagerRepository Unit Tests` → `repository configuration` → repository uses all required traits" class="Tests\Unit\Repositories\ManagerRepositoryTest" classname="Tests.Unit.Repositories.ManagerRepositoryTest" file="tests/Unit/Repositories/ManagerRepositoryTest.php::`ManagerRepository Unit Tests` → `repository configuration` → repository uses all required traits" line="0" assertions="4" time="0.011006"/>
      <testcase name="`ManagerRepository Unit Tests` → `repository configuration` → repository has all expected methods" class="Tests\Unit\Repositories\ManagerRepositoryTest" classname="Tests.Unit.Repositories.ManagerRepositoryTest" file="tests/Unit/Repositories/ManagerRepositoryTest.php::`ManagerRepository Unit Tests` → `repository configuration` → repository has all expected methods" line="0" assertions="13" time="0.010865"/>
      <testcase name="`ManagerRepository Unit Tests` → `core CRUD operations` → can create manager with required data" class="Tests\Unit\Repositories\ManagerRepositoryTest" classname="Tests.Unit.Repositories.ManagerRepositoryTest" file="tests/Unit/Repositories/ManagerRepositoryTest.php::`ManagerRepository Unit Tests` → `core CRUD operations` → can create manager with required data" line="0" assertions="4" time="0.011694"/>
      <testcase name="`ManagerRepository Unit Tests` → `core CRUD operations` → can update existing manager" class="Tests\Unit\Repositories\ManagerRepositoryTest" classname="Tests.Unit.Repositories.ManagerRepositoryTest" file="tests/Unit/Repositories/ManagerRepositoryTest.php::`ManagerRepository Unit Tests` → `core CRUD operations` → can update existing manager" line="0" assertions="3" time="0.012449"/>
      <testcase name="`ManagerRepository Unit Tests` → `core CRUD operations` → can soft delete manager" class="Tests\Unit\Repositories\ManagerRepositoryTest" classname="Tests.Unit.Repositories.ManagerRepositoryTest" file="tests/Unit/Repositories/ManagerRepositoryTest.php::`ManagerRepository Unit Tests` → `core CRUD operations` → can soft delete manager" line="0" assertions="2" time="0.012280"/>
      <testcase name="`ManagerRepository Unit Tests` → `core CRUD operations` → can restore soft deleted manager" class="Tests\Unit\Repositories\ManagerRepositoryTest" classname="Tests.Unit.Repositories.ManagerRepositoryTest" file="tests/Unit/Repositories/ManagerRepositoryTest.php::`ManagerRepository Unit Tests` → `core CRUD operations` → can restore soft deleted manager" line="0" assertions="2" time="0.012541"/>
      <testcase name="`ManagerRepository Unit Tests` → `employment management` → can create employment for manager" class="Tests\Unit\Repositories\ManagerRepositoryTest" classname="Tests.Unit.Repositories.ManagerRepositoryTest" file="tests/Unit/Repositories/ManagerRepositoryTest.php::`ManagerRepository Unit Tests` → `employment management` → can create employment for manager" line="0" assertions="2" time="0.012920"/>
      <testcase name="`ManagerRepository Unit Tests` → `employment management` → can release employed manager" class="Tests\Unit\Repositories\ManagerRepositoryTest" classname="Tests.Unit.Repositories.ManagerRepositoryTest" file="tests/Unit/Repositories/ManagerRepositoryTest.php::`ManagerRepository Unit Tests` → `employment management` → can release employed manager" line="0" assertions="2" time="0.013678"/>
      <testcase name="`ManagerRepository Unit Tests` → `employment management` → updates existing employment when creating new employment" class="Tests\Unit\Repositories\ManagerRepositoryTest" classname="Tests.Unit.Repositories.ManagerRepositoryTest" file="tests/Unit/Repositories/ManagerRepositoryTest.php::`ManagerRepository Unit Tests` → `employment management` → updates existing employment when creating new employment" line="0" assertions="1" time="0.015297"/>
      <testcase name="`ManagerRepository Unit Tests` → `injury management` → can injure manager" class="Tests\Unit\Repositories\ManagerRepositoryTest" classname="Tests.Unit.Repositories.ManagerRepositoryTest" file="tests/Unit/Repositories/ManagerRepositoryTest.php::`ManagerRepository Unit Tests` → `injury management` → can injure manager" line="0" assertions="2" time="0.012932"/>
      <testcase name="`ManagerRepository Unit Tests` → `injury management` → can clear injured manager" class="Tests\Unit\Repositories\ManagerRepositoryTest" classname="Tests.Unit.Repositories.ManagerRepositoryTest" file="tests/Unit/Repositories/ManagerRepositoryTest.php::`ManagerRepository Unit Tests` → `injury management` → can clear injured manager" line="0" assertions="2" time="0.013926"/>
      <testcase name="`ManagerRepository Unit Tests` → `retirement management` → can retire manager" class="Tests\Unit\Repositories\ManagerRepositoryTest" classname="Tests.Unit.Repositories.ManagerRepositoryTest" file="tests/Unit/Repositories/ManagerRepositoryTest.php::`ManagerRepository Unit Tests` → `retirement management` → can retire manager" line="0" assertions="2" time="0.013868"/>
      <testcase name="`ManagerRepository Unit Tests` → `retirement management` → can unretire manager" class="Tests\Unit\Repositories\ManagerRepositoryTest" classname="Tests.Unit.Repositories.ManagerRepositoryTest" file="tests/Unit/Repositories/ManagerRepositoryTest.php::`ManagerRepository Unit Tests` → `retirement management` → can unretire manager" line="0" assertions="2" time="0.016021"/>
      <testcase name="`ManagerRepository Unit Tests` → `suspension management` → can suspend manager" class="Tests\Unit\Repositories\ManagerRepositoryTest" classname="Tests.Unit.Repositories.ManagerRepositoryTest" file="tests/Unit/Repositories/ManagerRepositoryTest.php::`ManagerRepository Unit Tests` → `suspension management` → can suspend manager" line="0" assertions="2" time="0.017108"/>
      <testcase name="`ManagerRepository Unit Tests` → `suspension management` → can reinstate suspended manager" class="Tests\Unit\Repositories\ManagerRepositoryTest" classname="Tests.Unit.Repositories.ManagerRepositoryTest" file="tests/Unit/Repositories/ManagerRepositoryTest.php::`ManagerRepository Unit Tests` → `suspension management` → can reinstate suspended manager" line="0" assertions="2" time="0.014453"/>
      <testcase name="`ManagerRepository Unit Tests` → `tag team relationship management` → can remove manager from current tag teams" class="Tests\Unit\Repositories\ManagerRepositoryTest" classname="Tests.Unit.Repositories.ManagerRepositoryTest" file="tests/Unit/Repositories/ManagerRepositoryTest.php::`ManagerRepository Unit Tests` → `tag team relationship management` → can remove manager from current tag teams" line="0" assertions="4" time="0.027902"/>
      <testcase name="`ManagerRepository Unit Tests` → `wrestler relationship management` → can remove manager from current wrestlers" class="Tests\Unit\Repositories\ManagerRepositoryTest" classname="Tests.Unit.Repositories.ManagerRepositoryTest" file="tests/Unit/Repositories/ManagerRepositoryTest.php::`ManagerRepository Unit Tests` → `wrestler relationship management` → can remove manager from current wrestlers" line="0" assertions="4" time="0.018040"/>
    </testsuite>
    <testsuite name="Tests\Unit\Repositories\MatchRepositoryTest" file="tests/Unit/Repositories/MatchRepositoryTest.php" tests="23" assertions="81" errors="0" failures="0" skipped="0" time="1.222279">
      <testcase name="`MatchRepository Unit Tests` → `repository configuration` → repository can be resolved from container" class="Tests\Unit\Repositories\MatchRepositoryTest" classname="Tests.Unit.Repositories.MatchRepositoryTest" file="tests/Unit/Repositories/MatchRepositoryTest.php::`MatchRepository Unit Tests` → `repository configuration` → repository can be resolved from container" line="0" assertions="2" time="0.062459"/>
      <testcase name="`MatchRepository Unit Tests` → `repository configuration` → repository has all expected methods" class="Tests\Unit\Repositories\MatchRepositoryTest" classname="Tests.Unit.Repositories.MatchRepositoryTest" file="tests/Unit/Repositories/MatchRepositoryTest.php::`MatchRepository Unit Tests` → `repository configuration` → repository has all expected methods" line="0" assertions="5" time="0.060045"/>
      <testcase name="`MatchRepository Unit Tests` → `event match creation` → can create event match with minimal data" class="Tests\Unit\Repositories\MatchRepositoryTest" classname="Tests.Unit.Repositories.MatchRepositoryTest" file="tests/Unit/Repositories/MatchRepositoryTest.php::`MatchRepository Unit Tests` → `event match creation` → can create event match with minimal data" line="0" assertions="6" time="0.046537"/>
      <testcase name="`MatchRepository Unit Tests` → `event match creation` → can create event match with preview" class="Tests\Unit\Repositories\MatchRepositoryTest" classname="Tests.Unit.Repositories.MatchRepositoryTest" file="tests/Unit/Repositories/MatchRepositoryTest.php::`MatchRepository Unit Tests` → `event match creation` → can create event match with preview" line="0" assertions="4" time="0.055417"/>
      <testcase name="`MatchRepository Unit Tests` → `event match creation` → assigns correct match numbers for multiple matches" class="Tests\Unit\Repositories\MatchRepositoryTest" classname="Tests.Unit.Repositories.MatchRepositoryTest" file="tests/Unit/Repositories/MatchRepositoryTest.php::`MatchRepository Unit Tests` → `event match creation` → assigns correct match numbers for multiple matches" line="0" assertions="4" time="0.068012"/>
      <testcase name="`MatchRepository Unit Tests` → `event match creation` → handles existing matches when calculating match number" class="Tests\Unit\Repositories\MatchRepositoryTest" classname="Tests.Unit.Repositories.MatchRepositoryTest" file="tests/Unit/Repositories/MatchRepositoryTest.php::`MatchRepository Unit Tests` → `event match creation` → handles existing matches when calculating match number" line="0" assertions="2" time="0.050894"/>
      <testcase name="`MatchRepository Unit Tests` → `referee management` → can add referee to match" class="Tests\Unit\Repositories\MatchRepositoryTest" classname="Tests.Unit.Repositories.MatchRepositoryTest" file="tests/Unit/Repositories/MatchRepositoryTest.php::`MatchRepository Unit Tests` → `referee management` → can add referee to match" line="0" assertions="3" time="0.049378"/>
      <testcase name="`MatchRepository Unit Tests` → `referee management` → can add multiple referees to match" class="Tests\Unit\Repositories\MatchRepositoryTest" classname="Tests.Unit.Repositories.MatchRepositoryTest" file="tests/Unit/Repositories/MatchRepositoryTest.php::`MatchRepository Unit Tests` → `referee management` → can add multiple referees to match" line="0" assertions="3" time="0.062384"/>
      <testcase name="`MatchRepository Unit Tests` → `referee management` → can add same referee multiple times without duplication" class="Tests\Unit\Repositories\MatchRepositoryTest" classname="Tests.Unit.Repositories.MatchRepositoryTest" file="tests/Unit/Repositories/MatchRepositoryTest.php::`MatchRepository Unit Tests` → `referee management` → can add same referee multiple times without duplication" line="0" assertions="2" time="0.055232"/>
      <testcase name="`MatchRepository Unit Tests` → `title management` → can add title to match" class="Tests\Unit\Repositories\MatchRepositoryTest" classname="Tests.Unit.Repositories.MatchRepositoryTest" file="tests/Unit/Repositories/MatchRepositoryTest.php::`MatchRepository Unit Tests` → `title management` → can add title to match" line="0" assertions="3" time="0.049922"/>
      <testcase name="`MatchRepository Unit Tests` → `title management` → can add multiple titles to match" class="Tests\Unit\Repositories\MatchRepositoryTest" classname="Tests.Unit.Repositories.MatchRepositoryTest" file="tests/Unit/Repositories/MatchRepositoryTest.php::`MatchRepository Unit Tests` → `title management` → can add multiple titles to match" line="0" assertions="3" time="0.061570"/>
      <testcase name="`MatchRepository Unit Tests` → `title management` → can add same title multiple times without duplication" class="Tests\Unit\Repositories\MatchRepositoryTest" classname="Tests.Unit.Repositories.MatchRepositoryTest" file="tests/Unit/Repositories/MatchRepositoryTest.php::`MatchRepository Unit Tests` → `title management` → can add same title multiple times without duplication" line="0" assertions="2" time="0.065986"/>
      <testcase name="`MatchRepository Unit Tests` → `wrestler management` → can add wrestler to match with side number" class="Tests\Unit\Repositories\MatchRepositoryTest" classname="Tests.Unit.Repositories.MatchRepositoryTest" file="tests/Unit/Repositories/MatchRepositoryTest.php::`MatchRepository Unit Tests` → `wrestler management` → can add wrestler to match with side number" line="0" assertions="4" time="0.049170"/>
      <testcase name="`MatchRepository Unit Tests` → `wrestler management` → can add wrestlers to different sides" class="Tests\Unit\Repositories\MatchRepositoryTest" classname="Tests.Unit.Repositories.MatchRepositoryTest" file="tests/Unit/Repositories/MatchRepositoryTest.php::`MatchRepository Unit Tests` → `wrestler management` → can add wrestlers to different sides" line="0" assertions="3" time="0.056230"/>
      <testcase name="`MatchRepository Unit Tests` → `wrestler management` → can add multiple wrestlers to same side" class="Tests\Unit\Repositories\MatchRepositoryTest" classname="Tests.Unit.Repositories.MatchRepositoryTest" file="tests/Unit/Repositories/MatchRepositoryTest.php::`MatchRepository Unit Tests` → `wrestler management` → can add multiple wrestlers to same side" line="0" assertions="2" time="0.053503"/>
      <testcase name="`MatchRepository Unit Tests` → `tag team management` → can add tag team to match with side number" class="Tests\Unit\Repositories\MatchRepositoryTest" classname="Tests.Unit.Repositories.MatchRepositoryTest" file="tests/Unit/Repositories/MatchRepositoryTest.php::`MatchRepository Unit Tests` → `tag team management` → can add tag team to match with side number" line="0" assertions="4" time="0.049996"/>
      <testcase name="`MatchRepository Unit Tests` → `tag team management` → can add tag teams to different sides" class="Tests\Unit\Repositories\MatchRepositoryTest" classname="Tests.Unit.Repositories.MatchRepositoryTest" file="tests/Unit/Repositories/MatchRepositoryTest.php::`MatchRepository Unit Tests` → `tag team management` → can add tag teams to different sides" line="0" assertions="3" time="0.052129"/>
      <testcase name="`MatchRepository Unit Tests` → `tag team management` → can add multiple tag teams to same side" class="Tests\Unit\Repositories\MatchRepositoryTest" classname="Tests.Unit.Repositories.MatchRepositoryTest" file="tests/Unit/Repositories/MatchRepositoryTest.php::`MatchRepository Unit Tests` → `tag team management` → can add multiple tag teams to same side" line="0" assertions="2" time="0.048047"/>
      <testcase name="`MatchRepository Unit Tests` → `complex match scenarios` → can create match with all participant types" class="Tests\Unit\Repositories\MatchRepositoryTest" classname="Tests.Unit.Repositories.MatchRepositoryTest" file="tests/Unit/Repositories/MatchRepositoryTest.php::`MatchRepository Unit Tests` → `complex match scenarios` → can create match with all participant types" line="0" assertions="6" time="0.046762"/>
      <testcase name="`MatchRepository Unit Tests` → `complex match scenarios` → handles mixed competitors on same side" class="Tests\Unit\Repositories\MatchRepositoryTest" classname="Tests.Unit.Repositories.MatchRepositoryTest" file="tests/Unit/Repositories/MatchRepositoryTest.php::`MatchRepository Unit Tests` → `complex match scenarios` → handles mixed competitors on same side" line="0" assertions="4" time="0.043412"/>
      <testcase name="`MatchRepository Unit Tests` → `complex match scenarios` → can create tournament-style match with multiple participants" class="Tests\Unit\Repositories\MatchRepositoryTest" classname="Tests.Unit.Repositories.MatchRepositoryTest" file="tests/Unit/Repositories/MatchRepositoryTest.php::`MatchRepository Unit Tests` → `complex match scenarios` → can create tournament-style match with multiple participants" line="0" assertions="5" time="0.047287"/>
      <testcase name="`MatchRepository Unit Tests` → `data persistence verification` → match creation persists all required data" class="Tests\Unit\Repositories\MatchRepositoryTest" classname="Tests.Unit.Repositories.MatchRepositoryTest" file="tests/Unit/Repositories/MatchRepositoryTest.php::`MatchRepository Unit Tests` → `data persistence verification` → match creation persists all required data" line="0" assertions="5" time="0.042048"/>
      <testcase name="`MatchRepository Unit Tests` → `data persistence verification` → participant additions persist correctly" class="Tests\Unit\Repositories\MatchRepositoryTest" classname="Tests.Unit.Repositories.MatchRepositoryTest" file="tests/Unit/Repositories/MatchRepositoryTest.php::`MatchRepository Unit Tests` → `data persistence verification` → participant additions persist correctly" line="0" assertions="4" time="0.045858"/>
    </testsuite>
    <testsuite name="Tests\Unit\Repositories\RefereeRepositoryTest" file="tests/Unit/Repositories/RefereeRepositoryTest.php" tests="17" assertions="49" errors="0" failures="0" skipped="0" time="0.250735">
      <testcase name="`RefereeRepository Unit Tests` → `repository configuration` → repository can be resolved from container" class="Tests\Unit\Repositories\RefereeRepositoryTest" classname="Tests.Unit.Repositories.RefereeRepositoryTest" file="tests/Unit/Repositories/RefereeRepositoryTest.php::`RefereeRepository Unit Tests` → `repository configuration` → repository can be resolved from container" line="0" assertions="2" time="0.017656"/>
      <testcase name="`RefereeRepository Unit Tests` → `repository configuration` → repository implements all required contracts" class="Tests\Unit\Repositories\RefereeRepositoryTest" classname="Tests.Unit.Repositories.RefereeRepositoryTest" file="tests/Unit/Repositories/RefereeRepositoryTest.php::`RefereeRepository Unit Tests` → `repository configuration` → repository implements all required contracts" line="0" assertions="4" time="0.012432"/>
      <testcase name="`RefereeRepository Unit Tests` → `repository configuration` → repository uses all required traits" class="Tests\Unit\Repositories\RefereeRepositoryTest" classname="Tests.Unit.Repositories.RefereeRepositoryTest" file="tests/Unit/Repositories/RefereeRepositoryTest.php::`RefereeRepository Unit Tests` → `repository configuration` → repository uses all required traits" line="0" assertions="4" time="0.015417"/>
      <testcase name="`RefereeRepository Unit Tests` → `repository configuration` → repository has all expected methods" class="Tests\Unit\Repositories\RefereeRepositoryTest" classname="Tests.Unit.Repositories.RefereeRepositoryTest" file="tests/Unit/Repositories/RefereeRepositoryTest.php::`RefereeRepository Unit Tests` → `repository configuration` → repository has all expected methods" line="0" assertions="11" time="0.011353"/>
      <testcase name="`RefereeRepository Unit Tests` → `core CRUD operations` → can create referee with required data" class="Tests\Unit\Repositories\RefereeRepositoryTest" classname="Tests.Unit.Repositories.RefereeRepositoryTest" file="tests/Unit/Repositories/RefereeRepositoryTest.php::`RefereeRepository Unit Tests` → `core CRUD operations` → can create referee with required data" line="0" assertions="4" time="0.011994"/>
      <testcase name="`RefereeRepository Unit Tests` → `core CRUD operations` → can update existing referee" class="Tests\Unit\Repositories\RefereeRepositoryTest" classname="Tests.Unit.Repositories.RefereeRepositoryTest" file="tests/Unit/Repositories/RefereeRepositoryTest.php::`RefereeRepository Unit Tests` → `core CRUD operations` → can update existing referee" line="0" assertions="3" time="0.012742"/>
      <testcase name="`RefereeRepository Unit Tests` → `core CRUD operations` → can soft delete referee" class="Tests\Unit\Repositories\RefereeRepositoryTest" classname="Tests.Unit.Repositories.RefereeRepositoryTest" file="tests/Unit/Repositories/RefereeRepositoryTest.php::`RefereeRepository Unit Tests` → `core CRUD operations` → can soft delete referee" line="0" assertions="2" time="0.012747"/>
      <testcase name="`RefereeRepository Unit Tests` → `core CRUD operations` → can restore soft deleted referee" class="Tests\Unit\Repositories\RefereeRepositoryTest" classname="Tests.Unit.Repositories.RefereeRepositoryTest" file="tests/Unit/Repositories/RefereeRepositoryTest.php::`RefereeRepository Unit Tests` → `core CRUD operations` → can restore soft deleted referee" line="0" assertions="2" time="0.012345"/>
      <testcase name="`RefereeRepository Unit Tests` → `employment management` → can create employment for referee" class="Tests\Unit\Repositories\RefereeRepositoryTest" classname="Tests.Unit.Repositories.RefereeRepositoryTest" file="tests/Unit/Repositories/RefereeRepositoryTest.php::`RefereeRepository Unit Tests` → `employment management` → can create employment for referee" line="0" assertions="2" time="0.019072"/>
      <testcase name="`RefereeRepository Unit Tests` → `employment management` → can release employed referee" class="Tests\Unit\Repositories\RefereeRepositoryTest" classname="Tests.Unit.Repositories.RefereeRepositoryTest" file="tests/Unit/Repositories/RefereeRepositoryTest.php::`RefereeRepository Unit Tests` → `employment management` → can release employed referee" line="0" assertions="2" time="0.017048"/>
      <testcase name="`RefereeRepository Unit Tests` → `employment management` → updates existing employment when creating new employment" class="Tests\Unit\Repositories\RefereeRepositoryTest" classname="Tests.Unit.Repositories.RefereeRepositoryTest" file="tests/Unit/Repositories/RefereeRepositoryTest.php::`RefereeRepository Unit Tests` → `employment management` → updates existing employment when creating new employment" line="0" assertions="1" time="0.020001"/>
      <testcase name="`RefereeRepository Unit Tests` → `injury management` → can injure referee" class="Tests\Unit\Repositories\RefereeRepositoryTest" classname="Tests.Unit.Repositories.RefereeRepositoryTest" file="tests/Unit/Repositories/RefereeRepositoryTest.php::`RefereeRepository Unit Tests` → `injury management` → can injure referee" line="0" assertions="2" time="0.015779"/>
      <testcase name="`RefereeRepository Unit Tests` → `injury management` → can clear injured referee" class="Tests\Unit\Repositories\RefereeRepositoryTest" classname="Tests.Unit.Repositories.RefereeRepositoryTest" file="tests/Unit/Repositories/RefereeRepositoryTest.php::`RefereeRepository Unit Tests` → `injury management` → can clear injured referee" line="0" assertions="2" time="0.014980"/>
      <testcase name="`RefereeRepository Unit Tests` → `retirement management` → can retire referee" class="Tests\Unit\Repositories\RefereeRepositoryTest" classname="Tests.Unit.Repositories.RefereeRepositoryTest" file="tests/Unit/Repositories/RefereeRepositoryTest.php::`RefereeRepository Unit Tests` → `retirement management` → can retire referee" line="0" assertions="2" time="0.014884"/>
      <testcase name="`RefereeRepository Unit Tests` → `retirement management` → can unretire referee" class="Tests\Unit\Repositories\RefereeRepositoryTest" classname="Tests.Unit.Repositories.RefereeRepositoryTest" file="tests/Unit/Repositories/RefereeRepositoryTest.php::`RefereeRepository Unit Tests` → `retirement management` → can unretire referee" line="0" assertions="2" time="0.013867"/>
      <testcase name="`RefereeRepository Unit Tests` → `suspension management` → can suspend referee" class="Tests\Unit\Repositories\RefereeRepositoryTest" classname="Tests.Unit.Repositories.RefereeRepositoryTest" file="tests/Unit/Repositories/RefereeRepositoryTest.php::`RefereeRepository Unit Tests` → `suspension management` → can suspend referee" line="0" assertions="2" time="0.013832"/>
      <testcase name="`RefereeRepository Unit Tests` → `suspension management` → can reinstate suspended referee" class="Tests\Unit\Repositories\RefereeRepositoryTest" classname="Tests.Unit.Repositories.RefereeRepositoryTest" file="tests/Unit/Repositories/RefereeRepositoryTest.php::`RefereeRepository Unit Tests` → `suspension management` → can reinstate suspended referee" line="0" assertions="2" time="0.014586"/>
    </testsuite>
    <testsuite name="Tests\Unit\Repositories\StableRepositoryTest" file="tests/Unit/Repositories/StableRepositoryTest.php" tests="42" assertions="129" errors="0" failures="0" skipped="0" time="0.77473">
      <testcase name="`StableRepository Unit Tests` → `repository configuration` → repository can be resolved from container" class="Tests\Unit\Repositories\StableRepositoryTest" classname="Tests.Unit.Repositories.StableRepositoryTest" file="tests/Unit/Repositories/StableRepositoryTest.php::`StableRepository Unit Tests` → `repository configuration` → repository can be resolved from container" line="0" assertions="2" time="0.024519"/>
      <testcase name="`StableRepository Unit Tests` → `repository configuration` → repository implements all required contracts" class="Tests\Unit\Repositories\StableRepositoryTest" classname="Tests.Unit.Repositories.StableRepositoryTest" file="tests/Unit/Repositories/StableRepositoryTest.php::`StableRepository Unit Tests` → `repository configuration` → repository implements all required contracts" line="0" assertions="3" time="0.013435"/>
      <testcase name="`StableRepository Unit Tests` → `repository configuration` → repository uses all required traits" class="Tests\Unit\Repositories\StableRepositoryTest" classname="Tests.Unit.Repositories.StableRepositoryTest" file="tests/Unit/Repositories/StableRepositoryTest.php::`StableRepository Unit Tests` → `repository configuration` → repository uses all required traits" line="0" assertions="3" time="0.013267"/>
      <testcase name="`StableRepository Unit Tests` → `repository configuration` → repository has all expected methods" class="Tests\Unit\Repositories\StableRepositoryTest" classname="Tests.Unit.Repositories.StableRepositoryTest" file="tests/Unit/Repositories/StableRepositoryTest.php::`StableRepository Unit Tests` → `repository configuration` → repository has all expected methods" line="0" assertions="23" time="0.013349"/>
      <testcase name="`StableRepository Unit Tests` → `core CRUD operations` → can create stable with minimal data" class="Tests\Unit\Repositories\StableRepositoryTest" classname="Tests.Unit.Repositories.StableRepositoryTest" file="tests/Unit/Repositories/StableRepositoryTest.php::`StableRepository Unit Tests` → `core CRUD operations` → can create stable with minimal data" line="0" assertions="4" time="0.014079"/>
      <testcase name="`StableRepository Unit Tests` → `core CRUD operations` → can update existing stable" class="Tests\Unit\Repositories\StableRepositoryTest" classname="Tests.Unit.Repositories.StableRepositoryTest" file="tests/Unit/Repositories/StableRepositoryTest.php::`StableRepository Unit Tests` → `core CRUD operations` → can update existing stable" line="0" assertions="2" time="0.019621"/>
      <testcase name="`StableRepository Unit Tests` → `core CRUD operations` → can soft delete stable" class="Tests\Unit\Repositories\StableRepositoryTest" classname="Tests.Unit.Repositories.StableRepositoryTest" file="tests/Unit/Repositories/StableRepositoryTest.php::`StableRepository Unit Tests` → `core CRUD operations` → can soft delete stable" line="0" assertions="2" time="0.015937"/>
      <testcase name="`StableRepository Unit Tests` → `core CRUD operations` → can restore soft deleted stable" class="Tests\Unit\Repositories\StableRepositoryTest" classname="Tests.Unit.Repositories.StableRepositoryTest" file="tests/Unit/Repositories/StableRepositoryTest.php::`StableRepository Unit Tests` → `core CRUD operations` → can restore soft deleted stable" line="0" assertions="3" time="0.015976"/>
      <testcase name="`StableRepository Unit Tests` → `activity management` → can create establishment for stable" class="Tests\Unit\Repositories\StableRepositoryTest" classname="Tests.Unit.Repositories.StableRepositoryTest" file="tests/Unit/Repositories/StableRepositoryTest.php::`StableRepository Unit Tests` → `activity management` → can create establishment for stable" line="0" assertions="2" time="0.018057"/>
      <testcase name="`StableRepository Unit Tests` → `activity management` → can create debut for stable" class="Tests\Unit\Repositories\StableRepositoryTest" classname="Tests.Unit.Repositories.StableRepositoryTest" file="tests/Unit/Repositories/StableRepositoryTest.php::`StableRepository Unit Tests` → `activity management` → can create debut for stable" line="0" assertions="2" time="0.016680"/>
      <testcase name="`StableRepository Unit Tests` → `activity management` → can create activity period for stable" class="Tests\Unit\Repositories\StableRepositoryTest" classname="Tests.Unit.Repositories.StableRepositoryTest" file="tests/Unit/Repositories/StableRepositoryTest.php::`StableRepository Unit Tests` → `activity management` → can create activity period for stable" line="0" assertions="2" time="0.018137"/>
      <testcase name="`StableRepository Unit Tests` → `activity management` → can end current activity period" class="Tests\Unit\Repositories\StableRepositoryTest" classname="Tests.Unit.Repositories.StableRepositoryTest" file="tests/Unit/Repositories/StableRepositoryTest.php::`StableRepository Unit Tests` → `activity management` → can end current activity period" line="0" assertions="2" time="0.018681"/>
      <testcase name="`StableRepository Unit Tests` → `retirement management` → can retire stable" class="Tests\Unit\Repositories\StableRepositoryTest" classname="Tests.Unit.Repositories.StableRepositoryTest" file="tests/Unit/Repositories/StableRepositoryTest.php::`StableRepository Unit Tests` → `retirement management` → can retire stable" line="0" assertions="2" time="0.015668"/>
      <testcase name="`StableRepository Unit Tests` → `retirement management` → can unretire stable" class="Tests\Unit\Repositories\StableRepositoryTest" classname="Tests.Unit.Repositories.StableRepositoryTest" file="tests/Unit/Repositories/StableRepositoryTest.php::`StableRepository Unit Tests` → `retirement management` → can unretire stable" line="0" assertions="2" time="0.015574"/>
      <testcase name="`StableRepository Unit Tests` → `wrestler relationship management` → can add wrestler to stable" class="Tests\Unit\Repositories\StableRepositoryTest" classname="Tests.Unit.Repositories.StableRepositoryTest" file="tests/Unit/Repositories/StableRepositoryTest.php::`StableRepository Unit Tests` → `wrestler relationship management` → can add wrestler to stable" line="0" assertions="3" time="0.015375"/>
      <testcase name="`StableRepository Unit Tests` → `wrestler relationship management` → can remove wrestler from stable" class="Tests\Unit\Repositories\StableRepositoryTest" classname="Tests.Unit.Repositories.StableRepositoryTest" file="tests/Unit/Repositories/StableRepositoryTest.php::`StableRepository Unit Tests` → `wrestler relationship management` → can remove wrestler from stable" line="0" assertions="3" time="0.015866"/>
      <testcase name="`StableRepository Unit Tests` → `wrestler relationship management` → can add multiple wrestlers to stable" class="Tests\Unit\Repositories\StableRepositoryTest" classname="Tests.Unit.Repositories.StableRepositoryTest" file="tests/Unit/Repositories/StableRepositoryTest.php::`StableRepository Unit Tests` → `wrestler relationship management` → can add multiple wrestlers to stable" line="0" assertions="3" time="0.024407"/>
      <testcase name="`StableRepository Unit Tests` → `wrestler relationship management` → can remove multiple wrestlers from stable" class="Tests\Unit\Repositories\StableRepositoryTest" classname="Tests.Unit.Repositories.StableRepositoryTest" file="tests/Unit/Repositories/StableRepositoryTest.php::`StableRepository Unit Tests` → `wrestler relationship management` → can remove multiple wrestlers from stable" line="0" assertions="2" time="0.017354"/>
      <testcase name="`StableRepository Unit Tests` → `tag team relationship management` → can add tag team to stable" class="Tests\Unit\Repositories\StableRepositoryTest" classname="Tests.Unit.Repositories.StableRepositoryTest" file="tests/Unit/Repositories/StableRepositoryTest.php::`StableRepository Unit Tests` → `tag team relationship management` → can add tag team to stable" line="0" assertions="3" time="0.015292"/>
      <testcase name="`StableRepository Unit Tests` → `tag team relationship management` → can remove tag team from stable" class="Tests\Unit\Repositories\StableRepositoryTest" classname="Tests.Unit.Repositories.StableRepositoryTest" file="tests/Unit/Repositories/StableRepositoryTest.php::`StableRepository Unit Tests` → `tag team relationship management` → can remove tag team from stable" line="0" assertions="3" time="0.015854"/>
      <testcase name="`StableRepository Unit Tests` → `tag team relationship management` → can add multiple tag teams to stable" class="Tests\Unit\Repositories\StableRepositoryTest" classname="Tests.Unit.Repositories.StableRepositoryTest" file="tests/Unit/Repositories/StableRepositoryTest.php::`StableRepository Unit Tests` → `tag team relationship management` → can add multiple tag teams to stable" line="0" assertions="3" time="0.023531"/>
      <testcase name="`StableRepository Unit Tests` → `tag team relationship management` → can remove multiple tag teams from stable" class="Tests\Unit\Repositories\StableRepositoryTest" classname="Tests.Unit.Repositories.StableRepositoryTest" file="tests/Unit/Repositories/StableRepositoryTest.php::`StableRepository Unit Tests` → `tag team relationship management` → can remove multiple tag teams from stable" line="0" assertions="2" time="0.019951"/>
      <testcase name="`StableRepository Unit Tests` → `member type resolution` → can add member with wrestler type resolution" class="Tests\Unit\Repositories\StableRepositoryTest" classname="Tests.Unit.Repositories.StableRepositoryTest" file="tests/Unit/Repositories/StableRepositoryTest.php::`StableRepository Unit Tests` → `member type resolution` → can add member with wrestler type resolution" line="0" assertions="3" time="0.017131"/>
      <testcase name="`StableRepository Unit Tests` → `member type resolution` → can add member with tag team type resolution" class="Tests\Unit\Repositories\StableRepositoryTest" classname="Tests.Unit.Repositories.StableRepositoryTest" file="tests/Unit/Repositories/StableRepositoryTest.php::`StableRepository Unit Tests` → `member type resolution` → can add member with tag team type resolution" line="0" assertions="3" time="0.021404"/>
      <testcase name="`StableRepository Unit Tests` → `member type resolution` → adding member with unsupported type is handled gracefully" class="Tests\Unit\Repositories\StableRepositoryTest" classname="Tests.Unit.Repositories.StableRepositoryTest" file="tests/Unit/Repositories/StableRepositoryTest.php::`StableRepository Unit Tests` → `member type resolution` → adding member with unsupported type is handled gracefully" line="0" assertions="2" time="0.016569"/>
      <testcase name="`StableRepository Unit Tests` → `member type resolution` → can remove member with wrestler type resolution" class="Tests\Unit\Repositories\StableRepositoryTest" classname="Tests.Unit.Repositories.StableRepositoryTest" file="tests/Unit/Repositories/StableRepositoryTest.php::`StableRepository Unit Tests` → `member type resolution` → can remove member with wrestler type resolution" line="0" assertions="3" time="0.019594"/>
      <testcase name="`StableRepository Unit Tests` → `member type resolution` → can remove member with tag team type resolution" class="Tests\Unit\Repositories\StableRepositoryTest" classname="Tests.Unit.Repositories.StableRepositoryTest" file="tests/Unit/Repositories/StableRepositoryTest.php::`StableRepository Unit Tests` → `member type resolution` → can remove member with tag team type resolution" line="0" assertions="3" time="0.016328"/>
      <testcase name="`StableRepository Unit Tests` → `member type resolution` → throws exception for invalid member type" class="Tests\Unit\Repositories\StableRepositoryTest" classname="Tests.Unit.Repositories.StableRepositoryTest" file="tests/Unit/Repositories/StableRepositoryTest.php::`StableRepository Unit Tests` → `member type resolution` → throws exception for invalid member type" line="0" assertions="1" time="0.017575"/>
      <testcase name="`StableRepository Unit Tests` → `complex stable operations` → can disassemble all members from stable" class="Tests\Unit\Repositories\StableRepositoryTest" classname="Tests.Unit.Repositories.StableRepositoryTest" file="tests/Unit/Repositories/StableRepositoryTest.php::`StableRepository Unit Tests` → `complex stable operations` → can disassemble all members from stable" line="0" assertions="4" time="0.023108"/>
      <testcase name="`StableRepository Unit Tests` → `complex stable operations` → disband members is alias for disassemble all members" class="Tests\Unit\Repositories\StableRepositoryTest" classname="Tests.Unit.Repositories.StableRepositoryTest" file="tests/Unit/Repositories/StableRepositoryTest.php::`StableRepository Unit Tests` → `complex stable operations` → disband members is alias for disassemble all members" line="0" assertions="4" time="0.024615"/>
      <testcase name="`StableRepository Unit Tests` → `complex stable operations` → can update stable members by adding and removing" class="Tests\Unit\Repositories\StableRepositoryTest" classname="Tests.Unit.Repositories.StableRepositoryTest" file="tests/Unit/Repositories/StableRepositoryTest.php::`StableRepository Unit Tests` → `complex stable operations` → can update stable members by adding and removing" line="0" assertions="4" time="0.024258"/>
      <testcase name="`StableRepository Unit Tests` → `complex stable operations` → update stable members uses current time as default" class="Tests\Unit\Repositories\StableRepositoryTest" classname="Tests.Unit.Repositories.StableRepositoryTest" file="tests/Unit/Repositories/StableRepositoryTest.php::`StableRepository Unit Tests` → `complex stable operations` → update stable members uses current time as default" line="0" assertions="2" time="0.018040"/>
      <testcase name="`StableRepository Unit Tests` → `complex stable operations` → handles empty collections gracefully" class="Tests\Unit\Repositories\StableRepositoryTest" classname="Tests.Unit.Repositories.StableRepositoryTest" file="tests/Unit/Repositories/StableRepositoryTest.php::`StableRepository Unit Tests` → `complex stable operations` → handles empty collections gracefully" line="0" assertions="4" time="0.020593"/>
      <testcase name="`StableRepository Unit Tests` → `trait integration` → integrates ManagesActivity trait correctly" class="Tests\Unit\Repositories\StableRepositoryTest" classname="Tests.Unit.Repositories.StableRepositoryTest" file="tests/Unit/Repositories/StableRepositoryTest.php::`StableRepository Unit Tests` → `trait integration` → integrates ManagesActivity trait correctly" line="0" assertions="2" time="0.015266"/>
      <testcase name="`StableRepository Unit Tests` → `trait integration` → integrates ManagesRetirement trait correctly" class="Tests\Unit\Repositories\StableRepositoryTest" classname="Tests.Unit.Repositories.StableRepositoryTest" file="tests/Unit/Repositories/StableRepositoryTest.php::`StableRepository Unit Tests` → `trait integration` → integrates ManagesRetirement trait correctly" line="0" assertions="2" time="0.014931"/>
      <testcase name="`StableRepository Unit Tests` → `trait integration` → integrates ManagesMembers trait correctly" class="Tests\Unit\Repositories\StableRepositoryTest" classname="Tests.Unit.Repositories.StableRepositoryTest" file="tests/Unit/Repositories/StableRepositoryTest.php::`StableRepository Unit Tests` → `trait integration` → integrates ManagesMembers trait correctly" line="0" assertions="2" time="0.019239"/>
      <testcase name="`StableRepository Unit Tests` → `edge cases and error handling` → adding same member twice creates multiple records" class="Tests\Unit\Repositories\StableRepositoryTest" classname="Tests.Unit.Repositories.StableRepositoryTest" file="tests/Unit/Repositories/StableRepositoryTest.php::`StableRepository Unit Tests` → `edge cases and error handling` → adding same member twice creates multiple records" line="0" assertions="2" time="0.024238"/>
      <testcase name="`StableRepository Unit Tests` → `edge cases and error handling` → removing non-existent member does not cause errors" class="Tests\Unit\Repositories\StableRepositoryTest" classname="Tests.Unit.Repositories.StableRepositoryTest" file="tests/Unit/Repositories/StableRepositoryTest.php::`StableRepository Unit Tests` → `edge cases and error handling` → removing non-existent member does not cause errors" line="0" assertions="1" time="0.018416"/>
      <testcase name="`StableRepository Unit Tests` → `edge cases and error handling` → handles date edge cases correctly" class="Tests\Unit\Repositories\StableRepositoryTest" classname="Tests.Unit.Repositories.StableRepositoryTest" file="tests/Unit/Repositories/StableRepositoryTest.php::`StableRepository Unit Tests` → `edge cases and error handling` → handles date edge cases correctly" line="0" assertions="3" time="0.017335"/>
      <testcase name="`StableRepository Unit Tests` → `business logic query methods` → can query all associated managers through members" class="Tests\Unit\Repositories\StableRepositoryTest" classname="Tests.Unit.Repositories.StableRepositoryTest" file="tests/Unit/Repositories/StableRepositoryTest.php::`StableRepository Unit Tests` → `business logic query methods` → can query all associated managers through members" line="0" assertions="4" time="0.028457"/>
      <testcase name="`StableRepository Unit Tests` → `business logic query methods` → returns empty collection when no associated managers" class="Tests\Unit\Repositories\StableRepositoryTest" classname="Tests.Unit.Repositories.StableRepositoryTest" file="tests/Unit/Repositories/StableRepositoryTest.php::`StableRepository Unit Tests` → `business logic query methods` → returns empty collection when no associated managers" line="0" assertions="2" time="0.018003"/>
      <testcase name="`StableRepository Unit Tests` → `business logic query methods` → deduplicates managers associated with multiple members" class="Tests\Unit\Repositories\StableRepositoryTest" classname="Tests.Unit.Repositories.StableRepositoryTest" file="tests/Unit/Repositories/StableRepositoryTest.php::`StableRepository Unit Tests` → `business logic query methods` → deduplicates managers associated with multiple members" line="0" assertions="2" time="0.019020"/>
    </testsuite>
    <testsuite name="Tests\Unit\Repositories\Support\BaseRepositoryTest" file="tests/Unit/Repositories/Support/BaseRepositoryTest.php" tests="15" assertions="36" errors="0" failures="0" skipped="0" time="0.2009">
      <testcase name="`BaseRepository Unit Tests` → `repository configuration` → repository can be instantiated as concrete class" class="Tests\Unit\Repositories\Support\BaseRepositoryTest" classname="Tests.Unit.Repositories.Support.BaseRepositoryTest" file="tests/Unit/Repositories/Support/BaseRepositoryTest.php::`BaseRepository Unit Tests` → `repository configuration` → repository can be instantiated as concrete class" line="0" assertions="1" time="0.011915"/>
      <testcase name="`BaseRepository Unit Tests` → `repository configuration` → repository is abstract and requires concrete implementation" class="Tests\Unit\Repositories\Support\BaseRepositoryTest" classname="Tests.Unit.Repositories.Support.BaseRepositoryTest" file="tests/Unit/Repositories/Support/BaseRepositoryTest.php::`BaseRepository Unit Tests` → `repository configuration` → repository is abstract and requires concrete implementation" line="0" assertions="1" time="0.011211"/>
      <testcase name="`BaseRepository Unit Tests` → `repository configuration` → repository has all expected public methods" class="Tests\Unit\Repositories\Support\BaseRepositoryTest" classname="Tests.Unit.Repositories.Support.BaseRepositoryTest" file="tests/Unit/Repositories/Support/BaseRepositoryTest.php::`BaseRepository Unit Tests` → `repository configuration` → repository has all expected public methods" line="0" assertions="1" time="0.013018"/>
      <testcase name="`BaseRepository Unit Tests` → `delete method` → calls delete on provided model" class="Tests\Unit\Repositories\Support\BaseRepositoryTest" classname="Tests.Unit.Repositories.Support.BaseRepositoryTest" file="tests/Unit/Repositories/Support/BaseRepositoryTest.php::`BaseRepository Unit Tests` → `delete method` → calls delete on provided model" line="0" assertions="1" time="0.019919"/>
      <testcase name="`BaseRepository Unit Tests` → `delete method` → works with any model instance" class="Tests\Unit\Repositories\Support\BaseRepositoryTest" classname="Tests.Unit.Repositories.Support.BaseRepositoryTest" file="tests/Unit/Repositories/Support/BaseRepositoryTest.php::`BaseRepository Unit Tests` → `delete method` → works with any model instance" line="0" assertions="2" time="0.014613"/>
      <testcase name="`BaseRepository Unit Tests` → `delete method` → handles soft delete models correctly" class="Tests\Unit\Repositories\Support\BaseRepositoryTest" classname="Tests.Unit.Repositories.Support.BaseRepositoryTest" file="tests/Unit/Repositories/Support/BaseRepositoryTest.php::`BaseRepository Unit Tests` → `delete method` → handles soft delete models correctly" line="0" assertions="1" time="0.012715"/>
      <testcase name="`BaseRepository Unit Tests` → `delete method` → delegates delete operation to model" class="Tests\Unit\Repositories\Support\BaseRepositoryTest" classname="Tests.Unit.Repositories.Support.BaseRepositoryTest" file="tests/Unit/Repositories/Support/BaseRepositoryTest.php::`BaseRepository Unit Tests` → `delete method` → delegates delete operation to model" line="0" assertions="1" time="0.011168"/>
      <testcase name="`BaseRepository Unit Tests` → `repository inheritance patterns` → repository can be extended by concrete implementations" class="Tests\Unit\Repositories\Support\BaseRepositoryTest" classname="Tests.Unit.Repositories.Support.BaseRepositoryTest" file="tests/Unit/Repositories/Support/BaseRepositoryTest.php::`BaseRepository Unit Tests` → `repository inheritance patterns` → repository can be extended by concrete implementations" line="0" assertions="4" time="0.013144"/>
      <testcase name="`BaseRepository Unit Tests` → `repository inheritance patterns` → repository provides consistent foundation for all repositories" class="Tests\Unit\Repositories\Support\BaseRepositoryTest" classname="Tests.Unit.Repositories.Support.BaseRepositoryTest" file="tests/Unit/Repositories/Support/BaseRepositoryTest.php::`BaseRepository Unit Tests` → `repository inheritance patterns` → repository provides consistent foundation for all repositories" line="0" assertions="4" time="0.014375"/>
      <testcase name="`BaseRepository Unit Tests` → `base repository design patterns` → repository follows thin abstraction layer pattern" class="Tests\Unit\Repositories\Support\BaseRepositoryTest" classname="Tests.Unit.Repositories.Support.BaseRepositoryTest" file="tests/Unit/Repositories/Support/BaseRepositoryTest.php::`BaseRepository Unit Tests` → `base repository design patterns` → repository follows thin abstraction layer pattern" line="0" assertions="3" time="0.012874"/>
      <testcase name="`BaseRepository Unit Tests` → `base repository design patterns` → repository is domain-agnostic" class="Tests\Unit\Repositories\Support\BaseRepositoryTest" classname="Tests.Unit.Repositories.Support.BaseRepositoryTest" file="tests/Unit/Repositories/Support/BaseRepositoryTest.php::`BaseRepository Unit Tests` → `base repository design patterns` → repository is domain-agnostic" line="0" assertions="4" time="0.015389"/>
      <testcase name="`BaseRepository Unit Tests` → `base repository design patterns` → repository provides extensible foundation" class="Tests\Unit\Repositories\Support\BaseRepositoryTest" classname="Tests.Unit.Repositories.Support.BaseRepositoryTest" file="tests/Unit/Repositories/Support/BaseRepositoryTest.php::`BaseRepository Unit Tests` → `base repository design patterns` → repository provides extensible foundation" line="0" assertions="4" time="0.013395"/>
      <testcase name="`BaseRepository Unit Tests` → `repository class consistency` → repository follows established naming conventions" class="Tests\Unit\Repositories\Support\BaseRepositoryTest" classname="Tests.Unit.Repositories.Support.BaseRepositoryTest" file="tests/Unit/Repositories/Support/BaseRepositoryTest.php::`BaseRepository Unit Tests` → `repository class consistency` → repository follows established naming conventions" line="0" assertions="3" time="0.013319"/>
      <testcase name="`BaseRepository Unit Tests` → `repository class consistency` → repository has proper visibility for methods" class="Tests\Unit\Repositories\Support\BaseRepositoryTest" classname="Tests.Unit.Repositories.Support.BaseRepositoryTest" file="tests/Unit/Repositories/Support/BaseRepositoryTest.php::`BaseRepository Unit Tests` → `repository class consistency` → repository has proper visibility for methods" line="0" assertions="3" time="0.012454"/>
      <testcase name="`BaseRepository Unit Tests` → `repository class consistency` → repository maintains consistent documentation standards" class="Tests\Unit\Repositories\Support\BaseRepositoryTest" classname="Tests.Unit.Repositories.Support.BaseRepositoryTest" file="tests/Unit/Repositories/Support/BaseRepositoryTest.php::`BaseRepository Unit Tests` → `repository class consistency` → repository maintains consistent documentation standards" line="0" assertions="3" time="0.011389"/>
    </testsuite>
    <testsuite name="Tests\Unit\Repositories\TagTeamRepositoryTest" file="tests/Unit/Repositories/TagTeamRepositoryTest.php" tests="26" assertions="80" errors="0" failures="0" skipped="0" time="0.423039">
      <testcase name="`TagTeamRepository Unit Tests` → `repository configuration` → repository can be resolved from container" class="Tests\Unit\Repositories\TagTeamRepositoryTest" classname="Tests.Unit.Repositories.TagTeamRepositoryTest" file="tests/Unit/Repositories/TagTeamRepositoryTest.php::`TagTeamRepository Unit Tests` → `repository configuration` → repository can be resolved from container" line="0" assertions="2" time="0.014899"/>
      <testcase name="`TagTeamRepository Unit Tests` → `repository configuration` → repository implements all required contracts" class="Tests\Unit\Repositories\TagTeamRepositoryTest" classname="Tests.Unit.Repositories.TagTeamRepositoryTest" file="tests/Unit/Repositories/TagTeamRepositoryTest.php::`TagTeamRepository Unit Tests` → `repository configuration` → repository implements all required contracts" line="0" assertions="4" time="0.019600"/>
      <testcase name="`TagTeamRepository Unit Tests` → `repository configuration` → repository uses all required traits" class="Tests\Unit\Repositories\TagTeamRepositoryTest" classname="Tests.Unit.Repositories.TagTeamRepositoryTest" file="tests/Unit/Repositories/TagTeamRepositoryTest.php::`TagTeamRepository Unit Tests` → `repository configuration` → repository uses all required traits" line="0" assertions="4" time="0.014386"/>
      <testcase name="`TagTeamRepository Unit Tests` → `repository configuration` → repository has all expected methods" class="Tests\Unit\Repositories\TagTeamRepositoryTest" classname="Tests.Unit.Repositories.TagTeamRepositoryTest" file="tests/Unit/Repositories/TagTeamRepositoryTest.php::`TagTeamRepository Unit Tests` → `repository configuration` → repository has all expected methods" line="0" assertions="19" time="0.014272"/>
      <testcase name="`TagTeamRepository Unit Tests` → `core CRUD operations` → can create tag team with required data" class="Tests\Unit\Repositories\TagTeamRepositoryTest" classname="Tests.Unit.Repositories.TagTeamRepositoryTest" file="tests/Unit/Repositories/TagTeamRepositoryTest.php::`TagTeamRepository Unit Tests` → `core CRUD operations` → can create tag team with required data" line="0" assertions="4" time="0.016322"/>
      <testcase name="`TagTeamRepository Unit Tests` → `core CRUD operations` → can create tag team with null signature move" class="Tests\Unit\Repositories\TagTeamRepositoryTest" classname="Tests.Unit.Repositories.TagTeamRepositoryTest" file="tests/Unit/Repositories/TagTeamRepositoryTest.php::`TagTeamRepository Unit Tests` → `core CRUD operations` → can create tag team with null signature move" line="0" assertions="2" time="0.018214"/>
      <testcase name="`TagTeamRepository Unit Tests` → `core CRUD operations` → can update existing tag team" class="Tests\Unit\Repositories\TagTeamRepositoryTest" classname="Tests.Unit.Repositories.TagTeamRepositoryTest" file="tests/Unit/Repositories/TagTeamRepositoryTest.php::`TagTeamRepository Unit Tests` → `core CRUD operations` → can update existing tag team" line="0" assertions="3" time="0.012103"/>
      <testcase name="`TagTeamRepository Unit Tests` → `core CRUD operations` → can restore soft deleted tag team" class="Tests\Unit\Repositories\TagTeamRepositoryTest" classname="Tests.Unit.Repositories.TagTeamRepositoryTest" file="tests/Unit/Repositories/TagTeamRepositoryTest.php::`TagTeamRepository Unit Tests` → `core CRUD operations` → can restore soft deleted tag team" line="0" assertions="2" time="0.017107"/>
      <testcase name="`TagTeamRepository Unit Tests` → `employment management` → can create employment for tag team" class="Tests\Unit\Repositories\TagTeamRepositoryTest" classname="Tests.Unit.Repositories.TagTeamRepositoryTest" file="tests/Unit/Repositories/TagTeamRepositoryTest.php::`TagTeamRepository Unit Tests` → `employment management` → can create employment for tag team" line="0" assertions="2" time="0.014810"/>
      <testcase name="`TagTeamRepository Unit Tests` → `employment management` → can release employed tag team" class="Tests\Unit\Repositories\TagTeamRepositoryTest" classname="Tests.Unit.Repositories.TagTeamRepositoryTest" file="tests/Unit/Repositories/TagTeamRepositoryTest.php::`TagTeamRepository Unit Tests` → `employment management` → can release employed tag team" line="0" assertions="1" time="0.019377"/>
      <testcase name="`TagTeamRepository Unit Tests` → `employment management` → updates existing employment when creating new employment" class="Tests\Unit\Repositories\TagTeamRepositoryTest" classname="Tests.Unit.Repositories.TagTeamRepositoryTest" file="tests/Unit/Repositories/TagTeamRepositoryTest.php::`TagTeamRepository Unit Tests` → `employment management` → updates existing employment when creating new employment" line="0" assertions="1" time="0.015042"/>
      <testcase name="`TagTeamRepository Unit Tests` → `retirement management` → can retire tag team" class="Tests\Unit\Repositories\TagTeamRepositoryTest" classname="Tests.Unit.Repositories.TagTeamRepositoryTest" file="tests/Unit/Repositories/TagTeamRepositoryTest.php::`TagTeamRepository Unit Tests` → `retirement management` → can retire tag team" line="0" assertions="2" time="0.020965"/>
      <testcase name="`TagTeamRepository Unit Tests` → `retirement management` → can unretire tag team" class="Tests\Unit\Repositories\TagTeamRepositoryTest" classname="Tests.Unit.Repositories.TagTeamRepositoryTest" file="tests/Unit/Repositories/TagTeamRepositoryTest.php::`TagTeamRepository Unit Tests` → `retirement management` → can unretire tag team" line="0" assertions="1" time="0.016944"/>
      <testcase name="`TagTeamRepository Unit Tests` → `suspension management` → can suspend tag team" class="Tests\Unit\Repositories\TagTeamRepositoryTest" classname="Tests.Unit.Repositories.TagTeamRepositoryTest" file="tests/Unit/Repositories/TagTeamRepositoryTest.php::`TagTeamRepository Unit Tests` → `suspension management` → can suspend tag team" line="0" assertions="2" time="0.015700"/>
      <testcase name="`TagTeamRepository Unit Tests` → `suspension management` → can reinstate suspended tag team" class="Tests\Unit\Repositories\TagTeamRepositoryTest" classname="Tests.Unit.Repositories.TagTeamRepositoryTest" file="tests/Unit/Repositories/TagTeamRepositoryTest.php::`TagTeamRepository Unit Tests` → `suspension management` → can reinstate suspended tag team" line="0" assertions="1" time="0.016839"/>
      <testcase name="`TagTeamRepository Unit Tests` → `wrestler relationship management` → can add wrestler to tag team" class="Tests\Unit\Repositories\TagTeamRepositoryTest" classname="Tests.Unit.Repositories.TagTeamRepositoryTest" file="tests/Unit/Repositories/TagTeamRepositoryTest.php::`TagTeamRepository Unit Tests` → `wrestler relationship management` → can add wrestler to tag team" line="0" assertions="3" time="0.015021"/>
      <testcase name="`TagTeamRepository Unit Tests` → `wrestler relationship management` → can remove wrestler from tag team" class="Tests\Unit\Repositories\TagTeamRepositoryTest" classname="Tests.Unit.Repositories.TagTeamRepositoryTest" file="tests/Unit/Repositories/TagTeamRepositoryTest.php::`TagTeamRepository Unit Tests` → `wrestler relationship management` → can remove wrestler from tag team" line="0" assertions="1" time="0.013411"/>
      <testcase name="`TagTeamRepository Unit Tests` → `wrestler relationship management` → can add multiple wrestlers to tag team" class="Tests\Unit\Repositories\TagTeamRepositoryTest" classname="Tests.Unit.Repositories.TagTeamRepositoryTest" file="tests/Unit/Repositories/TagTeamRepositoryTest.php::`TagTeamRepository Unit Tests` → `wrestler relationship management` → can add multiple wrestlers to tag team" line="0" assertions="3" time="0.019169"/>
      <testcase name="`TagTeamRepository Unit Tests` → `wrestler relationship management` → can remove multiple wrestlers from tag team" class="Tests\Unit\Repositories\TagTeamRepositoryTest" classname="Tests.Unit.Repositories.TagTeamRepositoryTest" file="tests/Unit/Repositories/TagTeamRepositoryTest.php::`TagTeamRepository Unit Tests` → `wrestler relationship management` → can remove multiple wrestlers from tag team" line="0" assertions="2" time="0.017283"/>
      <testcase name="`TagTeamRepository Unit Tests` → `wrestler relationship management` → can sync wrestlers for tag team" class="Tests\Unit\Repositories\TagTeamRepositoryTest" classname="Tests.Unit.Repositories.TagTeamRepositoryTest" file="tests/Unit/Repositories/TagTeamRepositoryTest.php::`TagTeamRepository Unit Tests` → `wrestler relationship management` → can sync wrestlers for tag team" line="0" assertions="4" time="0.019470"/>
      <testcase name="`TagTeamRepository Unit Tests` → `wrestler relationship management` → can update tag team partners when no current wrestlers" class="Tests\Unit\Repositories\TagTeamRepositoryTest" classname="Tests.Unit.Repositories.TagTeamRepositoryTest" file="tests/Unit/Repositories/TagTeamRepositoryTest.php::`TagTeamRepository Unit Tests` → `wrestler relationship management` → can update tag team partners when no current wrestlers" line="0" assertions="3" time="0.014761"/>
      <testcase name="`TagTeamRepository Unit Tests` → `wrestler relationship management` → can update tag team partners with existing wrestlers" class="Tests\Unit\Repositories\TagTeamRepositoryTest" classname="Tests.Unit.Repositories.TagTeamRepositoryTest" file="tests/Unit/Repositories/TagTeamRepositoryTest.php::`TagTeamRepository Unit Tests` → `wrestler relationship management` → can update tag team partners with existing wrestlers" line="0" assertions="5" time="0.021402"/>
      <testcase name="`TagTeamRepository Unit Tests` → `manager relationship management` → can add manager to tag team" class="Tests\Unit\Repositories\TagTeamRepositoryTest" classname="Tests.Unit.Repositories.TagTeamRepositoryTest" file="tests/Unit/Repositories/TagTeamRepositoryTest.php::`TagTeamRepository Unit Tests` → `manager relationship management` → can add manager to tag team" line="0" assertions="3" time="0.013702"/>
      <testcase name="`TagTeamRepository Unit Tests` → `manager relationship management` → can remove manager from tag team" class="Tests\Unit\Repositories\TagTeamRepositoryTest" classname="Tests.Unit.Repositories.TagTeamRepositoryTest" file="tests/Unit/Repositories/TagTeamRepositoryTest.php::`TagTeamRepository Unit Tests` → `manager relationship management` → can remove manager from tag team" line="0" assertions="1" time="0.013382"/>
      <testcase name="`TagTeamRepository Unit Tests` → `manager relationship management` → can add multiple managers to tag team" class="Tests\Unit\Repositories\TagTeamRepositoryTest" classname="Tests.Unit.Repositories.TagTeamRepositoryTest" file="tests/Unit/Repositories/TagTeamRepositoryTest.php::`TagTeamRepository Unit Tests` → `manager relationship management` → can add multiple managers to tag team" line="0" assertions="3" time="0.014236"/>
      <testcase name="`TagTeamRepository Unit Tests` → `manager relationship management` → can remove multiple managers from tag team" class="Tests\Unit\Repositories\TagTeamRepositoryTest" classname="Tests.Unit.Repositories.TagTeamRepositoryTest" file="tests/Unit/Repositories/TagTeamRepositoryTest.php::`TagTeamRepository Unit Tests` → `manager relationship management` → can remove multiple managers from tag team" line="0" assertions="2" time="0.014621"/>
    </testsuite>
    <testsuite name="Tests\Unit\Repositories\TitleRepositoryTest" file="tests/Unit/Repositories/TitleRepositoryTest.php" tests="25" assertions="75" errors="0" failures="0" skipped="0" time="0.385852">
      <testcase name="`TitleRepository Unit Tests` → `repository configuration` → repository can be resolved from container" class="Tests\Unit\Repositories\TitleRepositoryTest" classname="Tests.Unit.Repositories.TitleRepositoryTest" file="tests/Unit/Repositories/TitleRepositoryTest.php::`TitleRepository Unit Tests` → `repository configuration` → repository can be resolved from container" line="0" assertions="2" time="0.017553"/>
      <testcase name="`TitleRepository Unit Tests` → `repository configuration` → repository implements all required contracts" class="Tests\Unit\Repositories\TitleRepositoryTest" classname="Tests.Unit.Repositories.TitleRepositoryTest" file="tests/Unit/Repositories/TitleRepositoryTest.php::`TitleRepository Unit Tests` → `repository configuration` → repository implements all required contracts" line="0" assertions="2" time="0.012073"/>
      <testcase name="`TitleRepository Unit Tests` → `repository configuration` → repository uses all required traits" class="Tests\Unit\Repositories\TitleRepositoryTest" classname="Tests.Unit.Repositories.TitleRepositoryTest" file="tests/Unit/Repositories/TitleRepositoryTest.php::`TitleRepository Unit Tests` → `repository configuration` → repository uses all required traits" line="0" assertions="2" time="0.015989"/>
      <testcase name="`TitleRepository Unit Tests` → `repository configuration` → repository has all expected methods" class="Tests\Unit\Repositories\TitleRepositoryTest" classname="Tests.Unit.Repositories.TitleRepositoryTest" file="tests/Unit/Repositories/TitleRepositoryTest.php::`TitleRepository Unit Tests` → `repository configuration` → repository has all expected methods" line="0" assertions="15" time="0.013218"/>
      <testcase name="`TitleRepository Unit Tests` → `core CRUD operations` → can create title with minimal data" class="Tests\Unit\Repositories\TitleRepositoryTest" classname="Tests.Unit.Repositories.TitleRepositoryTest" file="tests/Unit/Repositories/TitleRepositoryTest.php::`TitleRepository Unit Tests` → `core CRUD operations` → can create title with minimal data" line="0" assertions="4" time="0.020523"/>
      <testcase name="`TitleRepository Unit Tests` → `core CRUD operations` → can update existing title" class="Tests\Unit\Repositories\TitleRepositoryTest" classname="Tests.Unit.Repositories.TitleRepositoryTest" file="tests/Unit/Repositories/TitleRepositoryTest.php::`TitleRepository Unit Tests` → `core CRUD operations` → can update existing title" line="0" assertions="3" time="0.019590"/>
      <testcase name="`TitleRepository Unit Tests` → `core CRUD operations` → can soft delete title" class="Tests\Unit\Repositories\TitleRepositoryTest" classname="Tests.Unit.Repositories.TitleRepositoryTest" file="tests/Unit/Repositories/TitleRepositoryTest.php::`TitleRepository Unit Tests` → `core CRUD operations` → can soft delete title" line="0" assertions="2" time="0.014485"/>
      <testcase name="`TitleRepository Unit Tests` → `core CRUD operations` → can restore soft deleted title" class="Tests\Unit\Repositories\TitleRepositoryTest" classname="Tests.Unit.Repositories.TitleRepositoryTest" file="tests/Unit/Repositories/TitleRepositoryTest.php::`TitleRepository Unit Tests` → `core CRUD operations` → can restore soft deleted title" line="0" assertions="2" time="0.019843"/>
      <testcase name="`TitleRepository Unit Tests` → `activity management` → can activate title" class="Tests\Unit\Repositories\TitleRepositoryTest" classname="Tests.Unit.Repositories.TitleRepositoryTest" file="tests/Unit/Repositories/TitleRepositoryTest.php::`TitleRepository Unit Tests` → `activity management` → can activate title" line="0" assertions="3" time="0.013270"/>
      <testcase name="`TitleRepository Unit Tests` → `activity management` → can update existing activation when activating title" class="Tests\Unit\Repositories\TitleRepositoryTest" classname="Tests.Unit.Repositories.TitleRepositoryTest" file="tests/Unit/Repositories/TitleRepositoryTest.php::`TitleRepository Unit Tests` → `activity management` → can update existing activation when activating title" line="0" assertions="2" time="0.015163"/>
      <testcase name="`TitleRepository Unit Tests` → `activity management` → can deactivate title" class="Tests\Unit\Repositories\TitleRepositoryTest" classname="Tests.Unit.Repositories.TitleRepositoryTest" file="tests/Unit/Repositories/TitleRepositoryTest.php::`TitleRepository Unit Tests` → `activity management` → can deactivate title" line="0" assertions="3" time="0.014984"/>
      <testcase name="`TitleRepository Unit Tests` → `activity management` → can create debut for title" class="Tests\Unit\Repositories\TitleRepositoryTest" classname="Tests.Unit.Repositories.TitleRepositoryTest" file="tests/Unit/Repositories/TitleRepositoryTest.php::`TitleRepository Unit Tests` → `activity management` → can create debut for title" line="0" assertions="2" time="0.015552"/>
      <testcase name="`TitleRepository Unit Tests` → `activity management` → can pull title from competition" class="Tests\Unit\Repositories\TitleRepositoryTest" classname="Tests.Unit.Repositories.TitleRepositoryTest" file="tests/Unit/Repositories/TitleRepositoryTest.php::`TitleRepository Unit Tests` → `activity management` → can pull title from competition" line="0" assertions="2" time="0.013678"/>
      <testcase name="`TitleRepository Unit Tests` → `activity management` → can create reinstatement for title" class="Tests\Unit\Repositories\TitleRepositoryTest" classname="Tests.Unit.Repositories.TitleRepositoryTest" file="tests/Unit/Repositories/TitleRepositoryTest.php::`TitleRepository Unit Tests` → `activity management` → can create reinstatement for title" line="0" assertions="2" time="0.016589"/>
      <testcase name="`TitleRepository Unit Tests` → `retirement management` → can retire title" class="Tests\Unit\Repositories\TitleRepositoryTest" classname="Tests.Unit.Repositories.TitleRepositoryTest" file="tests/Unit/Repositories/TitleRepositoryTest.php::`TitleRepository Unit Tests` → `retirement management` → can retire title" line="0" assertions="3" time="0.014497"/>
      <testcase name="`TitleRepository Unit Tests` → `retirement management` → can unretire title" class="Tests\Unit\Repositories\TitleRepositoryTest" classname="Tests.Unit.Repositories.TitleRepositoryTest" file="tests/Unit/Repositories/TitleRepositoryTest.php::`TitleRepository Unit Tests` → `retirement management` → can unretire title" line="0" assertions="3" time="0.013918"/>
      <testcase name="`TitleRepository Unit Tests` → `retirement management` → retirement ends current activity period" class="Tests\Unit\Repositories\TitleRepositoryTest" classname="Tests.Unit.Repositories.TitleRepositoryTest" file="tests/Unit/Repositories/TitleRepositoryTest.php::`TitleRepository Unit Tests` → `retirement management` → retirement ends current activity period" line="0" assertions="3" time="0.014485"/>
      <testcase name="`TitleRepository Unit Tests` → `trait integration` → integrates ManagesActivity trait correctly" class="Tests\Unit\Repositories\TitleRepositoryTest" classname="Tests.Unit.Repositories.TitleRepositoryTest" file="tests/Unit/Repositories/TitleRepositoryTest.php::`TitleRepository Unit Tests` → `trait integration` → integrates ManagesActivity trait correctly" line="0" assertions="3" time="0.014379"/>
      <testcase name="`TitleRepository Unit Tests` → `trait integration` → integrates ManagesRetirement trait correctly" class="Tests\Unit\Repositories\TitleRepositoryTest" classname="Tests.Unit.Repositories.TitleRepositoryTest" file="tests/Unit/Repositories/TitleRepositoryTest.php::`TitleRepository Unit Tests` → `trait integration` → integrates ManagesRetirement trait correctly" line="0" assertions="3" time="0.014051"/>
      <testcase name="`TitleRepository Unit Tests` → `business logic query methods` → can get longest reigning champion for wrestler" class="Tests\Unit\Repositories\TitleRepositoryTest" classname="Tests.Unit.Repositories.TitleRepositoryTest" file="tests/Unit/Repositories/TitleRepositoryTest.php::`TitleRepository Unit Tests` → `business logic query methods` → can get longest reigning champion for wrestler" line="0" assertions="3" time="0.019687"/>
      <testcase name="`TitleRepository Unit Tests` → `business logic query methods` → can get longest reigning champion for tag team" class="Tests\Unit\Repositories\TitleRepositoryTest" classname="Tests.Unit.Repositories.TitleRepositoryTest" file="tests/Unit/Repositories/TitleRepositoryTest.php::`TitleRepository Unit Tests` → `business logic query methods` → can get longest reigning champion for tag team" line="0" assertions="3" time="0.015710"/>
      <testcase name="`TitleRepository Unit Tests` → `business logic query methods` → calculates current reign length for active championship" class="Tests\Unit\Repositories\TitleRepositoryTest" classname="Tests.Unit.Repositories.TitleRepositoryTest" file="tests/Unit/Repositories/TitleRepositoryTest.php::`TitleRepository Unit Tests` → `business logic query methods` → calculates current reign length for active championship" line="0" assertions="4" time="0.014550"/>
      <testcase name="`TitleRepository Unit Tests` → `business logic query methods` → returns longest reign among multiple championships" class="Tests\Unit\Repositories\TitleRepositoryTest" classname="Tests.Unit.Repositories.TitleRepositoryTest" file="tests/Unit/Repositories/TitleRepositoryTest.php::`TitleRepository Unit Tests` → `business logic query methods` → returns longest reign among multiple championships" line="0" assertions="2" time="0.017677"/>
      <testcase name="`TitleRepository Unit Tests` → `business logic query methods` → returns null when title has no championships" class="Tests\Unit\Repositories\TitleRepositoryTest" classname="Tests.Unit.Repositories.TitleRepositoryTest" file="tests/Unit/Repositories/TitleRepositoryTest.php::`TitleRepository Unit Tests` → `business logic query methods` → returns null when title has no championships" line="0" assertions="1" time="0.012377"/>
      <testcase name="`TitleRepository Unit Tests` → `business logic query methods` → handles missing championships gracefully" class="Tests\Unit\Repositories\TitleRepositoryTest" classname="Tests.Unit.Repositories.TitleRepositoryTest" file="tests/Unit/Repositories/TitleRepositoryTest.php::`TitleRepository Unit Tests` → `business logic query methods` → handles missing championships gracefully" line="0" assertions="1" time="0.012010"/>
    </testsuite>
    <testsuite name="Tests\Unit\Repositories\VenueRepositoryTest" file="tests/Unit/Repositories/VenueRepositoryTest.php" tests="14" assertions="73" errors="0" failures="0" skipped="0" time="0.20139">
      <testcase name="`VenueRepository Unit Tests` → `repository configuration` → repository can be resolved from container" class="Tests\Unit\Repositories\VenueRepositoryTest" classname="Tests.Unit.Repositories.VenueRepositoryTest" file="tests/Unit/Repositories/VenueRepositoryTest.php::`VenueRepository Unit Tests` → `repository configuration` → repository can be resolved from container" line="0" assertions="2" time="0.012153"/>
      <testcase name="`VenueRepository Unit Tests` → `repository configuration` → repository has all expected methods" class="Tests\Unit\Repositories\VenueRepositoryTest" classname="Tests.Unit.Repositories.VenueRepositoryTest" file="tests/Unit/Repositories/VenueRepositoryTest.php::`VenueRepository Unit Tests` → `repository configuration` → repository has all expected methods" line="0" assertions="4" time="0.010970"/>
      <testcase name="`VenueRepository Unit Tests` → `core CRUD operations` → can create venue with complete address data" class="Tests\Unit\Repositories\VenueRepositoryTest" classname="Tests.Unit.Repositories.VenueRepositoryTest" file="tests/Unit/Repositories/VenueRepositoryTest.php::`VenueRepository Unit Tests` → `core CRUD operations` → can create venue with complete address data" line="0" assertions="7" time="0.011472"/>
      <testcase name="`VenueRepository Unit Tests` → `core CRUD operations` → can create venue with minimal address data" class="Tests\Unit\Repositories\VenueRepositoryTest" classname="Tests.Unit.Repositories.VenueRepositoryTest" file="tests/Unit/Repositories/VenueRepositoryTest.php::`VenueRepository Unit Tests` → `core CRUD operations` → can create venue with minimal address data" line="0" assertions="6" time="0.021215"/>
      <testcase name="`VenueRepository Unit Tests` → `core CRUD operations` → can update existing venue" class="Tests\Unit\Repositories\VenueRepositoryTest" classname="Tests.Unit.Repositories.VenueRepositoryTest" file="tests/Unit/Repositories/VenueRepositoryTest.php::`VenueRepository Unit Tests` → `core CRUD operations` → can update existing venue" line="0" assertions="6" time="0.019488"/>
      <testcase name="`VenueRepository Unit Tests` → `core CRUD operations` → can soft delete venue" class="Tests\Unit\Repositories\VenueRepositoryTest" classname="Tests.Unit.Repositories.VenueRepositoryTest" file="tests/Unit/Repositories/VenueRepositoryTest.php::`VenueRepository Unit Tests` → `core CRUD operations` → can soft delete venue" line="0" assertions="2" time="0.012512"/>
      <testcase name="`VenueRepository Unit Tests` → `core CRUD operations` → can restore soft deleted venue" class="Tests\Unit\Repositories\VenueRepositoryTest" classname="Tests.Unit.Repositories.VenueRepositoryTest" file="tests/Unit/Repositories/VenueRepositoryTest.php::`VenueRepository Unit Tests` → `core CRUD operations` → can restore soft deleted venue" line="0" assertions="2" time="0.016667"/>
      <testcase name="`VenueRepository Unit Tests` → `address handling` → handles various address formats correctly" class="Tests\Unit\Repositories\VenueRepositoryTest" classname="Tests.Unit.Repositories.VenueRepositoryTest" file="tests/Unit/Repositories/VenueRepositoryTest.php::`VenueRepository Unit Tests` → `address handling` → handles various address formats correctly" line="0" assertions="18" time="0.016671"/>
      <testcase name="`VenueRepository Unit Tests` → `address handling` → preserves address data integrity during updates" class="Tests\Unit\Repositories\VenueRepositoryTest" classname="Tests.Unit.Repositories.VenueRepositoryTest" file="tests/Unit/Repositories/VenueRepositoryTest.php::`VenueRepository Unit Tests` → `address handling` → preserves address data integrity during updates" line="0" assertions="5" time="0.018675"/>
      <testcase name="`VenueRepository Unit Tests` → `address handling` → handles special characters in address fields" class="Tests\Unit\Repositories\VenueRepositoryTest" classname="Tests.Unit.Repositories.VenueRepositoryTest" file="tests/Unit/Repositories/VenueRepositoryTest.php::`VenueRepository Unit Tests` → `address handling` → handles special characters in address fields" line="0" assertions="6" time="0.011690"/>
      <testcase name="`VenueRepository Unit Tests` → `data persistence verification` → create operation returns venue with correct attributes" class="Tests\Unit\Repositories\VenueRepositoryTest" classname="Tests.Unit.Repositories.VenueRepositoryTest" file="tests/Unit/Repositories/VenueRepositoryTest.php::`VenueRepository Unit Tests` → `data persistence verification` → create operation returns venue with correct attributes" line="0" assertions="6" time="0.012632"/>
      <testcase name="`VenueRepository Unit Tests` → `data persistence verification` → update operation preserves venue identity" class="Tests\Unit\Repositories\VenueRepositoryTest" classname="Tests.Unit.Repositories.VenueRepositoryTest" file="tests/Unit/Repositories/VenueRepositoryTest.php::`VenueRepository Unit Tests` → `data persistence verification` → update operation preserves venue identity" line="0" assertions="3" time="0.012808"/>
      <testcase name="`VenueRepository Unit Tests` → `data persistence verification` → soft delete preserves venue data" class="Tests\Unit\Repositories\VenueRepositoryTest" classname="Tests.Unit.Repositories.VenueRepositoryTest" file="tests/Unit/Repositories/VenueRepositoryTest.php::`VenueRepository Unit Tests` → `data persistence verification` → soft delete preserves venue data" line="0" assertions="3" time="0.012117"/>
      <testcase name="`VenueRepository Unit Tests` → `data persistence verification` → restore operation clears deleted_at timestamp" class="Tests\Unit\Repositories\VenueRepositoryTest" classname="Tests.Unit.Repositories.VenueRepositoryTest" file="tests/Unit/Repositories/VenueRepositoryTest.php::`VenueRepository Unit Tests` → `data persistence verification` → restore operation clears deleted_at timestamp" line="0" assertions="3" time="0.012320"/>
    </testsuite>
    <testsuite name="Tests\Unit\Repositories\WrestlerRepositoryTest" file="tests/Unit/Repositories/WrestlerRepositoryTest.php" tests="21" assertions="72" errors="0" failures="0" skipped="0" time="0.339476">
      <testcase name="`WrestlerRepository Unit Tests` → `repository configuration` → repository can be resolved from container" class="Tests\Unit\Repositories\WrestlerRepositoryTest" classname="Tests.Unit.Repositories.WrestlerRepositoryTest" file="tests/Unit/Repositories/WrestlerRepositoryTest.php::`WrestlerRepository Unit Tests` → `repository configuration` → repository can be resolved from container" line="0" assertions="2" time="0.015019"/>
      <testcase name="`WrestlerRepository Unit Tests` → `repository configuration` → repository implements all required contracts" class="Tests\Unit\Repositories\WrestlerRepositoryTest" classname="Tests.Unit.Repositories.WrestlerRepositoryTest" file="tests/Unit/Repositories/WrestlerRepositoryTest.php::`WrestlerRepository Unit Tests` → `repository configuration` → repository implements all required contracts" line="0" assertions="4" time="0.021922"/>
      <testcase name="`WrestlerRepository Unit Tests` → `repository configuration` → repository uses all required traits" class="Tests\Unit\Repositories\WrestlerRepositoryTest" classname="Tests.Unit.Repositories.WrestlerRepositoryTest" file="tests/Unit/Repositories/WrestlerRepositoryTest.php::`WrestlerRepository Unit Tests` → `repository configuration` → repository uses all required traits" line="0" assertions="4" time="0.011181"/>
      <testcase name="`WrestlerRepository Unit Tests` → `repository configuration` → repository has all expected methods" class="Tests\Unit\Repositories\WrestlerRepositoryTest" classname="Tests.Unit.Repositories.WrestlerRepositoryTest" file="tests/Unit/Repositories/WrestlerRepositoryTest.php::`WrestlerRepository Unit Tests` → `repository configuration` → repository has all expected methods" line="0" assertions="14" time="0.015049"/>
      <testcase name="`WrestlerRepository Unit Tests` → `core CRUD operations` → can create wrestler without signature move" class="Tests\Unit\Repositories\WrestlerRepositoryTest" classname="Tests.Unit.Repositories.WrestlerRepositoryTest" file="tests/Unit/Repositories/WrestlerRepositoryTest.php::`WrestlerRepository Unit Tests` → `core CRUD operations` → can create wrestler without signature move" line="0" assertions="7" time="0.014120"/>
      <testcase name="`WrestlerRepository Unit Tests` → `core CRUD operations` → can create wrestler with signature move" class="Tests\Unit\Repositories\WrestlerRepositoryTest" classname="Tests.Unit.Repositories.WrestlerRepositoryTest" file="tests/Unit/Repositories/WrestlerRepositoryTest.php::`WrestlerRepository Unit Tests` → `core CRUD operations` → can create wrestler with signature move" line="0" assertions="6" time="0.014293"/>
      <testcase name="`WrestlerRepository Unit Tests` → `core CRUD operations` → can update existing wrestler" class="Tests\Unit\Repositories\WrestlerRepositoryTest" classname="Tests.Unit.Repositories.WrestlerRepositoryTest" file="tests/Unit/Repositories/WrestlerRepositoryTest.php::`WrestlerRepository Unit Tests` → `core CRUD operations` → can update existing wrestler" line="0" assertions="6" time="0.016012"/>
      <testcase name="`WrestlerRepository Unit Tests` → `core CRUD operations` → can soft delete wrestler" class="Tests\Unit\Repositories\WrestlerRepositoryTest" classname="Tests.Unit.Repositories.WrestlerRepositoryTest" file="tests/Unit/Repositories/WrestlerRepositoryTest.php::`WrestlerRepository Unit Tests` → `core CRUD operations` → can soft delete wrestler" line="0" assertions="2" time="0.012497"/>
      <testcase name="`WrestlerRepository Unit Tests` → `core CRUD operations` → can restore soft deleted wrestler" class="Tests\Unit\Repositories\WrestlerRepositoryTest" classname="Tests.Unit.Repositories.WrestlerRepositoryTest" file="tests/Unit/Repositories/WrestlerRepositoryTest.php::`WrestlerRepository Unit Tests` → `core CRUD operations` → can restore soft deleted wrestler" line="0" assertions="2" time="0.012192"/>
      <testcase name="`WrestlerRepository Unit Tests` → `employment management` → can create employment for wrestler" class="Tests\Unit\Repositories\WrestlerRepositoryTest" classname="Tests.Unit.Repositories.WrestlerRepositoryTest" file="tests/Unit/Repositories/WrestlerRepositoryTest.php::`WrestlerRepository Unit Tests` → `employment management` → can create employment for wrestler" line="0" assertions="2" time="0.016807"/>
      <testcase name="`WrestlerRepository Unit Tests` → `employment management` → can release employed wrestler" class="Tests\Unit\Repositories\WrestlerRepositoryTest" classname="Tests.Unit.Repositories.WrestlerRepositoryTest" file="tests/Unit/Repositories/WrestlerRepositoryTest.php::`WrestlerRepository Unit Tests` → `employment management` → can release employed wrestler" line="0" assertions="1" time="0.013504"/>
      <testcase name="`WrestlerRepository Unit Tests` → `employment management` → updates existing employment when creating new employment" class="Tests\Unit\Repositories\WrestlerRepositoryTest" classname="Tests.Unit.Repositories.WrestlerRepositoryTest" file="tests/Unit/Repositories/WrestlerRepositoryTest.php::`WrestlerRepository Unit Tests` → `employment management` → updates existing employment when creating new employment" line="0" assertions="1" time="0.013857"/>
      <testcase name="`WrestlerRepository Unit Tests` → `injury management` → can injure wrestler" class="Tests\Unit\Repositories\WrestlerRepositoryTest" classname="Tests.Unit.Repositories.WrestlerRepositoryTest" file="tests/Unit/Repositories/WrestlerRepositoryTest.php::`WrestlerRepository Unit Tests` → `injury management` → can injure wrestler" line="0" assertions="2" time="0.016019"/>
      <testcase name="`WrestlerRepository Unit Tests` → `injury management` → can clear injured wrestler" class="Tests\Unit\Repositories\WrestlerRepositoryTest" classname="Tests.Unit.Repositories.WrestlerRepositoryTest" file="tests/Unit/Repositories/WrestlerRepositoryTest.php::`WrestlerRepository Unit Tests` → `injury management` → can clear injured wrestler" line="0" assertions="1" time="0.013836"/>
      <testcase name="`WrestlerRepository Unit Tests` → `retirement management` → can retire wrestler" class="Tests\Unit\Repositories\WrestlerRepositoryTest" classname="Tests.Unit.Repositories.WrestlerRepositoryTest" file="tests/Unit/Repositories/WrestlerRepositoryTest.php::`WrestlerRepository Unit Tests` → `retirement management` → can retire wrestler" line="0" assertions="2" time="0.015542"/>
      <testcase name="`WrestlerRepository Unit Tests` → `retirement management` → can unretire wrestler" class="Tests\Unit\Repositories\WrestlerRepositoryTest" classname="Tests.Unit.Repositories.WrestlerRepositoryTest" file="tests/Unit/Repositories/WrestlerRepositoryTest.php::`WrestlerRepository Unit Tests` → `retirement management` → can unretire wrestler" line="0" assertions="1" time="0.013639"/>
      <testcase name="`WrestlerRepository Unit Tests` → `suspension management` → can suspend wrestler" class="Tests\Unit\Repositories\WrestlerRepositoryTest" classname="Tests.Unit.Repositories.WrestlerRepositoryTest" file="tests/Unit/Repositories/WrestlerRepositoryTest.php::`WrestlerRepository Unit Tests` → `suspension management` → can suspend wrestler" line="0" assertions="2" time="0.013231"/>
      <testcase name="`WrestlerRepository Unit Tests` → `suspension management` → can reinstate suspended wrestler" class="Tests\Unit\Repositories\WrestlerRepositoryTest" classname="Tests.Unit.Repositories.WrestlerRepositoryTest" file="tests/Unit/Repositories/WrestlerRepositoryTest.php::`WrestlerRepository Unit Tests` → `suspension management` → can reinstate suspended wrestler" line="0" assertions="1" time="0.021615"/>
      <testcase name="`WrestlerRepository Unit Tests` → `tag team relationship management` → can remove wrestler from current tag team" class="Tests\Unit\Repositories\WrestlerRepositoryTest" classname="Tests.Unit.Repositories.WrestlerRepositoryTest" file="tests/Unit/Repositories/WrestlerRepositoryTest.php::`WrestlerRepository Unit Tests` → `tag team relationship management` → can remove wrestler from current tag team" line="0" assertions="4" time="0.019338"/>
      <testcase name="`WrestlerRepository Unit Tests` → `availability query methods` → can query available wrestlers for new tag team" class="Tests\Unit\Repositories\WrestlerRepositoryTest" classname="Tests.Unit.Repositories.WrestlerRepositoryTest" file="tests/Unit/Repositories/WrestlerRepositoryTest.php::`WrestlerRepository Unit Tests` → `availability query methods` → can query available wrestlers for new tag team" line="0" assertions="4" time="0.024561"/>
      <testcase name="`WrestlerRepository Unit Tests` → `availability query methods` → can query available wrestlers for existing tag team" class="Tests\Unit\Repositories\WrestlerRepositoryTest" classname="Tests.Unit.Repositories.WrestlerRepositoryTest" file="tests/Unit/Repositories/WrestlerRepositoryTest.php::`WrestlerRepository Unit Tests` → `availability query methods` → can query available wrestlers for existing tag team" line="0" assertions="4" time="0.025240"/>
    </testsuite>
    <testsuite name="Tests\Unit\Rules\Events\DateCanBeChangedUnitTest" file="tests/Unit/Rules/Events/DateCanBeChangedUnitTest.php" tests="10" assertions="17" errors="0" failures="0" skipped="0" time="0.151862">
      <testcase name="`DateCanBeChanged Validation Rule Unit Tests` → `rule logic with event instances` → validation passes when event has future date" class="Tests\Unit\Rules\Events\DateCanBeChangedUnitTest" classname="Tests.Unit.Rules.Events.DateCanBeChangedUnitTest" file="tests/Unit/Rules/Events/DateCanBeChangedUnitTest.php::`DateCanBeChanged Validation Rule Unit Tests` → `rule logic with event instances` → validation passes when event has future date" line="0" assertions="1" time="0.021610"/>
      <testcase name="`DateCanBeChanged Validation Rule Unit Tests` → `rule logic with event instances` → validation fails when event has past date" class="Tests\Unit\Rules\Events\DateCanBeChangedUnitTest" classname="Tests.Unit.Rules.Events.DateCanBeChangedUnitTest" file="tests/Unit/Rules/Events/DateCanBeChangedUnitTest.php::`DateCanBeChanged Validation Rule Unit Tests` → `rule logic with event instances` → validation fails when event has past date" line="0" assertions="2" time="0.014395"/>
      <testcase name="`DateCanBeChanged Validation Rule Unit Tests` → `rule logic with event instances` → validation passes when no event provided" class="Tests\Unit\Rules\Events\DateCanBeChangedUnitTest" classname="Tests.Unit.Rules.Events.DateCanBeChangedUnitTest" file="tests/Unit/Rules/Events/DateCanBeChangedUnitTest.php::`DateCanBeChanged Validation Rule Unit Tests` → `rule logic with event instances` → validation passes when no event provided" line="0" assertions="1" time="0.011381"/>
      <testcase name="`DateCanBeChanged Validation Rule Unit Tests` → `rule construction and data handling` → rule can be constructed with event" class="Tests\Unit\Rules\Events\DateCanBeChangedUnitTest" classname="Tests.Unit.Rules.Events.DateCanBeChangedUnitTest" file="tests/Unit/Rules/Events/DateCanBeChangedUnitTest.php::`DateCanBeChanged Validation Rule Unit Tests` → `rule construction and data handling` → rule can be constructed with event" line="0" assertions="1" time="0.012218"/>
      <testcase name="`DateCanBeChanged Validation Rule Unit Tests` → `rule construction and data handling` → rule can be constructed with null" class="Tests\Unit\Rules\Events\DateCanBeChangedUnitTest" classname="Tests.Unit.Rules.Events.DateCanBeChangedUnitTest" file="tests/Unit/Rules/Events/DateCanBeChangedUnitTest.php::`DateCanBeChanged Validation Rule Unit Tests` → `rule construction and data handling` → rule can be constructed with null" line="0" assertions="1" time="0.012654"/>
      <testcase name="`DateCanBeChanged Validation Rule Unit Tests` → `rule construction and data handling` → rule handles various date value types" class="Tests\Unit\Rules\Events\DateCanBeChangedUnitTest" classname="Tests.Unit.Rules.Events.DateCanBeChangedUnitTest" file="tests/Unit/Rules/Events/DateCanBeChangedUnitTest.php::`DateCanBeChanged Validation Rule Unit Tests` → `rule construction and data handling` → rule handles various date value types" line="0" assertions="2" time="0.011230"/>
      <testcase name="`DateCanBeChanged Validation Rule Unit Tests` → `interface compliance` → rule implements ValidationRule interface" class="Tests\Unit\Rules\Events\DateCanBeChangedUnitTest" classname="Tests.Unit.Rules.Events.DateCanBeChangedUnitTest" file="tests/Unit/Rules/Events/DateCanBeChangedUnitTest.php::`DateCanBeChanged Validation Rule Unit Tests` → `interface compliance` → rule implements ValidationRule interface" line="0" assertions="1" time="0.013137"/>
      <testcase name="`DateCanBeChanged Validation Rule Unit Tests` → `interface compliance` → validate method signature matches interface" class="Tests\Unit\Rules\Events\DateCanBeChangedUnitTest" classname="Tests.Unit.Rules.Events.DateCanBeChangedUnitTest" file="tests/Unit/Rules/Events/DateCanBeChangedUnitTest.php::`DateCanBeChanged Validation Rule Unit Tests` → `interface compliance` → validate method signature matches interface" line="0" assertions="4" time="0.016956"/>
      <testcase name="`DateCanBeChanged Validation Rule Unit Tests` → `error message consistency` → error message is consistent across calls" class="Tests\Unit\Rules\Events\DateCanBeChangedUnitTest" classname="Tests.Unit.Rules.Events.DateCanBeChangedUnitTest" file="tests/Unit/Rules/Events/DateCanBeChangedUnitTest.php::`DateCanBeChanged Validation Rule Unit Tests` → `error message consistency` → error message is consistent across calls" line="0" assertions="3" time="0.021807"/>
      <testcase name="`DateCanBeChanged Validation Rule Unit Tests` → `error message consistency` → attribute name does not affect validation logic" class="Tests\Unit\Rules\Events\DateCanBeChangedUnitTest" classname="Tests.Unit.Rules.Events.DateCanBeChangedUnitTest" file="tests/Unit/Rules/Events/DateCanBeChangedUnitTest.php::`DateCanBeChanged Validation Rule Unit Tests` → `error message consistency` → attribute name does not affect validation logic" line="0" assertions="1" time="0.016473"/>
    </testsuite>
    <testsuite name="Tests\Unit\Rules\Matches\CompetitorsNotDuplicatedUnitTest" file="tests/Unit/Rules/Matches/CompetitorsNotDuplicatedUnitTest.php" tests="16" assertions="20" errors="0" failures="0" skipped="0" time="0.199826">
      <testcase name="`CompetitorsNotDuplicated Validation Rule Unit Tests` → `wrestler duplication detection` → validation passes with unique wrestlers" class="Tests\Unit\Rules\Matches\CompetitorsNotDuplicatedUnitTest" classname="Tests.Unit.Rules.Matches.CompetitorsNotDuplicatedUnitTest" file="tests/Unit/Rules/Matches/CompetitorsNotDuplicatedUnitTest.php::`CompetitorsNotDuplicated Validation Rule Unit Tests` → `wrestler duplication detection` → validation passes with unique wrestlers" line="0" assertions="1" time="0.011911"/>
      <testcase name="`CompetitorsNotDuplicated Validation Rule Unit Tests` → `wrestler duplication detection` → validation fails with duplicate wrestlers" class="Tests\Unit\Rules\Matches\CompetitorsNotDuplicatedUnitTest" classname="Tests.Unit.Rules.Matches.CompetitorsNotDuplicatedUnitTest" file="tests/Unit/Rules/Matches/CompetitorsNotDuplicatedUnitTest.php::`CompetitorsNotDuplicated Validation Rule Unit Tests` → `wrestler duplication detection` → validation fails with duplicate wrestlers" line="0" assertions="2" time="0.020937"/>
      <testcase name="`CompetitorsNotDuplicated Validation Rule Unit Tests` → `wrestler duplication detection` → validation fails with duplicate within same side" class="Tests\Unit\Rules\Matches\CompetitorsNotDuplicatedUnitTest" classname="Tests.Unit.Rules.Matches.CompetitorsNotDuplicatedUnitTest" file="tests/Unit/Rules/Matches/CompetitorsNotDuplicatedUnitTest.php::`CompetitorsNotDuplicated Validation Rule Unit Tests` → `wrestler duplication detection` → validation fails with duplicate within same side" line="0" assertions="2" time="0.011328"/>
      <testcase name="`CompetitorsNotDuplicated Validation Rule Unit Tests` → `tag team duplication detection` → validation passes with unique tag teams" class="Tests\Unit\Rules\Matches\CompetitorsNotDuplicatedUnitTest" classname="Tests.Unit.Rules.Matches.CompetitorsNotDuplicatedUnitTest" file="tests/Unit/Rules/Matches/CompetitorsNotDuplicatedUnitTest.php::`CompetitorsNotDuplicated Validation Rule Unit Tests` → `tag team duplication detection` → validation passes with unique tag teams" line="0" assertions="1" time="0.011056"/>
      <testcase name="`CompetitorsNotDuplicated Validation Rule Unit Tests` → `tag team duplication detection` → validation fails with duplicate tag teams" class="Tests\Unit\Rules\Matches\CompetitorsNotDuplicatedUnitTest" classname="Tests.Unit.Rules.Matches.CompetitorsNotDuplicatedUnitTest" file="tests/Unit/Rules/Matches/CompetitorsNotDuplicatedUnitTest.php::`CompetitorsNotDuplicated Validation Rule Unit Tests` → `tag team duplication detection` → validation fails with duplicate tag teams" line="0" assertions="2" time="0.011817"/>
      <testcase name="`CompetitorsNotDuplicated Validation Rule Unit Tests` → `mixed competitor validation` → validation passes with unique mixed competitors" class="Tests\Unit\Rules\Matches\CompetitorsNotDuplicatedUnitTest" classname="Tests.Unit.Rules.Matches.CompetitorsNotDuplicatedUnitTest" file="tests/Unit/Rules/Matches/CompetitorsNotDuplicatedUnitTest.php::`CompetitorsNotDuplicated Validation Rule Unit Tests` → `mixed competitor validation` → validation passes with unique mixed competitors" line="0" assertions="1" time="0.014496"/>
      <testcase name="`CompetitorsNotDuplicated Validation Rule Unit Tests` → `mixed competitor validation` → validates wrestlers and tag teams independently" class="Tests\Unit\Rules\Matches\CompetitorsNotDuplicatedUnitTest" classname="Tests.Unit.Rules.Matches.CompetitorsNotDuplicatedUnitTest" file="tests/Unit/Rules/Matches/CompetitorsNotDuplicatedUnitTest.php::`CompetitorsNotDuplicated Validation Rule Unit Tests` → `mixed competitor validation` → validates wrestlers and tag teams independently" line="0" assertions="1" time="0.011743"/>
      <testcase name="`CompetitorsNotDuplicated Validation Rule Unit Tests` → `data structure handling` → handles empty competitors array" class="Tests\Unit\Rules\Matches\CompetitorsNotDuplicatedUnitTest" classname="Tests.Unit.Rules.Matches.CompetitorsNotDuplicatedUnitTest" file="tests/Unit/Rules/Matches/CompetitorsNotDuplicatedUnitTest.php::`CompetitorsNotDuplicated Validation Rule Unit Tests` → `data structure handling` → handles empty competitors array" line="0" assertions="1" time="0.011562"/>
      <testcase name="`CompetitorsNotDuplicated Validation Rule Unit Tests` → `data structure handling` → handles competitors with only wrestlers key" class="Tests\Unit\Rules\Matches\CompetitorsNotDuplicatedUnitTest" classname="Tests.Unit.Rules.Matches.CompetitorsNotDuplicatedUnitTest" file="tests/Unit/Rules/Matches/CompetitorsNotDuplicatedUnitTest.php::`CompetitorsNotDuplicated Validation Rule Unit Tests` → `data structure handling` → handles competitors with only wrestlers key" line="0" assertions="1" time="0.012280"/>
      <testcase name="`CompetitorsNotDuplicated Validation Rule Unit Tests` → `data structure handling` → handles competitors with only tagteams key" class="Tests\Unit\Rules\Matches\CompetitorsNotDuplicatedUnitTest" classname="Tests.Unit.Rules.Matches.CompetitorsNotDuplicatedUnitTest" file="tests/Unit/Rules/Matches/CompetitorsNotDuplicatedUnitTest.php::`CompetitorsNotDuplicated Validation Rule Unit Tests` → `data structure handling` → handles competitors with only tagteams key" line="0" assertions="1" time="0.013300"/>
      <testcase name="`CompetitorsNotDuplicated Validation Rule Unit Tests` → `data structure handling` → handles empty wrestler and tag team arrays" class="Tests\Unit\Rules\Matches\CompetitorsNotDuplicatedUnitTest" classname="Tests.Unit.Rules.Matches.CompetitorsNotDuplicatedUnitTest" file="tests/Unit/Rules/Matches/CompetitorsNotDuplicatedUnitTest.php::`CompetitorsNotDuplicated Validation Rule Unit Tests` → `data structure handling` → handles empty wrestler and tag team arrays" line="0" assertions="1" time="0.011908"/>
      <testcase name="`CompetitorsNotDuplicated Validation Rule Unit Tests` → `edge cases and type handling` → handles null value gracefully" class="Tests\Unit\Rules\Matches\CompetitorsNotDuplicatedUnitTest" classname="Tests.Unit.Rules.Matches.CompetitorsNotDuplicatedUnitTest" file="tests/Unit/Rules/Matches/CompetitorsNotDuplicatedUnitTest.php::`CompetitorsNotDuplicated Validation Rule Unit Tests` → `edge cases and type handling` → handles null value gracefully" line="0" assertions="1" time="0.011727"/>
      <testcase name="`CompetitorsNotDuplicated Validation Rule Unit Tests` → `edge cases and type handling` → handles string value gracefully" class="Tests\Unit\Rules\Matches\CompetitorsNotDuplicatedUnitTest" classname="Tests.Unit.Rules.Matches.CompetitorsNotDuplicatedUnitTest" file="tests/Unit/Rules/Matches/CompetitorsNotDuplicatedUnitTest.php::`CompetitorsNotDuplicated Validation Rule Unit Tests` → `edge cases and type handling` → handles string value gracefully" line="0" assertions="1" time="0.010909"/>
      <testcase name="`CompetitorsNotDuplicated Validation Rule Unit Tests` → `edge cases and type handling` → handles integer value gracefully" class="Tests\Unit\Rules\Matches\CompetitorsNotDuplicatedUnitTest" classname="Tests.Unit.Rules.Matches.CompetitorsNotDuplicatedUnitTest" file="tests/Unit/Rules/Matches/CompetitorsNotDuplicatedUnitTest.php::`CompetitorsNotDuplicated Validation Rule Unit Tests` → `edge cases and type handling` → handles integer value gracefully" line="0" assertions="1" time="0.013026"/>
      <testcase name="`CompetitorsNotDuplicated Validation Rule Unit Tests` → `array flattening logic` → correctly flattens nested arrays" class="Tests\Unit\Rules\Matches\CompetitorsNotDuplicatedUnitTest" classname="Tests.Unit.Rules.Matches.CompetitorsNotDuplicatedUnitTest" file="tests/Unit/Rules/Matches/CompetitorsNotDuplicatedUnitTest.php::`CompetitorsNotDuplicated Validation Rule Unit Tests` → `array flattening logic` → correctly flattens nested arrays" line="0" assertions="1" time="0.011021"/>
      <testcase name="`CompetitorsNotDuplicated Validation Rule Unit Tests` → `array flattening logic` → detects duplicates after flattening" class="Tests\Unit\Rules\Matches\CompetitorsNotDuplicatedUnitTest" classname="Tests.Unit.Rules.Matches.CompetitorsNotDuplicatedUnitTest" file="tests/Unit/Rules/Matches/CompetitorsNotDuplicatedUnitTest.php::`CompetitorsNotDuplicated Validation Rule Unit Tests` → `array flattening logic` → detects duplicates after flattening" line="0" assertions="2" time="0.010807"/>
    </testsuite>
    <testsuite name="Tests\Unit\Rules\Matches\CorrectNumberOfSidesUnitTest" file="tests/Unit/Rules/Matches/CorrectNumberOfSidesUnitTest.php" tests="14" assertions="15" errors="0" failures="0" skipped="0" time="0.192483">
      <testcase name="`CorrectNumberOfSides Validation Rule Unit Tests` → `DataAwareRule implementation` → implements DataAwareRule interface correctly" class="Tests\Unit\Rules\Matches\CorrectNumberOfSidesUnitTest" classname="Tests.Unit.Rules.Matches.CorrectNumberOfSidesUnitTest" file="tests/Unit/Rules/Matches/CorrectNumberOfSidesUnitTest.php::`CorrectNumberOfSides Validation Rule Unit Tests` → `DataAwareRule implementation` → implements DataAwareRule interface correctly" line="0" assertions="2" time="0.011297"/>
      <testcase name="`CorrectNumberOfSides Validation Rule Unit Tests` → `DataAwareRule implementation` → setData method stores data correctly" class="Tests\Unit\Rules\Matches\CorrectNumberOfSidesUnitTest" classname="Tests.Unit.Rules.Matches.CorrectNumberOfSidesUnitTest" file="tests/Unit/Rules/Matches/CorrectNumberOfSidesUnitTest.php::`CorrectNumberOfSides Validation Rule Unit Tests` → `DataAwareRule implementation` → setData method stores data correctly" line="0" assertions="1" time="0.017835"/>
      <testcase name="`CorrectNumberOfSides Validation Rule Unit Tests` → `DataAwareRule implementation` → setData method handles empty array" class="Tests\Unit\Rules\Matches\CorrectNumberOfSidesUnitTest" classname="Tests.Unit.Rules.Matches.CorrectNumberOfSidesUnitTest" file="tests/Unit/Rules/Matches/CorrectNumberOfSidesUnitTest.php::`CorrectNumberOfSides Validation Rule Unit Tests` → `DataAwareRule implementation` → setData method handles empty array" line="0" assertions="1" time="0.019305"/>
      <testcase name="`CorrectNumberOfSides Validation Rule Unit Tests` → `counting logic with valid match types` → validation passes when competitor count matches match type sides" class="Tests\Unit\Rules\Matches\CorrectNumberOfSidesUnitTest" classname="Tests.Unit.Rules.Matches.CorrectNumberOfSidesUnitTest" file="tests/Unit/Rules/Matches/CorrectNumberOfSidesUnitTest.php::`CorrectNumberOfSides Validation Rule Unit Tests` → `counting logic with valid match types` → validation passes when competitor count matches match type sides" line="0" assertions="1" time="0.014918"/>
      <testcase name="`CorrectNumberOfSides Validation Rule Unit Tests` → `counting logic with valid match types` → validation passes when competitor count exceeds match type sides" class="Tests\Unit\Rules\Matches\CorrectNumberOfSidesUnitTest" classname="Tests.Unit.Rules.Matches.CorrectNumberOfSidesUnitTest" file="tests/Unit/Rules/Matches/CorrectNumberOfSidesUnitTest.php::`CorrectNumberOfSides Validation Rule Unit Tests` → `counting logic with valid match types` → validation passes when competitor count exceeds match type sides" line="0" assertions="1" time="0.014678"/>
      <testcase name="`CorrectNumberOfSides Validation Rule Unit Tests` → `counting logic with valid match types` → validation passes when competitor count is less than match type sides" class="Tests\Unit\Rules\Matches\CorrectNumberOfSidesUnitTest" classname="Tests.Unit.Rules.Matches.CorrectNumberOfSidesUnitTest" file="tests/Unit/Rules/Matches/CorrectNumberOfSidesUnitTest.php::`CorrectNumberOfSides Validation Rule Unit Tests` → `counting logic with valid match types` → validation passes when competitor count is less than match type sides" line="0" assertions="1" time="0.012450"/>
      <testcase name="`CorrectNumberOfSides Validation Rule Unit Tests` → `edge cases with match type handling` → validation passes when match type does not exist" class="Tests\Unit\Rules\Matches\CorrectNumberOfSidesUnitTest" classname="Tests.Unit.Rules.Matches.CorrectNumberOfSidesUnitTest" file="tests/Unit/Rules/Matches/CorrectNumberOfSidesUnitTest.php::`CorrectNumberOfSides Validation Rule Unit Tests` → `edge cases with match type handling` → validation passes when match type does not exist" line="0" assertions="1" time="0.011050"/>
      <testcase name="`CorrectNumberOfSides Validation Rule Unit Tests` → `edge cases with match type handling` → validation passes when match_type_id is missing from data" class="Tests\Unit\Rules\Matches\CorrectNumberOfSidesUnitTest" classname="Tests.Unit.Rules.Matches.CorrectNumberOfSidesUnitTest" file="tests/Unit/Rules/Matches/CorrectNumberOfSidesUnitTest.php::`CorrectNumberOfSides Validation Rule Unit Tests` → `edge cases with match type handling` → validation passes when match_type_id is missing from data" line="0" assertions="1" time="0.012534"/>
      <testcase name="`CorrectNumberOfSides Validation Rule Unit Tests` → `value type handling and array processing` → handles empty array values" class="Tests\Unit\Rules\Matches\CorrectNumberOfSidesUnitTest" classname="Tests.Unit.Rules.Matches.CorrectNumberOfSidesUnitTest" file="tests/Unit/Rules/Matches/CorrectNumberOfSidesUnitTest.php::`CorrectNumberOfSides Validation Rule Unit Tests` → `value type handling and array processing` → handles empty array values" line="0" assertions="1" time="0.012835"/>
      <testcase name="`CorrectNumberOfSides Validation Rule Unit Tests` → `value type handling and array processing` → handles null values" class="Tests\Unit\Rules\Matches\CorrectNumberOfSidesUnitTest" classname="Tests.Unit.Rules.Matches.CorrectNumberOfSidesUnitTest" file="tests/Unit/Rules/Matches/CorrectNumberOfSidesUnitTest.php::`CorrectNumberOfSides Validation Rule Unit Tests` → `value type handling and array processing` → handles null values" line="0" assertions="1" time="0.010987"/>
      <testcase name="`CorrectNumberOfSides Validation Rule Unit Tests` → `value type handling and array processing` → handles string values by converting to array" class="Tests\Unit\Rules\Matches\CorrectNumberOfSidesUnitTest" classname="Tests.Unit.Rules.Matches.CorrectNumberOfSidesUnitTest" file="tests/Unit/Rules/Matches/CorrectNumberOfSidesUnitTest.php::`CorrectNumberOfSides Validation Rule Unit Tests` → `value type handling and array processing` → handles string values by converting to array" line="0" assertions="1" time="0.010915"/>
      <testcase name="`CorrectNumberOfSides Validation Rule Unit Tests` → `value type handling and array processing` → correctly counts array elements" class="Tests\Unit\Rules\Matches\CorrectNumberOfSidesUnitTest" classname="Tests.Unit.Rules.Matches.CorrectNumberOfSidesUnitTest" file="tests/Unit/Rules/Matches/CorrectNumberOfSidesUnitTest.php::`CorrectNumberOfSides Validation Rule Unit Tests` → `value type handling and array processing` → correctly counts array elements" line="0" assertions="1" time="0.010943"/>
      <testcase name="`CorrectNumberOfSides Validation Rule Unit Tests` → `error message consistency` → error message is consistent when validation fails" class="Tests\Unit\Rules\Matches\CorrectNumberOfSidesUnitTest" classname="Tests.Unit.Rules.Matches.CorrectNumberOfSidesUnitTest" file="tests/Unit/Rules/Matches/CorrectNumberOfSidesUnitTest.php::`CorrectNumberOfSides Validation Rule Unit Tests` → `error message consistency` → error message is consistent when validation fails" line="0" assertions="1" time="0.011543"/>
      <testcase name="`CorrectNumberOfSides Validation Rule Unit Tests` → `error message consistency` → attribute name does not affect validation logic" class="Tests\Unit\Rules\Matches\CorrectNumberOfSidesUnitTest" classname="Tests.Unit.Rules.Matches.CorrectNumberOfSidesUnitTest" file="tests/Unit/Rules/Matches/CorrectNumberOfSidesUnitTest.php::`CorrectNumberOfSides Validation Rule Unit Tests` → `error message consistency` → attribute name does not affect validation logic" line="0" assertions="1" time="0.021193"/>
    </testsuite>
    <testsuite name="Tests\Unit\Rules\Shared\CanChangeDebutDateUnitTest" file="tests/Unit/Rules/Shared/CanChangeDebutDateUnitTest.php" tests="20" assertions="26" errors="0" failures="0" skipped="0" time="0.281808">
      <testcase name="`CanChangeDebutDate Validation Rule Unit Tests` → `model validation with activity methods` → validation passes when model is not currently active" class="Tests\Unit\Rules\Shared\CanChangeDebutDateUnitTest" classname="Tests.Unit.Rules.Shared.CanChangeDebutDateUnitTest" file="tests/Unit/Rules/Shared/CanChangeDebutDateUnitTest.php::`CanChangeDebutDate Validation Rule Unit Tests` → `model validation with activity methods` → validation passes when model is not currently active" line="0" assertions="1" time="0.029391"/>
      <testcase name="`CanChangeDebutDate Validation Rule Unit Tests` → `model validation with activity methods` → validation fails when model is currently active and was not active on target date" class="Tests\Unit\Rules\Shared\CanChangeDebutDateUnitTest" classname="Tests.Unit.Rules.Shared.CanChangeDebutDateUnitTest" file="tests/Unit/Rules/Shared/CanChangeDebutDateUnitTest.php::`CanChangeDebutDate Validation Rule Unit Tests` → `model validation with activity methods` → validation fails when model is currently active and was not active on target date" line="0" assertions="2" time="0.011235"/>
      <testcase name="`CanChangeDebutDate Validation Rule Unit Tests` → `model validation with activity methods` → validation passes when model is currently active and was active on target date" class="Tests\Unit\Rules\Shared\CanChangeDebutDateUnitTest" classname="Tests.Unit.Rules.Shared.CanChangeDebutDateUnitTest" file="tests/Unit/Rules/Shared/CanChangeDebutDateUnitTest.php::`CanChangeDebutDate Validation Rule Unit Tests` → `model validation with activity methods` → validation passes when model is currently active and was active on target date" line="0" assertions="1" time="0.011886"/>
      <testcase name="`CanChangeDebutDate Validation Rule Unit Tests` → `model validation with activity methods` → validation passes when model is currently active but lacks wasActiveOn method" class="Tests\Unit\Rules\Shared\CanChangeDebutDateUnitTest" classname="Tests.Unit.Rules.Shared.CanChangeDebutDateUnitTest" file="tests/Unit/Rules/Shared/CanChangeDebutDateUnitTest.php::`CanChangeDebutDate Validation Rule Unit Tests` → `model validation with activity methods` → validation passes when model is currently active but lacks wasActiveOn method" line="0" assertions="1" time="0.013255"/>
      <testcase name="`CanChangeDebutDate Validation Rule Unit Tests` → `method existence checking logic` → validation passes when model lacks isCurrentlyActive method" class="Tests\Unit\Rules\Shared\CanChangeDebutDateUnitTest" classname="Tests.Unit.Rules.Shared.CanChangeDebutDateUnitTest" file="tests/Unit/Rules/Shared/CanChangeDebutDateUnitTest.php::`CanChangeDebutDate Validation Rule Unit Tests` → `method existence checking logic` → validation passes when model lacks isCurrentlyActive method" line="0" assertions="1" time="0.011403"/>
      <testcase name="`CanChangeDebutDate Validation Rule Unit Tests` → `method existence checking logic` → validation passes when model lacks wasActiveOn method" class="Tests\Unit\Rules\Shared\CanChangeDebutDateUnitTest" classname="Tests.Unit.Rules.Shared.CanChangeDebutDateUnitTest" file="tests/Unit/Rules/Shared/CanChangeDebutDateUnitTest.php::`CanChangeDebutDate Validation Rule Unit Tests` → `method existence checking logic` → validation passes when model lacks wasActiveOn method" line="0" assertions="1" time="0.011351"/>
      <testcase name="`CanChangeDebutDate Validation Rule Unit Tests` → `method existence checking logic` → validation passes when model lacks both activity methods" class="Tests\Unit\Rules\Shared\CanChangeDebutDateUnitTest" classname="Tests.Unit.Rules.Shared.CanChangeDebutDateUnitTest" file="tests/Unit/Rules/Shared/CanChangeDebutDateUnitTest.php::`CanChangeDebutDate Validation Rule Unit Tests` → `method existence checking logic` → validation passes when model lacks both activity methods" line="0" assertions="1" time="0.012405"/>
      <testcase name="`CanChangeDebutDate Validation Rule Unit Tests` → `method existence checking logic` → validation passes when no model provided" class="Tests\Unit\Rules\Shared\CanChangeDebutDateUnitTest" classname="Tests.Unit.Rules.Shared.CanChangeDebutDateUnitTest" file="tests/Unit/Rules/Shared/CanChangeDebutDateUnitTest.php::`CanChangeDebutDate Validation Rule Unit Tests` → `method existence checking logic` → validation passes when no model provided" line="0" assertions="1" time="0.011210"/>
      <testcase name="`CanChangeDebutDate Validation Rule Unit Tests` → `model name resolution strategies` → uses getDisplayName when available" class="Tests\Unit\Rules\Shared\CanChangeDebutDateUnitTest" classname="Tests.Unit.Rules.Shared.CanChangeDebutDateUnitTest" file="tests/Unit/Rules/Shared/CanChangeDebutDateUnitTest.php::`CanChangeDebutDate Validation Rule Unit Tests` → `model name resolution strategies` → uses getDisplayName when available" line="0" assertions="1" time="0.017078"/>
      <testcase name="`CanChangeDebutDate Validation Rule Unit Tests` → `model name resolution strategies` → uses name property when getDisplayName not available" class="Tests\Unit\Rules\Shared\CanChangeDebutDateUnitTest" classname="Tests.Unit.Rules.Shared.CanChangeDebutDateUnitTest" file="tests/Unit/Rules/Shared/CanChangeDebutDateUnitTest.php::`CanChangeDebutDate Validation Rule Unit Tests` → `model name resolution strategies` → uses name property when getDisplayName not available" line="0" assertions="1" time="0.014372"/>
      <testcase name="`CanChangeDebutDate Validation Rule Unit Tests` → `model name resolution strategies` → uses class basename when no name methods available" class="Tests\Unit\Rules\Shared\CanChangeDebutDateUnitTest" classname="Tests.Unit.Rules.Shared.CanChangeDebutDateUnitTest" file="tests/Unit/Rules/Shared/CanChangeDebutDateUnitTest.php::`CanChangeDebutDate Validation Rule Unit Tests` → `model name resolution strategies` → uses class basename when no name methods available" line="0" assertions="1" time="0.013247"/>
      <testcase name="`CanChangeDebutDate Validation Rule Unit Tests` → `date parsing and handling` → handles Carbon date instances" class="Tests\Unit\Rules\Shared\CanChangeDebutDateUnitTest" classname="Tests.Unit.Rules.Shared.CanChangeDebutDateUnitTest" file="tests/Unit/Rules/Shared/CanChangeDebutDateUnitTest.php::`CanChangeDebutDate Validation Rule Unit Tests` → `date parsing and handling` → handles Carbon date instances" line="0" assertions="1" time="0.011107"/>
      <testcase name="`CanChangeDebutDate Validation Rule Unit Tests` → `date parsing and handling` → handles string date values" class="Tests\Unit\Rules\Shared\CanChangeDebutDateUnitTest" classname="Tests.Unit.Rules.Shared.CanChangeDebutDateUnitTest" file="tests/Unit/Rules/Shared/CanChangeDebutDateUnitTest.php::`CanChangeDebutDate Validation Rule Unit Tests` → `date parsing and handling` → handles string date values" line="0" assertions="1" time="0.012556"/>
      <testcase name="`CanChangeDebutDate Validation Rule Unit Tests` → `date parsing and handling` → correctly passes parsed date to wasActiveOn method" class="Tests\Unit\Rules\Shared\CanChangeDebutDateUnitTest" classname="Tests.Unit.Rules.Shared.CanChangeDebutDateUnitTest" file="tests/Unit/Rules/Shared/CanChangeDebutDateUnitTest.php::`CanChangeDebutDate Validation Rule Unit Tests` → `date parsing and handling` → correctly passes parsed date to wasActiveOn method" line="0" assertions="1" time="0.014325"/>
      <testcase name="`CanChangeDebutDate Validation Rule Unit Tests` → `interface compliance` → rule implements ValidationRule interface" class="Tests\Unit\Rules\Shared\CanChangeDebutDateUnitTest" classname="Tests.Unit.Rules.Shared.CanChangeDebutDateUnitTest" file="tests/Unit/Rules/Shared/CanChangeDebutDateUnitTest.php::`CanChangeDebutDate Validation Rule Unit Tests` → `interface compliance` → rule implements ValidationRule interface" line="0" assertions="1" time="0.014348"/>
      <testcase name="`CanChangeDebutDate Validation Rule Unit Tests` → `interface compliance` → validate method signature matches interface" class="Tests\Unit\Rules\Shared\CanChangeDebutDateUnitTest" classname="Tests.Unit.Rules.Shared.CanChangeDebutDateUnitTest" file="tests/Unit/Rules/Shared/CanChangeDebutDateUnitTest.php::`CanChangeDebutDate Validation Rule Unit Tests` → `interface compliance` → validate method signature matches interface" line="0" assertions="4" time="0.016396"/>
      <testcase name="`CanChangeDebutDate Validation Rule Unit Tests` → `error message consistency` → error message format is consistent across different models" class="Tests\Unit\Rules\Shared\CanChangeDebutDateUnitTest" classname="Tests.Unit.Rules.Shared.CanChangeDebutDateUnitTest" file="tests/Unit/Rules/Shared/CanChangeDebutDateUnitTest.php::`CanChangeDebutDate Validation Rule Unit Tests` → `error message consistency` → error message format is consistent across different models" line="0" assertions="3" time="0.012783"/>
      <testcase name="`CanChangeDebutDate Validation Rule Unit Tests` → `error message consistency` → attribute name does not affect validation logic" class="Tests\Unit\Rules\Shared\CanChangeDebutDateUnitTest" classname="Tests.Unit.Rules.Shared.CanChangeDebutDateUnitTest" file="tests/Unit/Rules/Shared/CanChangeDebutDateUnitTest.php::`CanChangeDebutDate Validation Rule Unit Tests` → `error message consistency` → attribute name does not affect validation logic" line="0" assertions="1" time="0.014790"/>
      <testcase name="`CanChangeDebutDate Validation Rule Unit Tests` → `combined validation logic edge cases` → validation handles complex method existence scenarios" class="Tests\Unit\Rules\Shared\CanChangeDebutDateUnitTest" classname="Tests.Unit.Rules.Shared.CanChangeDebutDateUnitTest" file="tests/Unit/Rules/Shared/CanChangeDebutDateUnitTest.php::`CanChangeDebutDate Validation Rule Unit Tests` → `combined validation logic edge cases` → validation handles complex method existence scenarios" line="0" assertions="1" time="0.017754"/>
      <testcase name="`CanChangeDebutDate Validation Rule Unit Tests` → `combined validation logic edge cases` → validation correctly evaluates combined boolean conditions" class="Tests\Unit\Rules\Shared\CanChangeDebutDateUnitTest" classname="Tests.Unit.Rules.Shared.CanChangeDebutDateUnitTest" file="tests/Unit/Rules/Shared/CanChangeDebutDateUnitTest.php::`CanChangeDebutDate Validation Rule Unit Tests` → `combined validation logic edge cases` → validation correctly evaluates combined boolean conditions" line="0" assertions="1" time="0.010916"/>
    </testsuite>
    <testsuite name="Tests\Unit\Rules\Shared\CanChangeEmploymentDateUnitTest" file="tests/Unit/Rules/Shared/CanChangeEmploymentDateUnitTest.php" tests="15" assertions="21" errors="0" failures="0" skipped="0" time="0.20304">
      <testcase name="`CanChangeEmploymentDate Validation Rule Unit Tests` → `model validation with employment methods` → validation passes when model is not employed" class="Tests\Unit\Rules\Shared\CanChangeEmploymentDateUnitTest" classname="Tests.Unit.Rules.Shared.CanChangeEmploymentDateUnitTest" file="tests/Unit/Rules/Shared/CanChangeEmploymentDateUnitTest.php::`CanChangeEmploymentDate Validation Rule Unit Tests` → `model validation with employment methods` → validation passes when model is not employed" line="0" assertions="1" time="0.020285"/>
      <testcase name="`CanChangeEmploymentDate Validation Rule Unit Tests` → `model validation with employment methods` → validation fails when model is employed and employedOn returns false" class="Tests\Unit\Rules\Shared\CanChangeEmploymentDateUnitTest" classname="Tests.Unit.Rules.Shared.CanChangeEmploymentDateUnitTest" file="tests/Unit/Rules/Shared/CanChangeEmploymentDateUnitTest.php::`CanChangeEmploymentDate Validation Rule Unit Tests` → `model validation with employment methods` → validation fails when model is employed and employedOn returns false" line="0" assertions="2" time="0.010974"/>
      <testcase name="`CanChangeEmploymentDate Validation Rule Unit Tests` → `model validation with employment methods` → validation passes when model is employed and employedOn returns true" class="Tests\Unit\Rules\Shared\CanChangeEmploymentDateUnitTest" classname="Tests.Unit.Rules.Shared.CanChangeEmploymentDateUnitTest" file="tests/Unit/Rules/Shared/CanChangeEmploymentDateUnitTest.php::`CanChangeEmploymentDate Validation Rule Unit Tests` → `model validation with employment methods` → validation passes when model is employed and employedOn returns true" line="0" assertions="1" time="0.011018"/>
      <testcase name="`CanChangeEmploymentDate Validation Rule Unit Tests` → `model validation with employment methods` → validation passes when model is employed but lacks employedOn method" class="Tests\Unit\Rules\Shared\CanChangeEmploymentDateUnitTest" classname="Tests.Unit.Rules.Shared.CanChangeEmploymentDateUnitTest" file="tests/Unit/Rules/Shared/CanChangeEmploymentDateUnitTest.php::`CanChangeEmploymentDate Validation Rule Unit Tests` → `model validation with employment methods` → validation passes when model is employed but lacks employedOn method" line="0" assertions="1" time="0.010865"/>
      <testcase name="`CanChangeEmploymentDate Validation Rule Unit Tests` → `method existence checking logic` → validation passes when model lacks isEmployed method" class="Tests\Unit\Rules\Shared\CanChangeEmploymentDateUnitTest" classname="Tests.Unit.Rules.Shared.CanChangeEmploymentDateUnitTest" file="tests/Unit/Rules/Shared/CanChangeEmploymentDateUnitTest.php::`CanChangeEmploymentDate Validation Rule Unit Tests` → `method existence checking logic` → validation passes when model lacks isEmployed method" line="0" assertions="1" time="0.010849"/>
      <testcase name="`CanChangeEmploymentDate Validation Rule Unit Tests` → `method existence checking logic` → validation passes when no model provided" class="Tests\Unit\Rules\Shared\CanChangeEmploymentDateUnitTest" classname="Tests.Unit.Rules.Shared.CanChangeEmploymentDateUnitTest" file="tests/Unit/Rules/Shared/CanChangeEmploymentDateUnitTest.php::`CanChangeEmploymentDate Validation Rule Unit Tests` → `method existence checking logic` → validation passes when no model provided" line="0" assertions="1" time="0.016159"/>
      <testcase name="`CanChangeEmploymentDate Validation Rule Unit Tests` → `model name resolution strategies` → uses model name property when available" class="Tests\Unit\Rules\Shared\CanChangeEmploymentDateUnitTest" classname="Tests.Unit.Rules.Shared.CanChangeEmploymentDateUnitTest" file="tests/Unit/Rules/Shared/CanChangeEmploymentDateUnitTest.php::`CanChangeEmploymentDate Validation Rule Unit Tests` → `model name resolution strategies` → uses model name property when available" line="0" assertions="1" time="0.013731"/>
      <testcase name="`CanChangeEmploymentDate Validation Rule Unit Tests` → `model name resolution strategies` → uses class basename when name property missing" class="Tests\Unit\Rules\Shared\CanChangeEmploymentDateUnitTest" classname="Tests.Unit.Rules.Shared.CanChangeEmploymentDateUnitTest" file="tests/Unit/Rules/Shared/CanChangeEmploymentDateUnitTest.php::`CanChangeEmploymentDate Validation Rule Unit Tests` → `model name resolution strategies` → uses class basename when name property missing" line="0" assertions="1" time="0.011107"/>
      <testcase name="`CanChangeEmploymentDate Validation Rule Unit Tests` → `date parsing and handling` → handles Carbon date instances" class="Tests\Unit\Rules\Shared\CanChangeEmploymentDateUnitTest" classname="Tests.Unit.Rules.Shared.CanChangeEmploymentDateUnitTest" file="tests/Unit/Rules/Shared/CanChangeEmploymentDateUnitTest.php::`CanChangeEmploymentDate Validation Rule Unit Tests` → `date parsing and handling` → handles Carbon date instances" line="0" assertions="1" time="0.015414"/>
      <testcase name="`CanChangeEmploymentDate Validation Rule Unit Tests` → `date parsing and handling` → handles string date values" class="Tests\Unit\Rules\Shared\CanChangeEmploymentDateUnitTest" classname="Tests.Unit.Rules.Shared.CanChangeEmploymentDateUnitTest" file="tests/Unit/Rules/Shared/CanChangeEmploymentDateUnitTest.php::`CanChangeEmploymentDate Validation Rule Unit Tests` → `date parsing and handling` → handles string date values" line="0" assertions="1" time="0.013860"/>
      <testcase name="`CanChangeEmploymentDate Validation Rule Unit Tests` → `date parsing and handling` → correctly passes parsed date to employedOn method" class="Tests\Unit\Rules\Shared\CanChangeEmploymentDateUnitTest" classname="Tests.Unit.Rules.Shared.CanChangeEmploymentDateUnitTest" file="tests/Unit/Rules/Shared/CanChangeEmploymentDateUnitTest.php::`CanChangeEmploymentDate Validation Rule Unit Tests` → `date parsing and handling` → correctly passes parsed date to employedOn method" line="0" assertions="1" time="0.011323"/>
      <testcase name="`CanChangeEmploymentDate Validation Rule Unit Tests` → `interface compliance` → rule implements ValidationRule interface" class="Tests\Unit\Rules\Shared\CanChangeEmploymentDateUnitTest" classname="Tests.Unit.Rules.Shared.CanChangeEmploymentDateUnitTest" file="tests/Unit/Rules/Shared/CanChangeEmploymentDateUnitTest.php::`CanChangeEmploymentDate Validation Rule Unit Tests` → `interface compliance` → rule implements ValidationRule interface" line="0" assertions="1" time="0.014573"/>
      <testcase name="`CanChangeEmploymentDate Validation Rule Unit Tests` → `interface compliance` → validate method signature matches interface" class="Tests\Unit\Rules\Shared\CanChangeEmploymentDateUnitTest" classname="Tests.Unit.Rules.Shared.CanChangeEmploymentDateUnitTest" file="tests/Unit/Rules/Shared/CanChangeEmploymentDateUnitTest.php::`CanChangeEmploymentDate Validation Rule Unit Tests` → `interface compliance` → validate method signature matches interface" line="0" assertions="4" time="0.017240"/>
      <testcase name="`CanChangeEmploymentDate Validation Rule Unit Tests` → `error message consistency` → error message format is consistent across different models" class="Tests\Unit\Rules\Shared\CanChangeEmploymentDateUnitTest" classname="Tests.Unit.Rules.Shared.CanChangeEmploymentDateUnitTest" file="tests/Unit/Rules/Shared/CanChangeEmploymentDateUnitTest.php::`CanChangeEmploymentDate Validation Rule Unit Tests` → `error message consistency` → error message format is consistent across different models" line="0" assertions="3" time="0.013062"/>
      <testcase name="`CanChangeEmploymentDate Validation Rule Unit Tests` → `error message consistency` → attribute name does not affect validation logic" class="Tests\Unit\Rules\Shared\CanChangeEmploymentDateUnitTest" classname="Tests.Unit.Rules.Shared.CanChangeEmploymentDateUnitTest" file="tests/Unit/Rules/Shared/CanChangeEmploymentDateUnitTest.php::`CanChangeEmploymentDate Validation Rule Unit Tests` → `error message consistency` → attribute name does not affect validation logic" line="0" assertions="1" time="0.012581"/>
    </testsuite>
    <testsuite name="Tests\Unit\Rules\Stables\HasMinimumMembersUnitTest" file="tests/Unit/Rules/Stables/HasMinimumMembersUnitTest.php" tests="15" assertions="17" errors="0" failures="0" skipped="0" time="0.194384">
      <testcase name="`HasMinimumMembers Validation Rule Unit Tests` → `member calculation logic` → calculates correct total with wrestlers only" class="Tests\Unit\Rules\Stables\HasMinimumMembersUnitTest" classname="Tests.Unit.Rules.Stables.HasMinimumMembersUnitTest" file="tests/Unit/Rules/Stables/HasMinimumMembersUnitTest.php::`HasMinimumMembers Validation Rule Unit Tests` → `member calculation logic` → calculates correct total with wrestlers only" line="0" assertions="1" time="0.014208"/>
      <testcase name="`HasMinimumMembers Validation Rule Unit Tests` → `member calculation logic` → calculates correct total with tag teams only" class="Tests\Unit\Rules\Stables\HasMinimumMembersUnitTest" classname="Tests.Unit.Rules.Stables.HasMinimumMembersUnitTest" file="tests/Unit/Rules/Stables/HasMinimumMembersUnitTest.php::`HasMinimumMembers Validation Rule Unit Tests` → `member calculation logic` → calculates correct total with tag teams only" line="0" assertions="1" time="0.011202"/>
      <testcase name="`HasMinimumMembers Validation Rule Unit Tests` → `member calculation logic` → calculates correct total with mixed members" class="Tests\Unit\Rules\Stables\HasMinimumMembersUnitTest" classname="Tests.Unit.Rules.Stables.HasMinimumMembersUnitTest" file="tests/Unit/Rules/Stables/HasMinimumMembersUnitTest.php::`HasMinimumMembers Validation Rule Unit Tests` → `member calculation logic` → calculates correct total with mixed members" line="0" assertions="1" time="0.014067"/>
      <testcase name="`HasMinimumMembers Validation Rule Unit Tests` → `member calculation logic` → tag team multiplication logic is correct" class="Tests\Unit\Rules\Stables\HasMinimumMembersUnitTest" classname="Tests.Unit.Rules.Stables.HasMinimumMembersUnitTest" file="tests/Unit/Rules/Stables/HasMinimumMembersUnitTest.php::`HasMinimumMembers Validation Rule Unit Tests` → `member calculation logic` → tag team multiplication logic is correct" line="0" assertions="1" time="0.011360"/>
      <testcase name="`HasMinimumMembers Validation Rule Unit Tests` → `minimum threshold validation` → validation fails when total is below minimum" class="Tests\Unit\Rules\Stables\HasMinimumMembersUnitTest" classname="Tests.Unit.Rules.Stables.HasMinimumMembersUnitTest" file="tests/Unit/Rules/Stables/HasMinimumMembersUnitTest.php::`HasMinimumMembers Validation Rule Unit Tests` → `minimum threshold validation` → validation fails when total is below minimum" line="0" assertions="3" time="0.013722"/>
      <testcase name="`HasMinimumMembers Validation Rule Unit Tests` → `minimum threshold validation` → validation passes when total equals minimum" class="Tests\Unit\Rules\Stables\HasMinimumMembersUnitTest" classname="Tests.Unit.Rules.Stables.HasMinimumMembersUnitTest" file="tests/Unit/Rules/Stables/HasMinimumMembersUnitTest.php::`HasMinimumMembers Validation Rule Unit Tests` → `minimum threshold validation` → validation passes when total equals minimum" line="0" assertions="1" time="0.015911"/>
      <testcase name="`HasMinimumMembers Validation Rule Unit Tests` → `minimum threshold validation` → validation passes when total exceeds minimum" class="Tests\Unit\Rules\Stables\HasMinimumMembersUnitTest" classname="Tests.Unit.Rules.Stables.HasMinimumMembersUnitTest" file="tests/Unit/Rules/Stables/HasMinimumMembersUnitTest.php::`HasMinimumMembers Validation Rule Unit Tests` → `minimum threshold validation` → validation passes when total exceeds minimum" line="0" assertions="1" time="0.011170"/>
      <testcase name="`HasMinimumMembers Validation Rule Unit Tests` → `error message formatting` → error message includes correct minimum count" class="Tests\Unit\Rules\Stables\HasMinimumMembersUnitTest" classname="Tests.Unit.Rules.Stables.HasMinimumMembersUnitTest" file="tests/Unit/Rules/Stables/HasMinimumMembersUnitTest.php::`HasMinimumMembers Validation Rule Unit Tests` → `error message formatting` → error message includes correct minimum count" line="0" assertions="1" time="0.011485"/>
      <testcase name="`HasMinimumMembers Validation Rule Unit Tests` → `error message formatting` → error message includes actual member count" class="Tests\Unit\Rules\Stables\HasMinimumMembersUnitTest" classname="Tests.Unit.Rules.Stables.HasMinimumMembersUnitTest" file="tests/Unit/Rules/Stables/HasMinimumMembersUnitTest.php::`HasMinimumMembers Validation Rule Unit Tests` → `error message formatting` → error message includes actual member count" line="0" assertions="1" time="0.011616"/>
      <testcase name="`HasMinimumMembers Validation Rule Unit Tests` → `error message formatting` → error message format is consistent" class="Tests\Unit\Rules\Stables\HasMinimumMembersUnitTest" classname="Tests.Unit.Rules.Stables.HasMinimumMembersUnitTest" file="tests/Unit/Rules/Stables/HasMinimumMembersUnitTest.php::`HasMinimumMembers Validation Rule Unit Tests` → `error message formatting` → error message format is consistent" line="0" assertions="1" time="0.019304"/>
      <testcase name="`HasMinimumMembers Validation Rule Unit Tests` → `edge cases and collection handling` → handles empty collections" class="Tests\Unit\Rules\Stables\HasMinimumMembersUnitTest" classname="Tests.Unit.Rules.Stables.HasMinimumMembersUnitTest" file="tests/Unit/Rules/Stables/HasMinimumMembersUnitTest.php::`HasMinimumMembers Validation Rule Unit Tests` → `edge cases and collection handling` → handles empty collections" line="0" assertions="1" time="0.011464"/>
      <testcase name="`HasMinimumMembers Validation Rule Unit Tests` → `edge cases and collection handling` → handles large collections efficiently" class="Tests\Unit\Rules\Stables\HasMinimumMembersUnitTest" classname="Tests.Unit.Rules.Stables.HasMinimumMembersUnitTest" file="tests/Unit/Rules/Stables/HasMinimumMembersUnitTest.php::`HasMinimumMembers Validation Rule Unit Tests` → `edge cases and collection handling` → handles large collections efficiently" line="0" assertions="1" time="0.011650"/>
      <testcase name="`HasMinimumMembers Validation Rule Unit Tests` → `edge cases and collection handling` → attribute and value parameters do not affect calculation" class="Tests\Unit\Rules\Stables\HasMinimumMembersUnitTest" classname="Tests.Unit.Rules.Stables.HasMinimumMembersUnitTest" file="tests/Unit/Rules/Stables/HasMinimumMembersUnitTest.php::`HasMinimumMembers Validation Rule Unit Tests` → `edge cases and collection handling` → attribute and value parameters do not affect calculation" line="0" assertions="1" time="0.014297"/>
      <testcase name="`HasMinimumMembers Validation Rule Unit Tests` → `constant integration` → uses correct minimum members constant" class="Tests\Unit\Rules\Stables\HasMinimumMembersUnitTest" classname="Tests.Unit.Rules.Stables.HasMinimumMembersUnitTest" file="tests/Unit/Rules/Stables/HasMinimumMembersUnitTest.php::`HasMinimumMembers Validation Rule Unit Tests` → `constant integration` → uses correct minimum members constant" line="0" assertions="1" time="0.011093"/>
      <testcase name="`HasMinimumMembers Validation Rule Unit Tests` → `constant integration` → calculation logic aligns with business rules" class="Tests\Unit\Rules\Stables\HasMinimumMembersUnitTest" classname="Tests.Unit.Rules.Stables.HasMinimumMembersUnitTest" file="tests/Unit/Rules/Stables/HasMinimumMembersUnitTest.php::`HasMinimumMembers Validation Rule Unit Tests` → `constant integration` → calculation logic aligns with business rules" line="0" assertions="1" time="0.011838"/>
    </testsuite>
    <testsuite name="Tests\Unit\Validation\EndsWithTest" file="tests/Unit/Validation/EndsWithTest.php" tests="3" assertions="3" errors="0" failures="0" skipped="0" time="0.036479">
      <testsuite name="it formats ends with message correctly" tests="3" assertions="3" errors="0" failures="0" skipped="0" time="0.036479">
        <testcase name="it formats ends with message correctly with data set &quot;dataset &quot;one argument&quot;&quot;" class="Tests\Unit\Validation\EndsWithTest" classname="Tests.Unit.Validation.EndsWithTest" file="tests/Unit/Validation/EndsWithTest.php::it formats ends with message correctly with data set &quot;dataset &quot;one argument&quot;&quot;" line="0" assertions="1" time="0.014182"/>
        <testcase name="it formats ends with message correctly with data set &quot;dataset &quot;two arguments&quot;&quot;" class="Tests\Unit\Validation\EndsWithTest" classname="Tests.Unit.Validation.EndsWithTest" file="tests/Unit/Validation/EndsWithTest.php::it formats ends with message correctly with data set &quot;dataset &quot;two arguments&quot;&quot;" line="0" assertions="1" time="0.011032"/>
        <testcase name="it formats ends with message correctly with data set &quot;dataset &quot;more than 2 arguments&quot;&quot;" class="Tests\Unit\Validation\EndsWithTest" classname="Tests.Unit.Validation.EndsWithTest" file="tests/Unit/Validation/EndsWithTest.php::it formats ends with message correctly with data set &quot;dataset &quot;more than 2 arguments&quot;&quot;" line="0" assertions="1" time="0.011266"/>
      </testsuite>
    </testsuite>
    <testsuite name="Tests\Unit\database\Factories\Events\EventFactoryTest" file="tests/Unit/database/Factories/Events/EventFactoryTest.php" tests="12" assertions="42" errors="0" failures="0" skipped="0" time="0.164352">
      <testcase name="`EventFactory Unit Tests` → `default attribute generation` → creates event with correct default attributes" class="Tests\Unit\database\Factories\Events\EventFactoryTest" classname="Tests.Unit.database.Factories.Events.EventFactoryTest" file="tests/Unit/database/Factories/Events/EventFactoryTest.php::`EventFactory Unit Tests` → `default attribute generation` → creates event with correct default attributes" line="0" assertions="5" time="0.012213"/>
      <testcase name="`EventFactory Unit Tests` → `default attribute generation` → generates realistic event names" class="Tests\Unit\database\Factories\Events\EventFactoryTest" classname="Tests.Unit.database.Factories.Events.EventFactoryTest" file="tests/Unit/database/Factories/Events/EventFactoryTest.php::`EventFactory Unit Tests` → `default attribute generation` → generates realistic event names" line="0" assertions="3" time="0.011591"/>
      <testcase name="`EventFactory Unit Tests` → `default attribute generation` → sets default nullable fields correctly" class="Tests\Unit\database\Factories\Events\EventFactoryTest" classname="Tests.Unit.database.Factories.Events.EventFactoryTest" file="tests/Unit/database/Factories/Events/EventFactoryTest.php::`EventFactory Unit Tests` → `default attribute generation` → sets default nullable fields correctly" line="0" assertions="3" time="0.011331"/>
      <testcase name="`EventFactory Unit Tests` → `factory state methods` → scheduled state works correctly" class="Tests\Unit\database\Factories\Events\EventFactoryTest" classname="Tests.Unit.database.Factories.Events.EventFactoryTest" file="tests/Unit/database/Factories/Events/EventFactoryTest.php::`EventFactory Unit Tests` → `factory state methods` → scheduled state works correctly" line="0" assertions="2" time="0.011921"/>
      <testcase name="`EventFactory Unit Tests` → `factory state methods` → with preview content works correctly" class="Tests\Unit\database\Factories\Events\EventFactoryTest" classname="Tests.Unit.database.Factories.Events.EventFactoryTest" file="tests/Unit/database/Factories/Events/EventFactoryTest.php::`EventFactory Unit Tests` → `factory state methods` → with preview content works correctly" line="0" assertions="1" time="0.011012"/>
      <testcase name="`EventFactory Unit Tests` → `factory state methods` → past event state works correctly" class="Tests\Unit\database\Factories\Events\EventFactoryTest" classname="Tests.Unit.database.Factories.Events.EventFactoryTest" file="tests/Unit/database/Factories/Events/EventFactoryTest.php::`EventFactory Unit Tests` → `factory state methods` → past event state works correctly" line="0" assertions="2" time="0.011356"/>
      <testcase name="`EventFactory Unit Tests` → `factory state methods` → future event state works correctly" class="Tests\Unit\database\Factories\Events\EventFactoryTest" classname="Tests.Unit.database.Factories.Events.EventFactoryTest" file="tests/Unit/database/Factories/Events/EventFactoryTest.php::`EventFactory Unit Tests` → `factory state methods` → future event state works correctly" line="0" assertions="2" time="0.022575"/>
      <testcase name="`EventFactory Unit Tests` → `factory customization` → accepts custom attribute overrides" class="Tests\Unit\database\Factories\Events\EventFactoryTest" classname="Tests.Unit.database.Factories.Events.EventFactoryTest" file="tests/Unit/database/Factories/Events/EventFactoryTest.php::`EventFactory Unit Tests` → `factory customization` → accepts custom attribute overrides" line="0" assertions="2" time="0.012568"/>
      <testcase name="`EventFactory Unit Tests` → `factory customization` → maintains required attributes when overriding" class="Tests\Unit\database\Factories\Events\EventFactoryTest" classname="Tests.Unit.database.Factories.Events.EventFactoryTest" file="tests/Unit/database/Factories/Events/EventFactoryTest.php::`EventFactory Unit Tests` → `factory customization` → maintains required attributes when overriding" line="0" assertions="4" time="0.012077"/>
      <testcase name="`EventFactory Unit Tests` → `data consistency` → generates unique event names" class="Tests\Unit\database\Factories\Events\EventFactoryTest" classname="Tests.Unit.database.Factories.Events.EventFactoryTest" file="tests/Unit/database/Factories/Events/EventFactoryTest.php::`EventFactory Unit Tests` → `data consistency` → generates unique event names" line="0" assertions="1" time="0.012902"/>
      <testcase name="`EventFactory Unit Tests` → `data consistency` → generates consistent data format" class="Tests\Unit\database\Factories\Events\EventFactoryTest" classname="Tests.Unit.database.Factories.Events.EventFactoryTest" file="tests/Unit/database/Factories/Events/EventFactoryTest.php::`EventFactory Unit Tests` → `data consistency` → generates consistent data format" line="0" assertions="15" time="0.018656"/>
      <testcase name="`EventFactory Unit Tests` → `data consistency` → database creation works correctly" class="Tests\Unit\database\Factories\Events\EventFactoryTest" classname="Tests.Unit.database.Factories.Events.EventFactoryTest" file="tests/Unit/database/Factories/Events/EventFactoryTest.php::`EventFactory Unit Tests` → `data consistency` → database creation works correctly" line="0" assertions="2" time="0.016149"/>
    </testsuite>
    <testsuite name="Tests\Unit\database\Factories\Managers\ManagerEmploymentFactoryTest" file="tests/Unit/database/Factories/Managers/ManagerEmploymentFactoryTest.php" tests="8" assertions="17" errors="0" failures="0" skipped="0" time="0.09542">
      <testcase name="`ManagerEmploymentFactory Unit Tests` → `default attribute generation` → creates employment with correct default attributes" class="Tests\Unit\database\Factories\Managers\ManagerEmploymentFactoryTest" classname="Tests.Unit.database.Factories.Managers.ManagerEmploymentFactoryTest" file="tests/Unit/database/Factories/Managers/ManagerEmploymentFactoryTest.php::`ManagerEmploymentFactory Unit Tests` → `default attribute generation` → creates employment with correct default attributes" line="0" assertions="3" time="0.012081"/>
      <testcase name="`ManagerEmploymentFactory Unit Tests` → `default attribute generation` → creates realistic employment dates" class="Tests\Unit\database\Factories\Managers\ManagerEmploymentFactoryTest" classname="Tests.Unit.database.Factories.Managers.ManagerEmploymentFactoryTest" file="tests/Unit/database/Factories/Managers/ManagerEmploymentFactoryTest.php::`ManagerEmploymentFactory Unit Tests` → `default attribute generation` → creates realistic employment dates" line="0" assertions="1" time="0.011684"/>
      <testcase name="`ManagerEmploymentFactory Unit Tests` → `factory state methods` → current employment state works correctly" class="Tests\Unit\database\Factories\Managers\ManagerEmploymentFactoryTest" classname="Tests.Unit.database.Factories.Managers.ManagerEmploymentFactoryTest" file="tests/Unit/database/Factories/Managers/ManagerEmploymentFactoryTest.php::`ManagerEmploymentFactory Unit Tests` → `factory state methods` → current employment state works correctly" line="0" assertions="3" time="0.011659"/>
      <testcase name="`ManagerEmploymentFactory Unit Tests` → `factory state methods` → past employment state works correctly" class="Tests\Unit\database\Factories\Managers\ManagerEmploymentFactoryTest" classname="Tests.Unit.database.Factories.Managers.ManagerEmploymentFactoryTest" file="tests/Unit/database/Factories/Managers/ManagerEmploymentFactoryTest.php::`ManagerEmploymentFactory Unit Tests` → `factory state methods` → past employment state works correctly" line="0" assertions="4" time="0.012295"/>
      <testcase name="`ManagerEmploymentFactory Unit Tests` → `factory customization` → accepts custom manager association" class="Tests\Unit\database\Factories\Managers\ManagerEmploymentFactoryTest" classname="Tests.Unit.database.Factories.Managers.ManagerEmploymentFactoryTest" file="tests/Unit/database/Factories/Managers/ManagerEmploymentFactoryTest.php::`ManagerEmploymentFactory Unit Tests` → `factory customization` → accepts custom manager association" line="0" assertions="1" time="0.012005"/>
      <testcase name="`ManagerEmploymentFactory Unit Tests` → `factory customization` → accepts custom date ranges" class="Tests\Unit\database\Factories\Managers\ManagerEmploymentFactoryTest" classname="Tests.Unit.database.Factories.Managers.ManagerEmploymentFactoryTest" file="tests/Unit/database/Factories/Managers/ManagerEmploymentFactoryTest.php::`ManagerEmploymentFactory Unit Tests` → `factory customization` → accepts custom date ranges" line="0" assertions="2" time="0.011878"/>
      <testcase name="`ManagerEmploymentFactory Unit Tests` → `data consistency` → database creation works correctly" class="Tests\Unit\database\Factories\Managers\ManagerEmploymentFactoryTest" classname="Tests.Unit.database.Factories.Managers.ManagerEmploymentFactoryTest" file="tests/Unit/database/Factories/Managers/ManagerEmploymentFactoryTest.php::`ManagerEmploymentFactory Unit Tests` → `data consistency` → database creation works correctly" line="0" assertions="2" time="0.011936"/>
      <testcase name="`ManagerEmploymentFactory Unit Tests` → `data consistency` → maintains date consistency" class="Tests\Unit\database\Factories\Managers\ManagerEmploymentFactoryTest" classname="Tests.Unit.database.Factories.Managers.ManagerEmploymentFactoryTest" file="tests/Unit/database/Factories/Managers/ManagerEmploymentFactoryTest.php::`ManagerEmploymentFactory Unit Tests` → `data consistency` → maintains date consistency" line="0" assertions="1" time="0.011882"/>
    </testsuite>
    <testsuite name="Tests\Unit\database\Factories\Managers\ManagerFactoryTest" file="tests/Unit/database/Factories/Managers/ManagerFactoryTest.php" tests="12" assertions="39" errors="0" failures="0" skipped="0" time="0.168516">
      <testcase name="`ManagerFactory Unit Tests` → `default attribute generation` → creates manager with correct default attributes" class="Tests\Unit\database\Factories\Managers\ManagerFactoryTest" classname="Tests.Unit.database.Factories.Managers.ManagerFactoryTest" file="tests/Unit/database/Factories/Managers/ManagerFactoryTest.php::`ManagerFactory Unit Tests` → `default attribute generation` → creates manager with correct default attributes" line="0" assertions="5" time="0.013094"/>
      <testcase name="`ManagerFactory Unit Tests` → `default attribute generation` → generates realistic manager names" class="Tests\Unit\database\Factories\Managers\ManagerFactoryTest" classname="Tests.Unit.database.Factories.Managers.ManagerFactoryTest" file="tests/Unit/database/Factories/Managers/ManagerFactoryTest.php::`ManagerFactory Unit Tests` → `default attribute generation` → generates realistic manager names" line="0" assertions="4" time="0.011599"/>
      <testcase name="`ManagerFactory Unit Tests` → `default attribute generation` → sets default employment status" class="Tests\Unit\database\Factories\Managers\ManagerFactoryTest" classname="Tests.Unit.database.Factories.Managers.ManagerFactoryTest" file="tests/Unit/database/Factories/Managers/ManagerFactoryTest.php::`ManagerFactory Unit Tests` → `default attribute generation` → sets default employment status" line="0" assertions="2" time="0.016060"/>
      <testcase name="`ManagerFactory Unit Tests` → `factory state methods` → unemployed state works correctly" class="Tests\Unit\database\Factories\Managers\ManagerFactoryTest" classname="Tests.Unit.database.Factories.Managers.ManagerFactoryTest" file="tests/Unit/database/Factories/Managers/ManagerFactoryTest.php::`ManagerFactory Unit Tests` → `factory state methods` → unemployed state works correctly" line="0" assertions="1" time="0.017876"/>
      <testcase name="`ManagerFactory Unit Tests` → `factory state methods` → employed state works correctly" class="Tests\Unit\database\Factories\Managers\ManagerFactoryTest" classname="Tests.Unit.database.Factories.Managers.ManagerFactoryTest" file="tests/Unit/database/Factories/Managers/ManagerFactoryTest.php::`ManagerFactory Unit Tests` → `factory state methods` → employed state works correctly" line="0" assertions="1" time="0.016713"/>
      <testcase name="`ManagerFactory Unit Tests` → `factory state methods` → released state works correctly" class="Tests\Unit\database\Factories\Managers\ManagerFactoryTest" classname="Tests.Unit.database.Factories.Managers.ManagerFactoryTest" file="tests/Unit/database/Factories/Managers/ManagerFactoryTest.php::`ManagerFactory Unit Tests` → `factory state methods` → released state works correctly" line="0" assertions="1" time="0.013340"/>
      <testcase name="`ManagerFactory Unit Tests` → `factory state methods` → future employment state works correctly" class="Tests\Unit\database\Factories\Managers\ManagerFactoryTest" classname="Tests.Unit.database.Factories.Managers.ManagerFactoryTest" file="tests/Unit/database/Factories/Managers/ManagerFactoryTest.php::`ManagerFactory Unit Tests` → `factory state methods` → future employment state works correctly" line="0" assertions="1" time="0.013559"/>
      <testcase name="`ManagerFactory Unit Tests` → `factory customization` → accepts custom attribute overrides" class="Tests\Unit\database\Factories\Managers\ManagerFactoryTest" classname="Tests.Unit.database.Factories.Managers.ManagerFactoryTest" file="tests/Unit/database/Factories/Managers/ManagerFactoryTest.php::`ManagerFactory Unit Tests` → `factory customization` → accepts custom attribute overrides" line="0" assertions="3" time="0.012438"/>
      <testcase name="`ManagerFactory Unit Tests` → `factory customization` → maintains required attributes when overriding" class="Tests\Unit\database\Factories\Managers\ManagerFactoryTest" classname="Tests.Unit.database.Factories.Managers.ManagerFactoryTest" file="tests/Unit/database/Factories/Managers/ManagerFactoryTest.php::`ManagerFactory Unit Tests` → `factory customization` → maintains required attributes when overriding" line="0" assertions="3" time="0.013332"/>
      <testcase name="`ManagerFactory Unit Tests` → `data consistency` → generates unique manager names" class="Tests\Unit\database\Factories\Managers\ManagerFactoryTest" classname="Tests.Unit.database.Factories.Managers.ManagerFactoryTest" file="tests/Unit/database/Factories/Managers/ManagerFactoryTest.php::`ManagerFactory Unit Tests` → `data consistency` → generates unique manager names" line="0" assertions="1" time="0.011599"/>
      <testcase name="`ManagerFactory Unit Tests` → `data consistency` → generates consistent data format" class="Tests\Unit\database\Factories\Managers\ManagerFactoryTest" classname="Tests.Unit.database.Factories.Managers.ManagerFactoryTest" file="tests/Unit/database/Factories/Managers/ManagerFactoryTest.php::`ManagerFactory Unit Tests` → `data consistency` → generates consistent data format" line="0" assertions="15" time="0.017051"/>
      <testcase name="`ManagerFactory Unit Tests` → `data consistency` → database creation works correctly" class="Tests\Unit\database\Factories\Managers\ManagerFactoryTest" classname="Tests.Unit.database.Factories.Managers.ManagerFactoryTest" file="tests/Unit/database/Factories/Managers/ManagerFactoryTest.php::`ManagerFactory Unit Tests` → `data consistency` → database creation works correctly" line="0" assertions="2" time="0.011855"/>
    </testsuite>
    <testsuite name="Tests\Unit\database\Factories\Managers\ManagerInjuryFactoryTest" file="tests/Unit/database/Factories/Managers/ManagerInjuryFactoryTest.php" tests="8" assertions="17" errors="0" failures="0" skipped="0" time="0.109641">
      <testcase name="`ManagerInjuryFactory Unit Tests` → `default attribute generation` → creates injury with correct default attributes" class="Tests\Unit\database\Factories\Managers\ManagerInjuryFactoryTest" classname="Tests.Unit.database.Factories.Managers.ManagerInjuryFactoryTest" file="tests/Unit/database/Factories/Managers/ManagerInjuryFactoryTest.php::`ManagerInjuryFactory Unit Tests` → `default attribute generation` → creates injury with correct default attributes" line="0" assertions="3" time="0.012306"/>
      <testcase name="`ManagerInjuryFactory Unit Tests` → `default attribute generation` → creates realistic injury dates" class="Tests\Unit\database\Factories\Managers\ManagerInjuryFactoryTest" classname="Tests.Unit.database.Factories.Managers.ManagerInjuryFactoryTest" file="tests/Unit/database/Factories/Managers/ManagerInjuryFactoryTest.php::`ManagerInjuryFactory Unit Tests` → `default attribute generation` → creates realistic injury dates" line="0" assertions="1" time="0.012731"/>
      <testcase name="`ManagerInjuryFactory Unit Tests` → `factory state methods` → current injury state works correctly" class="Tests\Unit\database\Factories\Managers\ManagerInjuryFactoryTest" classname="Tests.Unit.database.Factories.Managers.ManagerInjuryFactoryTest" file="tests/Unit/database/Factories/Managers/ManagerInjuryFactoryTest.php::`ManagerInjuryFactory Unit Tests` → `factory state methods` → current injury state works correctly" line="0" assertions="3" time="0.012085"/>
      <testcase name="`ManagerInjuryFactory Unit Tests` → `factory state methods` → cleared injury state works correctly" class="Tests\Unit\database\Factories\Managers\ManagerInjuryFactoryTest" classname="Tests.Unit.database.Factories.Managers.ManagerInjuryFactoryTest" file="tests/Unit/database/Factories/Managers/ManagerInjuryFactoryTest.php::`ManagerInjuryFactory Unit Tests` → `factory state methods` → cleared injury state works correctly" line="0" assertions="4" time="0.016507"/>
      <testcase name="`ManagerInjuryFactory Unit Tests` → `factory customization` → accepts custom manager association" class="Tests\Unit\database\Factories\Managers\ManagerInjuryFactoryTest" classname="Tests.Unit.database.Factories.Managers.ManagerInjuryFactoryTest" file="tests/Unit/database/Factories/Managers/ManagerInjuryFactoryTest.php::`ManagerInjuryFactory Unit Tests` → `factory customization` → accepts custom manager association" line="0" assertions="1" time="0.019914"/>
      <testcase name="`ManagerInjuryFactory Unit Tests` → `factory customization` → accepts custom date ranges" class="Tests\Unit\database\Factories\Managers\ManagerInjuryFactoryTest" classname="Tests.Unit.database.Factories.Managers.ManagerInjuryFactoryTest" file="tests/Unit/database/Factories/Managers/ManagerInjuryFactoryTest.php::`ManagerInjuryFactory Unit Tests` → `factory customization` → accepts custom date ranges" line="0" assertions="2" time="0.012192"/>
      <testcase name="`ManagerInjuryFactory Unit Tests` → `data consistency` → database creation works correctly" class="Tests\Unit\database\Factories\Managers\ManagerInjuryFactoryTest" classname="Tests.Unit.database.Factories.Managers.ManagerInjuryFactoryTest" file="tests/Unit/database/Factories/Managers/ManagerInjuryFactoryTest.php::`ManagerInjuryFactory Unit Tests` → `data consistency` → database creation works correctly" line="0" assertions="2" time="0.012087"/>
      <testcase name="`ManagerInjuryFactory Unit Tests` → `data consistency` → maintains date consistency" class="Tests\Unit\database\Factories\Managers\ManagerInjuryFactoryTest" classname="Tests.Unit.database.Factories.Managers.ManagerInjuryFactoryTest" file="tests/Unit/database/Factories/Managers/ManagerInjuryFactoryTest.php::`ManagerInjuryFactory Unit Tests` → `data consistency` → maintains date consistency" line="0" assertions="1" time="0.011820"/>
    </testsuite>
    <testsuite name="Tests\Unit\database\Factories\Managers\ManagerRetirementFactoryTest" file="tests/Unit/database/Factories/Managers/ManagerRetirementFactoryTest.php" tests="8" assertions="17" errors="0" failures="0" skipped="0" time="0.130169">
      <testcase name="`ManagerRetirementFactory Unit Tests` → `default attribute generation` → creates retirement with correct default attributes" class="Tests\Unit\database\Factories\Managers\ManagerRetirementFactoryTest" classname="Tests.Unit.database.Factories.Managers.ManagerRetirementFactoryTest" file="tests/Unit/database/Factories/Managers/ManagerRetirementFactoryTest.php::`ManagerRetirementFactory Unit Tests` → `default attribute generation` → creates retirement with correct default attributes" line="0" assertions="3" time="0.014018"/>
      <testcase name="`ManagerRetirementFactory Unit Tests` → `default attribute generation` → creates realistic retirement dates" class="Tests\Unit\database\Factories\Managers\ManagerRetirementFactoryTest" classname="Tests.Unit.database.Factories.Managers.ManagerRetirementFactoryTest" file="tests/Unit/database/Factories/Managers/ManagerRetirementFactoryTest.php::`ManagerRetirementFactory Unit Tests` → `default attribute generation` → creates realistic retirement dates" line="0" assertions="1" time="0.016892"/>
      <testcase name="`ManagerRetirementFactory Unit Tests` → `factory state methods` → current retirement state works correctly" class="Tests\Unit\database\Factories\Managers\ManagerRetirementFactoryTest" classname="Tests.Unit.database.Factories.Managers.ManagerRetirementFactoryTest" file="tests/Unit/database/Factories/Managers/ManagerRetirementFactoryTest.php::`ManagerRetirementFactory Unit Tests` → `factory state methods` → current retirement state works correctly" line="0" assertions="3" time="0.015942"/>
      <testcase name="`ManagerRetirementFactory Unit Tests` → `factory state methods` → ended retirement state works correctly" class="Tests\Unit\database\Factories\Managers\ManagerRetirementFactoryTest" classname="Tests.Unit.database.Factories.Managers.ManagerRetirementFactoryTest" file="tests/Unit/database/Factories/Managers/ManagerRetirementFactoryTest.php::`ManagerRetirementFactory Unit Tests` → `factory state methods` → ended retirement state works correctly" line="0" assertions="4" time="0.021644"/>
      <testcase name="`ManagerRetirementFactory Unit Tests` → `factory customization` → accepts custom manager association" class="Tests\Unit\database\Factories\Managers\ManagerRetirementFactoryTest" classname="Tests.Unit.database.Factories.Managers.ManagerRetirementFactoryTest" file="tests/Unit/database/Factories/Managers/ManagerRetirementFactoryTest.php::`ManagerRetirementFactory Unit Tests` → `factory customization` → accepts custom manager association" line="0" assertions="1" time="0.017572"/>
      <testcase name="`ManagerRetirementFactory Unit Tests` → `factory customization` → accepts custom date ranges" class="Tests\Unit\database\Factories\Managers\ManagerRetirementFactoryTest" classname="Tests.Unit.database.Factories.Managers.ManagerRetirementFactoryTest" file="tests/Unit/database/Factories/Managers/ManagerRetirementFactoryTest.php::`ManagerRetirementFactory Unit Tests` → `factory customization` → accepts custom date ranges" line="0" assertions="2" time="0.016151"/>
      <testcase name="`ManagerRetirementFactory Unit Tests` → `data consistency` → database creation works correctly" class="Tests\Unit\database\Factories\Managers\ManagerRetirementFactoryTest" classname="Tests.Unit.database.Factories.Managers.ManagerRetirementFactoryTest" file="tests/Unit/database/Factories/Managers/ManagerRetirementFactoryTest.php::`ManagerRetirementFactory Unit Tests` → `data consistency` → database creation works correctly" line="0" assertions="2" time="0.015298"/>
      <testcase name="`ManagerRetirementFactory Unit Tests` → `data consistency` → maintains date consistency" class="Tests\Unit\database\Factories\Managers\ManagerRetirementFactoryTest" classname="Tests.Unit.database.Factories.Managers.ManagerRetirementFactoryTest" file="tests/Unit/database/Factories/Managers/ManagerRetirementFactoryTest.php::`ManagerRetirementFactory Unit Tests` → `data consistency` → maintains date consistency" line="0" assertions="1" time="0.012652"/>
    </testsuite>
    <testsuite name="Tests\Unit\database\Factories\Managers\ManagerSuspensionFactoryTest" file="tests/Unit/database/Factories/Managers/ManagerSuspensionFactoryTest.php" tests="8" assertions="17" errors="0" failures="0" skipped="0" time="0.120376">
      <testcase name="`ManagerSuspensionFactory Unit Tests` → `default attribute generation` → creates suspension with correct default attributes" class="Tests\Unit\database\Factories\Managers\ManagerSuspensionFactoryTest" classname="Tests.Unit.database.Factories.Managers.ManagerSuspensionFactoryTest" file="tests/Unit/database/Factories/Managers/ManagerSuspensionFactoryTest.php::`ManagerSuspensionFactory Unit Tests` → `default attribute generation` → creates suspension with correct default attributes" line="0" assertions="3" time="0.018455"/>
      <testcase name="`ManagerSuspensionFactory Unit Tests` → `default attribute generation` → creates realistic suspension dates" class="Tests\Unit\database\Factories\Managers\ManagerSuspensionFactoryTest" classname="Tests.Unit.database.Factories.Managers.ManagerSuspensionFactoryTest" file="tests/Unit/database/Factories/Managers/ManagerSuspensionFactoryTest.php::`ManagerSuspensionFactory Unit Tests` → `default attribute generation` → creates realistic suspension dates" line="0" assertions="1" time="0.012709"/>
      <testcase name="`ManagerSuspensionFactory Unit Tests` → `factory state methods` → current suspension state works correctly" class="Tests\Unit\database\Factories\Managers\ManagerSuspensionFactoryTest" classname="Tests.Unit.database.Factories.Managers.ManagerSuspensionFactoryTest" file="tests/Unit/database/Factories/Managers/ManagerSuspensionFactoryTest.php::`ManagerSuspensionFactory Unit Tests` → `factory state methods` → current suspension state works correctly" line="0" assertions="3" time="0.017428"/>
      <testcase name="`ManagerSuspensionFactory Unit Tests` → `factory state methods` → reinstated suspension state works correctly" class="Tests\Unit\database\Factories\Managers\ManagerSuspensionFactoryTest" classname="Tests.Unit.database.Factories.Managers.ManagerSuspensionFactoryTest" file="tests/Unit/database/Factories/Managers/ManagerSuspensionFactoryTest.php::`ManagerSuspensionFactory Unit Tests` → `factory state methods` → reinstated suspension state works correctly" line="0" assertions="4" time="0.017150"/>
      <testcase name="`ManagerSuspensionFactory Unit Tests` → `factory customization` → accepts custom manager association" class="Tests\Unit\database\Factories\Managers\ManagerSuspensionFactoryTest" classname="Tests.Unit.database.Factories.Managers.ManagerSuspensionFactoryTest" file="tests/Unit/database/Factories/Managers/ManagerSuspensionFactoryTest.php::`ManagerSuspensionFactory Unit Tests` → `factory customization` → accepts custom manager association" line="0" assertions="1" time="0.016852"/>
      <testcase name="`ManagerSuspensionFactory Unit Tests` → `factory customization` → accepts custom date ranges" class="Tests\Unit\database\Factories\Managers\ManagerSuspensionFactoryTest" classname="Tests.Unit.database.Factories.Managers.ManagerSuspensionFactoryTest" file="tests/Unit/database/Factories/Managers/ManagerSuspensionFactoryTest.php::`ManagerSuspensionFactory Unit Tests` → `factory customization` → accepts custom date ranges" line="0" assertions="2" time="0.012258"/>
      <testcase name="`ManagerSuspensionFactory Unit Tests` → `data consistency` → database creation works correctly" class="Tests\Unit\database\Factories\Managers\ManagerSuspensionFactoryTest" classname="Tests.Unit.database.Factories.Managers.ManagerSuspensionFactoryTest" file="tests/Unit/database/Factories/Managers/ManagerSuspensionFactoryTest.php::`ManagerSuspensionFactory Unit Tests` → `data consistency` → database creation works correctly" line="0" assertions="2" time="0.012007"/>
      <testcase name="`ManagerSuspensionFactory Unit Tests` → `data consistency` → maintains date consistency" class="Tests\Unit\database\Factories\Managers\ManagerSuspensionFactoryTest" classname="Tests.Unit.database.Factories.Managers.ManagerSuspensionFactoryTest" file="tests/Unit/database/Factories/Managers/ManagerSuspensionFactoryTest.php::`ManagerSuspensionFactory Unit Tests` → `data consistency` → maintains date consistency" line="0" assertions="1" time="0.013517"/>
    </testsuite>
    <testsuite name="Tests\Unit\database\Factories\MatchFactoryTest" file="tests/Unit/database/Factories/MatchFactoryTest.php" tests="22" assertions="88" errors="2" failures="0" skipped="0" time="0.397876">
      <testcase name="`MatchFactory` → `basic match creation` → creates basic event match with default values" class="Tests\Unit\database\Factories\MatchFactoryTest" classname="Tests.Unit.database.Factories.MatchFactoryTest" file="tests/Unit/database/Factories/MatchFactoryTest.php::`MatchFactory` → `basic match creation` → creates basic event match with default values" line="0" assertions="5" time="0.016038"/>
      <testcase name="`MatchFactory` → `basic match creation` → creates complete match with competitors and results" class="Tests\Unit\database\Factories\MatchFactoryTest" classname="Tests.Unit.database.Factories.MatchFactoryTest" file="tests/Unit/database/Factories/MatchFactoryTest.php::`MatchFactory` → `basic match creation` → creates complete match with competitors and results" line="0" assertions="3" time="0.020159"/>
      <testcase name="`MatchFactory` → `match type specific factories` → creates singles match with wrestler competitors" class="Tests\Unit\database\Factories\MatchFactoryTest" classname="Tests.Unit.database.Factories.MatchFactoryTest" file="tests/Unit/database/Factories/MatchFactoryTest.php::`MatchFactory` → `match type specific factories` → creates singles match with wrestler competitors" line="0" assertions="6" time="0.015677"/>
      <testcase name="`MatchFactory` → `match type specific factories` → creates tag team match with mixed competitors" class="Tests\Unit\database\Factories\MatchFactoryTest" classname="Tests.Unit.database.Factories.MatchFactoryTest" file="tests/Unit/database/Factories/MatchFactoryTest.php::`MatchFactory` → `match type specific factories` → creates tag team match with mixed competitors" line="0" assertions="6" time="0.017961"/>
      <testcase name="`MatchFactory` → `match type specific factories` → creates triple threat match with 3 mixed competitors" class="Tests\Unit\database\Factories\MatchFactoryTest" classname="Tests.Unit.database.Factories.MatchFactoryTest" file="tests/Unit/database/Factories/MatchFactoryTest.php::`MatchFactory` → `match type specific factories` → creates triple threat match with 3 mixed competitors" line="0" assertions="6" time="0.016330"/>
      <testcase name="`MatchFactory` → `match type specific factories` → creates fatal four way match with 4 mixed competitors" class="Tests\Unit\database\Factories\MatchFactoryTest" classname="Tests.Unit.database.Factories.MatchFactoryTest" file="tests/Unit/database/Factories/MatchFactoryTest.php::`MatchFactory` → `match type specific factories` → creates fatal four way match with 4 mixed competitors" line="0" assertions="7" time="0.016940"/>
      <testcase name="`MatchFactory` → `match type specific factories` → creates battle royal with specified number of competitors" class="Tests\Unit\database\Factories\MatchFactoryTest" classname="Tests.Unit.database.Factories.MatchFactoryTest" file="tests/Unit/database/Factories/MatchFactoryTest.php::`MatchFactory` → `match type specific factories` → creates battle royal with specified number of competitors" line="0" assertions="17" time="0.025402"/>
      <testcase name="`MatchFactory` → `title match scenarios` → creates title match with championship implications" class="Tests\Unit\database\Factories\MatchFactoryTest" classname="Tests.Unit.database.Factories.MatchFactoryTest" file="tests/Unit/database/Factories/MatchFactoryTest.php::`MatchFactory` → `title match scenarios` → creates title match with championship implications" line="0" assertions="4" time="0.017170"/>
      <testcase name="`MatchFactory` → `title match scenarios` → creates title defense with existing champion" class="Tests\Unit\database\Factories\MatchFactoryTest" classname="Tests.Unit.database.Factories.MatchFactoryTest" file="tests/Unit/database/Factories/MatchFactoryTest.php::`MatchFactory` → `title match scenarios` → creates title defense with existing champion" line="0" assertions="5" time="0.018381"/>
      <testcase name="`MatchFactory` → `title match scenarios` → creates tag team title defense with existing champion" class="Tests\Unit\database\Factories\MatchFactoryTest" classname="Tests.Unit.database.Factories.MatchFactoryTest" file="tests/Unit/database/Factories/MatchFactoryTest.php::`MatchFactory` → `title match scenarios` → creates tag team title defense with existing champion" line="0" assertions="5" time="0.022398"/>
      <testcase name="`MatchFactory` → `title match scenarios` → creates title defense with specific champion" class="Tests\Unit\database\Factories\MatchFactoryTest" classname="Tests.Unit.database.Factories.MatchFactoryTest" file="tests/Unit/database/Factories/MatchFactoryTest.php::`MatchFactory` → `title match scenarios` → creates title defense with specific champion" line="0" assertions="2" time="0.017280"/>
      <testcase name="`MatchFactory` → `match results and winners/losers` → creates match with proper winner and loser distribution" class="Tests\Unit\database\Factories\MatchFactoryTest" classname="Tests.Unit.database.Factories.MatchFactoryTest" file="tests/Unit/database/Factories/MatchFactoryTest.php::`MatchFactory` → `match results and winners/losers` → creates match with proper winner and loser distribution" line="0" assertions="1" time="0.019980">
        <error type="Illuminate\Database\QueryException">`MatchFactory` → `match results and winners/losers` → creates match with proper winner and loser distributionIlluminate\Database\QueryException: SQLSTATE[HY000]: General error: 1 no such table: events_matches_winners (Connection: sqlite, SQL: select "events_matches_winners".*, "events_matches_results"."event_match_id" as "laravel_through_key" from "events_matches_winners" inner join "events_matches_results" on "events_matches_results"."id" = "events_matches_winners"."match_result_id" where "events_matches_results"."event_match_id" = 1)
at vendor/laravel/framework/src/Illuminate/Database/Connection.php:404
at vendor/laravel/framework/src/Illuminate/Database/Connection.php:809
at vendor/laravel/framework/src/Illuminate/Database/Connection.php:776
at vendor/laravel/framework/src/Illuminate/Database/Connection.php:395
at vendor/laravel/framework/src/Illuminate/Database/Query/Builder.php:3131
at vendor/laravel/framework/src/Illuminate/Database/Query/Builder.php:3116
at vendor/laravel/framework/src/Illuminate/Database/Query/Builder.php:3706
at vendor/laravel/framework/src/Illuminate/Database/Query/Builder.php:3115
at vendor/laravel/framework/src/Illuminate/Database/Eloquent/Builder.php:872
at vendor/laravel/framework/src/Illuminate/Database/Eloquent/Relations/HasOneOrManyThrough.php:451
at vendor/laravel/framework/src/Illuminate/Database/Eloquent/Relations/HasManyThrough.php:71
at vendor/laravel/framework/src/Illuminate/Database/Eloquent/Concerns/HasAttributes.php:634
at vendor/laravel/framework/src/Illuminate/Database/Eloquent/Concerns/HasAttributes.php:572
at vendor/laravel/framework/src/Illuminate/Database/Eloquent/Concerns/HasAttributes.php:493
at vendor/laravel/framework/src/Illuminate/Database/Eloquent/Model.php:2384
at tests/Unit/database/Factories/MatchFactoryTest.php:197
Caused by
PDOException: SQLSTATE[HY000]: General error: 1 no such table: events_matches_winners

at vendor/laravel/framework/src/Illuminate/Database/Connection.php:404
at vendor/laravel/framework/src/Illuminate/Database/Connection.php:809
at vendor/laravel/framework/src/Illuminate/Database/Connection.php:776
at vendor/laravel/framework/src/Illuminate/Database/Connection.php:395
at vendor/laravel/framework/src/Illuminate/Database/Query/Builder.php:3131
at vendor/laravel/framework/src/Illuminate/Database/Query/Builder.php:3116
at vendor/laravel/framework/src/Illuminate/Database/Query/Builder.php:3706
at vendor/laravel/framework/src/Illuminate/Database/Query/Builder.php:3115
at vendor/laravel/framework/src/Illuminate/Database/Eloquent/Builder.php:872
at vendor/laravel/framework/src/Illuminate/Database/Eloquent/Relations/HasOneOrManyThrough.php:451
at vendor/laravel/framework/src/Illuminate/Database/Eloquent/Relations/HasManyThrough.php:71
at vendor/laravel/framework/src/Illuminate/Database/Eloquent/Concerns/HasAttributes.php:634
at vendor/laravel/framework/src/Illuminate/Database/Eloquent/Concerns/HasAttributes.php:572
at vendor/laravel/framework/src/Illuminate/Database/Eloquent/Concerns/HasAttributes.php:493
at vendor/laravel/framework/src/Illuminate/Database/Eloquent/Model.php:2384
at tests/Unit/database/Factories/MatchFactoryTest.php:197</error>
      </testcase>
      <testcase name="`MatchFactory` → `match results and winners/losers` → creates battle royal with one winner and multiple losers" class="Tests\Unit\database\Factories\MatchFactoryTest" classname="Tests.Unit.database.Factories.MatchFactoryTest" file="tests/Unit/database/Factories/MatchFactoryTest.php::`MatchFactory` → `match results and winners/losers` → creates battle royal with one winner and multiple losers" line="0" assertions="1" time="0.022472">
        <error type="Illuminate\Database\QueryException">`MatchFactory` → `match results and winners/losers` → creates battle royal with one winner and multiple losersIlluminate\Database\QueryException: SQLSTATE[HY000]: General error: 1 no such table: events_matches_winners (Connection: sqlite, SQL: select "events_matches_winners".*, "events_matches_results"."event_match_id" as "laravel_through_key" from "events_matches_winners" inner join "events_matches_results" on "events_matches_results"."id" = "events_matches_winners"."match_result_id" where "events_matches_results"."event_match_id" = 1)
at vendor/laravel/framework/src/Illuminate/Database/Connection.php:404
at vendor/laravel/framework/src/Illuminate/Database/Connection.php:809
at vendor/laravel/framework/src/Illuminate/Database/Connection.php:776
at vendor/laravel/framework/src/Illuminate/Database/Connection.php:395
at vendor/laravel/framework/src/Illuminate/Database/Query/Builder.php:3131
at vendor/laravel/framework/src/Illuminate/Database/Query/Builder.php:3116
at vendor/laravel/framework/src/Illuminate/Database/Query/Builder.php:3706
at vendor/laravel/framework/src/Illuminate/Database/Query/Builder.php:3115
at vendor/laravel/framework/src/Illuminate/Database/Eloquent/Builder.php:872
at vendor/laravel/framework/src/Illuminate/Database/Eloquent/Relations/HasOneOrManyThrough.php:451
at vendor/laravel/framework/src/Illuminate/Database/Eloquent/Relations/HasManyThrough.php:71
at vendor/laravel/framework/src/Illuminate/Database/Eloquent/Concerns/HasAttributes.php:634
at vendor/laravel/framework/src/Illuminate/Database/Eloquent/Concerns/HasAttributes.php:572
at vendor/laravel/framework/src/Illuminate/Database/Eloquent/Concerns/HasAttributes.php:493
at vendor/laravel/framework/src/Illuminate/Database/Eloquent/Model.php:2384
at tests/Unit/database/Factories/MatchFactoryTest.php:210
Caused by
PDOException: SQLSTATE[HY000]: General error: 1 no such table: events_matches_winners

at vendor/laravel/framework/src/Illuminate/Database/Connection.php:404
at vendor/laravel/framework/src/Illuminate/Database/Connection.php:809
at vendor/laravel/framework/src/Illuminate/Database/Connection.php:776
at vendor/laravel/framework/src/Illuminate/Database/Connection.php:395
at vendor/laravel/framework/src/Illuminate/Database/Query/Builder.php:3131
at vendor/laravel/framework/src/Illuminate/Database/Query/Builder.php:3116
at vendor/laravel/framework/src/Illuminate/Database/Query/Builder.php:3706
at vendor/laravel/framework/src/Illuminate/Database/Query/Builder.php:3115
at vendor/laravel/framework/src/Illuminate/Database/Eloquent/Builder.php:872
at vendor/laravel/framework/src/Illuminate/Database/Eloquent/Relations/HasOneOrManyThrough.php:451
at vendor/laravel/framework/src/Illuminate/Database/Eloquent/Relations/HasManyThrough.php:71
at vendor/laravel/framework/src/Illuminate/Database/Eloquent/Concerns/HasAttributes.php:634
at vendor/laravel/framework/src/Illuminate/Database/Eloquent/Concerns/HasAttributes.php:572
at vendor/laravel/framework/src/Illuminate/Database/Eloquent/Concerns/HasAttributes.php:493
at vendor/laravel/framework/src/Illuminate/Database/Eloquent/Model.php:2384
at tests/Unit/database/Factories/MatchFactoryTest.php:210</error>
      </testcase>
      <testcase name="`MatchFactory` → `match results and winners/losers` → creates match with proper competitor side numbers" class="Tests\Unit\database\Factories\MatchFactoryTest" classname="Tests.Unit.database.Factories.MatchFactoryTest" file="tests/Unit/database/Factories/MatchFactoryTest.php::`MatchFactory` → `match results and winners/losers` → creates match with proper competitor side numbers" line="0" assertions="1" time="0.018982"/>
      <testcase name="`MatchFactory` → `additional match features` → adds referees to match" class="Tests\Unit\database\Factories\MatchFactoryTest" classname="Tests.Unit.database.Factories.MatchFactoryTest" file="tests/Unit/database/Factories/MatchFactoryTest.php::`MatchFactory` → `additional match features` → adds referees to match" line="0" assertions="1" time="0.015142"/>
      <testcase name="`MatchFactory` → `additional match features` → creates match with specific event" class="Tests\Unit\database\Factories\MatchFactoryTest" classname="Tests.Unit.database.Factories.MatchFactoryTest" file="tests/Unit/database/Factories/MatchFactoryTest.php::`MatchFactory` → `additional match features` → creates match with specific event" line="0" assertions="1" time="0.012426"/>
      <testcase name="`MatchFactory` → `additional match features` → creates match with specific match type" class="Tests\Unit\database\Factories\MatchFactoryTest" classname="Tests.Unit.database.Factories.MatchFactoryTest" file="tests/Unit/database/Factories/MatchFactoryTest.php::`MatchFactory` → `additional match features` → creates match with specific match type" line="0" assertions="1" time="0.016085"/>
      <testcase name="`MatchFactory` → `additional match features` → creates match with specific match number" class="Tests\Unit\database\Factories\MatchFactoryTest" classname="Tests.Unit.database.Factories.MatchFactoryTest" file="tests/Unit/database/Factories/MatchFactoryTest.php::`MatchFactory` → `additional match features` → creates match with specific match number" line="0" assertions="1" time="0.016669"/>
      <testcase name="`MatchFactory` → `additional match features` → creates match with preview" class="Tests\Unit\database\Factories\MatchFactoryTest" classname="Tests.Unit.database.Factories.MatchFactoryTest" file="tests/Unit/database/Factories/MatchFactoryTest.php::`MatchFactory` → `additional match features` → creates match with preview" line="0" assertions="1" time="0.014573"/>
      <testcase name="`MatchFactory` → `additional match features` → creates match with specific competitors" class="Tests\Unit\database\Factories\MatchFactoryTest" classname="Tests.Unit.database.Factories.MatchFactoryTest" file="tests/Unit/database/Factories/MatchFactoryTest.php::`MatchFactory` → `additional match features` → creates match with specific competitors" line="0" assertions="5" time="0.021730"/>
      <testcase name="`MatchFactory` → `match type validation` → match type allows correct competitor types" class="Tests\Unit\database\Factories\MatchFactoryTest" classname="Tests.Unit.database.Factories.MatchFactoryTest" file="tests/Unit/database/Factories/MatchFactoryTest.php::`MatchFactory` → `match type validation` → match type allows correct competitor types" line="0" assertions="6" time="0.023381"/>
      <testcase name="`MatchFactory` → `match type validation` → match type has correct competitor limits" class="Tests\Unit\database\Factories\MatchFactoryTest" classname="Tests.Unit.database.Factories.MatchFactoryTest" file="tests/Unit/database/Factories/MatchFactoryTest.php::`MatchFactory` → `match type validation` → match type has correct competitor limits" line="0" assertions="3" time="0.012702"/>
    </testsuite>
    <testsuite name="Tests\Unit\database\Factories\Matches\EventMatchFactoryTest" file="tests/Unit/database/Factories/Matches/EventMatchFactoryTest.php" tests="11" assertions="30" errors="0" failures="0" skipped="0" time="0.170031">
      <testcase name="`MatchFactory Unit Tests` → `default attribute generation` → creates match with correct default attributes" class="Tests\Unit\database\Factories\Matches\EventMatchFactoryTest" classname="Tests.Unit.database.Factories.Matches.EventMatchFactoryTest" file="tests/Unit/database/Factories/Matches/EventMatchFactoryTest.php::`MatchFactory Unit Tests` → `default attribute generation` → creates match with correct default attributes" line="0" assertions="5" time="0.013967"/>
      <testcase name="`MatchFactory Unit Tests` → `default attribute generation` → generates realistic match match_number" class="Tests\Unit\database\Factories\Matches\EventMatchFactoryTest" classname="Tests.Unit.database.Factories.Matches.EventMatchFactoryTest" file="tests/Unit/database/Factories/Matches/EventMatchFactoryTest.php::`MatchFactory Unit Tests` → `default attribute generation` → generates realistic match match_number" line="0" assertions="5" time="0.021816"/>
      <testcase name="`MatchFactory Unit Tests` → `factory state methods` → with preview state works correctly" class="Tests\Unit\database\Factories\Matches\EventMatchFactoryTest" classname="Tests.Unit.database.Factories.Matches.EventMatchFactoryTest" file="tests/Unit/database/Factories/Matches/EventMatchFactoryTest.php::`MatchFactory Unit Tests` → `factory state methods` → with preview state works correctly" line="0" assertions="1" time="0.012367"/>
      <testcase name="`MatchFactory Unit Tests` → `factory state methods` → with referee state works correctly" class="Tests\Unit\database\Factories\Matches\EventMatchFactoryTest" classname="Tests.Unit.database.Factories.Matches.EventMatchFactoryTest" file="tests/Unit/database/Factories/Matches/EventMatchFactoryTest.php::`MatchFactory Unit Tests` → `factory state methods` → with referee state works correctly" line="0" assertions="1" time="0.015945"/>
      <testcase name="`MatchFactory Unit Tests` → `factory state methods` → with decision state works correctly" class="Tests\Unit\database\Factories\Matches\EventMatchFactoryTest" classname="Tests.Unit.database.Factories.Matches.EventMatchFactoryTest" file="tests/Unit/database/Factories/Matches/EventMatchFactoryTest.php::`MatchFactory Unit Tests` → `factory state methods` → with decision state works correctly" line="0" assertions="1" time="0.017061"/>
      <testcase name="`MatchFactory Unit Tests` → `factory customization` → accepts custom event association" class="Tests\Unit\database\Factories\Matches\EventMatchFactoryTest" classname="Tests.Unit.database.Factories.Matches.EventMatchFactoryTest" file="tests/Unit/database/Factories/Matches/EventMatchFactoryTest.php::`MatchFactory Unit Tests` → `factory customization` → accepts custom event association" line="0" assertions="1" time="0.015303"/>
      <testcase name="`MatchFactory Unit Tests` → `factory customization` → accepts custom match type association" class="Tests\Unit\database\Factories\Matches\EventMatchFactoryTest" classname="Tests.Unit.database.Factories.Matches.EventMatchFactoryTest" file="tests/Unit/database/Factories/Matches/EventMatchFactoryTest.php::`MatchFactory Unit Tests` → `factory customization` → accepts custom match type association" line="0" assertions="1" time="0.012498"/>
      <testcase name="`MatchFactory Unit Tests` → `factory customization` → accepts custom match match_number" class="Tests\Unit\database\Factories\Matches\EventMatchFactoryTest" classname="Tests.Unit.database.Factories.Matches.EventMatchFactoryTest" file="tests/Unit/database/Factories/Matches/EventMatchFactoryTest.php::`MatchFactory Unit Tests` → `factory customization` → accepts custom match match_number" line="0" assertions="1" time="0.012452"/>
      <testcase name="`MatchFactory Unit Tests` → `data consistency` → database creation works correctly" class="Tests\Unit\database\Factories\Matches\EventMatchFactoryTest" classname="Tests.Unit.database.Factories.Matches.EventMatchFactoryTest" file="tests/Unit/database/Factories/Matches/EventMatchFactoryTest.php::`MatchFactory Unit Tests` → `data consistency` → database creation works correctly" line="0" assertions="2" time="0.012777"/>
      <testcase name="`MatchFactory Unit Tests` → `data consistency` → maintains proper match match_number" class="Tests\Unit\database\Factories\Matches\EventMatchFactoryTest" classname="Tests.Unit.database.Factories.Matches.EventMatchFactoryTest" file="tests/Unit/database/Factories/Matches/EventMatchFactoryTest.php::`MatchFactory Unit Tests` → `data consistency` → maintains proper match match_number" line="0" assertions="10" time="0.022452"/>
      <testcase name="`MatchFactory Unit Tests` → `data consistency` → creates matches with valid relationships" class="Tests\Unit\database\Factories\Matches\EventMatchFactoryTest" classname="Tests.Unit.database.Factories.Matches.EventMatchFactoryTest" file="tests/Unit/database/Factories/Matches/EventMatchFactoryTest.php::`MatchFactory Unit Tests` → `data consistency` → creates matches with valid relationships" line="0" assertions="2" time="0.013393"/>
    </testsuite>
    <testsuite name="Tests\Unit\database\Factories\Matches\EventMatchGenerationTest" file="tests/Unit/database/Factories/Matches/EventMatchGenerationTest.php" tests="22" assertions="0" errors="22" failures="0" skipped="0" time="0.312502">
      <testcase name="`EventMatch Comprehensive Generation Unit Tests` → `basic match generation scenarios` → generates simple singles match with minimal config" class="Tests\Unit\database\Factories\Matches\EventMatchGenerationTest" classname="Tests.Unit.database.Factories.Matches.EventMatchGenerationTest" file="tests/Unit/database/Factories/Matches/EventMatchGenerationTest.php::`EventMatch Comprehensive Generation Unit Tests` → `basic match generation scenarios` → generates simple singles match with minimal config" line="0" assertions="0" time="0.015260">
        <error type="BadMethodCallException">`EventMatch Comprehensive Generation Unit Tests` → `basic match generation scenarios` → generates simple singles match with minimal configBadMethodCallException: Call to undefined method Database\Factories\Matches\MatchFactory::generateFullMatch()
at vendor/laravel/framework/src/Illuminate/Support/Traits/ForwardsCalls.php:67
at vendor/laravel/framework/src/Illuminate/Database/Eloquent/Factories/Factory.php:980
at tests/Unit/database/Factories/Matches/EventMatchGenerationTest.php:35</error>
      </testcase>
      <testcase name="`EventMatch Comprehensive Generation Unit Tests` → `basic match generation scenarios` → generates tag team match with mixed competitors" class="Tests\Unit\database\Factories\Matches\EventMatchGenerationTest" classname="Tests.Unit.database.Factories.Matches.EventMatchGenerationTest" file="tests/Unit/database/Factories/Matches/EventMatchGenerationTest.php::`EventMatch Comprehensive Generation Unit Tests` → `basic match generation scenarios` → generates tag team match with mixed competitors" line="0" assertions="0" time="0.011201">
        <error type="BadMethodCallException">`EventMatch Comprehensive Generation Unit Tests` → `basic match generation scenarios` → generates tag team match with mixed competitorsBadMethodCallException: Call to undefined method Database\Factories\Matches\MatchFactory::generateFullMatch()
at vendor/laravel/framework/src/Illuminate/Support/Traits/ForwardsCalls.php:67
at vendor/laravel/framework/src/Illuminate/Database/Eloquent/Factories/Factory.php:980
at tests/Unit/database/Factories/Matches/EventMatchGenerationTest.php:52</error>
      </testcase>
      <testcase name="`EventMatch Comprehensive Generation Unit Tests` → `basic match generation scenarios` → generates battle royal with multiple competitors" class="Tests\Unit\database\Factories\Matches\EventMatchGenerationTest" classname="Tests.Unit.database.Factories.Matches.EventMatchGenerationTest" file="tests/Unit/database/Factories/Matches/EventMatchGenerationTest.php::`EventMatch Comprehensive Generation Unit Tests` → `basic match generation scenarios` → generates battle royal with multiple competitors" line="0" assertions="0" time="0.011073">
        <error type="BadMethodCallException">`EventMatch Comprehensive Generation Unit Tests` → `basic match generation scenarios` → generates battle royal with multiple competitorsBadMethodCallException: Call to undefined method Database\Factories\Matches\MatchFactory::generateFullMatch()
at vendor/laravel/framework/src/Illuminate/Support/Traits/ForwardsCalls.php:67
at vendor/laravel/framework/src/Illuminate/Database/Eloquent/Factories/Factory.php:980
at tests/Unit/database/Factories/Matches/EventMatchGenerationTest.php:70</error>
      </testcase>
      <testcase name="`EventMatch Comprehensive Generation Unit Tests` → `title match generation scenarios` → generates singles title match with proper validation" class="Tests\Unit\database\Factories\Matches\EventMatchGenerationTest" classname="Tests.Unit.database.Factories.Matches.EventMatchGenerationTest" file="tests/Unit/database/Factories/Matches/EventMatchGenerationTest.php::`EventMatch Comprehensive Generation Unit Tests` → `title match generation scenarios` → generates singles title match with proper validation" line="0" assertions="0" time="0.012096">
        <error type="BadMethodCallException">`EventMatch Comprehensive Generation Unit Tests` → `title match generation scenarios` → generates singles title match with proper validationBadMethodCallException: Call to undefined method Database\Factories\Matches\MatchFactory::generateFullMatch()
at vendor/laravel/framework/src/Illuminate/Support/Traits/ForwardsCalls.php:67
at vendor/laravel/framework/src/Illuminate/Database/Eloquent/Factories/Factory.php:980
at tests/Unit/database/Factories/Matches/EventMatchGenerationTest.php:88</error>
      </testcase>
      <testcase name="`EventMatch Comprehensive Generation Unit Tests` → `title match generation scenarios` → generates tag team title match with proper validation" class="Tests\Unit\database\Factories\Matches\EventMatchGenerationTest" classname="Tests.Unit.database.Factories.Matches.EventMatchGenerationTest" file="tests/Unit/database/Factories/Matches/EventMatchGenerationTest.php::`EventMatch Comprehensive Generation Unit Tests` → `title match generation scenarios` → generates tag team title match with proper validation" line="0" assertions="0" time="0.011813">
        <error type="BadMethodCallException">`EventMatch Comprehensive Generation Unit Tests` → `title match generation scenarios` → generates tag team title match with proper validationBadMethodCallException: Call to undefined method Database\Factories\Matches\MatchFactory::generateFullMatch()
at vendor/laravel/framework/src/Illuminate/Support/Traits/ForwardsCalls.php:67
at vendor/laravel/framework/src/Illuminate/Database/Eloquent/Factories/Factory.php:980
at tests/Unit/database/Factories/Matches/EventMatchGenerationTest.php:108</error>
      </testcase>
      <testcase name="`EventMatch Comprehensive Generation Unit Tests` → `title match generation scenarios` → generates championship defense with existing champion" class="Tests\Unit\database\Factories\Matches\EventMatchGenerationTest" classname="Tests.Unit.database.Factories.Matches.EventMatchGenerationTest" file="tests/Unit/database/Factories/Matches/EventMatchGenerationTest.php::`EventMatch Comprehensive Generation Unit Tests` → `title match generation scenarios` → generates championship defense with existing champion" line="0" assertions="0" time="0.016984">
        <error type="BadMethodCallException">`EventMatch Comprehensive Generation Unit Tests` → `title match generation scenarios` → generates championship defense with existing championBadMethodCallException: Call to undefined method Database\Factories\Matches\MatchFactory::generateFullMatch()
at vendor/laravel/framework/src/Illuminate/Support/Traits/ForwardsCalls.php:67
at vendor/laravel/framework/src/Illuminate/Database/Eloquent/Factories/Factory.php:980
at tests/Unit/database/Factories/Matches/EventMatchGenerationTest.php:133</error>
      </testcase>
      <testcase name="`EventMatch Comprehensive Generation Unit Tests` → `specific competitor configuration` → generates match with specific competitors provided" class="Tests\Unit\database\Factories\Matches\EventMatchGenerationTest" classname="Tests.Unit.database.Factories.Matches.EventMatchGenerationTest" file="tests/Unit/database/Factories/Matches/EventMatchGenerationTest.php::`EventMatch Comprehensive Generation Unit Tests` → `specific competitor configuration` → generates match with specific competitors provided" line="0" assertions="0" time="0.019131">
        <error type="BadMethodCallException">`EventMatch Comprehensive Generation Unit Tests` → `specific competitor configuration` → generates match with specific competitors providedBadMethodCallException: Call to undefined method Database\Factories\Matches\MatchFactory::generateFullMatch()
at vendor/laravel/framework/src/Illuminate/Support/Traits/ForwardsCalls.php:67
at vendor/laravel/framework/src/Illuminate/Database/Eloquent/Factories/Factory.php:980
at tests/Unit/database/Factories/Matches/EventMatchGenerationTest.php:160</error>
      </testcase>
      <testcase name="`EventMatch Comprehensive Generation Unit Tests` → `specific competitor configuration` → generates match with competitor type hints" class="Tests\Unit\database\Factories\Matches\EventMatchGenerationTest" classname="Tests.Unit.database.Factories.Matches.EventMatchGenerationTest" file="tests/Unit/database/Factories/Matches/EventMatchGenerationTest.php::`EventMatch Comprehensive Generation Unit Tests` → `specific competitor configuration` → generates match with competitor type hints" line="0" assertions="0" time="0.017285">
        <error type="BadMethodCallException">`EventMatch Comprehensive Generation Unit Tests` → `specific competitor configuration` → generates match with competitor type hintsBadMethodCallException: Call to undefined method Database\Factories\Matches\MatchFactory::generateFullMatch()
at vendor/laravel/framework/src/Illuminate/Support/Traits/ForwardsCalls.php:67
at vendor/laravel/framework/src/Illuminate/Database/Eloquent/Factories/Factory.php:980
at tests/Unit/database/Factories/Matches/EventMatchGenerationTest.php:176</error>
      </testcase>
      <testcase name="`EventMatch Comprehensive Generation Unit Tests` → `specific competitor configuration` → generates match with competitor names" class="Tests\Unit\database\Factories\Matches\EventMatchGenerationTest" classname="Tests.Unit.database.Factories.Matches.EventMatchGenerationTest" file="tests/Unit/database/Factories/Matches/EventMatchGenerationTest.php::`EventMatch Comprehensive Generation Unit Tests` → `specific competitor configuration` → generates match with competitor names" line="0" assertions="0" time="0.013968">
        <error type="BadMethodCallException">`EventMatch Comprehensive Generation Unit Tests` → `specific competitor configuration` → generates match with competitor namesBadMethodCallException: Call to undefined method Database\Factories\Matches\MatchFactory::generateFullMatch()
at vendor/laravel/framework/src/Illuminate/Support/Traits/ForwardsCalls.php:67
at vendor/laravel/framework/src/Illuminate/Database/Eloquent/Factories/Factory.php:980
at tests/Unit/database/Factories/Matches/EventMatchGenerationTest.php:197</error>
      </testcase>
      <testcase name="`EventMatch Comprehensive Generation Unit Tests` → `winner and loser assignment strategies` → generates match with first competitor as winner" class="Tests\Unit\database\Factories\Matches\EventMatchGenerationTest" classname="Tests.Unit.database.Factories.Matches.EventMatchGenerationTest" file="tests/Unit/database/Factories/Matches/EventMatchGenerationTest.php::`EventMatch Comprehensive Generation Unit Tests` → `winner and loser assignment strategies` → generates match with first competitor as winner" line="0" assertions="0" time="0.011256">
        <error type="BadMethodCallException">`EventMatch Comprehensive Generation Unit Tests` → `winner and loser assignment strategies` → generates match with first competitor as winnerBadMethodCallException: Call to undefined method Database\Factories\Matches\MatchFactory::generateFullMatch()
at vendor/laravel/framework/src/Illuminate/Support/Traits/ForwardsCalls.php:67
at vendor/laravel/framework/src/Illuminate/Database/Eloquent/Factories/Factory.php:980
at tests/Unit/database/Factories/Matches/EventMatchGenerationTest.php:216</error>
      </testcase>
      <testcase name="`EventMatch Comprehensive Generation Unit Tests` → `winner and loser assignment strategies` → generates match with last competitor as winner" class="Tests\Unit\database\Factories\Matches\EventMatchGenerationTest" classname="Tests.Unit.database.Factories.Matches.EventMatchGenerationTest" file="tests/Unit/database/Factories/Matches/EventMatchGenerationTest.php::`EventMatch Comprehensive Generation Unit Tests` → `winner and loser assignment strategies` → generates match with last competitor as winner" line="0" assertions="0" time="0.012815">
        <error type="BadMethodCallException">`EventMatch Comprehensive Generation Unit Tests` → `winner and loser assignment strategies` → generates match with last competitor as winnerBadMethodCallException: Call to undefined method Database\Factories\Matches\MatchFactory::generateFullMatch()
at vendor/laravel/framework/src/Illuminate/Support/Traits/ForwardsCalls.php:67
at vendor/laravel/framework/src/Illuminate/Database/Eloquent/Factories/Factory.php:980
at tests/Unit/database/Factories/Matches/EventMatchGenerationTest.php:235</error>
      </testcase>
      <testcase name="`EventMatch Comprehensive Generation Unit Tests` → `winner and loser assignment strategies` → generates match with multiple winners" class="Tests\Unit\database\Factories\Matches\EventMatchGenerationTest" classname="Tests.Unit.database.Factories.Matches.EventMatchGenerationTest" file="tests/Unit/database/Factories/Matches/EventMatchGenerationTest.php::`EventMatch Comprehensive Generation Unit Tests` → `winner and loser assignment strategies` → generates match with multiple winners" line="0" assertions="0" time="0.011938">
        <error type="BadMethodCallException">`EventMatch Comprehensive Generation Unit Tests` → `winner and loser assignment strategies` → generates match with multiple winnersBadMethodCallException: Call to undefined method Database\Factories\Matches\MatchFactory::generateFullMatch()
at vendor/laravel/framework/src/Illuminate/Support/Traits/ForwardsCalls.php:67
at vendor/laravel/framework/src/Illuminate/Database/Eloquent/Factories/Factory.php:980
at tests/Unit/database/Factories/Matches/EventMatchGenerationTest.php:253</error>
      </testcase>
      <testcase name="`EventMatch Comprehensive Generation Unit Tests` → `winner and loser assignment strategies` → generates match with all but one as winners" class="Tests\Unit\database\Factories\Matches\EventMatchGenerationTest" classname="Tests.Unit.database.Factories.Matches.EventMatchGenerationTest" file="tests/Unit/database/Factories/Matches/EventMatchGenerationTest.php::`EventMatch Comprehensive Generation Unit Tests` → `winner and loser assignment strategies` → generates match with all but one as winners" line="0" assertions="0" time="0.014846">
        <error type="BadMethodCallException">`EventMatch Comprehensive Generation Unit Tests` → `winner and loser assignment strategies` → generates match with all but one as winnersBadMethodCallException: Call to undefined method Database\Factories\Matches\MatchFactory::generateFullMatch()
at vendor/laravel/framework/src/Illuminate/Support/Traits/ForwardsCalls.php:67
at vendor/laravel/framework/src/Illuminate/Database/Eloquent/Factories/Factory.php:980
at tests/Unit/database/Factories/Matches/EventMatchGenerationTest.php:268</error>
      </testcase>
      <testcase name="`EventMatch Comprehensive Generation Unit Tests` → `no-outcome match scenarios` → generates time limit draw with no winners or losers" class="Tests\Unit\database\Factories\Matches\EventMatchGenerationTest" classname="Tests.Unit.database.Factories.Matches.EventMatchGenerationTest" file="tests/Unit/database/Factories/Matches/EventMatchGenerationTest.php::`EventMatch Comprehensive Generation Unit Tests` → `no-outcome match scenarios` → generates time limit draw with no winners or losers" line="0" assertions="0" time="0.011820">
        <error type="BadMethodCallException">`EventMatch Comprehensive Generation Unit Tests` → `no-outcome match scenarios` → generates time limit draw with no winners or losersBadMethodCallException: Call to undefined method Database\Factories\Matches\MatchFactory::generateFullMatch()
at vendor/laravel/framework/src/Illuminate/Support/Traits/ForwardsCalls.php:67
at vendor/laravel/framework/src/Illuminate/Database/Eloquent/Factories/Factory.php:980
at tests/Unit/database/Factories/Matches/EventMatchGenerationTest.php:285</error>
      </testcase>
      <testcase name="`EventMatch Comprehensive Generation Unit Tests` → `no-outcome match scenarios` → generates no decision match with no winners or losers" class="Tests\Unit\database\Factories\Matches\EventMatchGenerationTest" classname="Tests.Unit.database.Factories.Matches.EventMatchGenerationTest" file="tests/Unit/database/Factories/Matches/EventMatchGenerationTest.php::`EventMatch Comprehensive Generation Unit Tests` → `no-outcome match scenarios` → generates no decision match with no winners or losers" line="0" assertions="0" time="0.011730">
        <error type="BadMethodCallException">`EventMatch Comprehensive Generation Unit Tests` → `no-outcome match scenarios` → generates no decision match with no winners or losersBadMethodCallException: Call to undefined method Database\Factories\Matches\MatchFactory::generateFullMatch()
at vendor/laravel/framework/src/Illuminate/Support/Traits/ForwardsCalls.php:67
at vendor/laravel/framework/src/Illuminate/Database/Eloquent/Factories/Factory.php:980
at tests/Unit/database/Factories/Matches/EventMatchGenerationTest.php:305</error>
      </testcase>
      <testcase name="`EventMatch Comprehensive Generation Unit Tests` → `referee assignment scenarios` → generates match with specified number of referees" class="Tests\Unit\database\Factories\Matches\EventMatchGenerationTest" classname="Tests.Unit.database.Factories.Matches.EventMatchGenerationTest" file="tests/Unit/database/Factories/Matches/EventMatchGenerationTest.php::`EventMatch Comprehensive Generation Unit Tests` → `referee assignment scenarios` → generates match with specified number of referees" line="0" assertions="0" time="0.010766">
        <error type="BadMethodCallException">`EventMatch Comprehensive Generation Unit Tests` → `referee assignment scenarios` → generates match with specified number of refereesBadMethodCallException: Call to undefined method Database\Factories\Matches\MatchFactory::generateFullMatch()
at vendor/laravel/framework/src/Illuminate/Support/Traits/ForwardsCalls.php:67
at vendor/laravel/framework/src/Illuminate/Database/Eloquent/Factories/Factory.php:980
at tests/Unit/database/Factories/Matches/EventMatchGenerationTest.php:321</error>
      </testcase>
      <testcase name="`EventMatch Comprehensive Generation Unit Tests` → `referee assignment scenarios` → generates match with specific referees" class="Tests\Unit\database\Factories\Matches\EventMatchGenerationTest" classname="Tests.Unit.database.Factories.Matches.EventMatchGenerationTest" file="tests/Unit/database/Factories/Matches/EventMatchGenerationTest.php::`EventMatch Comprehensive Generation Unit Tests` → `referee assignment scenarios` → generates match with specific referees" line="0" assertions="0" time="0.012429">
        <error type="BadMethodCallException">`EventMatch Comprehensive Generation Unit Tests` → `referee assignment scenarios` → generates match with specific refereesBadMethodCallException: Call to undefined method Database\Factories\Matches\MatchFactory::generateFullMatch()
at vendor/laravel/framework/src/Illuminate/Support/Traits/ForwardsCalls.php:67
at vendor/laravel/framework/src/Illuminate/Database/Eloquent/Factories/Factory.php:980
at tests/Unit/database/Factories/Matches/EventMatchGenerationTest.php:336</error>
      </testcase>
      <testcase name="`EventMatch Comprehensive Generation Unit Tests` → `complex multi-scenario generation` → generates complete championship main event" class="Tests\Unit\database\Factories\Matches\EventMatchGenerationTest" classname="Tests.Unit.database.Factories.Matches.EventMatchGenerationTest" file="tests/Unit/database/Factories/Matches/EventMatchGenerationTest.php::`EventMatch Comprehensive Generation Unit Tests` → `complex multi-scenario generation` → generates complete championship main event" line="0" assertions="0" time="0.015490">
        <error type="BadMethodCallException">`EventMatch Comprehensive Generation Unit Tests` → `complex multi-scenario generation` → generates complete championship main eventBadMethodCallException: Call to undefined method Database\Factories\Matches\MatchFactory::generateFullMatch()
at vendor/laravel/framework/src/Illuminate/Support/Traits/ForwardsCalls.php:67
at vendor/laravel/framework/src/Illuminate/Database/Eloquent/Factories/Factory.php:980
at tests/Unit/database/Factories/Matches/EventMatchGenerationTest.php:370</error>
      </testcase>
      <testcase name="`EventMatch Comprehensive Generation Unit Tests` → `complex multi-scenario generation` → generates multi-title unification match" class="Tests\Unit\database\Factories\Matches\EventMatchGenerationTest" classname="Tests.Unit.database.Factories.Matches.EventMatchGenerationTest" file="tests/Unit/database/Factories/Matches/EventMatchGenerationTest.php::`EventMatch Comprehensive Generation Unit Tests` → `complex multi-scenario generation` → generates multi-title unification match" line="0" assertions="0" time="0.017054">
        <error type="BadMethodCallException">`EventMatch Comprehensive Generation Unit Tests` → `complex multi-scenario generation` → generates multi-title unification matchBadMethodCallException: Call to undefined method Database\Factories\Matches\MatchFactory::generateFullMatch()
at vendor/laravel/framework/src/Illuminate/Support/Traits/ForwardsCalls.php:67
at vendor/laravel/framework/src/Illuminate/Database/Eloquent/Factories/Factory.php:980
at tests/Unit/database/Factories/Matches/EventMatchGenerationTest.php:419</error>
      </testcase>
      <testcase name="`EventMatch Comprehensive Generation Unit Tests` → `match type enforcement and validation` → enforces wrestler-only rule for singles matches" class="Tests\Unit\database\Factories\Matches\EventMatchGenerationTest" classname="Tests.Unit.database.Factories.Matches.EventMatchGenerationTest" file="tests/Unit/database/Factories/Matches/EventMatchGenerationTest.php::`EventMatch Comprehensive Generation Unit Tests` → `match type enforcement and validation` → enforces wrestler-only rule for singles matches" line="0" assertions="0" time="0.016552">
        <error type="BadMethodCallException">`EventMatch Comprehensive Generation Unit Tests` → `match type enforcement and validation` → enforces wrestler-only rule for singles matchesBadMethodCallException: Call to undefined method Database\Factories\Matches\MatchFactory::generateFullMatch()
at vendor/laravel/framework/src/Illuminate/Support/Traits/ForwardsCalls.php:67
at vendor/laravel/framework/src/Illuminate/Database/Eloquent/Factories/Factory.php:980
at tests/Unit/database/Factories/Matches/EventMatchGenerationTest.php:442</error>
      </testcase>
      <testcase name="`EventMatch Comprehensive Generation Unit Tests` → `match type enforcement and validation` → enforces wrestler-only rule for royal rumble matches" class="Tests\Unit\database\Factories\Matches\EventMatchGenerationTest" classname="Tests.Unit.database.Factories.Matches.EventMatchGenerationTest" file="tests/Unit/database/Factories/Matches/EventMatchGenerationTest.php::`EventMatch Comprehensive Generation Unit Tests` → `match type enforcement and validation` → enforces wrestler-only rule for royal rumble matches" line="0" assertions="0" time="0.014860">
        <error type="BadMethodCallException">`EventMatch Comprehensive Generation Unit Tests` → `match type enforcement and validation` → enforces wrestler-only rule for royal rumble matchesBadMethodCallException: Call to undefined method Database\Factories\Matches\MatchFactory::generateFullMatch()
at vendor/laravel/framework/src/Illuminate/Support/Traits/ForwardsCalls.php:67
at vendor/laravel/framework/src/Illuminate/Database/Eloquent/Factories/Factory.php:980
at tests/Unit/database/Factories/Matches/EventMatchGenerationTest.php:456</error>
      </testcase>
      <testcase name="`EventMatch Comprehensive Generation Unit Tests` → `match type enforcement and validation` → allows mixed competitors for tag team matches" class="Tests\Unit\database\Factories\Matches\EventMatchGenerationTest" classname="Tests.Unit.database.Factories.Matches.EventMatchGenerationTest" file="tests/Unit/database/Factories/Matches/EventMatchGenerationTest.php::`EventMatch Comprehensive Generation Unit Tests` → `match type enforcement and validation` → allows mixed competitors for tag team matches" line="0" assertions="0" time="0.022135">
        <error type="BadMethodCallException">`EventMatch Comprehensive Generation Unit Tests` → `match type enforcement and validation` → allows mixed competitors for tag team matchesBadMethodCallException: Call to undefined method Database\Factories\Matches\MatchFactory::generateFullMatch()
at vendor/laravel/framework/src/Illuminate/Support/Traits/ForwardsCalls.php:67
at vendor/laravel/framework/src/Illuminate/Database/Eloquent/Factories/Factory.php:980
at tests/Unit/database/Factories/Matches/EventMatchGenerationTest.php:470</error>
      </testcase>
    </testsuite>
    <testsuite name="Tests\Unit\database\Factories\Matches\EventMatchLoserFactoryTest" file="tests/Unit/database/Factories/Matches/EventMatchLoserFactoryTest.php" tests="10" assertions="0" errors="10" failures="0" skipped="0" time="0.171705">
      <testcase name="`MatchLoserFactory Unit Tests` → `default attribute generation` → creates loser with correct default attributes" class="Tests\Unit\database\Factories\Matches\EventMatchLoserFactoryTest" classname="Tests.Unit.database.Factories.Matches.EventMatchLoserFactoryTest" file="tests/Unit/database/Factories/Matches/EventMatchLoserFactoryTest.php::`MatchLoserFactory Unit Tests` → `default attribute generation` → creates loser with correct default attributes" line="0" assertions="0" time="0.019984">
        <error type="Illuminate\Database\QueryException">`MatchLoserFactory Unit Tests` → `default attribute generation` → creates loser with correct default attributesIlluminate\Database\QueryException: SQLSTATE[23000]: Integrity constraint violation: 19 NOT NULL constraint failed: events_matches_results.winner_type (Connection: sqlite, SQL: insert into "events_matches_results" ("match_id", "match_decision_id", "updated_at", "created_at") values (1, 1, 2025-07-23 17:36:36, 2025-07-23 17:36:36))
at vendor/laravel/framework/src/Illuminate/Database/Connection.php:568
at vendor/laravel/framework/src/Illuminate/Database/Connection.php:809
at vendor/laravel/framework/src/Illuminate/Database/Connection.php:776
at vendor/laravel/framework/src/Illuminate/Database/Connection.php:557
at vendor/laravel/framework/src/Illuminate/Database/Connection.php:521
at vendor/laravel/framework/src/Illuminate/Database/Query/Processors/Processor.php:32
at vendor/laravel/framework/src/Illuminate/Database/Query/Builder.php:3796
at vendor/laravel/framework/src/Illuminate/Database/Eloquent/Builder.php:2205
at vendor/laravel/framework/src/Illuminate/Database/Eloquent/Model.php:1410
at vendor/laravel/framework/src/Illuminate/Database/Eloquent/Model.php:1375
at vendor/laravel/framework/src/Illuminate/Database/Eloquent/Model.php:1214
at vendor/laravel/framework/src/Illuminate/Database/Eloquent/Factories/Factory.php:350
at vendor/laravel/framework/src/Illuminate/Collections/Traits/EnumeratesValues.php:271
at vendor/laravel/framework/src/Illuminate/Database/Eloquent/Factories/Factory.php:345
at vendor/laravel/framework/src/Illuminate/Database/Eloquent/Factories/Factory.php:301
at vendor/laravel/framework/src/Illuminate/Database/Eloquent/Factories/Factory.php:496
at vendor/laravel/framework/src/Illuminate/Collections/Arr.php:749
at vendor/laravel/framework/src/Illuminate/Collections/Collection.php:809
at vendor/laravel/framework/src/Illuminate/Database/Eloquent/Factories/Factory.php:491
at vendor/laravel/framework/src/Illuminate/Database/Eloquent/Factories/Factory.php:445
at vendor/laravel/framework/src/Illuminate/Database/Eloquent/Factories/Factory.php:429
at vendor/laravel/framework/src/Illuminate/Database/Eloquent/Concerns/GuardsAttributes.php:157
at vendor/laravel/framework/src/Illuminate/Database/Eloquent/Factories/Factory.php:428
at vendor/laravel/framework/src/Illuminate/Database/Eloquent/Factories/Factory.php:402
at tests/Unit/database/Factories/Matches/EventMatchLoserFactoryTest.php:33
Caused by
PDOException: SQLSTATE[23000]: Integrity constraint violation: 19 NOT NULL constraint failed: events_matches_results.winner_type

at vendor/laravel/framework/src/Illuminate/Database/Connection.php:568
at vendor/laravel/framework/src/Illuminate/Database/Connection.php:809
at vendor/laravel/framework/src/Illuminate/Database/Connection.php:776
at vendor/laravel/framework/src/Illuminate/Database/Connection.php:557
at vendor/laravel/framework/src/Illuminate/Database/Connection.php:521
at vendor/laravel/framework/src/Illuminate/Database/Query/Processors/Processor.php:32
at vendor/laravel/framework/src/Illuminate/Database/Query/Builder.php:3796
at vendor/laravel/framework/src/Illuminate/Database/Eloquent/Builder.php:2205
at vendor/laravel/framework/src/Illuminate/Database/Eloquent/Model.php:1410
at vendor/laravel/framework/src/Illuminate/Database/Eloquent/Model.php:1375
at vendor/laravel/framework/src/Illuminate/Database/Eloquent/Model.php:1214
at vendor/laravel/framework/src/Illuminate/Database/Eloquent/Factories/Factory.php:350
at vendor/laravel/framework/src/Illuminate/Collections/Traits/EnumeratesValues.php:271
at vendor/laravel/framework/src/Illuminate/Database/Eloquent/Factories/Factory.php:345
at vendor/laravel/framework/src/Illuminate/Database/Eloquent/Factories/Factory.php:301
at vendor/laravel/framework/src/Illuminate/Database/Eloquent/Factories/Factory.php:496
at vendor/laravel/framework/src/Illuminate/Collections/Arr.php:749
at vendor/laravel/framework/src/Illuminate/Collections/Collection.php:809
at vendor/laravel/framework/src/Illuminate/Database/Eloquent/Factories/Factory.php:491
at vendor/laravel/framework/src/Illuminate/Database/Eloquent/Factories/Factory.php:445
at vendor/laravel/framework/src/Illuminate/Database/Eloquent/Factories/Factory.php:429
at vendor/laravel/framework/src/Illuminate/Database/Eloquent/Concerns/GuardsAttributes.php:157
at vendor/laravel/framework/src/Illuminate/Database/Eloquent/Factories/Factory.php:428
at vendor/laravel/framework/src/Illuminate/Database/Eloquent/Factories/Factory.php:402
at tests/Unit/database/Factories/Matches/EventMatchLoserFactoryTest.php:33</error>
      </testcase>
      <testcase name="`MatchLoserFactory Unit Tests` → `default attribute generation` → creates realistic loser associations" class="Tests\Unit\database\Factories\Matches\EventMatchLoserFactoryTest" classname="Tests.Unit.database.Factories.Matches.EventMatchLoserFactoryTest" file="tests/Unit/database/Factories/Matches/EventMatchLoserFactoryTest.php::`MatchLoserFactory Unit Tests` → `default attribute generation` → creates realistic loser associations" line="0" assertions="0" time="0.014602">
        <error type="Illuminate\Database\QueryException">`MatchLoserFactory Unit Tests` → `default attribute generation` → creates realistic loser associationsIlluminate\Database\QueryException: SQLSTATE[23000]: Integrity constraint violation: 19 NOT NULL constraint failed: events_matches_results.winner_type (Connection: sqlite, SQL: insert into "events_matches_results" ("match_id", "match_decision_id", "updated_at", "created_at") values (1, 1, 2025-07-23 17:36:36, 2025-07-23 17:36:36))
at vendor/laravel/framework/src/Illuminate/Database/Connection.php:568
at vendor/laravel/framework/src/Illuminate/Database/Connection.php:809
at vendor/laravel/framework/src/Illuminate/Database/Connection.php:776
at vendor/laravel/framework/src/Illuminate/Database/Connection.php:557
at vendor/laravel/framework/src/Illuminate/Database/Connection.php:521
at vendor/laravel/framework/src/Illuminate/Database/Query/Processors/Processor.php:32
at vendor/laravel/framework/src/Illuminate/Database/Query/Builder.php:3796
at vendor/laravel/framework/src/Illuminate/Database/Eloquent/Builder.php:2205
at vendor/laravel/framework/src/Illuminate/Database/Eloquent/Model.php:1410
at vendor/laravel/framework/src/Illuminate/Database/Eloquent/Model.php:1375
at vendor/laravel/framework/src/Illuminate/Database/Eloquent/Model.php:1214
at vendor/laravel/framework/src/Illuminate/Database/Eloquent/Factories/Factory.php:350
at vendor/laravel/framework/src/Illuminate/Collections/Traits/EnumeratesValues.php:271
at vendor/laravel/framework/src/Illuminate/Database/Eloquent/Factories/Factory.php:345
at vendor/laravel/framework/src/Illuminate/Database/Eloquent/Factories/Factory.php:301
at vendor/laravel/framework/src/Illuminate/Database/Eloquent/Factories/Factory.php:496
at vendor/laravel/framework/src/Illuminate/Collections/Arr.php:749
at vendor/laravel/framework/src/Illuminate/Collections/Collection.php:809
at vendor/laravel/framework/src/Illuminate/Database/Eloquent/Factories/Factory.php:491
at vendor/laravel/framework/src/Illuminate/Database/Eloquent/Factories/Factory.php:445
at vendor/laravel/framework/src/Illuminate/Database/Eloquent/Factories/Factory.php:429
at vendor/laravel/framework/src/Illuminate/Database/Eloquent/Concerns/GuardsAttributes.php:157
at vendor/laravel/framework/src/Illuminate/Database/Eloquent/Factories/Factory.php:428
at vendor/laravel/framework/src/Illuminate/Database/Eloquent/Factories/Factory.php:402
at tests/Unit/database/Factories/Matches/EventMatchLoserFactoryTest.php:44
Caused by
PDOException: SQLSTATE[23000]: Integrity constraint violation: 19 NOT NULL constraint failed: events_matches_results.winner_type

at vendor/laravel/framework/src/Illuminate/Database/Connection.php:568
at vendor/laravel/framework/src/Illuminate/Database/Connection.php:809
at vendor/laravel/framework/src/Illuminate/Database/Connection.php:776
at vendor/laravel/framework/src/Illuminate/Database/Connection.php:557
at vendor/laravel/framework/src/Illuminate/Database/Connection.php:521
at vendor/laravel/framework/src/Illuminate/Database/Query/Processors/Processor.php:32
at vendor/laravel/framework/src/Illuminate/Database/Query/Builder.php:3796
at vendor/laravel/framework/src/Illuminate/Database/Eloquent/Builder.php:2205
at vendor/laravel/framework/src/Illuminate/Database/Eloquent/Model.php:1410
at vendor/laravel/framework/src/Illuminate/Database/Eloquent/Model.php:1375
at vendor/laravel/framework/src/Illuminate/Database/Eloquent/Model.php:1214
at vendor/laravel/framework/src/Illuminate/Database/Eloquent/Factories/Factory.php:350
at vendor/laravel/framework/src/Illuminate/Collections/Traits/EnumeratesValues.php:271
at vendor/laravel/framework/src/Illuminate/Database/Eloquent/Factories/Factory.php:345
at vendor/laravel/framework/src/Illuminate/Database/Eloquent/Factories/Factory.php:301
at vendor/laravel/framework/src/Illuminate/Database/Eloquent/Factories/Factory.php:496
at vendor/laravel/framework/src/Illuminate/Collections/Arr.php:749
at vendor/laravel/framework/src/Illuminate/Collections/Collection.php:809
at vendor/laravel/framework/src/Illuminate/Database/Eloquent/Factories/Factory.php:491
at vendor/laravel/framework/src/Illuminate/Database/Eloquent/Factories/Factory.php:445
at vendor/laravel/framework/src/Illuminate/Database/Eloquent/Factories/Factory.php:429
at vendor/laravel/framework/src/Illuminate/Database/Eloquent/Concerns/GuardsAttributes.php:157
at vendor/laravel/framework/src/Illuminate/Database/Eloquent/Factories/Factory.php:428
at vendor/laravel/framework/src/Illuminate/Database/Eloquent/Factories/Factory.php:402
at tests/Unit/database/Factories/Matches/EventMatchLoserFactoryTest.php:44</error>
      </testcase>
      <testcase name="`MatchLoserFactory Unit Tests` → `factory state methods` → wrestler loser state works correctly" class="Tests\Unit\database\Factories\Matches\EventMatchLoserFactoryTest" classname="Tests.Unit.database.Factories.Matches.EventMatchLoserFactoryTest" file="tests/Unit/database/Factories/Matches/EventMatchLoserFactoryTest.php::`MatchLoserFactory Unit Tests` → `factory state methods` → wrestler loser state works correctly" line="0" assertions="0" time="0.013883">
        <error type="Illuminate\Database\QueryException">`MatchLoserFactory Unit Tests` → `factory state methods` → wrestler loser state works correctlyIlluminate\Database\QueryException: SQLSTATE[23000]: Integrity constraint violation: 19 NOT NULL constraint failed: events_matches_results.winner_type (Connection: sqlite, SQL: insert into "events_matches_results" ("match_id", "match_decision_id", "updated_at", "created_at") values (1, 1, 2025-07-23 17:36:36, 2025-07-23 17:36:36))
at vendor/laravel/framework/src/Illuminate/Database/Connection.php:568
at vendor/laravel/framework/src/Illuminate/Database/Connection.php:809
at vendor/laravel/framework/src/Illuminate/Database/Connection.php:776
at vendor/laravel/framework/src/Illuminate/Database/Connection.php:557
at vendor/laravel/framework/src/Illuminate/Database/Connection.php:521
at vendor/laravel/framework/src/Illuminate/Database/Query/Processors/Processor.php:32
at vendor/laravel/framework/src/Illuminate/Database/Query/Builder.php:3796
at vendor/laravel/framework/src/Illuminate/Database/Eloquent/Builder.php:2205
at vendor/laravel/framework/src/Illuminate/Database/Eloquent/Model.php:1410
at vendor/laravel/framework/src/Illuminate/Database/Eloquent/Model.php:1375
at vendor/laravel/framework/src/Illuminate/Database/Eloquent/Model.php:1214
at vendor/laravel/framework/src/Illuminate/Database/Eloquent/Factories/Factory.php:350
at vendor/laravel/framework/src/Illuminate/Collections/Traits/EnumeratesValues.php:271
at vendor/laravel/framework/src/Illuminate/Database/Eloquent/Factories/Factory.php:345
at vendor/laravel/framework/src/Illuminate/Database/Eloquent/Factories/Factory.php:301
at tests/Unit/database/Factories/Matches/EventMatchLoserFactoryTest.php:55
Caused by
PDOException: SQLSTATE[23000]: Integrity constraint violation: 19 NOT NULL constraint failed: events_matches_results.winner_type

at vendor/laravel/framework/src/Illuminate/Database/Connection.php:568
at vendor/laravel/framework/src/Illuminate/Database/Connection.php:809
at vendor/laravel/framework/src/Illuminate/Database/Connection.php:776
at vendor/laravel/framework/src/Illuminate/Database/Connection.php:557
at vendor/laravel/framework/src/Illuminate/Database/Connection.php:521
at vendor/laravel/framework/src/Illuminate/Database/Query/Processors/Processor.php:32
at vendor/laravel/framework/src/Illuminate/Database/Query/Builder.php:3796
at vendor/laravel/framework/src/Illuminate/Database/Eloquent/Builder.php:2205
at vendor/laravel/framework/src/Illuminate/Database/Eloquent/Model.php:1410
at vendor/laravel/framework/src/Illuminate/Database/Eloquent/Model.php:1375
at vendor/laravel/framework/src/Illuminate/Database/Eloquent/Model.php:1214
at vendor/laravel/framework/src/Illuminate/Database/Eloquent/Factories/Factory.php:350
at vendor/laravel/framework/src/Illuminate/Collections/Traits/EnumeratesValues.php:271
at vendor/laravel/framework/src/Illuminate/Database/Eloquent/Factories/Factory.php:345
at vendor/laravel/framework/src/Illuminate/Database/Eloquent/Factories/Factory.php:301
at tests/Unit/database/Factories/Matches/EventMatchLoserFactoryTest.php:55</error>
      </testcase>
      <testcase name="`MatchLoserFactory Unit Tests` → `factory state methods` → tag team loser state works correctly" class="Tests\Unit\database\Factories\Matches\EventMatchLoserFactoryTest" classname="Tests.Unit.database.Factories.Matches.EventMatchLoserFactoryTest" file="tests/Unit/database/Factories/Matches/EventMatchLoserFactoryTest.php::`MatchLoserFactory Unit Tests` → `factory state methods` → tag team loser state works correctly" line="0" assertions="0" time="0.017597">
        <error type="Illuminate\Database\QueryException">`MatchLoserFactory Unit Tests` → `factory state methods` → tag team loser state works correctlyIlluminate\Database\QueryException: SQLSTATE[23000]: Integrity constraint violation: 19 NOT NULL constraint failed: events_matches_results.winner_type (Connection: sqlite, SQL: insert into "events_matches_results" ("match_id", "match_decision_id", "updated_at", "created_at") values (1, 1, 2025-07-23 17:36:36, 2025-07-23 17:36:36))
at vendor/laravel/framework/src/Illuminate/Database/Connection.php:568
at vendor/laravel/framework/src/Illuminate/Database/Connection.php:809
at vendor/laravel/framework/src/Illuminate/Database/Connection.php:776
at vendor/laravel/framework/src/Illuminate/Database/Connection.php:557
at vendor/laravel/framework/src/Illuminate/Database/Connection.php:521
at vendor/laravel/framework/src/Illuminate/Database/Query/Processors/Processor.php:32
at vendor/laravel/framework/src/Illuminate/Database/Query/Builder.php:3796
at vendor/laravel/framework/src/Illuminate/Database/Eloquent/Builder.php:2205
at vendor/laravel/framework/src/Illuminate/Database/Eloquent/Model.php:1410
at vendor/laravel/framework/src/Illuminate/Database/Eloquent/Model.php:1375
at vendor/laravel/framework/src/Illuminate/Database/Eloquent/Model.php:1214
at vendor/laravel/framework/src/Illuminate/Database/Eloquent/Factories/Factory.php:350
at vendor/laravel/framework/src/Illuminate/Collections/Traits/EnumeratesValues.php:271
at vendor/laravel/framework/src/Illuminate/Database/Eloquent/Factories/Factory.php:345
at vendor/laravel/framework/src/Illuminate/Database/Eloquent/Factories/Factory.php:301
at tests/Unit/database/Factories/Matches/EventMatchLoserFactoryTest.php:73
Caused by
PDOException: SQLSTATE[23000]: Integrity constraint violation: 19 NOT NULL constraint failed: events_matches_results.winner_type

at vendor/laravel/framework/src/Illuminate/Database/Connection.php:568
at vendor/laravel/framework/src/Illuminate/Database/Connection.php:809
at vendor/laravel/framework/src/Illuminate/Database/Connection.php:776
at vendor/laravel/framework/src/Illuminate/Database/Connection.php:557
at vendor/laravel/framework/src/Illuminate/Database/Connection.php:521
at vendor/laravel/framework/src/Illuminate/Database/Query/Processors/Processor.php:32
at vendor/laravel/framework/src/Illuminate/Database/Query/Builder.php:3796
at vendor/laravel/framework/src/Illuminate/Database/Eloquent/Builder.php:2205
at vendor/laravel/framework/src/Illuminate/Database/Eloquent/Model.php:1410
at vendor/laravel/framework/src/Illuminate/Database/Eloquent/Model.php:1375
at vendor/laravel/framework/src/Illuminate/Database/Eloquent/Model.php:1214
at vendor/laravel/framework/src/Illuminate/Database/Eloquent/Factories/Factory.php:350
at vendor/laravel/framework/src/Illuminate/Collections/Traits/EnumeratesValues.php:271
at vendor/laravel/framework/src/Illuminate/Database/Eloquent/Factories/Factory.php:345
at vendor/laravel/framework/src/Illuminate/Database/Eloquent/Factories/Factory.php:301
at tests/Unit/database/Factories/Matches/EventMatchLoserFactoryTest.php:73</error>
      </testcase>
      <testcase name="`MatchLoserFactory Unit Tests` → `factory customization` → accepts custom match result association" class="Tests\Unit\database\Factories\Matches\EventMatchLoserFactoryTest" classname="Tests.Unit.database.Factories.Matches.EventMatchLoserFactoryTest" file="tests/Unit/database/Factories/Matches/EventMatchLoserFactoryTest.php::`MatchLoserFactory Unit Tests` → `factory customization` → accepts custom match result association" line="0" assertions="0" time="0.015967">
        <error type="Illuminate\Database\QueryException">`MatchLoserFactory Unit Tests` → `factory customization` → accepts custom match result associationIlluminate\Database\QueryException: SQLSTATE[23000]: Integrity constraint violation: 19 NOT NULL constraint failed: events_matches_results.winner_type (Connection: sqlite, SQL: insert into "events_matches_results" ("match_id", "match_decision_id", "updated_at", "created_at") values (1, 1, 2025-07-23 17:36:36, 2025-07-23 17:36:36))
at vendor/laravel/framework/src/Illuminate/Database/Connection.php:568
at vendor/laravel/framework/src/Illuminate/Database/Connection.php:809
at vendor/laravel/framework/src/Illuminate/Database/Connection.php:776
at vendor/laravel/framework/src/Illuminate/Database/Connection.php:557
at vendor/laravel/framework/src/Illuminate/Database/Connection.php:521
at vendor/laravel/framework/src/Illuminate/Database/Query/Processors/Processor.php:32
at vendor/laravel/framework/src/Illuminate/Database/Query/Builder.php:3796
at vendor/laravel/framework/src/Illuminate/Database/Eloquent/Builder.php:2205
at vendor/laravel/framework/src/Illuminate/Database/Eloquent/Model.php:1410
at vendor/laravel/framework/src/Illuminate/Database/Eloquent/Model.php:1375
at vendor/laravel/framework/src/Illuminate/Database/Eloquent/Model.php:1214
at vendor/laravel/framework/src/Illuminate/Database/Eloquent/Factories/Factory.php:350
at vendor/laravel/framework/src/Illuminate/Collections/Traits/EnumeratesValues.php:271
at vendor/laravel/framework/src/Illuminate/Database/Eloquent/Factories/Factory.php:345
at vendor/laravel/framework/src/Illuminate/Database/Eloquent/Factories/Factory.php:301
at tests/Unit/database/Factories/Matches/EventMatchLoserFactoryTest.php:93
Caused by
PDOException: SQLSTATE[23000]: Integrity constraint violation: 19 NOT NULL constraint failed: events_matches_results.winner_type

at vendor/laravel/framework/src/Illuminate/Database/Connection.php:568
at vendor/laravel/framework/src/Illuminate/Database/Connection.php:809
at vendor/laravel/framework/src/Illuminate/Database/Connection.php:776
at vendor/laravel/framework/src/Illuminate/Database/Connection.php:557
at vendor/laravel/framework/src/Illuminate/Database/Connection.php:521
at vendor/laravel/framework/src/Illuminate/Database/Query/Processors/Processor.php:32
at vendor/laravel/framework/src/Illuminate/Database/Query/Builder.php:3796
at vendor/laravel/framework/src/Illuminate/Database/Eloquent/Builder.php:2205
at vendor/laravel/framework/src/Illuminate/Database/Eloquent/Model.php:1410
at vendor/laravel/framework/src/Illuminate/Database/Eloquent/Model.php:1375
at vendor/laravel/framework/src/Illuminate/Database/Eloquent/Model.php:1214
at vendor/laravel/framework/src/Illuminate/Database/Eloquent/Factories/Factory.php:350
at vendor/laravel/framework/src/Illuminate/Collections/Traits/EnumeratesValues.php:271
at vendor/laravel/framework/src/Illuminate/Database/Eloquent/Factories/Factory.php:345
at vendor/laravel/framework/src/Illuminate/Database/Eloquent/Factories/Factory.php:301
at tests/Unit/database/Factories/Matches/EventMatchLoserFactoryTest.php:93</error>
      </testcase>
      <testcase name="`MatchLoserFactory Unit Tests` → `factory customization` → accepts custom loser configuration" class="Tests\Unit\database\Factories\Matches\EventMatchLoserFactoryTest" classname="Tests.Unit.database.Factories.Matches.EventMatchLoserFactoryTest" file="tests/Unit/database/Factories/Matches/EventMatchLoserFactoryTest.php::`MatchLoserFactory Unit Tests` → `factory customization` → accepts custom loser configuration" line="0" assertions="0" time="0.026038">
        <error type="Illuminate\Database\QueryException">`MatchLoserFactory Unit Tests` → `factory customization` → accepts custom loser configurationIlluminate\Database\QueryException: SQLSTATE[23000]: Integrity constraint violation: 19 NOT NULL constraint failed: events_matches_results.winner_type (Connection: sqlite, SQL: insert into "events_matches_results" ("match_id", "match_decision_id", "updated_at", "created_at") values (1, 1, 2025-07-23 17:36:36, 2025-07-23 17:36:36))
at vendor/laravel/framework/src/Illuminate/Database/Connection.php:568
at vendor/laravel/framework/src/Illuminate/Database/Connection.php:809
at vendor/laravel/framework/src/Illuminate/Database/Connection.php:776
at vendor/laravel/framework/src/Illuminate/Database/Connection.php:557
at vendor/laravel/framework/src/Illuminate/Database/Connection.php:521
at vendor/laravel/framework/src/Illuminate/Database/Query/Processors/Processor.php:32
at vendor/laravel/framework/src/Illuminate/Database/Query/Builder.php:3796
at vendor/laravel/framework/src/Illuminate/Database/Eloquent/Builder.php:2205
at vendor/laravel/framework/src/Illuminate/Database/Eloquent/Model.php:1410
at vendor/laravel/framework/src/Illuminate/Database/Eloquent/Model.php:1375
at vendor/laravel/framework/src/Illuminate/Database/Eloquent/Model.php:1214
at vendor/laravel/framework/src/Illuminate/Database/Eloquent/Factories/Factory.php:350
at vendor/laravel/framework/src/Illuminate/Collections/Traits/EnumeratesValues.php:271
at vendor/laravel/framework/src/Illuminate/Database/Eloquent/Factories/Factory.php:345
at vendor/laravel/framework/src/Illuminate/Database/Eloquent/Factories/Factory.php:301
at vendor/laravel/framework/src/Illuminate/Database/Eloquent/Factories/Factory.php:496
at vendor/laravel/framework/src/Illuminate/Collections/Arr.php:749
at vendor/laravel/framework/src/Illuminate/Collections/Collection.php:809
at vendor/laravel/framework/src/Illuminate/Database/Eloquent/Factories/Factory.php:491
at vendor/laravel/framework/src/Illuminate/Database/Eloquent/Factories/Factory.php:445
at vendor/laravel/framework/src/Illuminate/Database/Eloquent/Factories/Factory.php:429
at vendor/laravel/framework/src/Illuminate/Database/Eloquent/Concerns/GuardsAttributes.php:157
at vendor/laravel/framework/src/Illuminate/Database/Eloquent/Factories/Factory.php:428
at vendor/laravel/framework/src/Illuminate/Database/Eloquent/Factories/Factory.php:402
at vendor/laravel/framework/src/Illuminate/Database/Eloquent/Factories/Factory.php:398
at tests/Unit/database/Factories/Matches/EventMatchLoserFactoryTest.php:107
Caused by
PDOException: SQLSTATE[23000]: Integrity constraint violation: 19 NOT NULL constraint failed: events_matches_results.winner_type

at vendor/laravel/framework/src/Illuminate/Database/Connection.php:568
at vendor/laravel/framework/src/Illuminate/Database/Connection.php:809
at vendor/laravel/framework/src/Illuminate/Database/Connection.php:776
at vendor/laravel/framework/src/Illuminate/Database/Connection.php:557
at vendor/laravel/framework/src/Illuminate/Database/Connection.php:521
at vendor/laravel/framework/src/Illuminate/Database/Query/Processors/Processor.php:32
at vendor/laravel/framework/src/Illuminate/Database/Query/Builder.php:3796
at vendor/laravel/framework/src/Illuminate/Database/Eloquent/Builder.php:2205
at vendor/laravel/framework/src/Illuminate/Database/Eloquent/Model.php:1410
at vendor/laravel/framework/src/Illuminate/Database/Eloquent/Model.php:1375
at vendor/laravel/framework/src/Illuminate/Database/Eloquent/Model.php:1214
at vendor/laravel/framework/src/Illuminate/Database/Eloquent/Factories/Factory.php:350
at vendor/laravel/framework/src/Illuminate/Collections/Traits/EnumeratesValues.php:271
at vendor/laravel/framework/src/Illuminate/Database/Eloquent/Factories/Factory.php:345
at vendor/laravel/framework/src/Illuminate/Database/Eloquent/Factories/Factory.php:301
at vendor/laravel/framework/src/Illuminate/Database/Eloquent/Factories/Factory.php:496
at vendor/laravel/framework/src/Illuminate/Collections/Arr.php:749
at vendor/laravel/framework/src/Illuminate/Collections/Collection.php:809
at vendor/laravel/framework/src/Illuminate/Database/Eloquent/Factories/Factory.php:491
at vendor/laravel/framework/src/Illuminate/Database/Eloquent/Factories/Factory.php:445
at vendor/laravel/framework/src/Illuminate/Database/Eloquent/Factories/Factory.php:429
at vendor/laravel/framework/src/Illuminate/Database/Eloquent/Concerns/GuardsAttributes.php:157
at vendor/laravel/framework/src/Illuminate/Database/Eloquent/Factories/Factory.php:428
at vendor/laravel/framework/src/Illuminate/Database/Eloquent/Factories/Factory.php:402
at vendor/laravel/framework/src/Illuminate/Database/Eloquent/Factories/Factory.php:398
at tests/Unit/database/Factories/Matches/EventMatchLoserFactoryTest.php:107</error>
      </testcase>
      <testcase name="`MatchLoserFactory Unit Tests` → `factory customization` → accepts tag team loser configuration" class="Tests\Unit\database\Factories\Matches\EventMatchLoserFactoryTest" classname="Tests.Unit.database.Factories.Matches.EventMatchLoserFactoryTest" file="tests/Unit/database/Factories/Matches/EventMatchLoserFactoryTest.php::`MatchLoserFactory Unit Tests` → `factory customization` → accepts tag team loser configuration" line="0" assertions="0" time="0.015654">
        <error type="Illuminate\Database\QueryException">`MatchLoserFactory Unit Tests` → `factory customization` → accepts tag team loser configurationIlluminate\Database\QueryException: SQLSTATE[23000]: Integrity constraint violation: 19 NOT NULL constraint failed: events_matches_results.winner_type (Connection: sqlite, SQL: insert into "events_matches_results" ("match_id", "match_decision_id", "updated_at", "created_at") values (1, 1, 2025-07-23 17:36:36, 2025-07-23 17:36:36))
at vendor/laravel/framework/src/Illuminate/Database/Connection.php:568
at vendor/laravel/framework/src/Illuminate/Database/Connection.php:809
at vendor/laravel/framework/src/Illuminate/Database/Connection.php:776
at vendor/laravel/framework/src/Illuminate/Database/Connection.php:557
at vendor/laravel/framework/src/Illuminate/Database/Connection.php:521
at vendor/laravel/framework/src/Illuminate/Database/Query/Processors/Processor.php:32
at vendor/laravel/framework/src/Illuminate/Database/Query/Builder.php:3796
at vendor/laravel/framework/src/Illuminate/Database/Eloquent/Builder.php:2205
at vendor/laravel/framework/src/Illuminate/Database/Eloquent/Model.php:1410
at vendor/laravel/framework/src/Illuminate/Database/Eloquent/Model.php:1375
at vendor/laravel/framework/src/Illuminate/Database/Eloquent/Model.php:1214
at vendor/laravel/framework/src/Illuminate/Database/Eloquent/Factories/Factory.php:350
at vendor/laravel/framework/src/Illuminate/Collections/Traits/EnumeratesValues.php:271
at vendor/laravel/framework/src/Illuminate/Database/Eloquent/Factories/Factory.php:345
at vendor/laravel/framework/src/Illuminate/Database/Eloquent/Factories/Factory.php:301
at vendor/laravel/framework/src/Illuminate/Database/Eloquent/Factories/Factory.php:496
at vendor/laravel/framework/src/Illuminate/Collections/Arr.php:749
at vendor/laravel/framework/src/Illuminate/Collections/Collection.php:809
at vendor/laravel/framework/src/Illuminate/Database/Eloquent/Factories/Factory.php:491
at vendor/laravel/framework/src/Illuminate/Database/Eloquent/Factories/Factory.php:445
at vendor/laravel/framework/src/Illuminate/Database/Eloquent/Factories/Factory.php:429
at vendor/laravel/framework/src/Illuminate/Database/Eloquent/Concerns/GuardsAttributes.php:157
at vendor/laravel/framework/src/Illuminate/Database/Eloquent/Factories/Factory.php:428
at vendor/laravel/framework/src/Illuminate/Database/Eloquent/Factories/Factory.php:402
at vendor/laravel/framework/src/Illuminate/Database/Eloquent/Factories/Factory.php:398
at tests/Unit/database/Factories/Matches/EventMatchLoserFactoryTest.php:122
Caused by
PDOException: SQLSTATE[23000]: Integrity constraint violation: 19 NOT NULL constraint failed: events_matches_results.winner_type

at vendor/laravel/framework/src/Illuminate/Database/Connection.php:568
at vendor/laravel/framework/src/Illuminate/Database/Connection.php:809
at vendor/laravel/framework/src/Illuminate/Database/Connection.php:776
at vendor/laravel/framework/src/Illuminate/Database/Connection.php:557
at vendor/laravel/framework/src/Illuminate/Database/Connection.php:521
at vendor/laravel/framework/src/Illuminate/Database/Query/Processors/Processor.php:32
at vendor/laravel/framework/src/Illuminate/Database/Query/Builder.php:3796
at vendor/laravel/framework/src/Illuminate/Database/Eloquent/Builder.php:2205
at vendor/laravel/framework/src/Illuminate/Database/Eloquent/Model.php:1410
at vendor/laravel/framework/src/Illuminate/Database/Eloquent/Model.php:1375
at vendor/laravel/framework/src/Illuminate/Database/Eloquent/Model.php:1214
at vendor/laravel/framework/src/Illuminate/Database/Eloquent/Factories/Factory.php:350
at vendor/laravel/framework/src/Illuminate/Collections/Traits/EnumeratesValues.php:271
at vendor/laravel/framework/src/Illuminate/Database/Eloquent/Factories/Factory.php:345
at vendor/laravel/framework/src/Illuminate/Database/Eloquent/Factories/Factory.php:301
at vendor/laravel/framework/src/Illuminate/Database/Eloquent/Factories/Factory.php:496
at vendor/laravel/framework/src/Illuminate/Collections/Arr.php:749
at vendor/laravel/framework/src/Illuminate/Collections/Collection.php:809
at vendor/laravel/framework/src/Illuminate/Database/Eloquent/Factories/Factory.php:491
at vendor/laravel/framework/src/Illuminate/Database/Eloquent/Factories/Factory.php:445
at vendor/laravel/framework/src/Illuminate/Database/Eloquent/Factories/Factory.php:429
at vendor/laravel/framework/src/Illuminate/Database/Eloquent/Concerns/GuardsAttributes.php:157
at vendor/laravel/framework/src/Illuminate/Database/Eloquent/Factories/Factory.php:428
at vendor/laravel/framework/src/Illuminate/Database/Eloquent/Factories/Factory.php:402
at vendor/laravel/framework/src/Illuminate/Database/Eloquent/Factories/Factory.php:398
at tests/Unit/database/Factories/Matches/EventMatchLoserFactoryTest.php:122</error>
      </testcase>
      <testcase name="`MatchLoserFactory Unit Tests` → `data consistency` → database creation works correctly" class="Tests\Unit\database\Factories\Matches\EventMatchLoserFactoryTest" classname="Tests.Unit.database.Factories.Matches.EventMatchLoserFactoryTest" file="tests/Unit/database/Factories/Matches/EventMatchLoserFactoryTest.php::`MatchLoserFactory Unit Tests` → `data consistency` → database creation works correctly" line="0" assertions="0" time="0.016705">
        <error type="Illuminate\Database\QueryException">`MatchLoserFactory Unit Tests` → `data consistency` → database creation works correctlyIlluminate\Database\QueryException: SQLSTATE[23000]: Integrity constraint violation: 19 NOT NULL constraint failed: events_matches_results.winner_type (Connection: sqlite, SQL: insert into "events_matches_results" ("match_id", "match_decision_id", "updated_at", "created_at") values (1, 1, 2025-07-23 17:36:36, 2025-07-23 17:36:36))
at vendor/laravel/framework/src/Illuminate/Database/Connection.php:568
at vendor/laravel/framework/src/Illuminate/Database/Connection.php:809
at vendor/laravel/framework/src/Illuminate/Database/Connection.php:776
at vendor/laravel/framework/src/Illuminate/Database/Connection.php:557
at vendor/laravel/framework/src/Illuminate/Database/Connection.php:521
at vendor/laravel/framework/src/Illuminate/Database/Query/Processors/Processor.php:32
at vendor/laravel/framework/src/Illuminate/Database/Query/Builder.php:3796
at vendor/laravel/framework/src/Illuminate/Database/Eloquent/Builder.php:2205
at vendor/laravel/framework/src/Illuminate/Database/Eloquent/Model.php:1410
at vendor/laravel/framework/src/Illuminate/Database/Eloquent/Model.php:1375
at vendor/laravel/framework/src/Illuminate/Database/Eloquent/Model.php:1214
at vendor/laravel/framework/src/Illuminate/Database/Eloquent/Factories/Factory.php:350
at vendor/laravel/framework/src/Illuminate/Collections/Traits/EnumeratesValues.php:271
at vendor/laravel/framework/src/Illuminate/Database/Eloquent/Factories/Factory.php:345
at vendor/laravel/framework/src/Illuminate/Database/Eloquent/Factories/Factory.php:301
at vendor/laravel/framework/src/Illuminate/Database/Eloquent/Factories/Factory.php:496
at vendor/laravel/framework/src/Illuminate/Collections/Arr.php:749
at vendor/laravel/framework/src/Illuminate/Collections/Collection.php:809
at vendor/laravel/framework/src/Illuminate/Database/Eloquent/Factories/Factory.php:491
at vendor/laravel/framework/src/Illuminate/Database/Eloquent/Factories/Factory.php:445
at vendor/laravel/framework/src/Illuminate/Database/Eloquent/Factories/Factory.php:429
at vendor/laravel/framework/src/Illuminate/Database/Eloquent/Concerns/GuardsAttributes.php:157
at vendor/laravel/framework/src/Illuminate/Database/Eloquent/Factories/Factory.php:428
at vendor/laravel/framework/src/Illuminate/Database/Eloquent/Factories/Factory.php:402
at vendor/laravel/framework/src/Illuminate/Database/Eloquent/Factories/Factory.php:298
at tests/Unit/database/Factories/Matches/EventMatchLoserFactoryTest.php:136
Caused by
PDOException: SQLSTATE[23000]: Integrity constraint violation: 19 NOT NULL constraint failed: events_matches_results.winner_type

at vendor/laravel/framework/src/Illuminate/Database/Connection.php:568
at vendor/laravel/framework/src/Illuminate/Database/Connection.php:809
at vendor/laravel/framework/src/Illuminate/Database/Connection.php:776
at vendor/laravel/framework/src/Illuminate/Database/Connection.php:557
at vendor/laravel/framework/src/Illuminate/Database/Connection.php:521
at vendor/laravel/framework/src/Illuminate/Database/Query/Processors/Processor.php:32
at vendor/laravel/framework/src/Illuminate/Database/Query/Builder.php:3796
at vendor/laravel/framework/src/Illuminate/Database/Eloquent/Builder.php:2205
at vendor/laravel/framework/src/Illuminate/Database/Eloquent/Model.php:1410
at vendor/laravel/framework/src/Illuminate/Database/Eloquent/Model.php:1375
at vendor/laravel/framework/src/Illuminate/Database/Eloquent/Model.php:1214
at vendor/laravel/framework/src/Illuminate/Database/Eloquent/Factories/Factory.php:350
at vendor/laravel/framework/src/Illuminate/Collections/Traits/EnumeratesValues.php:271
at vendor/laravel/framework/src/Illuminate/Database/Eloquent/Factories/Factory.php:345
at vendor/laravel/framework/src/Illuminate/Database/Eloquent/Factories/Factory.php:301
at vendor/laravel/framework/src/Illuminate/Database/Eloquent/Factories/Factory.php:496
at vendor/laravel/framework/src/Illuminate/Collections/Arr.php:749
at vendor/laravel/framework/src/Illuminate/Collections/Collection.php:809
at vendor/laravel/framework/src/Illuminate/Database/Eloquent/Factories/Factory.php:491
at vendor/laravel/framework/src/Illuminate/Database/Eloquent/Factories/Factory.php:445
at vendor/laravel/framework/src/Illuminate/Database/Eloquent/Factories/Factory.php:429
at vendor/laravel/framework/src/Illuminate/Database/Eloquent/Concerns/GuardsAttributes.php:157
at vendor/laravel/framework/src/Illuminate/Database/Eloquent/Factories/Factory.php:428
at vendor/laravel/framework/src/Illuminate/Database/Eloquent/Factories/Factory.php:402
at vendor/laravel/framework/src/Illuminate/Database/Eloquent/Factories/Factory.php:298
at tests/Unit/database/Factories/Matches/EventMatchLoserFactoryTest.php:136</error>
      </testcase>
      <testcase name="`MatchLoserFactory Unit Tests` → `data consistency` → maintains valid loser types" class="Tests\Unit\database\Factories\Matches\EventMatchLoserFactoryTest" classname="Tests.Unit.database.Factories.Matches.EventMatchLoserFactoryTest" file="tests/Unit/database/Factories/Matches/EventMatchLoserFactoryTest.php::`MatchLoserFactory Unit Tests` → `data consistency` → maintains valid loser types" line="0" assertions="0" time="0.015413">
        <error type="Illuminate\Database\QueryException">`MatchLoserFactory Unit Tests` → `data consistency` → maintains valid loser typesIlluminate\Database\QueryException: SQLSTATE[23000]: Integrity constraint violation: 19 NOT NULL constraint failed: events_matches_results.winner_type (Connection: sqlite, SQL: insert into "events_matches_results" ("match_id", "match_decision_id", "updated_at", "created_at") values (1, 1, 2025-07-23 17:36:36, 2025-07-23 17:36:36))
at vendor/laravel/framework/src/Illuminate/Database/Connection.php:568
at vendor/laravel/framework/src/Illuminate/Database/Connection.php:809
at vendor/laravel/framework/src/Illuminate/Database/Connection.php:776
at vendor/laravel/framework/src/Illuminate/Database/Connection.php:557
at vendor/laravel/framework/src/Illuminate/Database/Connection.php:521
at vendor/laravel/framework/src/Illuminate/Database/Query/Processors/Processor.php:32
at vendor/laravel/framework/src/Illuminate/Database/Query/Builder.php:3796
at vendor/laravel/framework/src/Illuminate/Database/Eloquent/Builder.php:2205
at vendor/laravel/framework/src/Illuminate/Database/Eloquent/Model.php:1410
at vendor/laravel/framework/src/Illuminate/Database/Eloquent/Model.php:1375
at vendor/laravel/framework/src/Illuminate/Database/Eloquent/Model.php:1214
at vendor/laravel/framework/src/Illuminate/Database/Eloquent/Factories/Factory.php:350
at vendor/laravel/framework/src/Illuminate/Collections/Traits/EnumeratesValues.php:271
at vendor/laravel/framework/src/Illuminate/Database/Eloquent/Factories/Factory.php:345
at vendor/laravel/framework/src/Illuminate/Database/Eloquent/Factories/Factory.php:301
at vendor/laravel/framework/src/Illuminate/Database/Eloquent/Factories/Factory.php:496
at vendor/laravel/framework/src/Illuminate/Collections/Arr.php:749
at vendor/laravel/framework/src/Illuminate/Collections/Collection.php:809
at vendor/laravel/framework/src/Illuminate/Database/Eloquent/Factories/Factory.php:491
at vendor/laravel/framework/src/Illuminate/Database/Eloquent/Factories/Factory.php:445
at vendor/laravel/framework/src/Illuminate/Database/Eloquent/Factories/Factory.php:429
at vendor/laravel/framework/src/Illuminate/Database/Eloquent/Concerns/GuardsAttributes.php:157
at vendor/laravel/framework/src/Illuminate/Database/Eloquent/Factories/Factory.php:428
at vendor/laravel/framework/src/Illuminate/Database/Eloquent/Factories/Factory.php:402
at tests/Unit/database/Factories/Matches/EventMatchLoserFactoryTest.php:145
at vendor/laravel/framework/src/Illuminate/Collections/Arr.php:749
at vendor/laravel/framework/src/Illuminate/Collections/Collection.php:809
at tests/Unit/database/Factories/Matches/EventMatchLoserFactoryTest.php:145
Caused by
PDOException: SQLSTATE[23000]: Integrity constraint violation: 19 NOT NULL constraint failed: events_matches_results.winner_type

at vendor/laravel/framework/src/Illuminate/Database/Connection.php:568
at vendor/laravel/framework/src/Illuminate/Database/Connection.php:809
at vendor/laravel/framework/src/Illuminate/Database/Connection.php:776
at vendor/laravel/framework/src/Illuminate/Database/Connection.php:557
at vendor/laravel/framework/src/Illuminate/Database/Connection.php:521
at vendor/laravel/framework/src/Illuminate/Database/Query/Processors/Processor.php:32
at vendor/laravel/framework/src/Illuminate/Database/Query/Builder.php:3796
at vendor/laravel/framework/src/Illuminate/Database/Eloquent/Builder.php:2205
at vendor/laravel/framework/src/Illuminate/Database/Eloquent/Model.php:1410
at vendor/laravel/framework/src/Illuminate/Database/Eloquent/Model.php:1375
at vendor/laravel/framework/src/Illuminate/Database/Eloquent/Model.php:1214
at vendor/laravel/framework/src/Illuminate/Database/Eloquent/Factories/Factory.php:350
at vendor/laravel/framework/src/Illuminate/Collections/Traits/EnumeratesValues.php:271
at vendor/laravel/framework/src/Illuminate/Database/Eloquent/Factories/Factory.php:345
at vendor/laravel/framework/src/Illuminate/Database/Eloquent/Factories/Factory.php:301
at vendor/laravel/framework/src/Illuminate/Database/Eloquent/Factories/Factory.php:496
at vendor/laravel/framework/src/Illuminate/Collections/Arr.php:749
at vendor/laravel/framework/src/Illuminate/Collections/Collection.php:809
at vendor/laravel/framework/src/Illuminate/Database/Eloquent/Factories/Factory.php:491
at vendor/laravel/framework/src/Illuminate/Database/Eloquent/Factories/Factory.php:445
at vendor/laravel/framework/src/Illuminate/Database/Eloquent/Factories/Factory.php:429
at vendor/laravel/framework/src/Illuminate/Database/Eloquent/Concerns/GuardsAttributes.php:157
at vendor/laravel/framework/src/Illuminate/Database/Eloquent/Factories/Factory.php:428
at vendor/laravel/framework/src/Illuminate/Database/Eloquent/Factories/Factory.php:402
at tests/Unit/database/Factories/Matches/EventMatchLoserFactoryTest.php:145
at vendor/laravel/framework/src/Illuminate/Collections/Arr.php:749
at vendor/laravel/framework/src/Illuminate/Collections/Collection.php:809
at tests/Unit/database/Factories/Matches/EventMatchLoserFactoryTest.php:145</error>
      </testcase>
      <testcase name="`MatchLoserFactory Unit Tests` → `data consistency` → creates losers with valid match result associations" class="Tests\Unit\database\Factories\Matches\EventMatchLoserFactoryTest" classname="Tests.Unit.database.Factories.Matches.EventMatchLoserFactoryTest" file="tests/Unit/database/Factories/Matches/EventMatchLoserFactoryTest.php::`MatchLoserFactory Unit Tests` → `data consistency` → creates losers with valid match result associations" line="0" assertions="0" time="0.015863">
        <error type="Illuminate\Database\QueryException">`MatchLoserFactory Unit Tests` → `data consistency` → creates losers with valid match result associationsIlluminate\Database\QueryException: SQLSTATE[23000]: Integrity constraint violation: 19 NOT NULL constraint failed: events_matches_results.winner_type (Connection: sqlite, SQL: insert into "events_matches_results" ("match_id", "match_decision_id", "updated_at", "created_at") values (1, 1, 2025-07-23 17:36:36, 2025-07-23 17:36:36))
at vendor/laravel/framework/src/Illuminate/Database/Connection.php:568
at vendor/laravel/framework/src/Illuminate/Database/Connection.php:809
at vendor/laravel/framework/src/Illuminate/Database/Connection.php:776
at vendor/laravel/framework/src/Illuminate/Database/Connection.php:557
at vendor/laravel/framework/src/Illuminate/Database/Connection.php:521
at vendor/laravel/framework/src/Illuminate/Database/Query/Processors/Processor.php:32
at vendor/laravel/framework/src/Illuminate/Database/Query/Builder.php:3796
at vendor/laravel/framework/src/Illuminate/Database/Eloquent/Builder.php:2205
at vendor/laravel/framework/src/Illuminate/Database/Eloquent/Model.php:1410
at vendor/laravel/framework/src/Illuminate/Database/Eloquent/Model.php:1375
at vendor/laravel/framework/src/Illuminate/Database/Eloquent/Model.php:1214
at vendor/laravel/framework/src/Illuminate/Database/Eloquent/Factories/Factory.php:350
at vendor/laravel/framework/src/Illuminate/Collections/Traits/EnumeratesValues.php:271
at vendor/laravel/framework/src/Illuminate/Database/Eloquent/Factories/Factory.php:345
at vendor/laravel/framework/src/Illuminate/Database/Eloquent/Factories/Factory.php:301
at vendor/laravel/framework/src/Illuminate/Database/Eloquent/Factories/Factory.php:496
at vendor/laravel/framework/src/Illuminate/Collections/Arr.php:749
at vendor/laravel/framework/src/Illuminate/Collections/Collection.php:809
at vendor/laravel/framework/src/Illuminate/Database/Eloquent/Factories/Factory.php:491
at vendor/laravel/framework/src/Illuminate/Database/Eloquent/Factories/Factory.php:445
at vendor/laravel/framework/src/Illuminate/Database/Eloquent/Factories/Factory.php:429
at vendor/laravel/framework/src/Illuminate/Database/Eloquent/Concerns/GuardsAttributes.php:157
at vendor/laravel/framework/src/Illuminate/Database/Eloquent/Factories/Factory.php:428
at vendor/laravel/framework/src/Illuminate/Database/Eloquent/Factories/Factory.php:402
at tests/Unit/database/Factories/Matches/EventMatchLoserFactoryTest.php:156
Caused by
PDOException: SQLSTATE[23000]: Integrity constraint violation: 19 NOT NULL constraint failed: events_matches_results.winner_type

at vendor/laravel/framework/src/Illuminate/Database/Connection.php:568
at vendor/laravel/framework/src/Illuminate/Database/Connection.php:809
at vendor/laravel/framework/src/Illuminate/Database/Connection.php:776
at vendor/laravel/framework/src/Illuminate/Database/Connection.php:557
at vendor/laravel/framework/src/Illuminate/Database/Connection.php:521
at vendor/laravel/framework/src/Illuminate/Database/Query/Processors/Processor.php:32
at vendor/laravel/framework/src/Illuminate/Database/Query/Builder.php:3796
at vendor/laravel/framework/src/Illuminate/Database/Eloquent/Builder.php:2205
at vendor/laravel/framework/src/Illuminate/Database/Eloquent/Model.php:1410
at vendor/laravel/framework/src/Illuminate/Database/Eloquent/Model.php:1375
at vendor/laravel/framework/src/Illuminate/Database/Eloquent/Model.php:1214
at vendor/laravel/framework/src/Illuminate/Database/Eloquent/Factories/Factory.php:350
at vendor/laravel/framework/src/Illuminate/Collections/Traits/EnumeratesValues.php:271
at vendor/laravel/framework/src/Illuminate/Database/Eloquent/Factories/Factory.php:345
at vendor/laravel/framework/src/Illuminate/Database/Eloquent/Factories/Factory.php:301
at vendor/laravel/framework/src/Illuminate/Database/Eloquent/Factories/Factory.php:496
at vendor/laravel/framework/src/Illuminate/Collections/Arr.php:749
at vendor/laravel/framework/src/Illuminate/Collections/Collection.php:809
at vendor/laravel/framework/src/Illuminate/Database/Eloquent/Factories/Factory.php:491
at vendor/laravel/framework/src/Illuminate/Database/Eloquent/Factories/Factory.php:445
at vendor/laravel/framework/src/Illuminate/Database/Eloquent/Factories/Factory.php:429
at vendor/laravel/framework/src/Illuminate/Database/Eloquent/Concerns/GuardsAttributes.php:157
at vendor/laravel/framework/src/Illuminate/Database/Eloquent/Factories/Factory.php:428
at vendor/laravel/framework/src/Illuminate/Database/Eloquent/Factories/Factory.php:402
at tests/Unit/database/Factories/Matches/EventMatchLoserFactoryTest.php:156</error>
      </testcase>
    </testsuite>
    <testsuite name="Tests\Unit\database\Factories\Matches\EventMatchWinnerFactoryTest" file="tests/Unit/database/Factories/Matches/EventMatchWinnerFactoryTest.php" tests="10" assertions="0" errors="10" failures="0" skipped="0" time="0.173247">
      <testcase name="`MatchWinnerFactory Unit Tests` → `default attribute generation` → creates winner with correct default attributes" class="Tests\Unit\database\Factories\Matches\EventMatchWinnerFactoryTest" classname="Tests.Unit.database.Factories.Matches.EventMatchWinnerFactoryTest" file="tests/Unit/database/Factories/Matches/EventMatchWinnerFactoryTest.php::`MatchWinnerFactory Unit Tests` → `default attribute generation` → creates winner with correct default attributes" line="0" assertions="0" time="0.017506">
        <error type="Illuminate\Database\QueryException">`MatchWinnerFactory Unit Tests` → `default attribute generation` → creates winner with correct default attributesIlluminate\Database\QueryException: SQLSTATE[23000]: Integrity constraint violation: 19 NOT NULL constraint failed: events_matches_results.winner_type (Connection: sqlite, SQL: insert into "events_matches_results" ("match_id", "match_decision_id", "updated_at", "created_at") values (1, 1, 2025-07-23 17:36:36, 2025-07-23 17:36:36))
at vendor/laravel/framework/src/Illuminate/Database/Connection.php:568
at vendor/laravel/framework/src/Illuminate/Database/Connection.php:809
at vendor/laravel/framework/src/Illuminate/Database/Connection.php:776
at vendor/laravel/framework/src/Illuminate/Database/Connection.php:557
at vendor/laravel/framework/src/Illuminate/Database/Connection.php:521
at vendor/laravel/framework/src/Illuminate/Database/Query/Processors/Processor.php:32
at vendor/laravel/framework/src/Illuminate/Database/Query/Builder.php:3796
at vendor/laravel/framework/src/Illuminate/Database/Eloquent/Builder.php:2205
at vendor/laravel/framework/src/Illuminate/Database/Eloquent/Model.php:1410
at vendor/laravel/framework/src/Illuminate/Database/Eloquent/Model.php:1375
at vendor/laravel/framework/src/Illuminate/Database/Eloquent/Model.php:1214
at vendor/laravel/framework/src/Illuminate/Database/Eloquent/Factories/Factory.php:350
at vendor/laravel/framework/src/Illuminate/Collections/Traits/EnumeratesValues.php:271
at vendor/laravel/framework/src/Illuminate/Database/Eloquent/Factories/Factory.php:345
at vendor/laravel/framework/src/Illuminate/Database/Eloquent/Factories/Factory.php:301
at vendor/laravel/framework/src/Illuminate/Database/Eloquent/Factories/Factory.php:496
at vendor/laravel/framework/src/Illuminate/Collections/Arr.php:749
at vendor/laravel/framework/src/Illuminate/Collections/Collection.php:809
at vendor/laravel/framework/src/Illuminate/Database/Eloquent/Factories/Factory.php:491
at vendor/laravel/framework/src/Illuminate/Database/Eloquent/Factories/Factory.php:445
at vendor/laravel/framework/src/Illuminate/Database/Eloquent/Factories/Factory.php:429
at vendor/laravel/framework/src/Illuminate/Database/Eloquent/Concerns/GuardsAttributes.php:157
at vendor/laravel/framework/src/Illuminate/Database/Eloquent/Factories/Factory.php:428
at vendor/laravel/framework/src/Illuminate/Database/Eloquent/Factories/Factory.php:402
at tests/Unit/database/Factories/Matches/EventMatchWinnerFactoryTest.php:33
Caused by
PDOException: SQLSTATE[23000]: Integrity constraint violation: 19 NOT NULL constraint failed: events_matches_results.winner_type

at vendor/laravel/framework/src/Illuminate/Database/Connection.php:568
at vendor/laravel/framework/src/Illuminate/Database/Connection.php:809
at vendor/laravel/framework/src/Illuminate/Database/Connection.php:776
at vendor/laravel/framework/src/Illuminate/Database/Connection.php:557
at vendor/laravel/framework/src/Illuminate/Database/Connection.php:521
at vendor/laravel/framework/src/Illuminate/Database/Query/Processors/Processor.php:32
at vendor/laravel/framework/src/Illuminate/Database/Query/Builder.php:3796
at vendor/laravel/framework/src/Illuminate/Database/Eloquent/Builder.php:2205
at vendor/laravel/framework/src/Illuminate/Database/Eloquent/Model.php:1410
at vendor/laravel/framework/src/Illuminate/Database/Eloquent/Model.php:1375
at vendor/laravel/framework/src/Illuminate/Database/Eloquent/Model.php:1214
at vendor/laravel/framework/src/Illuminate/Database/Eloquent/Factories/Factory.php:350
at vendor/laravel/framework/src/Illuminate/Collections/Traits/EnumeratesValues.php:271
at vendor/laravel/framework/src/Illuminate/Database/Eloquent/Factories/Factory.php:345
at vendor/laravel/framework/src/Illuminate/Database/Eloquent/Factories/Factory.php:301
at vendor/laravel/framework/src/Illuminate/Database/Eloquent/Factories/Factory.php:496
at vendor/laravel/framework/src/Illuminate/Collections/Arr.php:749
at vendor/laravel/framework/src/Illuminate/Collections/Collection.php:809
at vendor/laravel/framework/src/Illuminate/Database/Eloquent/Factories/Factory.php:491
at vendor/laravel/framework/src/Illuminate/Database/Eloquent/Factories/Factory.php:445
at vendor/laravel/framework/src/Illuminate/Database/Eloquent/Factories/Factory.php:429
at vendor/laravel/framework/src/Illuminate/Database/Eloquent/Concerns/GuardsAttributes.php:157
at vendor/laravel/framework/src/Illuminate/Database/Eloquent/Factories/Factory.php:428
at vendor/laravel/framework/src/Illuminate/Database/Eloquent/Factories/Factory.php:402
at tests/Unit/database/Factories/Matches/EventMatchWinnerFactoryTest.php:33</error>
      </testcase>
      <testcase name="`MatchWinnerFactory Unit Tests` → `default attribute generation` → generates single winner by default" class="Tests\Unit\database\Factories\Matches\EventMatchWinnerFactoryTest" classname="Tests.Unit.database.Factories.Matches.EventMatchWinnerFactoryTest" file="tests/Unit/database/Factories/Matches/EventMatchWinnerFactoryTest.php::`MatchWinnerFactory Unit Tests` → `default attribute generation` → generates single winner by default" line="0" assertions="0" time="0.017400">
        <error type="Illuminate\Database\QueryException">`MatchWinnerFactory Unit Tests` → `default attribute generation` → generates single winner by defaultIlluminate\Database\QueryException: SQLSTATE[23000]: Integrity constraint violation: 19 NOT NULL constraint failed: events_matches_results.winner_type (Connection: sqlite, SQL: insert into "events_matches_results" ("match_id", "match_decision_id", "updated_at", "created_at") values (1, 1, 2025-07-23 17:36:36, 2025-07-23 17:36:36))
at vendor/laravel/framework/src/Illuminate/Database/Connection.php:568
at vendor/laravel/framework/src/Illuminate/Database/Connection.php:809
at vendor/laravel/framework/src/Illuminate/Database/Connection.php:776
at vendor/laravel/framework/src/Illuminate/Database/Connection.php:557
at vendor/laravel/framework/src/Illuminate/Database/Connection.php:521
at vendor/laravel/framework/src/Illuminate/Database/Query/Processors/Processor.php:32
at vendor/laravel/framework/src/Illuminate/Database/Query/Builder.php:3796
at vendor/laravel/framework/src/Illuminate/Database/Eloquent/Builder.php:2205
at vendor/laravel/framework/src/Illuminate/Database/Eloquent/Model.php:1410
at vendor/laravel/framework/src/Illuminate/Database/Eloquent/Model.php:1375
at vendor/laravel/framework/src/Illuminate/Database/Eloquent/Model.php:1214
at vendor/laravel/framework/src/Illuminate/Database/Eloquent/Factories/Factory.php:350
at vendor/laravel/framework/src/Illuminate/Collections/Traits/EnumeratesValues.php:271
at vendor/laravel/framework/src/Illuminate/Database/Eloquent/Factories/Factory.php:345
at vendor/laravel/framework/src/Illuminate/Database/Eloquent/Factories/Factory.php:301
at vendor/laravel/framework/src/Illuminate/Database/Eloquent/Factories/Factory.php:496
at vendor/laravel/framework/src/Illuminate/Collections/Arr.php:749
at vendor/laravel/framework/src/Illuminate/Collections/Collection.php:809
at vendor/laravel/framework/src/Illuminate/Database/Eloquent/Factories/Factory.php:491
at vendor/laravel/framework/src/Illuminate/Database/Eloquent/Factories/Factory.php:445
at vendor/laravel/framework/src/Illuminate/Database/Eloquent/Factories/Factory.php:429
at vendor/laravel/framework/src/Illuminate/Database/Eloquent/Concerns/GuardsAttributes.php:157
at vendor/laravel/framework/src/Illuminate/Database/Eloquent/Factories/Factory.php:428
at vendor/laravel/framework/src/Illuminate/Database/Eloquent/Factories/Factory.php:402
at tests/Unit/database/Factories/Matches/EventMatchWinnerFactoryTest.php:44
Caused by
PDOException: SQLSTATE[23000]: Integrity constraint violation: 19 NOT NULL constraint failed: events_matches_results.winner_type

at vendor/laravel/framework/src/Illuminate/Database/Connection.php:568
at vendor/laravel/framework/src/Illuminate/Database/Connection.php:809
at vendor/laravel/framework/src/Illuminate/Database/Connection.php:776
at vendor/laravel/framework/src/Illuminate/Database/Connection.php:557
at vendor/laravel/framework/src/Illuminate/Database/Connection.php:521
at vendor/laravel/framework/src/Illuminate/Database/Query/Processors/Processor.php:32
at vendor/laravel/framework/src/Illuminate/Database/Query/Builder.php:3796
at vendor/laravel/framework/src/Illuminate/Database/Eloquent/Builder.php:2205
at vendor/laravel/framework/src/Illuminate/Database/Eloquent/Model.php:1410
at vendor/laravel/framework/src/Illuminate/Database/Eloquent/Model.php:1375
at vendor/laravel/framework/src/Illuminate/Database/Eloquent/Model.php:1214
at vendor/laravel/framework/src/Illuminate/Database/Eloquent/Factories/Factory.php:350
at vendor/laravel/framework/src/Illuminate/Collections/Traits/EnumeratesValues.php:271
at vendor/laravel/framework/src/Illuminate/Database/Eloquent/Factories/Factory.php:345
at vendor/laravel/framework/src/Illuminate/Database/Eloquent/Factories/Factory.php:301
at vendor/laravel/framework/src/Illuminate/Database/Eloquent/Factories/Factory.php:496
at vendor/laravel/framework/src/Illuminate/Collections/Arr.php:749
at vendor/laravel/framework/src/Illuminate/Collections/Collection.php:809
at vendor/laravel/framework/src/Illuminate/Database/Eloquent/Factories/Factory.php:491
at vendor/laravel/framework/src/Illuminate/Database/Eloquent/Factories/Factory.php:445
at vendor/laravel/framework/src/Illuminate/Database/Eloquent/Factories/Factory.php:429
at vendor/laravel/framework/src/Illuminate/Database/Eloquent/Concerns/GuardsAttributes.php:157
at vendor/laravel/framework/src/Illuminate/Database/Eloquent/Factories/Factory.php:428
at vendor/laravel/framework/src/Illuminate/Database/Eloquent/Factories/Factory.php:402
at tests/Unit/database/Factories/Matches/EventMatchWinnerFactoryTest.php:44</error>
      </testcase>
      <testcase name="`MatchWinnerFactory Unit Tests` → `factory state methods` → wrestler winner state works correctly" class="Tests\Unit\database\Factories\Matches\EventMatchWinnerFactoryTest" classname="Tests.Unit.database.Factories.Matches.EventMatchWinnerFactoryTest" file="tests/Unit/database/Factories/Matches/EventMatchWinnerFactoryTest.php::`MatchWinnerFactory Unit Tests` → `factory state methods` → wrestler winner state works correctly" line="0" assertions="0" time="0.018001">
        <error type="Illuminate\Database\QueryException">`MatchWinnerFactory Unit Tests` → `factory state methods` → wrestler winner state works correctlyIlluminate\Database\QueryException: SQLSTATE[23000]: Integrity constraint violation: 19 NOT NULL constraint failed: events_matches_results.winner_type (Connection: sqlite, SQL: insert into "events_matches_results" ("match_id", "match_decision_id", "updated_at", "created_at") values (2, 1, 2025-07-23 17:36:36, 2025-07-23 17:36:36))
at vendor/laravel/framework/src/Illuminate/Database/Connection.php:568
at vendor/laravel/framework/src/Illuminate/Database/Connection.php:809
at vendor/laravel/framework/src/Illuminate/Database/Connection.php:776
at vendor/laravel/framework/src/Illuminate/Database/Connection.php:557
at vendor/laravel/framework/src/Illuminate/Database/Connection.php:521
at vendor/laravel/framework/src/Illuminate/Database/Query/Processors/Processor.php:32
at vendor/laravel/framework/src/Illuminate/Database/Query/Builder.php:3796
at vendor/laravel/framework/src/Illuminate/Database/Eloquent/Builder.php:2205
at vendor/laravel/framework/src/Illuminate/Database/Eloquent/Model.php:1410
at vendor/laravel/framework/src/Illuminate/Database/Eloquent/Model.php:1375
at vendor/laravel/framework/src/Illuminate/Database/Eloquent/Model.php:1214
at vendor/laravel/framework/src/Illuminate/Database/Eloquent/Factories/Factory.php:350
at vendor/laravel/framework/src/Illuminate/Collections/Traits/EnumeratesValues.php:271
at vendor/laravel/framework/src/Illuminate/Database/Eloquent/Factories/Factory.php:345
at vendor/laravel/framework/src/Illuminate/Database/Eloquent/Factories/Factory.php:301
at vendor/laravel/framework/src/Illuminate/Database/Eloquent/Factories/Factory.php:496
at vendor/laravel/framework/src/Illuminate/Collections/Arr.php:749
at vendor/laravel/framework/src/Illuminate/Collections/Collection.php:809
at vendor/laravel/framework/src/Illuminate/Database/Eloquent/Factories/Factory.php:491
at vendor/laravel/framework/src/Illuminate/Database/Eloquent/Factories/Factory.php:445
at vendor/laravel/framework/src/Illuminate/Database/Eloquent/Factories/Factory.php:429
at vendor/laravel/framework/src/Illuminate/Database/Eloquent/Concerns/GuardsAttributes.php:157
at vendor/laravel/framework/src/Illuminate/Database/Eloquent/Factories/Factory.php:428
at vendor/laravel/framework/src/Illuminate/Database/Eloquent/Factories/Factory.php:402
at vendor/laravel/framework/src/Illuminate/Database/Eloquent/Factories/Factory.php:398
at tests/Unit/database/Factories/Matches/EventMatchWinnerFactoryTest.php:59
Caused by
PDOException: SQLSTATE[23000]: Integrity constraint violation: 19 NOT NULL constraint failed: events_matches_results.winner_type

at vendor/laravel/framework/src/Illuminate/Database/Connection.php:568
at vendor/laravel/framework/src/Illuminate/Database/Connection.php:809
at vendor/laravel/framework/src/Illuminate/Database/Connection.php:776
at vendor/laravel/framework/src/Illuminate/Database/Connection.php:557
at vendor/laravel/framework/src/Illuminate/Database/Connection.php:521
at vendor/laravel/framework/src/Illuminate/Database/Query/Processors/Processor.php:32
at vendor/laravel/framework/src/Illuminate/Database/Query/Builder.php:3796
at vendor/laravel/framework/src/Illuminate/Database/Eloquent/Builder.php:2205
at vendor/laravel/framework/src/Illuminate/Database/Eloquent/Model.php:1410
at vendor/laravel/framework/src/Illuminate/Database/Eloquent/Model.php:1375
at vendor/laravel/framework/src/Illuminate/Database/Eloquent/Model.php:1214
at vendor/laravel/framework/src/Illuminate/Database/Eloquent/Factories/Factory.php:350
at vendor/laravel/framework/src/Illuminate/Collections/Traits/EnumeratesValues.php:271
at vendor/laravel/framework/src/Illuminate/Database/Eloquent/Factories/Factory.php:345
at vendor/laravel/framework/src/Illuminate/Database/Eloquent/Factories/Factory.php:301
at vendor/laravel/framework/src/Illuminate/Database/Eloquent/Factories/Factory.php:496
at vendor/laravel/framework/src/Illuminate/Collections/Arr.php:749
at vendor/laravel/framework/src/Illuminate/Collections/Collection.php:809
at vendor/laravel/framework/src/Illuminate/Database/Eloquent/Factories/Factory.php:491
at vendor/laravel/framework/src/Illuminate/Database/Eloquent/Factories/Factory.php:445
at vendor/laravel/framework/src/Illuminate/Database/Eloquent/Factories/Factory.php:429
at vendor/laravel/framework/src/Illuminate/Database/Eloquent/Concerns/GuardsAttributes.php:157
at vendor/laravel/framework/src/Illuminate/Database/Eloquent/Factories/Factory.php:428
at vendor/laravel/framework/src/Illuminate/Database/Eloquent/Factories/Factory.php:402
at vendor/laravel/framework/src/Illuminate/Database/Eloquent/Factories/Factory.php:398
at tests/Unit/database/Factories/Matches/EventMatchWinnerFactoryTest.php:59</error>
      </testcase>
      <testcase name="`MatchWinnerFactory Unit Tests` → `factory state methods` → tag team winner state works correctly" class="Tests\Unit\database\Factories\Matches\EventMatchWinnerFactoryTest" classname="Tests.Unit.database.Factories.Matches.EventMatchWinnerFactoryTest" file="tests/Unit/database/Factories/Matches/EventMatchWinnerFactoryTest.php::`MatchWinnerFactory Unit Tests` → `factory state methods` → tag team winner state works correctly" line="0" assertions="0" time="0.020589">
        <error type="Illuminate\Database\QueryException">`MatchWinnerFactory Unit Tests` → `factory state methods` → tag team winner state works correctlyIlluminate\Database\QueryException: SQLSTATE[23000]: Integrity constraint violation: 19 NOT NULL constraint failed: events_matches_results.winner_type (Connection: sqlite, SQL: insert into "events_matches_results" ("match_id", "match_decision_id", "updated_at", "created_at") values (2, 1, 2025-07-23 17:36:36, 2025-07-23 17:36:36))
at vendor/laravel/framework/src/Illuminate/Database/Connection.php:568
at vendor/laravel/framework/src/Illuminate/Database/Connection.php:809
at vendor/laravel/framework/src/Illuminate/Database/Connection.php:776
at vendor/laravel/framework/src/Illuminate/Database/Connection.php:557
at vendor/laravel/framework/src/Illuminate/Database/Connection.php:521
at vendor/laravel/framework/src/Illuminate/Database/Query/Processors/Processor.php:32
at vendor/laravel/framework/src/Illuminate/Database/Query/Builder.php:3796
at vendor/laravel/framework/src/Illuminate/Database/Eloquent/Builder.php:2205
at vendor/laravel/framework/src/Illuminate/Database/Eloquent/Model.php:1410
at vendor/laravel/framework/src/Illuminate/Database/Eloquent/Model.php:1375
at vendor/laravel/framework/src/Illuminate/Database/Eloquent/Model.php:1214
at vendor/laravel/framework/src/Illuminate/Database/Eloquent/Factories/Factory.php:350
at vendor/laravel/framework/src/Illuminate/Collections/Traits/EnumeratesValues.php:271
at vendor/laravel/framework/src/Illuminate/Database/Eloquent/Factories/Factory.php:345
at vendor/laravel/framework/src/Illuminate/Database/Eloquent/Factories/Factory.php:301
at vendor/laravel/framework/src/Illuminate/Database/Eloquent/Factories/Factory.php:496
at vendor/laravel/framework/src/Illuminate/Collections/Arr.php:749
at vendor/laravel/framework/src/Illuminate/Collections/Collection.php:809
at vendor/laravel/framework/src/Illuminate/Database/Eloquent/Factories/Factory.php:491
at vendor/laravel/framework/src/Illuminate/Database/Eloquent/Factories/Factory.php:445
at vendor/laravel/framework/src/Illuminate/Database/Eloquent/Factories/Factory.php:429
at vendor/laravel/framework/src/Illuminate/Database/Eloquent/Concerns/GuardsAttributes.php:157
at vendor/laravel/framework/src/Illuminate/Database/Eloquent/Factories/Factory.php:428
at vendor/laravel/framework/src/Illuminate/Database/Eloquent/Factories/Factory.php:402
at vendor/laravel/framework/src/Illuminate/Database/Eloquent/Factories/Factory.php:398
at tests/Unit/database/Factories/Matches/EventMatchWinnerFactoryTest.php:77
Caused by
PDOException: SQLSTATE[23000]: Integrity constraint violation: 19 NOT NULL constraint failed: events_matches_results.winner_type

at vendor/laravel/framework/src/Illuminate/Database/Connection.php:568
at vendor/laravel/framework/src/Illuminate/Database/Connection.php:809
at vendor/laravel/framework/src/Illuminate/Database/Connection.php:776
at vendor/laravel/framework/src/Illuminate/Database/Connection.php:557
at vendor/laravel/framework/src/Illuminate/Database/Connection.php:521
at vendor/laravel/framework/src/Illuminate/Database/Query/Processors/Processor.php:32
at vendor/laravel/framework/src/Illuminate/Database/Query/Builder.php:3796
at vendor/laravel/framework/src/Illuminate/Database/Eloquent/Builder.php:2205
at vendor/laravel/framework/src/Illuminate/Database/Eloquent/Model.php:1410
at vendor/laravel/framework/src/Illuminate/Database/Eloquent/Model.php:1375
at vendor/laravel/framework/src/Illuminate/Database/Eloquent/Model.php:1214
at vendor/laravel/framework/src/Illuminate/Database/Eloquent/Factories/Factory.php:350
at vendor/laravel/framework/src/Illuminate/Collections/Traits/EnumeratesValues.php:271
at vendor/laravel/framework/src/Illuminate/Database/Eloquent/Factories/Factory.php:345
at vendor/laravel/framework/src/Illuminate/Database/Eloquent/Factories/Factory.php:301
at vendor/laravel/framework/src/Illuminate/Database/Eloquent/Factories/Factory.php:496
at vendor/laravel/framework/src/Illuminate/Collections/Arr.php:749
at vendor/laravel/framework/src/Illuminate/Collections/Collection.php:809
at vendor/laravel/framework/src/Illuminate/Database/Eloquent/Factories/Factory.php:491
at vendor/laravel/framework/src/Illuminate/Database/Eloquent/Factories/Factory.php:445
at vendor/laravel/framework/src/Illuminate/Database/Eloquent/Factories/Factory.php:429
at vendor/laravel/framework/src/Illuminate/Database/Eloquent/Concerns/GuardsAttributes.php:157
at vendor/laravel/framework/src/Illuminate/Database/Eloquent/Factories/Factory.php:428
at vendor/laravel/framework/src/Illuminate/Database/Eloquent/Factories/Factory.php:402
at vendor/laravel/framework/src/Illuminate/Database/Eloquent/Factories/Factory.php:398
at tests/Unit/database/Factories/Matches/EventMatchWinnerFactoryTest.php:77</error>
      </testcase>
      <testcase name="`MatchWinnerFactory Unit Tests` → `factory customization` → accepts custom match association" class="Tests\Unit\database\Factories\Matches\EventMatchWinnerFactoryTest" classname="Tests.Unit.database.Factories.Matches.EventMatchWinnerFactoryTest" file="tests/Unit/database/Factories/Matches/EventMatchWinnerFactoryTest.php::`MatchWinnerFactory Unit Tests` → `factory customization` → accepts custom match association" line="0" assertions="0" time="0.018350">
        <error type="Illuminate\Database\QueryException">`MatchWinnerFactory Unit Tests` → `factory customization` → accepts custom match associationIlluminate\Database\QueryException: SQLSTATE[23000]: Integrity constraint violation: 19 NOT NULL constraint failed: events_matches_results.winner_type (Connection: sqlite, SQL: insert into "events_matches_results" ("match_id", "match_decision_id", "updated_at", "created_at") values (2, 1, 2025-07-23 17:36:36, 2025-07-23 17:36:36))
at vendor/laravel/framework/src/Illuminate/Database/Connection.php:568
at vendor/laravel/framework/src/Illuminate/Database/Connection.php:809
at vendor/laravel/framework/src/Illuminate/Database/Connection.php:776
at vendor/laravel/framework/src/Illuminate/Database/Connection.php:557
at vendor/laravel/framework/src/Illuminate/Database/Connection.php:521
at vendor/laravel/framework/src/Illuminate/Database/Query/Processors/Processor.php:32
at vendor/laravel/framework/src/Illuminate/Database/Query/Builder.php:3796
at vendor/laravel/framework/src/Illuminate/Database/Eloquent/Builder.php:2205
at vendor/laravel/framework/src/Illuminate/Database/Eloquent/Model.php:1410
at vendor/laravel/framework/src/Illuminate/Database/Eloquent/Model.php:1375
at vendor/laravel/framework/src/Illuminate/Database/Eloquent/Model.php:1214
at vendor/laravel/framework/src/Illuminate/Database/Eloquent/Factories/Factory.php:350
at vendor/laravel/framework/src/Illuminate/Collections/Traits/EnumeratesValues.php:271
at vendor/laravel/framework/src/Illuminate/Database/Eloquent/Factories/Factory.php:345
at vendor/laravel/framework/src/Illuminate/Database/Eloquent/Factories/Factory.php:301
at vendor/laravel/framework/src/Illuminate/Database/Eloquent/Factories/Factory.php:496
at vendor/laravel/framework/src/Illuminate/Collections/Arr.php:749
at vendor/laravel/framework/src/Illuminate/Collections/Collection.php:809
at vendor/laravel/framework/src/Illuminate/Database/Eloquent/Factories/Factory.php:491
at vendor/laravel/framework/src/Illuminate/Database/Eloquent/Factories/Factory.php:445
at vendor/laravel/framework/src/Illuminate/Database/Eloquent/Factories/Factory.php:429
at vendor/laravel/framework/src/Illuminate/Database/Eloquent/Concerns/GuardsAttributes.php:157
at vendor/laravel/framework/src/Illuminate/Database/Eloquent/Factories/Factory.php:428
at vendor/laravel/framework/src/Illuminate/Database/Eloquent/Factories/Factory.php:402
at vendor/laravel/framework/src/Illuminate/Database/Eloquent/Factories/Factory.php:398
at tests/Unit/database/Factories/Matches/EventMatchWinnerFactoryTest.php:96
Caused by
PDOException: SQLSTATE[23000]: Integrity constraint violation: 19 NOT NULL constraint failed: events_matches_results.winner_type

at vendor/laravel/framework/src/Illuminate/Database/Connection.php:568
at vendor/laravel/framework/src/Illuminate/Database/Connection.php:809
at vendor/laravel/framework/src/Illuminate/Database/Connection.php:776
at vendor/laravel/framework/src/Illuminate/Database/Connection.php:557
at vendor/laravel/framework/src/Illuminate/Database/Connection.php:521
at vendor/laravel/framework/src/Illuminate/Database/Query/Processors/Processor.php:32
at vendor/laravel/framework/src/Illuminate/Database/Query/Builder.php:3796
at vendor/laravel/framework/src/Illuminate/Database/Eloquent/Builder.php:2205
at vendor/laravel/framework/src/Illuminate/Database/Eloquent/Model.php:1410
at vendor/laravel/framework/src/Illuminate/Database/Eloquent/Model.php:1375
at vendor/laravel/framework/src/Illuminate/Database/Eloquent/Model.php:1214
at vendor/laravel/framework/src/Illuminate/Database/Eloquent/Factories/Factory.php:350
at vendor/laravel/framework/src/Illuminate/Collections/Traits/EnumeratesValues.php:271
at vendor/laravel/framework/src/Illuminate/Database/Eloquent/Factories/Factory.php:345
at vendor/laravel/framework/src/Illuminate/Database/Eloquent/Factories/Factory.php:301
at vendor/laravel/framework/src/Illuminate/Database/Eloquent/Factories/Factory.php:496
at vendor/laravel/framework/src/Illuminate/Collections/Arr.php:749
at vendor/laravel/framework/src/Illuminate/Collections/Collection.php:809
at vendor/laravel/framework/src/Illuminate/Database/Eloquent/Factories/Factory.php:491
at vendor/laravel/framework/src/Illuminate/Database/Eloquent/Factories/Factory.php:445
at vendor/laravel/framework/src/Illuminate/Database/Eloquent/Factories/Factory.php:429
at vendor/laravel/framework/src/Illuminate/Database/Eloquent/Concerns/GuardsAttributes.php:157
at vendor/laravel/framework/src/Illuminate/Database/Eloquent/Factories/Factory.php:428
at vendor/laravel/framework/src/Illuminate/Database/Eloquent/Factories/Factory.php:402
at vendor/laravel/framework/src/Illuminate/Database/Eloquent/Factories/Factory.php:398
at tests/Unit/database/Factories/Matches/EventMatchWinnerFactoryTest.php:96</error>
      </testcase>
      <testcase name="`MatchWinnerFactory Unit Tests` → `factory customization` → accepts custom winner configuration" class="Tests\Unit\database\Factories\Matches\EventMatchWinnerFactoryTest" classname="Tests.Unit.database.Factories.Matches.EventMatchWinnerFactoryTest" file="tests/Unit/database/Factories/Matches/EventMatchWinnerFactoryTest.php::`MatchWinnerFactory Unit Tests` → `factory customization` → accepts custom winner configuration" line="0" assertions="0" time="0.017391">
        <error type="Illuminate\Database\QueryException">`MatchWinnerFactory Unit Tests` → `factory customization` → accepts custom winner configurationIlluminate\Database\QueryException: SQLSTATE[23000]: Integrity constraint violation: 19 NOT NULL constraint failed: events_matches_results.winner_type (Connection: sqlite, SQL: insert into "events_matches_results" ("match_id", "match_decision_id", "updated_at", "created_at") values (1, 1, 2025-07-23 17:36:36, 2025-07-23 17:36:36))
at vendor/laravel/framework/src/Illuminate/Database/Connection.php:568
at vendor/laravel/framework/src/Illuminate/Database/Connection.php:809
at vendor/laravel/framework/src/Illuminate/Database/Connection.php:776
at vendor/laravel/framework/src/Illuminate/Database/Connection.php:557
at vendor/laravel/framework/src/Illuminate/Database/Connection.php:521
at vendor/laravel/framework/src/Illuminate/Database/Query/Processors/Processor.php:32
at vendor/laravel/framework/src/Illuminate/Database/Query/Builder.php:3796
at vendor/laravel/framework/src/Illuminate/Database/Eloquent/Builder.php:2205
at vendor/laravel/framework/src/Illuminate/Database/Eloquent/Model.php:1410
at vendor/laravel/framework/src/Illuminate/Database/Eloquent/Model.php:1375
at vendor/laravel/framework/src/Illuminate/Database/Eloquent/Model.php:1214
at vendor/laravel/framework/src/Illuminate/Database/Eloquent/Factories/Factory.php:350
at vendor/laravel/framework/src/Illuminate/Collections/Traits/EnumeratesValues.php:271
at vendor/laravel/framework/src/Illuminate/Database/Eloquent/Factories/Factory.php:345
at vendor/laravel/framework/src/Illuminate/Database/Eloquent/Factories/Factory.php:301
at vendor/laravel/framework/src/Illuminate/Database/Eloquent/Factories/Factory.php:496
at vendor/laravel/framework/src/Illuminate/Collections/Arr.php:749
at vendor/laravel/framework/src/Illuminate/Collections/Collection.php:809
at vendor/laravel/framework/src/Illuminate/Database/Eloquent/Factories/Factory.php:491
at vendor/laravel/framework/src/Illuminate/Database/Eloquent/Factories/Factory.php:445
at vendor/laravel/framework/src/Illuminate/Database/Eloquent/Factories/Factory.php:429
at vendor/laravel/framework/src/Illuminate/Database/Eloquent/Concerns/GuardsAttributes.php:157
at vendor/laravel/framework/src/Illuminate/Database/Eloquent/Factories/Factory.php:428
at vendor/laravel/framework/src/Illuminate/Database/Eloquent/Factories/Factory.php:402
at vendor/laravel/framework/src/Illuminate/Database/Eloquent/Factories/Factory.php:398
at tests/Unit/database/Factories/Matches/EventMatchWinnerFactoryTest.php:107
Caused by
PDOException: SQLSTATE[23000]: Integrity constraint violation: 19 NOT NULL constraint failed: events_matches_results.winner_type

at vendor/laravel/framework/src/Illuminate/Database/Connection.php:568
at vendor/laravel/framework/src/Illuminate/Database/Connection.php:809
at vendor/laravel/framework/src/Illuminate/Database/Connection.php:776
at vendor/laravel/framework/src/Illuminate/Database/Connection.php:557
at vendor/laravel/framework/src/Illuminate/Database/Connection.php:521
at vendor/laravel/framework/src/Illuminate/Database/Query/Processors/Processor.php:32
at vendor/laravel/framework/src/Illuminate/Database/Query/Builder.php:3796
at vendor/laravel/framework/src/Illuminate/Database/Eloquent/Builder.php:2205
at vendor/laravel/framework/src/Illuminate/Database/Eloquent/Model.php:1410
at vendor/laravel/framework/src/Illuminate/Database/Eloquent/Model.php:1375
at vendor/laravel/framework/src/Illuminate/Database/Eloquent/Model.php:1214
at vendor/laravel/framework/src/Illuminate/Database/Eloquent/Factories/Factory.php:350
at vendor/laravel/framework/src/Illuminate/Collections/Traits/EnumeratesValues.php:271
at vendor/laravel/framework/src/Illuminate/Database/Eloquent/Factories/Factory.php:345
at vendor/laravel/framework/src/Illuminate/Database/Eloquent/Factories/Factory.php:301
at vendor/laravel/framework/src/Illuminate/Database/Eloquent/Factories/Factory.php:496
at vendor/laravel/framework/src/Illuminate/Collections/Arr.php:749
at vendor/laravel/framework/src/Illuminate/Collections/Collection.php:809
at vendor/laravel/framework/src/Illuminate/Database/Eloquent/Factories/Factory.php:491
at vendor/laravel/framework/src/Illuminate/Database/Eloquent/Factories/Factory.php:445
at vendor/laravel/framework/src/Illuminate/Database/Eloquent/Factories/Factory.php:429
at vendor/laravel/framework/src/Illuminate/Database/Eloquent/Concerns/GuardsAttributes.php:157
at vendor/laravel/framework/src/Illuminate/Database/Eloquent/Factories/Factory.php:428
at vendor/laravel/framework/src/Illuminate/Database/Eloquent/Factories/Factory.php:402
at vendor/laravel/framework/src/Illuminate/Database/Eloquent/Factories/Factory.php:398
at tests/Unit/database/Factories/Matches/EventMatchWinnerFactoryTest.php:107</error>
      </testcase>
      <testcase name="`MatchWinnerFactory Unit Tests` → `factory customization` → handles no contest scenarios" class="Tests\Unit\database\Factories\Matches\EventMatchWinnerFactoryTest" classname="Tests.Unit.database.Factories.Matches.EventMatchWinnerFactoryTest" file="tests/Unit/database/Factories/Matches/EventMatchWinnerFactoryTest.php::`MatchWinnerFactory Unit Tests` → `factory customization` → handles no contest scenarios" line="0" assertions="0" time="0.018052">
        <error type="Illuminate\Database\QueryException">`MatchWinnerFactory Unit Tests` → `factory customization` → handles no contest scenariosIlluminate\Database\QueryException: SQLSTATE[23000]: Integrity constraint violation: 19 NOT NULL constraint failed: events_matches_results.winner_type (Connection: sqlite, SQL: insert into "events_matches_results" ("match_id", "match_decision_id", "updated_at", "created_at") values (2, 1, 2025-07-23 17:36:36, 2025-07-23 17:36:36))
at vendor/laravel/framework/src/Illuminate/Database/Connection.php:568
at vendor/laravel/framework/src/Illuminate/Database/Connection.php:809
at vendor/laravel/framework/src/Illuminate/Database/Connection.php:776
at vendor/laravel/framework/src/Illuminate/Database/Connection.php:557
at vendor/laravel/framework/src/Illuminate/Database/Connection.php:521
at vendor/laravel/framework/src/Illuminate/Database/Query/Processors/Processor.php:32
at vendor/laravel/framework/src/Illuminate/Database/Query/Builder.php:3796
at vendor/laravel/framework/src/Illuminate/Database/Eloquent/Builder.php:2205
at vendor/laravel/framework/src/Illuminate/Database/Eloquent/Model.php:1410
at vendor/laravel/framework/src/Illuminate/Database/Eloquent/Model.php:1375
at vendor/laravel/framework/src/Illuminate/Database/Eloquent/Model.php:1214
at vendor/laravel/framework/src/Illuminate/Database/Eloquent/Factories/Factory.php:350
at vendor/laravel/framework/src/Illuminate/Collections/Traits/EnumeratesValues.php:271
at vendor/laravel/framework/src/Illuminate/Database/Eloquent/Factories/Factory.php:345
at vendor/laravel/framework/src/Illuminate/Database/Eloquent/Factories/Factory.php:301
at vendor/laravel/framework/src/Illuminate/Database/Eloquent/Factories/Factory.php:496
at vendor/laravel/framework/src/Illuminate/Collections/Arr.php:749
at vendor/laravel/framework/src/Illuminate/Collections/Collection.php:809
at vendor/laravel/framework/src/Illuminate/Database/Eloquent/Factories/Factory.php:491
at vendor/laravel/framework/src/Illuminate/Database/Eloquent/Factories/Factory.php:445
at vendor/laravel/framework/src/Illuminate/Database/Eloquent/Factories/Factory.php:429
at vendor/laravel/framework/src/Illuminate/Database/Eloquent/Concerns/GuardsAttributes.php:157
at vendor/laravel/framework/src/Illuminate/Database/Eloquent/Factories/Factory.php:428
at vendor/laravel/framework/src/Illuminate/Database/Eloquent/Factories/Factory.php:402
at vendor/laravel/framework/src/Illuminate/Database/Eloquent/Factories/Factory.php:398
at tests/Unit/database/Factories/Matches/EventMatchWinnerFactoryTest.php:122
Caused by
PDOException: SQLSTATE[23000]: Integrity constraint violation: 19 NOT NULL constraint failed: events_matches_results.winner_type

at vendor/laravel/framework/src/Illuminate/Database/Connection.php:568
at vendor/laravel/framework/src/Illuminate/Database/Connection.php:809
at vendor/laravel/framework/src/Illuminate/Database/Connection.php:776
at vendor/laravel/framework/src/Illuminate/Database/Connection.php:557
at vendor/laravel/framework/src/Illuminate/Database/Connection.php:521
at vendor/laravel/framework/src/Illuminate/Database/Query/Processors/Processor.php:32
at vendor/laravel/framework/src/Illuminate/Database/Query/Builder.php:3796
at vendor/laravel/framework/src/Illuminate/Database/Eloquent/Builder.php:2205
at vendor/laravel/framework/src/Illuminate/Database/Eloquent/Model.php:1410
at vendor/laravel/framework/src/Illuminate/Database/Eloquent/Model.php:1375
at vendor/laravel/framework/src/Illuminate/Database/Eloquent/Model.php:1214
at vendor/laravel/framework/src/Illuminate/Database/Eloquent/Factories/Factory.php:350
at vendor/laravel/framework/src/Illuminate/Collections/Traits/EnumeratesValues.php:271
at vendor/laravel/framework/src/Illuminate/Database/Eloquent/Factories/Factory.php:345
at vendor/laravel/framework/src/Illuminate/Database/Eloquent/Factories/Factory.php:301
at vendor/laravel/framework/src/Illuminate/Database/Eloquent/Factories/Factory.php:496
at vendor/laravel/framework/src/Illuminate/Collections/Arr.php:749
at vendor/laravel/framework/src/Illuminate/Collections/Collection.php:809
at vendor/laravel/framework/src/Illuminate/Database/Eloquent/Factories/Factory.php:491
at vendor/laravel/framework/src/Illuminate/Database/Eloquent/Factories/Factory.php:445
at vendor/laravel/framework/src/Illuminate/Database/Eloquent/Factories/Factory.php:429
at vendor/laravel/framework/src/Illuminate/Database/Eloquent/Concerns/GuardsAttributes.php:157
at vendor/laravel/framework/src/Illuminate/Database/Eloquent/Factories/Factory.php:428
at vendor/laravel/framework/src/Illuminate/Database/Eloquent/Factories/Factory.php:402
at vendor/laravel/framework/src/Illuminate/Database/Eloquent/Factories/Factory.php:398
at tests/Unit/database/Factories/Matches/EventMatchWinnerFactoryTest.php:122</error>
      </testcase>
      <testcase name="`MatchWinnerFactory Unit Tests` → `data consistency` → database creation works correctly" class="Tests\Unit\database\Factories\Matches\EventMatchWinnerFactoryTest" classname="Tests.Unit.database.Factories.Matches.EventMatchWinnerFactoryTest" file="tests/Unit/database/Factories/Matches/EventMatchWinnerFactoryTest.php::`MatchWinnerFactory Unit Tests` → `data consistency` → database creation works correctly" line="0" assertions="0" time="0.018031">
        <error type="Illuminate\Database\QueryException">`MatchWinnerFactory Unit Tests` → `data consistency` → database creation works correctlyIlluminate\Database\QueryException: SQLSTATE[23000]: Integrity constraint violation: 19 NOT NULL constraint failed: events_matches_results.winner_type (Connection: sqlite, SQL: insert into "events_matches_results" ("match_id", "match_decision_id", "updated_at", "created_at") values (1, 1, 2025-07-23 17:36:36, 2025-07-23 17:36:36))
at vendor/laravel/framework/src/Illuminate/Database/Connection.php:568
at vendor/laravel/framework/src/Illuminate/Database/Connection.php:809
at vendor/laravel/framework/src/Illuminate/Database/Connection.php:776
at vendor/laravel/framework/src/Illuminate/Database/Connection.php:557
at vendor/laravel/framework/src/Illuminate/Database/Connection.php:521
at vendor/laravel/framework/src/Illuminate/Database/Query/Processors/Processor.php:32
at vendor/laravel/framework/src/Illuminate/Database/Query/Builder.php:3796
at vendor/laravel/framework/src/Illuminate/Database/Eloquent/Builder.php:2205
at vendor/laravel/framework/src/Illuminate/Database/Eloquent/Model.php:1410
at vendor/laravel/framework/src/Illuminate/Database/Eloquent/Model.php:1375
at vendor/laravel/framework/src/Illuminate/Database/Eloquent/Model.php:1214
at vendor/laravel/framework/src/Illuminate/Database/Eloquent/Factories/Factory.php:350
at vendor/laravel/framework/src/Illuminate/Collections/Traits/EnumeratesValues.php:271
at vendor/laravel/framework/src/Illuminate/Database/Eloquent/Factories/Factory.php:345
at vendor/laravel/framework/src/Illuminate/Database/Eloquent/Factories/Factory.php:301
at vendor/laravel/framework/src/Illuminate/Database/Eloquent/Factories/Factory.php:496
at vendor/laravel/framework/src/Illuminate/Collections/Arr.php:749
at vendor/laravel/framework/src/Illuminate/Collections/Collection.php:809
at vendor/laravel/framework/src/Illuminate/Database/Eloquent/Factories/Factory.php:491
at vendor/laravel/framework/src/Illuminate/Database/Eloquent/Factories/Factory.php:445
at vendor/laravel/framework/src/Illuminate/Database/Eloquent/Factories/Factory.php:429
at vendor/laravel/framework/src/Illuminate/Database/Eloquent/Concerns/GuardsAttributes.php:157
at vendor/laravel/framework/src/Illuminate/Database/Eloquent/Factories/Factory.php:428
at vendor/laravel/framework/src/Illuminate/Database/Eloquent/Factories/Factory.php:402
at vendor/laravel/framework/src/Illuminate/Database/Eloquent/Factories/Factory.php:298
at tests/Unit/database/Factories/Matches/EventMatchWinnerFactoryTest.php:138
Caused by
PDOException: SQLSTATE[23000]: Integrity constraint violation: 19 NOT NULL constraint failed: events_matches_results.winner_type

at vendor/laravel/framework/src/Illuminate/Database/Connection.php:568
at vendor/laravel/framework/src/Illuminate/Database/Connection.php:809
at vendor/laravel/framework/src/Illuminate/Database/Connection.php:776
at vendor/laravel/framework/src/Illuminate/Database/Connection.php:557
at vendor/laravel/framework/src/Illuminate/Database/Connection.php:521
at vendor/laravel/framework/src/Illuminate/Database/Query/Processors/Processor.php:32
at vendor/laravel/framework/src/Illuminate/Database/Query/Builder.php:3796
at vendor/laravel/framework/src/Illuminate/Database/Eloquent/Builder.php:2205
at vendor/laravel/framework/src/Illuminate/Database/Eloquent/Model.php:1410
at vendor/laravel/framework/src/Illuminate/Database/Eloquent/Model.php:1375
at vendor/laravel/framework/src/Illuminate/Database/Eloquent/Model.php:1214
at vendor/laravel/framework/src/Illuminate/Database/Eloquent/Factories/Factory.php:350
at vendor/laravel/framework/src/Illuminate/Collections/Traits/EnumeratesValues.php:271
at vendor/laravel/framework/src/Illuminate/Database/Eloquent/Factories/Factory.php:345
at vendor/laravel/framework/src/Illuminate/Database/Eloquent/Factories/Factory.php:301
at vendor/laravel/framework/src/Illuminate/Database/Eloquent/Factories/Factory.php:496
at vendor/laravel/framework/src/Illuminate/Collections/Arr.php:749
at vendor/laravel/framework/src/Illuminate/Collections/Collection.php:809
at vendor/laravel/framework/src/Illuminate/Database/Eloquent/Factories/Factory.php:491
at vendor/laravel/framework/src/Illuminate/Database/Eloquent/Factories/Factory.php:445
at vendor/laravel/framework/src/Illuminate/Database/Eloquent/Factories/Factory.php:429
at vendor/laravel/framework/src/Illuminate/Database/Eloquent/Concerns/GuardsAttributes.php:157
at vendor/laravel/framework/src/Illuminate/Database/Eloquent/Factories/Factory.php:428
at vendor/laravel/framework/src/Illuminate/Database/Eloquent/Factories/Factory.php:402
at vendor/laravel/framework/src/Illuminate/Database/Eloquent/Factories/Factory.php:298
at tests/Unit/database/Factories/Matches/EventMatchWinnerFactoryTest.php:138</error>
      </testcase>
      <testcase name="`MatchWinnerFactory Unit Tests` → `data consistency` → maintains valid winner types" class="Tests\Unit\database\Factories\Matches\EventMatchWinnerFactoryTest" classname="Tests.Unit.database.Factories.Matches.EventMatchWinnerFactoryTest" file="tests/Unit/database/Factories/Matches/EventMatchWinnerFactoryTest.php::`MatchWinnerFactory Unit Tests` → `data consistency` → maintains valid winner types" line="0" assertions="0" time="0.013993">
        <error type="Illuminate\Database\QueryException">`MatchWinnerFactory Unit Tests` → `data consistency` → maintains valid winner typesIlluminate\Database\QueryException: SQLSTATE[23000]: Integrity constraint violation: 19 NOT NULL constraint failed: events_matches_results.winner_type (Connection: sqlite, SQL: insert into "events_matches_results" ("match_id", "match_decision_id", "updated_at", "created_at") values (1, 1, 2025-07-23 17:36:36, 2025-07-23 17:36:36))
at vendor/laravel/framework/src/Illuminate/Database/Connection.php:568
at vendor/laravel/framework/src/Illuminate/Database/Connection.php:809
at vendor/laravel/framework/src/Illuminate/Database/Connection.php:776
at vendor/laravel/framework/src/Illuminate/Database/Connection.php:557
at vendor/laravel/framework/src/Illuminate/Database/Connection.php:521
at vendor/laravel/framework/src/Illuminate/Database/Query/Processors/Processor.php:32
at vendor/laravel/framework/src/Illuminate/Database/Query/Builder.php:3796
at vendor/laravel/framework/src/Illuminate/Database/Eloquent/Builder.php:2205
at vendor/laravel/framework/src/Illuminate/Database/Eloquent/Model.php:1410
at vendor/laravel/framework/src/Illuminate/Database/Eloquent/Model.php:1375
at vendor/laravel/framework/src/Illuminate/Database/Eloquent/Model.php:1214
at vendor/laravel/framework/src/Illuminate/Database/Eloquent/Factories/Factory.php:350
at vendor/laravel/framework/src/Illuminate/Collections/Traits/EnumeratesValues.php:271
at vendor/laravel/framework/src/Illuminate/Database/Eloquent/Factories/Factory.php:345
at vendor/laravel/framework/src/Illuminate/Database/Eloquent/Factories/Factory.php:301
at vendor/laravel/framework/src/Illuminate/Database/Eloquent/Factories/Factory.php:496
at vendor/laravel/framework/src/Illuminate/Collections/Arr.php:749
at vendor/laravel/framework/src/Illuminate/Collections/Collection.php:809
at vendor/laravel/framework/src/Illuminate/Database/Eloquent/Factories/Factory.php:491
at vendor/laravel/framework/src/Illuminate/Database/Eloquent/Factories/Factory.php:445
at vendor/laravel/framework/src/Illuminate/Database/Eloquent/Factories/Factory.php:429
at vendor/laravel/framework/src/Illuminate/Database/Eloquent/Concerns/GuardsAttributes.php:157
at vendor/laravel/framework/src/Illuminate/Database/Eloquent/Factories/Factory.php:428
at vendor/laravel/framework/src/Illuminate/Database/Eloquent/Factories/Factory.php:402
at tests/Unit/database/Factories/Matches/EventMatchWinnerFactoryTest.php:147
at vendor/laravel/framework/src/Illuminate/Collections/Arr.php:749
at vendor/laravel/framework/src/Illuminate/Collections/Collection.php:809
at tests/Unit/database/Factories/Matches/EventMatchWinnerFactoryTest.php:147
Caused by
PDOException: SQLSTATE[23000]: Integrity constraint violation: 19 NOT NULL constraint failed: events_matches_results.winner_type

at vendor/laravel/framework/src/Illuminate/Database/Connection.php:568
at vendor/laravel/framework/src/Illuminate/Database/Connection.php:809
at vendor/laravel/framework/src/Illuminate/Database/Connection.php:776
at vendor/laravel/framework/src/Illuminate/Database/Connection.php:557
at vendor/laravel/framework/src/Illuminate/Database/Connection.php:521
at vendor/laravel/framework/src/Illuminate/Database/Query/Processors/Processor.php:32
at vendor/laravel/framework/src/Illuminate/Database/Query/Builder.php:3796
at vendor/laravel/framework/src/Illuminate/Database/Eloquent/Builder.php:2205
at vendor/laravel/framework/src/Illuminate/Database/Eloquent/Model.php:1410
at vendor/laravel/framework/src/Illuminate/Database/Eloquent/Model.php:1375
at vendor/laravel/framework/src/Illuminate/Database/Eloquent/Model.php:1214
at vendor/laravel/framework/src/Illuminate/Database/Eloquent/Factories/Factory.php:350
at vendor/laravel/framework/src/Illuminate/Collections/Traits/EnumeratesValues.php:271
at vendor/laravel/framework/src/Illuminate/Database/Eloquent/Factories/Factory.php:345
at vendor/laravel/framework/src/Illuminate/Database/Eloquent/Factories/Factory.php:301
at vendor/laravel/framework/src/Illuminate/Database/Eloquent/Factories/Factory.php:496
at vendor/laravel/framework/src/Illuminate/Collections/Arr.php:749
at vendor/laravel/framework/src/Illuminate/Collections/Collection.php:809
at vendor/laravel/framework/src/Illuminate/Database/Eloquent/Factories/Factory.php:491
at vendor/laravel/framework/src/Illuminate/Database/Eloquent/Factories/Factory.php:445
at vendor/laravel/framework/src/Illuminate/Database/Eloquent/Factories/Factory.php:429
at vendor/laravel/framework/src/Illuminate/Database/Eloquent/Concerns/GuardsAttributes.php:157
at vendor/laravel/framework/src/Illuminate/Database/Eloquent/Factories/Factory.php:428
at vendor/laravel/framework/src/Illuminate/Database/Eloquent/Factories/Factory.php:402
at tests/Unit/database/Factories/Matches/EventMatchWinnerFactoryTest.php:147
at vendor/laravel/framework/src/Illuminate/Collections/Arr.php:749
at vendor/laravel/framework/src/Illuminate/Collections/Collection.php:809
at tests/Unit/database/Factories/Matches/EventMatchWinnerFactoryTest.php:147</error>
      </testcase>
      <testcase name="`MatchWinnerFactory Unit Tests` → `data consistency` → creates winners with valid match result associations" class="Tests\Unit\database\Factories\Matches\EventMatchWinnerFactoryTest" classname="Tests.Unit.database.Factories.Matches.EventMatchWinnerFactoryTest" file="tests/Unit/database/Factories/Matches/EventMatchWinnerFactoryTest.php::`MatchWinnerFactory Unit Tests` → `data consistency` → creates winners with valid match result associations" line="0" assertions="0" time="0.013933">
        <error type="Illuminate\Database\QueryException">`MatchWinnerFactory Unit Tests` → `data consistency` → creates winners with valid match result associationsIlluminate\Database\QueryException: SQLSTATE[23000]: Integrity constraint violation: 19 NOT NULL constraint failed: events_matches_results.winner_type (Connection: sqlite, SQL: insert into "events_matches_results" ("match_id", "match_decision_id", "updated_at", "created_at") values (1, 1, 2025-07-23 17:36:36, 2025-07-23 17:36:36))
at vendor/laravel/framework/src/Illuminate/Database/Connection.php:568
at vendor/laravel/framework/src/Illuminate/Database/Connection.php:809
at vendor/laravel/framework/src/Illuminate/Database/Connection.php:776
at vendor/laravel/framework/src/Illuminate/Database/Connection.php:557
at vendor/laravel/framework/src/Illuminate/Database/Connection.php:521
at vendor/laravel/framework/src/Illuminate/Database/Query/Processors/Processor.php:32
at vendor/laravel/framework/src/Illuminate/Database/Query/Builder.php:3796
at vendor/laravel/framework/src/Illuminate/Database/Eloquent/Builder.php:2205
at vendor/laravel/framework/src/Illuminate/Database/Eloquent/Model.php:1410
at vendor/laravel/framework/src/Illuminate/Database/Eloquent/Model.php:1375
at vendor/laravel/framework/src/Illuminate/Database/Eloquent/Model.php:1214
at vendor/laravel/framework/src/Illuminate/Database/Eloquent/Factories/Factory.php:350
at vendor/laravel/framework/src/Illuminate/Collections/Traits/EnumeratesValues.php:271
at vendor/laravel/framework/src/Illuminate/Database/Eloquent/Factories/Factory.php:345
at vendor/laravel/framework/src/Illuminate/Database/Eloquent/Factories/Factory.php:301
at vendor/laravel/framework/src/Illuminate/Database/Eloquent/Factories/Factory.php:496
at vendor/laravel/framework/src/Illuminate/Collections/Arr.php:749
at vendor/laravel/framework/src/Illuminate/Collections/Collection.php:809
at vendor/laravel/framework/src/Illuminate/Database/Eloquent/Factories/Factory.php:491
at vendor/laravel/framework/src/Illuminate/Database/Eloquent/Factories/Factory.php:445
at vendor/laravel/framework/src/Illuminate/Database/Eloquent/Factories/Factory.php:429
at vendor/laravel/framework/src/Illuminate/Database/Eloquent/Concerns/GuardsAttributes.php:157
at vendor/laravel/framework/src/Illuminate/Database/Eloquent/Factories/Factory.php:428
at vendor/laravel/framework/src/Illuminate/Database/Eloquent/Factories/Factory.php:402
at tests/Unit/database/Factories/Matches/EventMatchWinnerFactoryTest.php:159
Caused by
PDOException: SQLSTATE[23000]: Integrity constraint violation: 19 NOT NULL constraint failed: events_matches_results.winner_type

at vendor/laravel/framework/src/Illuminate/Database/Connection.php:568
at vendor/laravel/framework/src/Illuminate/Database/Connection.php:809
at vendor/laravel/framework/src/Illuminate/Database/Connection.php:776
at vendor/laravel/framework/src/Illuminate/Database/Connection.php:557
at vendor/laravel/framework/src/Illuminate/Database/Connection.php:521
at vendor/laravel/framework/src/Illuminate/Database/Query/Processors/Processor.php:32
at vendor/laravel/framework/src/Illuminate/Database/Query/Builder.php:3796
at vendor/laravel/framework/src/Illuminate/Database/Eloquent/Builder.php:2205
at vendor/laravel/framework/src/Illuminate/Database/Eloquent/Model.php:1410
at vendor/laravel/framework/src/Illuminate/Database/Eloquent/Model.php:1375
at vendor/laravel/framework/src/Illuminate/Database/Eloquent/Model.php:1214
at vendor/laravel/framework/src/Illuminate/Database/Eloquent/Factories/Factory.php:350
at vendor/laravel/framework/src/Illuminate/Collections/Traits/EnumeratesValues.php:271
at vendor/laravel/framework/src/Illuminate/Database/Eloquent/Factories/Factory.php:345
at vendor/laravel/framework/src/Illuminate/Database/Eloquent/Factories/Factory.php:301
at vendor/laravel/framework/src/Illuminate/Database/Eloquent/Factories/Factory.php:496
at vendor/laravel/framework/src/Illuminate/Collections/Arr.php:749
at vendor/laravel/framework/src/Illuminate/Collections/Collection.php:809
at vendor/laravel/framework/src/Illuminate/Database/Eloquent/Factories/Factory.php:491
at vendor/laravel/framework/src/Illuminate/Database/Eloquent/Factories/Factory.php:445
at vendor/laravel/framework/src/Illuminate/Database/Eloquent/Factories/Factory.php:429
at vendor/laravel/framework/src/Illuminate/Database/Eloquent/Concerns/GuardsAttributes.php:157
at vendor/laravel/framework/src/Illuminate/Database/Eloquent/Factories/Factory.php:428
at vendor/laravel/framework/src/Illuminate/Database/Eloquent/Factories/Factory.php:402
at tests/Unit/database/Factories/Matches/EventMatchWinnerFactoryTest.php:159</error>
      </testcase>
    </testsuite>
    <testsuite name="Tests\Unit\database\Factories\Matches\MatchCompetitorFactoryTest" file="tests/Unit/database/Factories/Matches/MatchCompetitorFactoryTest.php" tests="10" assertions="50" errors="0" failures="0" skipped="0" time="0.161198">
      <testcase name="`MatchCompetitorFactory Unit Tests` → `default attribute generation` → creates competitor with correct default attributes" class="Tests\Unit\database\Factories\Matches\MatchCompetitorFactoryTest" classname="Tests.Unit.database.Factories.Matches.MatchCompetitorFactoryTest" file="tests/Unit/database/Factories/Matches/MatchCompetitorFactoryTest.php::`MatchCompetitorFactory Unit Tests` → `default attribute generation` → creates competitor with correct default attributes" line="0" assertions="4" time="0.013555"/>
      <testcase name="`MatchCompetitorFactory Unit Tests` → `default attribute generation` → creates realistic competitor side assignments" class="Tests\Unit\database\Factories\Matches\MatchCompetitorFactoryTest" classname="Tests.Unit.database.Factories.Matches.MatchCompetitorFactoryTest" file="tests/Unit/database/Factories/Matches/MatchCompetitorFactoryTest.php::`MatchCompetitorFactory Unit Tests` → `default attribute generation` → creates realistic competitor side assignments" line="0" assertions="5" time="0.013551"/>
      <testcase name="`MatchCompetitorFactory Unit Tests` → `factory state methods` → wrestler competitor state works correctly" class="Tests\Unit\database\Factories\Matches\MatchCompetitorFactoryTest" classname="Tests.Unit.database.Factories.Matches.MatchCompetitorFactoryTest" file="tests/Unit/database/Factories/Matches/MatchCompetitorFactoryTest.php::`MatchCompetitorFactory Unit Tests` → `factory state methods` → wrestler competitor state works correctly" line="0" assertions="3" time="0.015751"/>
      <testcase name="`MatchCompetitorFactory Unit Tests` → `factory state methods` → tag team competitor state works correctly" class="Tests\Unit\database\Factories\Matches\MatchCompetitorFactoryTest" classname="Tests.Unit.database.Factories.Matches.MatchCompetitorFactoryTest" file="tests/Unit/database/Factories/Matches/MatchCompetitorFactoryTest.php::`MatchCompetitorFactory Unit Tests` → `factory state methods` → tag team competitor state works correctly" line="0" assertions="3" time="0.022889"/>
      <testcase name="`MatchCompetitorFactory Unit Tests` → `factory state methods` → side assignment state works correctly" class="Tests\Unit\database\Factories\Matches\MatchCompetitorFactoryTest" classname="Tests.Unit.database.Factories.Matches.MatchCompetitorFactoryTest" file="tests/Unit/database/Factories/Matches/MatchCompetitorFactoryTest.php::`MatchCompetitorFactory Unit Tests` → `factory state methods` → side assignment state works correctly" line="0" assertions="2" time="0.016168"/>
      <testcase name="`MatchCompetitorFactory Unit Tests` → `factory customization` → accepts custom match association" class="Tests\Unit\database\Factories\Matches\MatchCompetitorFactoryTest" classname="Tests.Unit.database.Factories.Matches.MatchCompetitorFactoryTest" file="tests/Unit/database/Factories/Matches/MatchCompetitorFactoryTest.php::`MatchCompetitorFactory Unit Tests` → `factory customization` → accepts custom match association" line="0" assertions="1" time="0.019421"/>
      <testcase name="`MatchCompetitorFactory Unit Tests` → `factory customization` → accepts custom competitor configuration" class="Tests\Unit\database\Factories\Matches\MatchCompetitorFactoryTest" classname="Tests.Unit.database.Factories.Matches.MatchCompetitorFactoryTest" file="tests/Unit/database/Factories/Matches/MatchCompetitorFactoryTest.php::`MatchCompetitorFactory Unit Tests` → `factory customization` → accepts custom competitor configuration" line="0" assertions="3" time="0.014041"/>
      <testcase name="`MatchCompetitorFactory Unit Tests` → `data consistency` → database creation works correctly" class="Tests\Unit\database\Factories\Matches\MatchCompetitorFactoryTest" classname="Tests.Unit.database.Factories.Matches.MatchCompetitorFactoryTest" file="tests/Unit/database/Factories/Matches/MatchCompetitorFactoryTest.php::`MatchCompetitorFactory Unit Tests` → `data consistency` → database creation works correctly" line="0" assertions="1" time="0.013512"/>
      <testcase name="`MatchCompetitorFactory Unit Tests` → `data consistency` → maintains valid competitor types" class="Tests\Unit\database\Factories\Matches\MatchCompetitorFactoryTest" classname="Tests.Unit.database.Factories.Matches.MatchCompetitorFactoryTest" file="tests/Unit/database/Factories/Matches/MatchCompetitorFactoryTest.php::`MatchCompetitorFactory Unit Tests` → `data consistency` → maintains valid competitor types" line="0" assertions="25" time="0.019017"/>
      <testcase name="`MatchCompetitorFactory Unit Tests` → `data consistency` → creates competitors with valid match associations" class="Tests\Unit\database\Factories\Matches\MatchCompetitorFactoryTest" classname="Tests.Unit.database.Factories.Matches.MatchCompetitorFactoryTest" file="tests/Unit/database/Factories/Matches/MatchCompetitorFactoryTest.php::`MatchCompetitorFactory Unit Tests` → `data consistency` → creates competitors with valid match associations" line="0" assertions="3" time="0.013292"/>
    </testsuite>
    <testsuite name="Tests\Unit\database\Factories\Matches\MatchDecisionFactoryTest" file="tests/Unit/database/Factories/Matches/MatchDecisionFactoryTest.php" tests="6" assertions="9" errors="0" failures="0" skipped="0" time="0.074002">
      <testcase name="`MatchDecisionFactory Unit Tests` → `default attribute generation` → creates match decision with correct default attributes" class="Tests\Unit\database\Factories\Matches\MatchDecisionFactoryTest" classname="Tests.Unit.database.Factories.Matches.MatchDecisionFactoryTest" file="tests/Unit/database/Factories/Matches/MatchDecisionFactoryTest.php::`MatchDecisionFactory Unit Tests` → `default attribute generation` → creates match decision with correct default attributes" line="0" assertions="2" time="0.012349"/>
      <testcase name="`MatchDecisionFactory Unit Tests` → `default attribute generation` → generates realistic match decision names" class="Tests\Unit\database\Factories\Matches\MatchDecisionFactoryTest" classname="Tests.Unit.database.Factories.Matches.MatchDecisionFactoryTest" file="tests/Unit/database/Factories/Matches/MatchDecisionFactoryTest.php::`MatchDecisionFactory Unit Tests` → `default attribute generation` → generates realistic match decision names" line="0" assertions="2" time="0.013884"/>
      <testcase name="`MatchDecisionFactory Unit Tests` → `factory customization` → accepts custom attribute overrides" class="Tests\Unit\database\Factories\Matches\MatchDecisionFactoryTest" classname="Tests.Unit.database.Factories.Matches.MatchDecisionFactoryTest" file="tests/Unit/database/Factories/Matches/MatchDecisionFactoryTest.php::`MatchDecisionFactory Unit Tests` → `factory customization` → accepts custom attribute overrides" line="0" assertions="1" time="0.012283"/>
      <testcase name="`MatchDecisionFactory Unit Tests` → `factory customization` → maintains required attributes when overriding" class="Tests\Unit\database\Factories\Matches\MatchDecisionFactoryTest" classname="Tests.Unit.database.Factories.Matches.MatchDecisionFactoryTest" file="tests/Unit/database/Factories/Matches/MatchDecisionFactoryTest.php::`MatchDecisionFactory Unit Tests` → `factory customization` → maintains required attributes when overriding" line="0" assertions="1" time="0.011253"/>
      <testcase name="`MatchDecisionFactory Unit Tests` → `data consistency` → generates unique match decision names" class="Tests\Unit\database\Factories\Matches\MatchDecisionFactoryTest" classname="Tests.Unit.database.Factories.Matches.MatchDecisionFactoryTest" file="tests/Unit/database/Factories/Matches/MatchDecisionFactoryTest.php::`MatchDecisionFactory Unit Tests` → `data consistency` → generates unique match decision names" line="0" assertions="1" time="0.011377"/>
      <testcase name="`MatchDecisionFactory Unit Tests` → `data consistency` → database creation works correctly" class="Tests\Unit\database\Factories\Matches\MatchDecisionFactoryTest" classname="Tests.Unit.database.Factories.Matches.MatchDecisionFactoryTest" file="tests/Unit/database/Factories/Matches/MatchDecisionFactoryTest.php::`MatchDecisionFactory Unit Tests` → `data consistency` → database creation works correctly" line="0" assertions="2" time="0.012856"/>
    </testsuite>
    <testsuite name="Tests\Unit\database\Factories\Matches\MatchTypeFactoryTest" file="tests/Unit/database/Factories/Matches/MatchTypeFactoryTest.php" tests="7" assertions="19" errors="0" failures="0" skipped="0" time="0.08562">
      <testcase name="`MatchTypeFactory Unit Tests` → `default attribute generation` → creates match type with correct default attributes" class="Tests\Unit\database\Factories\Matches\MatchTypeFactoryTest" classname="Tests.Unit.database.Factories.Matches.MatchTypeFactoryTest" file="tests/Unit/database/Factories/Matches/MatchTypeFactoryTest.php::`MatchTypeFactory Unit Tests` → `default attribute generation` → creates match type with correct default attributes" line="0" assertions="2" time="0.012137"/>
      <testcase name="`MatchTypeFactory Unit Tests` → `default attribute generation` → generates realistic match type names" class="Tests\Unit\database\Factories\Matches\MatchTypeFactoryTest" classname="Tests.Unit.database.Factories.Matches.MatchTypeFactoryTest" file="tests/Unit/database/Factories/Matches/MatchTypeFactoryTest.php::`MatchTypeFactory Unit Tests` → `default attribute generation` → generates realistic match type names" line="0" assertions="2" time="0.011501"/>
      <testcase name="`MatchTypeFactory Unit Tests` → `factory customization` → accepts custom attribute overrides" class="Tests\Unit\database\Factories\Matches\MatchTypeFactoryTest" classname="Tests.Unit.database.Factories.Matches.MatchTypeFactoryTest" file="tests/Unit/database/Factories/Matches/MatchTypeFactoryTest.php::`MatchTypeFactory Unit Tests` → `factory customization` → accepts custom attribute overrides" line="0" assertions="1" time="0.011497"/>
      <testcase name="`MatchTypeFactory Unit Tests` → `factory customization` → maintains required attributes when overriding" class="Tests\Unit\database\Factories\Matches\MatchTypeFactoryTest" classname="Tests.Unit.database.Factories.Matches.MatchTypeFactoryTest" file="tests/Unit/database/Factories/Matches/MatchTypeFactoryTest.php::`MatchTypeFactory Unit Tests` → `factory customization` → maintains required attributes when overriding" line="0" assertions="1" time="0.011517"/>
      <testcase name="`MatchTypeFactory Unit Tests` → `data consistency` → generates unique match type names" class="Tests\Unit\database\Factories\Matches\MatchTypeFactoryTest" classname="Tests.Unit.database.Factories.Matches.MatchTypeFactoryTest" file="tests/Unit/database/Factories/Matches/MatchTypeFactoryTest.php::`MatchTypeFactory Unit Tests` → `data consistency` → generates unique match type names" line="0" assertions="1" time="0.011236"/>
      <testcase name="`MatchTypeFactory Unit Tests` → `data consistency` → database creation works correctly" class="Tests\Unit\database\Factories\Matches\MatchTypeFactoryTest" classname="Tests.Unit.database.Factories.Matches.MatchTypeFactoryTest" file="tests/Unit/database/Factories/Matches/MatchTypeFactoryTest.php::`MatchTypeFactory Unit Tests` → `data consistency` → database creation works correctly" line="0" assertions="2" time="0.013021"/>
      <testcase name="`MatchTypeFactory Unit Tests` → `data consistency` → generates consistent data format" class="Tests\Unit\database\Factories\Matches\MatchTypeFactoryTest" classname="Tests.Unit.database.Factories.Matches.MatchTypeFactoryTest" file="tests/Unit/database/Factories/Matches/MatchTypeFactoryTest.php::`MatchTypeFactory Unit Tests` → `data consistency` → generates consistent data format" line="0" assertions="10" time="0.014713"/>
    </testsuite>
    <testsuite name="Tests\Unit\database\Factories\Referees\RefereeEmploymentFactoryTest" file="tests/Unit/database/Factories/Referees/RefereeEmploymentFactoryTest.php" tests="8" assertions="17" errors="0" failures="0" skipped="0" time="0.114657">
      <testcase name="`RefereeEmploymentFactory Unit Tests` → `default attribute generation` → creates employment with correct default attributes" class="Tests\Unit\database\Factories\Referees\RefereeEmploymentFactoryTest" classname="Tests.Unit.database.Factories.Referees.RefereeEmploymentFactoryTest" file="tests/Unit/database/Factories/Referees/RefereeEmploymentFactoryTest.php::`RefereeEmploymentFactory Unit Tests` → `default attribute generation` → creates employment with correct default attributes" line="0" assertions="3" time="0.013126"/>
      <testcase name="`RefereeEmploymentFactory Unit Tests` → `default attribute generation` → creates realistic employment dates" class="Tests\Unit\database\Factories\Referees\RefereeEmploymentFactoryTest" classname="Tests.Unit.database.Factories.Referees.RefereeEmploymentFactoryTest" file="tests/Unit/database/Factories/Referees/RefereeEmploymentFactoryTest.php::`RefereeEmploymentFactory Unit Tests` → `default attribute generation` → creates realistic employment dates" line="0" assertions="1" time="0.018310"/>
      <testcase name="`RefereeEmploymentFactory Unit Tests` → `factory state methods` → current employment state works correctly" class="Tests\Unit\database\Factories\Referees\RefereeEmploymentFactoryTest" classname="Tests.Unit.database.Factories.Referees.RefereeEmploymentFactoryTest" file="tests/Unit/database/Factories/Referees/RefereeEmploymentFactoryTest.php::`RefereeEmploymentFactory Unit Tests` → `factory state methods` → current employment state works correctly" line="0" assertions="3" time="0.013264"/>
      <testcase name="`RefereeEmploymentFactory Unit Tests` → `factory state methods` → past employment state works correctly" class="Tests\Unit\database\Factories\Referees\RefereeEmploymentFactoryTest" classname="Tests.Unit.database.Factories.Referees.RefereeEmploymentFactoryTest" file="tests/Unit/database/Factories/Referees/RefereeEmploymentFactoryTest.php::`RefereeEmploymentFactory Unit Tests` → `factory state methods` → past employment state works correctly" line="0" assertions="4" time="0.012432"/>
      <testcase name="`RefereeEmploymentFactory Unit Tests` → `factory customization` → accepts custom referee association" class="Tests\Unit\database\Factories\Referees\RefereeEmploymentFactoryTest" classname="Tests.Unit.database.Factories.Referees.RefereeEmploymentFactoryTest" file="tests/Unit/database/Factories/Referees/RefereeEmploymentFactoryTest.php::`RefereeEmploymentFactory Unit Tests` → `factory customization` → accepts custom referee association" line="0" assertions="1" time="0.014771"/>
      <testcase name="`RefereeEmploymentFactory Unit Tests` → `factory customization` → accepts custom date ranges" class="Tests\Unit\database\Factories\Referees\RefereeEmploymentFactoryTest" classname="Tests.Unit.database.Factories.Referees.RefereeEmploymentFactoryTest" file="tests/Unit/database/Factories/Referees/RefereeEmploymentFactoryTest.php::`RefereeEmploymentFactory Unit Tests` → `factory customization` → accepts custom date ranges" line="0" assertions="2" time="0.013633"/>
      <testcase name="`RefereeEmploymentFactory Unit Tests` → `data consistency` → database creation works correctly" class="Tests\Unit\database\Factories\Referees\RefereeEmploymentFactoryTest" classname="Tests.Unit.database.Factories.Referees.RefereeEmploymentFactoryTest" file="tests/Unit/database/Factories/Referees/RefereeEmploymentFactoryTest.php::`RefereeEmploymentFactory Unit Tests` → `data consistency` → database creation works correctly" line="0" assertions="2" time="0.015550"/>
      <testcase name="`RefereeEmploymentFactory Unit Tests` → `data consistency` → maintains date consistency" class="Tests\Unit\database\Factories\Referees\RefereeEmploymentFactoryTest" classname="Tests.Unit.database.Factories.Referees.RefereeEmploymentFactoryTest" file="tests/Unit/database/Factories/Referees/RefereeEmploymentFactoryTest.php::`RefereeEmploymentFactory Unit Tests` → `data consistency` → maintains date consistency" line="0" assertions="1" time="0.013571"/>
    </testsuite>
    <testsuite name="Tests\Unit\database\Factories\Referees\RefereeFactoryTest" file="tests/Unit/database/Factories/Referees/RefereeFactoryTest.php" tests="7" assertions="17" errors="0" failures="1" skipped="0" time="0.09918">
      <testcase name="`RefereeFactory Unit Tests` → `default attribute generation` → creates referee with correct default attributes" class="Tests\Unit\database\Factories\Referees\RefereeFactoryTest" classname="Tests.Unit.database.Factories.Referees.RefereeFactoryTest" file="tests/Unit/database/Factories/Referees/RefereeFactoryTest.php::`RefereeFactory Unit Tests` → `default attribute generation` → creates referee with correct default attributes" line="0" assertions="5" time="0.014922"/>
      <testcase name="`RefereeFactory Unit Tests` → `default attribute generation` → generates realistic referee names" class="Tests\Unit\database\Factories\Referees\RefereeFactoryTest" classname="Tests.Unit.database.Factories.Referees.RefereeFactoryTest" file="tests/Unit/database/Factories/Referees/RefereeFactoryTest.php::`RefereeFactory Unit Tests` → `default attribute generation` → generates realistic referee names" line="0" assertions="4" time="0.014821"/>
      <testcase name="`RefereeFactory Unit Tests` → `factory state methods` → unemployed state works correctly" class="Tests\Unit\database\Factories\Referees\RefereeFactoryTest" classname="Tests.Unit.database.Factories.Referees.RefereeFactoryTest" file="tests/Unit/database/Factories/Referees/RefereeFactoryTest.php::`RefereeFactory Unit Tests` → `factory state methods` → unemployed state works correctly" line="0" assertions="1" time="0.012620"/>
      <testcase name="`RefereeFactory Unit Tests` → `factory state methods` → employed state works correctly" class="Tests\Unit\database\Factories\Referees\RefereeFactoryTest" classname="Tests.Unit.database.Factories.Referees.RefereeFactoryTest" file="tests/Unit/database/Factories/Referees/RefereeFactoryTest.php::`RefereeFactory Unit Tests` → `factory state methods` → employed state works correctly" line="0" assertions="1" time="0.017697">
        <failure type="PHPUnit\Framework\ExpectationFailedException">`RefereeFactory Unit Tests` → `factory state methods` → employed state works correctlyFailed asserting that two variables reference the same object.
at tests/Unit/database/Factories/Referees/RefereeFactoryTest.php:66</failure>
      </testcase>
      <testcase name="`RefereeFactory Unit Tests` → `factory customization` → accepts custom attribute overrides" class="Tests\Unit\database\Factories\Referees\RefereeFactoryTest" classname="Tests.Unit.database.Factories.Referees.RefereeFactoryTest" file="tests/Unit/database/Factories/Referees/RefereeFactoryTest.php::`RefereeFactory Unit Tests` → `factory customization` → accepts custom attribute overrides" line="0" assertions="3" time="0.014259"/>
      <testcase name="`RefereeFactory Unit Tests` → `data consistency` → generates unique referee names" class="Tests\Unit\database\Factories\Referees\RefereeFactoryTest" classname="Tests.Unit.database.Factories.Referees.RefereeFactoryTest" file="tests/Unit/database/Factories/Referees/RefereeFactoryTest.php::`RefereeFactory Unit Tests` → `data consistency` → generates unique referee names" line="0" assertions="1" time="0.013233"/>
      <testcase name="`RefereeFactory Unit Tests` → `data consistency` → database creation works correctly" class="Tests\Unit\database\Factories\Referees\RefereeFactoryTest" classname="Tests.Unit.database.Factories.Referees.RefereeFactoryTest" file="tests/Unit/database/Factories/Referees/RefereeFactoryTest.php::`RefereeFactory Unit Tests` → `data consistency` → database creation works correctly" line="0" assertions="2" time="0.011628"/>
    </testsuite>
    <testsuite name="Tests\Unit\database\Factories\Referees\RefereeInjuryFactoryTest" file="tests/Unit/database/Factories/Referees/RefereeInjuryFactoryTest.php" tests="8" assertions="17" errors="0" failures="0" skipped="0" time="0.115945">
      <testcase name="`RefereeInjuryFactory Unit Tests` → `default attribute generation` → creates injury with correct default attributes" class="Tests\Unit\database\Factories\Referees\RefereeInjuryFactoryTest" classname="Tests.Unit.database.Factories.Referees.RefereeInjuryFactoryTest" file="tests/Unit/database/Factories/Referees/RefereeInjuryFactoryTest.php::`RefereeInjuryFactory Unit Tests` → `default attribute generation` → creates injury with correct default attributes" line="0" assertions="3" time="0.015204"/>
      <testcase name="`RefereeInjuryFactory Unit Tests` → `default attribute generation` → creates realistic injury dates" class="Tests\Unit\database\Factories\Referees\RefereeInjuryFactoryTest" classname="Tests.Unit.database.Factories.Referees.RefereeInjuryFactoryTest" file="tests/Unit/database/Factories/Referees/RefereeInjuryFactoryTest.php::`RefereeInjuryFactory Unit Tests` → `default attribute generation` → creates realistic injury dates" line="0" assertions="1" time="0.012483"/>
      <testcase name="`RefereeInjuryFactory Unit Tests` → `factory state methods` → current injury state works correctly" class="Tests\Unit\database\Factories\Referees\RefereeInjuryFactoryTest" classname="Tests.Unit.database.Factories.Referees.RefereeInjuryFactoryTest" file="tests/Unit/database/Factories/Referees/RefereeInjuryFactoryTest.php::`RefereeInjuryFactory Unit Tests` → `factory state methods` → current injury state works correctly" line="0" assertions="3" time="0.013482"/>
      <testcase name="`RefereeInjuryFactory Unit Tests` → `factory state methods` → cleared injury state works correctly" class="Tests\Unit\database\Factories\Referees\RefereeInjuryFactoryTest" classname="Tests.Unit.database.Factories.Referees.RefereeInjuryFactoryTest" file="tests/Unit/database/Factories/Referees/RefereeInjuryFactoryTest.php::`RefereeInjuryFactory Unit Tests` → `factory state methods` → cleared injury state works correctly" line="0" assertions="4" time="0.017301"/>
      <testcase name="`RefereeInjuryFactory Unit Tests` → `factory customization` → accepts custom referee association" class="Tests\Unit\database\Factories\Referees\RefereeInjuryFactoryTest" classname="Tests.Unit.database.Factories.Referees.RefereeInjuryFactoryTest" file="tests/Unit/database/Factories/Referees/RefereeInjuryFactoryTest.php::`RefereeInjuryFactory Unit Tests` → `factory customization` → accepts custom referee association" line="0" assertions="1" time="0.017901"/>
      <testcase name="`RefereeInjuryFactory Unit Tests` → `factory customization` → accepts custom date ranges" class="Tests\Unit\database\Factories\Referees\RefereeInjuryFactoryTest" classname="Tests.Unit.database.Factories.Referees.RefereeInjuryFactoryTest" file="tests/Unit/database/Factories/Referees/RefereeInjuryFactoryTest.php::`RefereeInjuryFactory Unit Tests` → `factory customization` → accepts custom date ranges" line="0" assertions="2" time="0.013492"/>
      <testcase name="`RefereeInjuryFactory Unit Tests` → `data consistency` → database creation works correctly" class="Tests\Unit\database\Factories\Referees\RefereeInjuryFactoryTest" classname="Tests.Unit.database.Factories.Referees.RefereeInjuryFactoryTest" file="tests/Unit/database/Factories/Referees/RefereeInjuryFactoryTest.php::`RefereeInjuryFactory Unit Tests` → `data consistency` → database creation works correctly" line="0" assertions="2" time="0.014210"/>
      <testcase name="`RefereeInjuryFactory Unit Tests` → `data consistency` → maintains date consistency" class="Tests\Unit\database\Factories\Referees\RefereeInjuryFactoryTest" classname="Tests.Unit.database.Factories.Referees.RefereeInjuryFactoryTest" file="tests/Unit/database/Factories/Referees/RefereeInjuryFactoryTest.php::`RefereeInjuryFactory Unit Tests` → `data consistency` → maintains date consistency" line="0" assertions="1" time="0.011872"/>
    </testsuite>
    <testsuite name="Tests\Unit\database\Factories\Referees\RefereeRetirementFactoryTest" file="tests/Unit/database/Factories/Referees/RefereeRetirementFactoryTest.php" tests="8" assertions="17" errors="0" failures="0" skipped="0" time="0.119116">
      <testcase name="`RefereeRetirementFactory Unit Tests` → `default attribute generation` → creates retirement with correct default attributes" class="Tests\Unit\database\Factories\Referees\RefereeRetirementFactoryTest" classname="Tests.Unit.database.Factories.Referees.RefereeRetirementFactoryTest" file="tests/Unit/database/Factories/Referees/RefereeRetirementFactoryTest.php::`RefereeRetirementFactory Unit Tests` → `default attribute generation` → creates retirement with correct default attributes" line="0" assertions="3" time="0.012842"/>
      <testcase name="`RefereeRetirementFactory Unit Tests` → `default attribute generation` → creates realistic retirement dates" class="Tests\Unit\database\Factories\Referees\RefereeRetirementFactoryTest" classname="Tests.Unit.database.Factories.Referees.RefereeRetirementFactoryTest" file="tests/Unit/database/Factories/Referees/RefereeRetirementFactoryTest.php::`RefereeRetirementFactory Unit Tests` → `default attribute generation` → creates realistic retirement dates" line="0" assertions="1" time="0.012301"/>
      <testcase name="`RefereeRetirementFactory Unit Tests` → `factory state methods` → current retirement state works correctly" class="Tests\Unit\database\Factories\Referees\RefereeRetirementFactoryTest" classname="Tests.Unit.database.Factories.Referees.RefereeRetirementFactoryTest" file="tests/Unit/database/Factories/Referees/RefereeRetirementFactoryTest.php::`RefereeRetirementFactory Unit Tests` → `factory state methods` → current retirement state works correctly" line="0" assertions="3" time="0.012947"/>
      <testcase name="`RefereeRetirementFactory Unit Tests` → `factory state methods` → ended retirement state works correctly" class="Tests\Unit\database\Factories\Referees\RefereeRetirementFactoryTest" classname="Tests.Unit.database.Factories.Referees.RefereeRetirementFactoryTest" file="tests/Unit/database/Factories/Referees/RefereeRetirementFactoryTest.php::`RefereeRetirementFactory Unit Tests` → `factory state methods` → ended retirement state works correctly" line="0" assertions="4" time="0.019173"/>
      <testcase name="`RefereeRetirementFactory Unit Tests` → `factory customization` → accepts custom referee association" class="Tests\Unit\database\Factories\Referees\RefereeRetirementFactoryTest" classname="Tests.Unit.database.Factories.Referees.RefereeRetirementFactoryTest" file="tests/Unit/database/Factories/Referees/RefereeRetirementFactoryTest.php::`RefereeRetirementFactory Unit Tests` → `factory customization` → accepts custom referee association" line="0" assertions="1" time="0.018329"/>
      <testcase name="`RefereeRetirementFactory Unit Tests` → `factory customization` → accepts custom date ranges" class="Tests\Unit\database\Factories\Referees\RefereeRetirementFactoryTest" classname="Tests.Unit.database.Factories.Referees.RefereeRetirementFactoryTest" file="tests/Unit/database/Factories/Referees/RefereeRetirementFactoryTest.php::`RefereeRetirementFactory Unit Tests` → `factory customization` → accepts custom date ranges" line="0" assertions="2" time="0.014061"/>
      <testcase name="`RefereeRetirementFactory Unit Tests` → `data consistency` → database creation works correctly" class="Tests\Unit\database\Factories\Referees\RefereeRetirementFactoryTest" classname="Tests.Unit.database.Factories.Referees.RefereeRetirementFactoryTest" file="tests/Unit/database/Factories/Referees/RefereeRetirementFactoryTest.php::`RefereeRetirementFactory Unit Tests` → `data consistency` → database creation works correctly" line="0" assertions="2" time="0.012755"/>
      <testcase name="`RefereeRetirementFactory Unit Tests` → `data consistency` → maintains date consistency" class="Tests\Unit\database\Factories\Referees\RefereeRetirementFactoryTest" classname="Tests.Unit.database.Factories.Referees.RefereeRetirementFactoryTest" file="tests/Unit/database/Factories/Referees/RefereeRetirementFactoryTest.php::`RefereeRetirementFactory Unit Tests` → `data consistency` → maintains date consistency" line="0" assertions="1" time="0.016708"/>
    </testsuite>
    <testsuite name="Tests\Unit\database\Factories\Referees\RefereeSuspensionFactoryTest" file="tests/Unit/database/Factories/Referees/RefereeSuspensionFactoryTest.php" tests="8" assertions="17" errors="0" failures="0" skipped="0" time="0.112963">
      <testcase name="`RefereeSuspensionFactory Unit Tests` → `default attribute generation` → creates suspension with correct default attributes" class="Tests\Unit\database\Factories\Referees\RefereeSuspensionFactoryTest" classname="Tests.Unit.database.Factories.Referees.RefereeSuspensionFactoryTest" file="tests/Unit/database/Factories/Referees/RefereeSuspensionFactoryTest.php::`RefereeSuspensionFactory Unit Tests` → `default attribute generation` → creates suspension with correct default attributes" line="0" assertions="3" time="0.012367"/>
      <testcase name="`RefereeSuspensionFactory Unit Tests` → `default attribute generation` → creates realistic suspension dates" class="Tests\Unit\database\Factories\Referees\RefereeSuspensionFactoryTest" classname="Tests.Unit.database.Factories.Referees.RefereeSuspensionFactoryTest" file="tests/Unit/database/Factories/Referees/RefereeSuspensionFactoryTest.php::`RefereeSuspensionFactory Unit Tests` → `default attribute generation` → creates realistic suspension dates" line="0" assertions="1" time="0.012656"/>
      <testcase name="`RefereeSuspensionFactory Unit Tests` → `factory state methods` → current suspension state works correctly" class="Tests\Unit\database\Factories\Referees\RefereeSuspensionFactoryTest" classname="Tests.Unit.database.Factories.Referees.RefereeSuspensionFactoryTest" file="tests/Unit/database/Factories/Referees/RefereeSuspensionFactoryTest.php::`RefereeSuspensionFactory Unit Tests` → `factory state methods` → current suspension state works correctly" line="0" assertions="3" time="0.017724"/>
      <testcase name="`RefereeSuspensionFactory Unit Tests` → `factory state methods` → reinstated suspension state works correctly" class="Tests\Unit\database\Factories\Referees\RefereeSuspensionFactoryTest" classname="Tests.Unit.database.Factories.Referees.RefereeSuspensionFactoryTest" file="tests/Unit/database/Factories/Referees/RefereeSuspensionFactoryTest.php::`RefereeSuspensionFactory Unit Tests` → `factory state methods` → reinstated suspension state works correctly" line="0" assertions="4" time="0.014977"/>
      <testcase name="`RefereeSuspensionFactory Unit Tests` → `factory customization` → accepts custom referee association" class="Tests\Unit\database\Factories\Referees\RefereeSuspensionFactoryTest" classname="Tests.Unit.database.Factories.Referees.RefereeSuspensionFactoryTest" file="tests/Unit/database/Factories/Referees/RefereeSuspensionFactoryTest.php::`RefereeSuspensionFactory Unit Tests` → `factory customization` → accepts custom referee association" line="0" assertions="1" time="0.015027"/>
      <testcase name="`RefereeSuspensionFactory Unit Tests` → `factory customization` → accepts custom date ranges" class="Tests\Unit\database\Factories\Referees\RefereeSuspensionFactoryTest" classname="Tests.Unit.database.Factories.Referees.RefereeSuspensionFactoryTest" file="tests/Unit/database/Factories/Referees/RefereeSuspensionFactoryTest.php::`RefereeSuspensionFactory Unit Tests` → `factory customization` → accepts custom date ranges" line="0" assertions="2" time="0.013620"/>
      <testcase name="`RefereeSuspensionFactory Unit Tests` → `data consistency` → database creation works correctly" class="Tests\Unit\database\Factories\Referees\RefereeSuspensionFactoryTest" classname="Tests.Unit.database.Factories.Referees.RefereeSuspensionFactoryTest" file="tests/Unit/database/Factories/Referees/RefereeSuspensionFactoryTest.php::`RefereeSuspensionFactory Unit Tests` → `data consistency` → database creation works correctly" line="0" assertions="2" time="0.014392"/>
      <testcase name="`RefereeSuspensionFactory Unit Tests` → `data consistency` → maintains date consistency" class="Tests\Unit\database\Factories\Referees\RefereeSuspensionFactoryTest" classname="Tests.Unit.database.Factories.Referees.RefereeSuspensionFactoryTest" file="tests/Unit/database/Factories/Referees/RefereeSuspensionFactoryTest.php::`RefereeSuspensionFactory Unit Tests` → `data consistency` → maintains date consistency" line="0" assertions="1" time="0.012201"/>
    </testsuite>
    <testsuite name="Tests\Unit\database\Factories\Shared\VenueFactoryTest" file="tests/Unit/database/Factories/Shared/VenueFactoryTest.php" tests="7" assertions="42" errors="0" failures="0" skipped="0" time="0.088058">
      <testcase name="`VenueFactory Unit Tests` → `default attribute generation` → creates venue with correct default attributes" class="Tests\Unit\database\Factories\Shared\VenueFactoryTest" classname="Tests.Unit.database.Factories.Shared.VenueFactoryTest" file="tests/Unit/database/Factories/Shared/VenueFactoryTest.php::`VenueFactory Unit Tests` → `default attribute generation` → creates venue with correct default attributes" line="0" assertions="7" time="0.011902"/>
      <testcase name="`VenueFactory Unit Tests` → `default attribute generation` → generates realistic venue names" class="Tests\Unit\database\Factories\Shared\VenueFactoryTest" classname="Tests.Unit.database.Factories.Shared.VenueFactoryTest" file="tests/Unit/database/Factories/Shared/VenueFactoryTest.php::`VenueFactory Unit Tests` → `default attribute generation` → generates realistic venue names" line="0" assertions="3" time="0.013967"/>
      <testcase name="`VenueFactory Unit Tests` → `default attribute generation` → generates valid address components" class="Tests\Unit\database\Factories\Shared\VenueFactoryTest" classname="Tests.Unit.database.Factories.Shared.VenueFactoryTest" file="tests/Unit/database/Factories/Shared/VenueFactoryTest.php::`VenueFactory Unit Tests` → `default attribute generation` → generates valid address components" line="0" assertions="8" time="0.011412"/>
      <testcase name="`VenueFactory Unit Tests` → `factory customization` → accepts custom attribute overrides" class="Tests\Unit\database\Factories\Shared\VenueFactoryTest" classname="Tests.Unit.database.Factories.Shared.VenueFactoryTest" file="tests/Unit/database/Factories/Shared/VenueFactoryTest.php::`VenueFactory Unit Tests` → `factory customization` → accepts custom attribute overrides" line="0" assertions="3" time="0.011835"/>
      <testcase name="`VenueFactory Unit Tests` → `factory customization` → maintains required attributes when overriding" class="Tests\Unit\database\Factories\Shared\VenueFactoryTest" classname="Tests.Unit.database.Factories.Shared.VenueFactoryTest" file="tests/Unit/database/Factories/Shared/VenueFactoryTest.php::`VenueFactory Unit Tests` → `factory customization` → maintains required attributes when overriding" line="0" assertions="5" time="0.011559"/>
      <testcase name="`VenueFactory Unit Tests` → `data consistency` → generates unique venue names" class="Tests\Unit\database\Factories\Shared\VenueFactoryTest" classname="Tests.Unit.database.Factories.Shared.VenueFactoryTest" file="tests/Unit/database/Factories/Shared/VenueFactoryTest.php::`VenueFactory Unit Tests` → `data consistency` → generates unique venue names" line="0" assertions="1" time="0.014522"/>
      <testcase name="`VenueFactory Unit Tests` → `data consistency` → generates consistent data format" class="Tests\Unit\database\Factories\Shared\VenueFactoryTest" classname="Tests.Unit.database.Factories.Shared.VenueFactoryTest" file="tests/Unit/database/Factories/Shared/VenueFactoryTest.php::`VenueFactory Unit Tests` → `data consistency` → generates consistent data format" line="0" assertions="15" time="0.012861"/>
    </testsuite>
    <testsuite name="Tests\Unit\database\Factories\Stables\StableActivityPeriodFactoryTest" file="tests/Unit/database/Factories/Stables/StableActivityPeriodFactoryTest.php" tests="8" assertions="17" errors="0" failures="1" skipped="0" time="0.102494">
      <testcase name="`StableActivityPeriodFactory Unit Tests` → `default attribute generation` → creates activity period with correct default attributes" class="Tests\Unit\database\Factories\Stables\StableActivityPeriodFactoryTest" classname="Tests.Unit.database.Factories.Stables.StableActivityPeriodFactoryTest" file="tests/Unit/database/Factories/Stables/StableActivityPeriodFactoryTest.php::`StableActivityPeriodFactory Unit Tests` → `default attribute generation` → creates activity period with correct default attributes" line="0" assertions="3" time="0.013173"/>
      <testcase name="`StableActivityPeriodFactory Unit Tests` → `default attribute generation` → creates realistic activity dates" class="Tests\Unit\database\Factories\Stables\StableActivityPeriodFactoryTest" classname="Tests.Unit.database.Factories.Stables.StableActivityPeriodFactoryTest" file="tests/Unit/database/Factories/Stables/StableActivityPeriodFactoryTest.php::`StableActivityPeriodFactory Unit Tests` → `default attribute generation` → creates realistic activity dates" line="0" assertions="1" time="0.015290">
        <failure type="PHPUnit\Framework\ExpectationFailedException">`StableActivityPeriodFactory Unit Tests` → `default attribute generation` → creates realistic activity datesFailed asserting that false is true.
at tests/Unit/database/Factories/Stables/StableActivityPeriodFactoryTest.php:45</failure>
      </testcase>
      <testcase name="`StableActivityPeriodFactory Unit Tests` → `factory state methods` → current activity state works correctly" class="Tests\Unit\database\Factories\Stables\StableActivityPeriodFactoryTest" classname="Tests.Unit.database.Factories.Stables.StableActivityPeriodFactoryTest" file="tests/Unit/database/Factories/Stables/StableActivityPeriodFactoryTest.php::`StableActivityPeriodFactory Unit Tests` → `factory state methods` → current activity state works correctly" line="0" assertions="3" time="0.012143"/>
      <testcase name="`StableActivityPeriodFactory Unit Tests` → `factory state methods` → ended activity state works correctly" class="Tests\Unit\database\Factories\Stables\StableActivityPeriodFactoryTest" classname="Tests.Unit.database.Factories.Stables.StableActivityPeriodFactoryTest" file="tests/Unit/database/Factories/Stables/StableActivityPeriodFactoryTest.php::`StableActivityPeriodFactory Unit Tests` → `factory state methods` → ended activity state works correctly" line="0" assertions="4" time="0.012742"/>
      <testcase name="`StableActivityPeriodFactory Unit Tests` → `factory customization` → accepts custom stable association" class="Tests\Unit\database\Factories\Stables\StableActivityPeriodFactoryTest" classname="Tests.Unit.database.Factories.Stables.StableActivityPeriodFactoryTest" file="tests/Unit/database/Factories/Stables/StableActivityPeriodFactoryTest.php::`StableActivityPeriodFactory Unit Tests` → `factory customization` → accepts custom stable association" line="0" assertions="1" time="0.012238"/>
      <testcase name="`StableActivityPeriodFactory Unit Tests` → `factory customization` → accepts custom date ranges" class="Tests\Unit\database\Factories\Stables\StableActivityPeriodFactoryTest" classname="Tests.Unit.database.Factories.Stables.StableActivityPeriodFactoryTest" file="tests/Unit/database/Factories/Stables/StableActivityPeriodFactoryTest.php::`StableActivityPeriodFactory Unit Tests` → `factory customization` → accepts custom date ranges" line="0" assertions="2" time="0.012013"/>
      <testcase name="`StableActivityPeriodFactory Unit Tests` → `data consistency` → database creation works correctly" class="Tests\Unit\database\Factories\Stables\StableActivityPeriodFactoryTest" classname="Tests.Unit.database.Factories.Stables.StableActivityPeriodFactoryTest" file="tests/Unit/database/Factories/Stables/StableActivityPeriodFactoryTest.php::`StableActivityPeriodFactory Unit Tests` → `data consistency` → database creation works correctly" line="0" assertions="2" time="0.012884"/>
      <testcase name="`StableActivityPeriodFactory Unit Tests` → `data consistency` → maintains date consistency" class="Tests\Unit\database\Factories\Stables\StableActivityPeriodFactoryTest" classname="Tests.Unit.database.Factories.Stables.StableActivityPeriodFactoryTest" file="tests/Unit/database/Factories/Stables/StableActivityPeriodFactoryTest.php::`StableActivityPeriodFactory Unit Tests` → `data consistency` → maintains date consistency" line="0" assertions="1" time="0.012011"/>
    </testsuite>
    <testsuite name="Tests\Unit\database\Factories\Stables\StableFactoryTest" file="tests/Unit/database/Factories/Stables/StableFactoryTest.php" tests="9" assertions="12" errors="0" failures="0" skipped="0" time="0.14689">
      <testcase name="`StableFactory Unit Tests` → `default attribute generation` → creates stable with correct default attributes" class="Tests\Unit\database\Factories\Stables\StableFactoryTest" classname="Tests.Unit.database.Factories.Stables.StableFactoryTest" file="tests/Unit/database/Factories/Stables/StableFactoryTest.php::`StableFactory Unit Tests` → `default attribute generation` → creates stable with correct default attributes" line="0" assertions="2" time="0.011872"/>
      <testcase name="`StableFactory Unit Tests` → `default attribute generation` → generates realistic stable names" class="Tests\Unit\database\Factories\Stables\StableFactoryTest" classname="Tests.Unit.database.Factories.Stables.StableFactoryTest" file="tests/Unit/database/Factories/Stables/StableFactoryTest.php::`StableFactory Unit Tests` → `default attribute generation` → generates realistic stable names" line="0" assertions="2" time="0.011184"/>
      <testcase name="`StableFactory Unit Tests` → `factory state methods` → active state works correctly" class="Tests\Unit\database\Factories\Stables\StableFactoryTest" classname="Tests.Unit.database.Factories.Stables.StableFactoryTest" file="tests/Unit/database/Factories/Stables/StableFactoryTest.php::`StableFactory Unit Tests` → `factory state methods` → active state works correctly" line="0" assertions="1" time="0.019123"/>
      <testcase name="`StableFactory Unit Tests` → `factory state methods` → inactive state works correctly" class="Tests\Unit\database\Factories\Stables\StableFactoryTest" classname="Tests.Unit.database.Factories.Stables.StableFactoryTest" file="tests/Unit/database/Factories/Stables/StableFactoryTest.php::`StableFactory Unit Tests` → `factory state methods` → inactive state works correctly" line="0" assertions="1" time="0.026349"/>
      <testcase name="`StableFactory Unit Tests` → `factory state methods` → retired state works correctly" class="Tests\Unit\database\Factories\Stables\StableFactoryTest" classname="Tests.Unit.database.Factories.Stables.StableFactoryTest" file="tests/Unit/database/Factories/Stables/StableFactoryTest.php::`StableFactory Unit Tests` → `factory state methods` → retired state works correctly" line="0" assertions="1" time="0.026888"/>
      <testcase name="`StableFactory Unit Tests` → `factory customization` → accepts custom attribute overrides" class="Tests\Unit\database\Factories\Stables\StableFactoryTest" classname="Tests.Unit.database.Factories.Stables.StableFactoryTest" file="tests/Unit/database/Factories/Stables/StableFactoryTest.php::`StableFactory Unit Tests` → `factory customization` → accepts custom attribute overrides" line="0" assertions="1" time="0.011390"/>
      <testcase name="`StableFactory Unit Tests` → `factory customization` → maintains required attributes when overriding" class="Tests\Unit\database\Factories\Stables\StableFactoryTest" classname="Tests.Unit.database.Factories.Stables.StableFactoryTest" file="tests/Unit/database/Factories/Stables/StableFactoryTest.php::`StableFactory Unit Tests` → `factory customization` → maintains required attributes when overriding" line="0" assertions="1" time="0.011114"/>
      <testcase name="`StableFactory Unit Tests` → `data consistency` → generates unique stable names" class="Tests\Unit\database\Factories\Stables\StableFactoryTest" classname="Tests.Unit.database.Factories.Stables.StableFactoryTest" file="tests/Unit/database/Factories/Stables/StableFactoryTest.php::`StableFactory Unit Tests` → `data consistency` → generates unique stable names" line="0" assertions="1" time="0.012749"/>
      <testcase name="`StableFactory Unit Tests` → `data consistency` → database creation works correctly" class="Tests\Unit\database\Factories\Stables\StableFactoryTest" classname="Tests.Unit.database.Factories.Stables.StableFactoryTest" file="tests/Unit/database/Factories/Stables/StableFactoryTest.php::`StableFactory Unit Tests` → `data consistency` → database creation works correctly" line="0" assertions="2" time="0.016221"/>
    </testsuite>
    <testsuite name="Tests\Unit\database\Factories\Stables\StableRetirementFactoryTest" file="tests/Unit/database/Factories/Stables/StableRetirementFactoryTest.php" tests="8" assertions="17" errors="0" failures="0" skipped="0" time="0.125096">
      <testcase name="`StableRetirementFactory Unit Tests` → `default attribute generation` → creates retirement with correct default attributes" class="Tests\Unit\database\Factories\Stables\StableRetirementFactoryTest" classname="Tests.Unit.database.Factories.Stables.StableRetirementFactoryTest" file="tests/Unit/database/Factories/Stables/StableRetirementFactoryTest.php::`StableRetirementFactory Unit Tests` → `default attribute generation` → creates retirement with correct default attributes" line="0" assertions="3" time="0.012704"/>
      <testcase name="`StableRetirementFactory Unit Tests` → `default attribute generation` → creates realistic retirement dates" class="Tests\Unit\database\Factories\Stables\StableRetirementFactoryTest" classname="Tests.Unit.database.Factories.Stables.StableRetirementFactoryTest" file="tests/Unit/database/Factories/Stables/StableRetirementFactoryTest.php::`StableRetirementFactory Unit Tests` → `default attribute generation` → creates realistic retirement dates" line="0" assertions="1" time="0.011916"/>
      <testcase name="`StableRetirementFactory Unit Tests` → `factory state methods` → current retirement state works correctly" class="Tests\Unit\database\Factories\Stables\StableRetirementFactoryTest" classname="Tests.Unit.database.Factories.Stables.StableRetirementFactoryTest" file="tests/Unit/database/Factories/Stables/StableRetirementFactoryTest.php::`StableRetirementFactory Unit Tests` → `factory state methods` → current retirement state works correctly" line="0" assertions="3" time="0.012501"/>
      <testcase name="`StableRetirementFactory Unit Tests` → `factory state methods` → ended retirement state works correctly" class="Tests\Unit\database\Factories\Stables\StableRetirementFactoryTest" classname="Tests.Unit.database.Factories.Stables.StableRetirementFactoryTest" file="tests/Unit/database/Factories/Stables/StableRetirementFactoryTest.php::`StableRetirementFactory Unit Tests` → `factory state methods` → ended retirement state works correctly" line="0" assertions="4" time="0.012485"/>
      <testcase name="`StableRetirementFactory Unit Tests` → `factory customization` → accepts custom stable association" class="Tests\Unit\database\Factories\Stables\StableRetirementFactoryTest" classname="Tests.Unit.database.Factories.Stables.StableRetirementFactoryTest" file="tests/Unit/database/Factories/Stables/StableRetirementFactoryTest.php::`StableRetirementFactory Unit Tests` → `factory customization` → accepts custom stable association" line="0" assertions="1" time="0.022714"/>
      <testcase name="`StableRetirementFactory Unit Tests` → `factory customization` → accepts custom date ranges" class="Tests\Unit\database\Factories\Stables\StableRetirementFactoryTest" classname="Tests.Unit.database.Factories.Stables.StableRetirementFactoryTest" file="tests/Unit/database/Factories/Stables/StableRetirementFactoryTest.php::`StableRetirementFactory Unit Tests` → `factory customization` → accepts custom date ranges" line="0" assertions="2" time="0.017049"/>
      <testcase name="`StableRetirementFactory Unit Tests` → `data consistency` → database creation works correctly" class="Tests\Unit\database\Factories\Stables\StableRetirementFactoryTest" classname="Tests.Unit.database.Factories.Stables.StableRetirementFactoryTest" file="tests/Unit/database/Factories/Stables/StableRetirementFactoryTest.php::`StableRetirementFactory Unit Tests` → `data consistency` → database creation works correctly" line="0" assertions="2" time="0.020165"/>
      <testcase name="`StableRetirementFactory Unit Tests` → `data consistency` → maintains date consistency" class="Tests\Unit\database\Factories\Stables\StableRetirementFactoryTest" classname="Tests.Unit.database.Factories.Stables.StableRetirementFactoryTest" file="tests/Unit/database/Factories/Stables/StableRetirementFactoryTest.php::`StableRetirementFactory Unit Tests` → `data consistency` → maintains date consistency" line="0" assertions="1" time="0.015561"/>
    </testsuite>
    <testsuite name="Tests\Unit\database\Factories\Stables\StableStatusChangeFactoryTest" file="tests/Unit/database/Factories/Stables/StableStatusChangeFactoryTest.php" tests="16" assertions="50" errors="7" failures="0" skipped="0" time="0.230154">
      <testcase name="`StableStatusChangeFactory Unit Tests` → `default attribute generation` → creates status change with correct default attributes" class="Tests\Unit\database\Factories\Stables\StableStatusChangeFactoryTest" classname="Tests.Unit.database.Factories.Stables.StableStatusChangeFactoryTest" file="tests/Unit/database/Factories/Stables/StableStatusChangeFactoryTest.php::`StableStatusChangeFactory Unit Tests` → `default attribute generation` → creates status change with correct default attributes" line="0" assertions="3" time="0.014612"/>
      <testcase name="`StableStatusChangeFactory Unit Tests` → `default attribute generation` → generates realistic status change timeline" class="Tests\Unit\database\Factories\Stables\StableStatusChangeFactoryTest" classname="Tests.Unit.database.Factories.Stables.StableStatusChangeFactoryTest" file="tests/Unit/database/Factories/Stables/StableStatusChangeFactoryTest.php::`StableStatusChangeFactory Unit Tests` → `default attribute generation` → generates realistic status change timeline" line="0" assertions="2" time="0.014025"/>
      <testcase name="`StableStatusChangeFactory Unit Tests` → `default attribute generation` → creates valid activation status values" class="Tests\Unit\database\Factories\Stables\StableStatusChangeFactoryTest" classname="Tests.Unit.database.Factories.Stables.StableStatusChangeFactoryTest" file="tests/Unit/database/Factories/Stables/StableStatusChangeFactoryTest.php::`StableStatusChangeFactory Unit Tests` → `default attribute generation` → creates valid activation status values" line="0" assertions="20" time="0.025069"/>
      <testcase name="`StableStatusChangeFactory Unit Tests` → `factory state methods` → active state works correctly" class="Tests\Unit\database\Factories\Stables\StableStatusChangeFactoryTest" classname="Tests.Unit.database.Factories.Stables.StableStatusChangeFactoryTest" file="tests/Unit/database/Factories/Stables/StableStatusChangeFactoryTest.php::`StableStatusChangeFactory Unit Tests` → `factory state methods` → active state works correctly" line="0" assertions="0" time="0.015442">
        <error type="BadMethodCallException">`StableStatusChangeFactory Unit Tests` → `factory state methods` → active state works correctlyBadMethodCallException: Call to undefined method Database\Factories\Stables\StableStatusChangeFactory::active()
at vendor/laravel/framework/src/Illuminate/Support/Traits/ForwardsCalls.php:67
at vendor/laravel/framework/src/Illuminate/Database/Eloquent/Factories/Factory.php:980
at tests/Unit/database/Factories/Stables/StableStatusChangeFactoryTest.php:68</error>
      </testcase>
      <testcase name="`StableStatusChangeFactory Unit Tests` → `factory state methods` → inactive state works correctly" class="Tests\Unit\database\Factories\Stables\StableStatusChangeFactoryTest" classname="Tests.Unit.database.Factories.Stables.StableStatusChangeFactoryTest" file="tests/Unit/database/Factories/Stables/StableStatusChangeFactoryTest.php::`StableStatusChangeFactory Unit Tests` → `factory state methods` → inactive state works correctly" line="0" assertions="0" time="0.017383">
        <error type="BadMethodCallException">`StableStatusChangeFactory Unit Tests` → `factory state methods` → inactive state works correctlyBadMethodCallException: Call to undefined method Database\Factories\Stables\StableStatusChangeFactory::inactive()
at vendor/laravel/framework/src/Illuminate/Support/Traits/ForwardsCalls.php:67
at vendor/laravel/framework/src/Illuminate/Database/Eloquent/Factories/Factory.php:980
at tests/Unit/database/Factories/Stables/StableStatusChangeFactoryTest.php:82</error>
      </testcase>
      <testcase name="`StableStatusChangeFactory Unit Tests` → `factory state methods` → retired state works correctly" class="Tests\Unit\database\Factories\Stables\StableStatusChangeFactoryTest" classname="Tests.Unit.database.Factories.Stables.StableStatusChangeFactoryTest" file="tests/Unit/database/Factories/Stables/StableStatusChangeFactoryTest.php::`StableStatusChangeFactory Unit Tests` → `factory state methods` → retired state works correctly" line="0" assertions="0" time="0.013818">
        <error type="BadMethodCallException">`StableStatusChangeFactory Unit Tests` → `factory state methods` → retired state works correctlyBadMethodCallException: Call to undefined method Database\Factories\Stables\StableStatusChangeFactory::retired()
at vendor/laravel/framework/src/Illuminate/Support/Traits/ForwardsCalls.php:67
at vendor/laravel/framework/src/Illuminate/Database/Eloquent/Factories/Factory.php:980
at tests/Unit/database/Factories/Stables/StableStatusChangeFactoryTest.php:96</error>
      </testcase>
      <testcase name="`StableStatusChangeFactory Unit Tests` → `factory state methods` → unactivated state works correctly" class="Tests\Unit\database\Factories\Stables\StableStatusChangeFactoryTest" classname="Tests.Unit.database.Factories.Stables.StableStatusChangeFactoryTest" file="tests/Unit/database/Factories/Stables/StableStatusChangeFactoryTest.php::`StableStatusChangeFactory Unit Tests` → `factory state methods` → unactivated state works correctly" line="0" assertions="0" time="0.015359">
        <error type="BadMethodCallException">`StableStatusChangeFactory Unit Tests` → `factory state methods` → unactivated state works correctlyBadMethodCallException: Call to undefined method Database\Factories\Stables\StableStatusChangeFactory::unactivated()
at vendor/laravel/framework/src/Illuminate/Support/Traits/ForwardsCalls.php:67
at vendor/laravel/framework/src/Illuminate/Database/Eloquent/Factories/Factory.php:980
at tests/Unit/database/Factories/Stables/StableStatusChangeFactoryTest.php:110</error>
      </testcase>
      <testcase name="`StableStatusChangeFactory Unit Tests` → `factory customization` → accepts custom stable association" class="Tests\Unit\database\Factories\Stables\StableStatusChangeFactoryTest" classname="Tests.Unit.database.Factories.Stables.StableStatusChangeFactoryTest" file="tests/Unit/database/Factories/Stables/StableStatusChangeFactoryTest.php::`StableStatusChangeFactory Unit Tests` → `factory customization` → accepts custom stable association" line="0" assertions="1" time="0.012191"/>
      <testcase name="`StableStatusChangeFactory Unit Tests` → `factory customization` → accepts custom timestamp" class="Tests\Unit\database\Factories\Stables\StableStatusChangeFactoryTest" classname="Tests.Unit.database.Factories.Stables.StableStatusChangeFactoryTest" file="tests/Unit/database/Factories/Stables/StableStatusChangeFactoryTest.php::`StableStatusChangeFactory Unit Tests` → `factory customization` → accepts custom timestamp" line="0" assertions="1" time="0.011752"/>
      <testcase name="`StableStatusChangeFactory Unit Tests` → `factory customization` → accepts custom status override" class="Tests\Unit\database\Factories\Stables\StableStatusChangeFactoryTest" classname="Tests.Unit.database.Factories.Stables.StableStatusChangeFactoryTest" file="tests/Unit/database/Factories/Stables/StableStatusChangeFactoryTest.php::`StableStatusChangeFactory Unit Tests` → `factory customization` → accepts custom status override" line="0" assertions="1" time="0.011920"/>
      <testcase name="`StableStatusChangeFactory Unit Tests` → `business rule compliance` → enforces chronological ordering for status changes" class="Tests\Unit\database\Factories\Stables\StableStatusChangeFactoryTest" classname="Tests.Unit.database.Factories.Stables.StableStatusChangeFactoryTest" file="tests/Unit/database/Factories/Stables/StableStatusChangeFactoryTest.php::`StableStatusChangeFactory Unit Tests` → `business rule compliance` → enforces chronological ordering for status changes" line="0" assertions="1" time="0.012224"/>
      <testcase name="`StableStatusChangeFactory Unit Tests` → `business rule compliance` → maintains stable context throughout status changes" class="Tests\Unit\database\Factories\Stables\StableStatusChangeFactoryTest" classname="Tests.Unit.database.Factories.Stables.StableStatusChangeFactoryTest" file="tests/Unit/database/Factories/Stables/StableStatusChangeFactoryTest.php::`StableStatusChangeFactory Unit Tests` → `business rule compliance` → maintains stable context throughout status changes" line="0" assertions="0" time="0.011442">
        <error type="BadMethodCallException">`StableStatusChangeFactory Unit Tests` → `business rule compliance` → maintains stable context throughout status changesBadMethodCallException: Call to undefined method Database\Factories\Stables\StableStatusChangeFactory::unactivated()
at vendor/laravel/framework/src/Illuminate/Support/Traits/ForwardsCalls.php:67
at vendor/laravel/framework/src/Illuminate/Database/Eloquent/Factories/Factory.php:980
at tests/Unit/database/Factories/Stables/StableStatusChangeFactoryTest.php:179</error>
      </testcase>
      <testcase name="`StableStatusChangeFactory Unit Tests` → `data consistency and integrity` → generates unique timestamps for different status changes" class="Tests\Unit\database\Factories\Stables\StableStatusChangeFactoryTest" classname="Tests.Unit.database.Factories.Stables.StableStatusChangeFactoryTest" file="tests/Unit/database/Factories/Stables/StableStatusChangeFactoryTest.php::`StableStatusChangeFactory Unit Tests` → `data consistency and integrity` → generates unique timestamps for different status changes" line="0" assertions="1" time="0.013423"/>
      <testcase name="`StableStatusChangeFactory Unit Tests` → `data consistency and integrity` → database creation works correctly" class="Tests\Unit\database\Factories\Stables\StableStatusChangeFactoryTest" classname="Tests.Unit.database.Factories.Stables.StableStatusChangeFactoryTest" file="tests/Unit/database/Factories/Stables/StableStatusChangeFactoryTest.php::`StableStatusChangeFactory Unit Tests` → `data consistency and integrity` → database creation works correctly" line="0" assertions="0" time="0.013920">
        <error type="Illuminate\Database\QueryException">`StableStatusChangeFactory Unit Tests` → `data consistency and integrity` → database creation works correctlyIlluminate\Database\QueryException: SQLSTATE[HY000]: General error: 1 no such table: stable_status_changes (Connection: sqlite, SQL: insert into "stable_status_changes" ("stable_id", "status", "changed_at", "updated_at", "created_at") values (1, retired, 2024-12-25 20:03:58, 2025-07-23 17:36:37, 2025-07-23 17:36:37))
at vendor/laravel/framework/src/Illuminate/Database/Connection.php:562
at vendor/laravel/framework/src/Illuminate/Database/Connection.php:809
at vendor/laravel/framework/src/Illuminate/Database/Connection.php:776
at vendor/laravel/framework/src/Illuminate/Database/Connection.php:557
at vendor/laravel/framework/src/Illuminate/Database/Connection.php:521
at vendor/laravel/framework/src/Illuminate/Database/Query/Processors/Processor.php:32
at vendor/laravel/framework/src/Illuminate/Database/Query/Builder.php:3796
at vendor/laravel/framework/src/Illuminate/Database/Eloquent/Builder.php:2205
at vendor/laravel/framework/src/Illuminate/Database/Eloquent/Model.php:1410
at vendor/laravel/framework/src/Illuminate/Database/Eloquent/Model.php:1375
at vendor/laravel/framework/src/Illuminate/Database/Eloquent/Model.php:1214
at vendor/laravel/framework/src/Illuminate/Database/Eloquent/Factories/Factory.php:350
at vendor/laravel/framework/src/Illuminate/Collections/Traits/EnumeratesValues.php:271
at vendor/laravel/framework/src/Illuminate/Database/Eloquent/Factories/Factory.php:345
at vendor/laravel/framework/src/Illuminate/Database/Eloquent/Factories/Factory.php:301
at tests/Unit/database/Factories/Stables/StableStatusChangeFactoryTest.php:204
Caused by
PDOException: SQLSTATE[HY000]: General error: 1 no such table: stable_status_changes

at vendor/laravel/framework/src/Illuminate/Database/Connection.php:562
at vendor/laravel/framework/src/Illuminate/Database/Connection.php:809
at vendor/laravel/framework/src/Illuminate/Database/Connection.php:776
at vendor/laravel/framework/src/Illuminate/Database/Connection.php:557
at vendor/laravel/framework/src/Illuminate/Database/Connection.php:521
at vendor/laravel/framework/src/Illuminate/Database/Query/Processors/Processor.php:32
at vendor/laravel/framework/src/Illuminate/Database/Query/Builder.php:3796
at vendor/laravel/framework/src/Illuminate/Database/Eloquent/Builder.php:2205
at vendor/laravel/framework/src/Illuminate/Database/Eloquent/Model.php:1410
at vendor/laravel/framework/src/Illuminate/Database/Eloquent/Model.php:1375
at vendor/laravel/framework/src/Illuminate/Database/Eloquent/Model.php:1214
at vendor/laravel/framework/src/Illuminate/Database/Eloquent/Factories/Factory.php:350
at vendor/laravel/framework/src/Illuminate/Collections/Traits/EnumeratesValues.php:271
at vendor/laravel/framework/src/Illuminate/Database/Eloquent/Factories/Factory.php:345
at vendor/laravel/framework/src/Illuminate/Database/Eloquent/Factories/Factory.php:301
at tests/Unit/database/Factories/Stables/StableStatusChangeFactoryTest.php:204</error>
      </testcase>
      <testcase name="`StableStatusChangeFactory Unit Tests` → `data consistency and integrity` → maintains referential integrity with stables" class="Tests\Unit\database\Factories\Stables\StableStatusChangeFactoryTest" classname="Tests.Unit.database.Factories.Stables.StableStatusChangeFactoryTest" file="tests/Unit/database/Factories/Stables/StableStatusChangeFactoryTest.php::`StableStatusChangeFactory Unit Tests` → `data consistency and integrity` → maintains referential integrity with stables" line="0" assertions="0" time="0.013631">
        <error type="Illuminate\Database\QueryException">`StableStatusChangeFactory Unit Tests` → `data consistency and integrity` → maintains referential integrity with stablesIlluminate\Database\QueryException: SQLSTATE[HY000]: General error: 1 no such table: stable_status_changes (Connection: sqlite, SQL: insert into "stable_status_changes" ("stable_id", "status", "changed_at", "updated_at", "created_at") values (1, future_activation, 2024-08-13 17:54:08, 2025-07-23 17:36:37, 2025-07-23 17:36:37))
at vendor/laravel/framework/src/Illuminate/Database/Connection.php:562
at vendor/laravel/framework/src/Illuminate/Database/Connection.php:809
at vendor/laravel/framework/src/Illuminate/Database/Connection.php:776
at vendor/laravel/framework/src/Illuminate/Database/Connection.php:557
at vendor/laravel/framework/src/Illuminate/Database/Connection.php:521
at vendor/laravel/framework/src/Illuminate/Database/Query/Processors/Processor.php:32
at vendor/laravel/framework/src/Illuminate/Database/Query/Builder.php:3796
at vendor/laravel/framework/src/Illuminate/Database/Eloquent/Builder.php:2205
at vendor/laravel/framework/src/Illuminate/Database/Eloquent/Model.php:1410
at vendor/laravel/framework/src/Illuminate/Database/Eloquent/Model.php:1375
at vendor/laravel/framework/src/Illuminate/Database/Eloquent/Model.php:1214
at vendor/laravel/framework/src/Illuminate/Database/Eloquent/Factories/Factory.php:350
at vendor/laravel/framework/src/Illuminate/Collections/Traits/EnumeratesValues.php:271
at vendor/laravel/framework/src/Illuminate/Database/Eloquent/Factories/Factory.php:345
at vendor/laravel/framework/src/Illuminate/Database/Eloquent/Factories/Factory.php:301
at vendor/laravel/framework/src/Illuminate/Database/Eloquent/Factories/Factory.php:295
at tests/Unit/database/Factories/Stables/StableStatusChangeFactoryTest.php:216
Caused by
PDOException: SQLSTATE[HY000]: General error: 1 no such table: stable_status_changes

at vendor/laravel/framework/src/Illuminate/Database/Connection.php:562
at vendor/laravel/framework/src/Illuminate/Database/Connection.php:809
at vendor/laravel/framework/src/Illuminate/Database/Connection.php:776
at vendor/laravel/framework/src/Illuminate/Database/Connection.php:557
at vendor/laravel/framework/src/Illuminate/Database/Connection.php:521
at vendor/laravel/framework/src/Illuminate/Database/Query/Processors/Processor.php:32
at vendor/laravel/framework/src/Illuminate/Database/Query/Builder.php:3796
at vendor/laravel/framework/src/Illuminate/Database/Eloquent/Builder.php:2205
at vendor/laravel/framework/src/Illuminate/Database/Eloquent/Model.php:1410
at vendor/laravel/framework/src/Illuminate/Database/Eloquent/Model.php:1375
at vendor/laravel/framework/src/Illuminate/Database/Eloquent/Model.php:1214
at vendor/laravel/framework/src/Illuminate/Database/Eloquent/Factories/Factory.php:350
at vendor/laravel/framework/src/Illuminate/Collections/Traits/EnumeratesValues.php:271
at vendor/laravel/framework/src/Illuminate/Database/Eloquent/Factories/Factory.php:345
at vendor/laravel/framework/src/Illuminate/Database/Eloquent/Factories/Factory.php:301
at vendor/laravel/framework/src/Illuminate/Database/Eloquent/Factories/Factory.php:295
at tests/Unit/database/Factories/Stables/StableStatusChangeFactoryTest.php:216</error>
      </testcase>
      <testcase name="`StableStatusChangeFactory Unit Tests` → `data consistency and integrity` → generates consistent data format across multiple instances" class="Tests\Unit\database\Factories\Stables\StableStatusChangeFactoryTest" classname="Tests.Unit.database.Factories.Stables.StableStatusChangeFactoryTest" file="tests/Unit/database/Factories/Stables/StableStatusChangeFactoryTest.php::`StableStatusChangeFactory Unit Tests` → `data consistency and integrity` → generates consistent data format across multiple instances" line="0" assertions="20" time="0.013942"/>
    </testsuite>
    <testsuite name="Tests\Unit\database\Factories\TagTeams\TagTeamEmploymentFactoryTest" file="tests/Unit/database/Factories/TagTeams/TagTeamEmploymentFactoryTest.php" tests="8" assertions="17" errors="0" failures="0" skipped="0" time="0.112115">
      <testcase name="`TagTeamEmploymentFactory Unit Tests` → `default attribute generation` → creates employment with correct default attributes" class="Tests\Unit\database\Factories\TagTeams\TagTeamEmploymentFactoryTest" classname="Tests.Unit.database.Factories.TagTeams.TagTeamEmploymentFactoryTest" file="tests/Unit/database/Factories/TagTeams/TagTeamEmploymentFactoryTest.php::`TagTeamEmploymentFactory Unit Tests` → `default attribute generation` → creates employment with correct default attributes" line="0" assertions="3" time="0.015428"/>
      <testcase name="`TagTeamEmploymentFactory Unit Tests` → `default attribute generation` → creates realistic employment dates" class="Tests\Unit\database\Factories\TagTeams\TagTeamEmploymentFactoryTest" classname="Tests.Unit.database.Factories.TagTeams.TagTeamEmploymentFactoryTest" file="tests/Unit/database/Factories/TagTeams/TagTeamEmploymentFactoryTest.php::`TagTeamEmploymentFactory Unit Tests` → `default attribute generation` → creates realistic employment dates" line="0" assertions="1" time="0.012987"/>
      <testcase name="`TagTeamEmploymentFactory Unit Tests` → `factory state methods` → current employment state works correctly" class="Tests\Unit\database\Factories\TagTeams\TagTeamEmploymentFactoryTest" classname="Tests.Unit.database.Factories.TagTeams.TagTeamEmploymentFactoryTest" file="tests/Unit/database/Factories/TagTeams/TagTeamEmploymentFactoryTest.php::`TagTeamEmploymentFactory Unit Tests` → `factory state methods` → current employment state works correctly" line="0" assertions="3" time="0.014532"/>
      <testcase name="`TagTeamEmploymentFactory Unit Tests` → `factory state methods` → past employment state works correctly" class="Tests\Unit\database\Factories\TagTeams\TagTeamEmploymentFactoryTest" classname="Tests.Unit.database.Factories.TagTeams.TagTeamEmploymentFactoryTest" file="tests/Unit/database/Factories/TagTeams/TagTeamEmploymentFactoryTest.php::`TagTeamEmploymentFactory Unit Tests` → `factory state methods` → past employment state works correctly" line="0" assertions="4" time="0.012227"/>
      <testcase name="`TagTeamEmploymentFactory Unit Tests` → `factory customization` → accepts custom tag team association" class="Tests\Unit\database\Factories\TagTeams\TagTeamEmploymentFactoryTest" classname="Tests.Unit.database.Factories.TagTeams.TagTeamEmploymentFactoryTest" file="tests/Unit/database/Factories/TagTeams/TagTeamEmploymentFactoryTest.php::`TagTeamEmploymentFactory Unit Tests` → `factory customization` → accepts custom tag team association" line="0" assertions="1" time="0.015657"/>
      <testcase name="`TagTeamEmploymentFactory Unit Tests` → `factory customization` → accepts custom date ranges" class="Tests\Unit\database\Factories\TagTeams\TagTeamEmploymentFactoryTest" classname="Tests.Unit.database.Factories.TagTeams.TagTeamEmploymentFactoryTest" file="tests/Unit/database/Factories/TagTeams/TagTeamEmploymentFactoryTest.php::`TagTeamEmploymentFactory Unit Tests` → `factory customization` → accepts custom date ranges" line="0" assertions="2" time="0.013375"/>
      <testcase name="`TagTeamEmploymentFactory Unit Tests` → `data consistency` → database creation works correctly" class="Tests\Unit\database\Factories\TagTeams\TagTeamEmploymentFactoryTest" classname="Tests.Unit.database.Factories.TagTeams.TagTeamEmploymentFactoryTest" file="tests/Unit/database/Factories/TagTeams/TagTeamEmploymentFactoryTest.php::`TagTeamEmploymentFactory Unit Tests` → `data consistency` → database creation works correctly" line="0" assertions="2" time="0.016015"/>
      <testcase name="`TagTeamEmploymentFactory Unit Tests` → `data consistency` → maintains date consistency" class="Tests\Unit\database\Factories\TagTeams\TagTeamEmploymentFactoryTest" classname="Tests.Unit.database.Factories.TagTeams.TagTeamEmploymentFactoryTest" file="tests/Unit/database/Factories/TagTeams/TagTeamEmploymentFactoryTest.php::`TagTeamEmploymentFactory Unit Tests` → `data consistency` → maintains date consistency" line="0" assertions="1" time="0.011895"/>
    </testsuite>
    <testsuite name="Tests\Unit\database\Factories\TagTeams\TagTeamFactoryTest" file="tests/Unit/database/Factories/TagTeams/TagTeamFactoryTest.php" tests="9" assertions="15" errors="0" failures="0" skipped="0" time="0.132903">
      <testcase name="`TagTeamFactory Unit Tests` → `default attribute generation` → creates tag team with correct default attributes" class="Tests\Unit\database\Factories\TagTeams\TagTeamFactoryTest" classname="Tests.Unit.database.Factories.TagTeams.TagTeamFactoryTest" file="tests/Unit/database/Factories/TagTeams/TagTeamFactoryTest.php::`TagTeamFactory Unit Tests` → `default attribute generation` → creates tag team with correct default attributes" line="0" assertions="3" time="0.012353"/>
      <testcase name="`TagTeamFactory Unit Tests` → `default attribute generation` → generates realistic tag team names" class="Tests\Unit\database\Factories\TagTeams\TagTeamFactoryTest" classname="Tests.Unit.database.Factories.TagTeams.TagTeamFactoryTest" file="tests/Unit/database/Factories/TagTeams/TagTeamFactoryTest.php::`TagTeamFactory Unit Tests` → `default attribute generation` → generates realistic tag team names" line="0" assertions="2" time="0.013889"/>
      <testcase name="`TagTeamFactory Unit Tests` → `factory state methods` → employed state works correctly" class="Tests\Unit\database\Factories\TagTeams\TagTeamFactoryTest" classname="Tests.Unit.database.Factories.TagTeams.TagTeamFactoryTest" file="tests/Unit/database/Factories/TagTeams/TagTeamFactoryTest.php::`TagTeamFactory Unit Tests` → `factory state methods` → employed state works correctly" line="0" assertions="1" time="0.015264"/>
      <testcase name="`TagTeamFactory Unit Tests` → `factory state methods` → unemployed state works correctly" class="Tests\Unit\database\Factories\TagTeams\TagTeamFactoryTest" classname="Tests.Unit.database.Factories.TagTeams.TagTeamFactoryTest" file="tests/Unit/database/Factories/TagTeams/TagTeamFactoryTest.php::`TagTeamFactory Unit Tests` → `factory state methods` → unemployed state works correctly" line="0" assertions="1" time="0.012070"/>
      <testcase name="`TagTeamFactory Unit Tests` → `factory state methods` → retired state works correctly" class="Tests\Unit\database\Factories\TagTeams\TagTeamFactoryTest" classname="Tests.Unit.database.Factories.TagTeams.TagTeamFactoryTest" file="tests/Unit/database/Factories/TagTeams/TagTeamFactoryTest.php::`TagTeamFactory Unit Tests` → `factory state methods` → retired state works correctly" line="0" assertions="1" time="0.023620"/>
      <testcase name="`TagTeamFactory Unit Tests` → `factory customization` → accepts custom attribute overrides" class="Tests\Unit\database\Factories\TagTeams\TagTeamFactoryTest" classname="Tests.Unit.database.Factories.TagTeams.TagTeamFactoryTest" file="tests/Unit/database/Factories/TagTeams/TagTeamFactoryTest.php::`TagTeamFactory Unit Tests` → `factory customization` → accepts custom attribute overrides" line="0" assertions="2" time="0.020055"/>
      <testcase name="`TagTeamFactory Unit Tests` → `factory customization` → maintains required attributes when overriding" class="Tests\Unit\database\Factories\TagTeams\TagTeamFactoryTest" classname="Tests.Unit.database.Factories.TagTeams.TagTeamFactoryTest" file="tests/Unit/database/Factories/TagTeams/TagTeamFactoryTest.php::`TagTeamFactory Unit Tests` → `factory customization` → maintains required attributes when overriding" line="0" assertions="2" time="0.012327"/>
      <testcase name="`TagTeamFactory Unit Tests` → `data consistency` → generates unique tag team names" class="Tests\Unit\database\Factories\TagTeams\TagTeamFactoryTest" classname="Tests.Unit.database.Factories.TagTeams.TagTeamFactoryTest" file="tests/Unit/database/Factories/TagTeams/TagTeamFactoryTest.php::`TagTeamFactory Unit Tests` → `data consistency` → generates unique tag team names" line="0" assertions="1" time="0.011935"/>
      <testcase name="`TagTeamFactory Unit Tests` → `data consistency` → database creation works correctly" class="Tests\Unit\database\Factories\TagTeams\TagTeamFactoryTest" classname="Tests.Unit.database.Factories.TagTeams.TagTeamFactoryTest" file="tests/Unit/database/Factories/TagTeams/TagTeamFactoryTest.php::`TagTeamFactory Unit Tests` → `data consistency` → database creation works correctly" line="0" assertions="2" time="0.011390"/>
    </testsuite>
    <testsuite name="Tests\Unit\database\Factories\TagTeams\TagTeamRetirementFactoryTest" file="tests/Unit/database/Factories/TagTeams/TagTeamRetirementFactoryTest.php" tests="8" assertions="17" errors="0" failures="0" skipped="0" time="0.116044">
      <testcase name="`TagTeamRetirementFactory Unit Tests` → `default attribute generation` → creates retirement with correct default attributes" class="Tests\Unit\database\Factories\TagTeams\TagTeamRetirementFactoryTest" classname="Tests.Unit.database.Factories.TagTeams.TagTeamRetirementFactoryTest" file="tests/Unit/database/Factories/TagTeams/TagTeamRetirementFactoryTest.php::`TagTeamRetirementFactory Unit Tests` → `default attribute generation` → creates retirement with correct default attributes" line="0" assertions="3" time="0.016509"/>
      <testcase name="`TagTeamRetirementFactory Unit Tests` → `default attribute generation` → creates realistic retirement dates" class="Tests\Unit\database\Factories\TagTeams\TagTeamRetirementFactoryTest" classname="Tests.Unit.database.Factories.TagTeams.TagTeamRetirementFactoryTest" file="tests/Unit/database/Factories/TagTeams/TagTeamRetirementFactoryTest.php::`TagTeamRetirementFactory Unit Tests` → `default attribute generation` → creates realistic retirement dates" line="0" assertions="1" time="0.015687"/>
      <testcase name="`TagTeamRetirementFactory Unit Tests` → `factory state methods` → current retirement state works correctly" class="Tests\Unit\database\Factories\TagTeams\TagTeamRetirementFactoryTest" classname="Tests.Unit.database.Factories.TagTeams.TagTeamRetirementFactoryTest" file="tests/Unit/database/Factories/TagTeams/TagTeamRetirementFactoryTest.php::`TagTeamRetirementFactory Unit Tests` → `factory state methods` → current retirement state works correctly" line="0" assertions="3" time="0.015705"/>
      <testcase name="`TagTeamRetirementFactory Unit Tests` → `factory state methods` → ended retirement state works correctly" class="Tests\Unit\database\Factories\TagTeams\TagTeamRetirementFactoryTest" classname="Tests.Unit.database.Factories.TagTeams.TagTeamRetirementFactoryTest" file="tests/Unit/database/Factories/TagTeams/TagTeamRetirementFactoryTest.php::`TagTeamRetirementFactory Unit Tests` → `factory state methods` → ended retirement state works correctly" line="0" assertions="4" time="0.011870"/>
      <testcase name="`TagTeamRetirementFactory Unit Tests` → `factory customization` → accepts custom tag team association" class="Tests\Unit\database\Factories\TagTeams\TagTeamRetirementFactoryTest" classname="Tests.Unit.database.Factories.TagTeams.TagTeamRetirementFactoryTest" file="tests/Unit/database/Factories/TagTeams/TagTeamRetirementFactoryTest.php::`TagTeamRetirementFactory Unit Tests` → `factory customization` → accepts custom tag team association" line="0" assertions="1" time="0.016132"/>
      <testcase name="`TagTeamRetirementFactory Unit Tests` → `factory customization` → accepts custom date ranges" class="Tests\Unit\database\Factories\TagTeams\TagTeamRetirementFactoryTest" classname="Tests.Unit.database.Factories.TagTeams.TagTeamRetirementFactoryTest" file="tests/Unit/database/Factories/TagTeams/TagTeamRetirementFactoryTest.php::`TagTeamRetirementFactory Unit Tests` → `factory customization` → accepts custom date ranges" line="0" assertions="2" time="0.015480"/>
      <testcase name="`TagTeamRetirementFactory Unit Tests` → `data consistency` → database creation works correctly" class="Tests\Unit\database\Factories\TagTeams\TagTeamRetirementFactoryTest" classname="Tests.Unit.database.Factories.TagTeams.TagTeamRetirementFactoryTest" file="tests/Unit/database/Factories/TagTeams/TagTeamRetirementFactoryTest.php::`TagTeamRetirementFactory Unit Tests` → `data consistency` → database creation works correctly" line="0" assertions="2" time="0.012708"/>
      <testcase name="`TagTeamRetirementFactory Unit Tests` → `data consistency` → maintains date consistency" class="Tests\Unit\database\Factories\TagTeams\TagTeamRetirementFactoryTest" classname="Tests.Unit.database.Factories.TagTeams.TagTeamRetirementFactoryTest" file="tests/Unit/database/Factories/TagTeams/TagTeamRetirementFactoryTest.php::`TagTeamRetirementFactory Unit Tests` → `data consistency` → maintains date consistency" line="0" assertions="1" time="0.011951"/>
    </testsuite>
    <testsuite name="Tests\Unit\database\Factories\TagTeams\TagTeamSuspensionFactoryTest" file="tests/Unit/database/Factories/TagTeams/TagTeamSuspensionFactoryTest.php" tests="8" assertions="17" errors="0" failures="0" skipped="0" time="0.11452">
      <testcase name="`TagTeamSuspensionFactory Unit Tests` → `default attribute generation` → creates suspension with correct default attributes" class="Tests\Unit\database\Factories\TagTeams\TagTeamSuspensionFactoryTest" classname="Tests.Unit.database.Factories.TagTeams.TagTeamSuspensionFactoryTest" file="tests/Unit/database/Factories/TagTeams/TagTeamSuspensionFactoryTest.php::`TagTeamSuspensionFactory Unit Tests` → `default attribute generation` → creates suspension with correct default attributes" line="0" assertions="3" time="0.016780"/>
      <testcase name="`TagTeamSuspensionFactory Unit Tests` → `default attribute generation` → creates realistic suspension dates" class="Tests\Unit\database\Factories\TagTeams\TagTeamSuspensionFactoryTest" classname="Tests.Unit.database.Factories.TagTeams.TagTeamSuspensionFactoryTest" file="tests/Unit/database/Factories/TagTeams/TagTeamSuspensionFactoryTest.php::`TagTeamSuspensionFactory Unit Tests` → `default attribute generation` → creates realistic suspension dates" line="0" assertions="1" time="0.017230"/>
      <testcase name="`TagTeamSuspensionFactory Unit Tests` → `factory state methods` → current suspension state works correctly" class="Tests\Unit\database\Factories\TagTeams\TagTeamSuspensionFactoryTest" classname="Tests.Unit.database.Factories.TagTeams.TagTeamSuspensionFactoryTest" file="tests/Unit/database/Factories/TagTeams/TagTeamSuspensionFactoryTest.php::`TagTeamSuspensionFactory Unit Tests` → `factory state methods` → current suspension state works correctly" line="0" assertions="3" time="0.013643"/>
      <testcase name="`TagTeamSuspensionFactory Unit Tests` → `factory state methods` → reinstated suspension state works correctly" class="Tests\Unit\database\Factories\TagTeams\TagTeamSuspensionFactoryTest" classname="Tests.Unit.database.Factories.TagTeams.TagTeamSuspensionFactoryTest" file="tests/Unit/database/Factories/TagTeams/TagTeamSuspensionFactoryTest.php::`TagTeamSuspensionFactory Unit Tests` → `factory state methods` → reinstated suspension state works correctly" line="0" assertions="4" time="0.012620"/>
      <testcase name="`TagTeamSuspensionFactory Unit Tests` → `factory customization` → accepts custom tag team association" class="Tests\Unit\database\Factories\TagTeams\TagTeamSuspensionFactoryTest" classname="Tests.Unit.database.Factories.TagTeams.TagTeamSuspensionFactoryTest" file="tests/Unit/database/Factories/TagTeams/TagTeamSuspensionFactoryTest.php::`TagTeamSuspensionFactory Unit Tests` → `factory customization` → accepts custom tag team association" line="0" assertions="1" time="0.012071"/>
      <testcase name="`TagTeamSuspensionFactory Unit Tests` → `factory customization` → accepts custom date ranges" class="Tests\Unit\database\Factories\TagTeams\TagTeamSuspensionFactoryTest" classname="Tests.Unit.database.Factories.TagTeams.TagTeamSuspensionFactoryTest" file="tests/Unit/database/Factories/TagTeams/TagTeamSuspensionFactoryTest.php::`TagTeamSuspensionFactory Unit Tests` → `factory customization` → accepts custom date ranges" line="0" assertions="2" time="0.011736"/>
      <testcase name="`TagTeamSuspensionFactory Unit Tests` → `data consistency` → database creation works correctly" class="Tests\Unit\database\Factories\TagTeams\TagTeamSuspensionFactoryTest" classname="Tests.Unit.database.Factories.TagTeams.TagTeamSuspensionFactoryTest" file="tests/Unit/database/Factories/TagTeams/TagTeamSuspensionFactoryTest.php::`TagTeamSuspensionFactory Unit Tests` → `data consistency` → database creation works correctly" line="0" assertions="2" time="0.012968"/>
      <testcase name="`TagTeamSuspensionFactory Unit Tests` → `data consistency` → maintains date consistency" class="Tests\Unit\database\Factories\TagTeams\TagTeamSuspensionFactoryTest" classname="Tests.Unit.database.Factories.TagTeams.TagTeamSuspensionFactoryTest" file="tests/Unit/database/Factories/TagTeams/TagTeamSuspensionFactoryTest.php::`TagTeamSuspensionFactory Unit Tests` → `data consistency` → maintains date consistency" line="0" assertions="1" time="0.017469"/>
    </testsuite>
    <testsuite name="Tests\Unit\database\Factories\TagTeams\TagTeamWrestlerFactoryTest" file="tests/Unit/database/Factories/TagTeams/TagTeamWrestlerFactoryTest.php" tests="10" assertions="24" errors="0" failures="0" skipped="0" time="0.143829">
      <testcase name="`TagTeamWrestlerFactory Unit Tests` → `default attribute generation` → creates tag team wrestler with correct default attributes" class="Tests\Unit\database\Factories\TagTeams\TagTeamWrestlerFactoryTest" classname="Tests.Unit.database.Factories.TagTeams.TagTeamWrestlerFactoryTest" file="tests/Unit/database/Factories/TagTeams/TagTeamWrestlerFactoryTest.php::`TagTeamWrestlerFactory Unit Tests` → `default attribute generation` → creates tag team wrestler with correct default attributes" line="0" assertions="4" time="0.014847"/>
      <testcase name="`TagTeamWrestlerFactory Unit Tests` → `default attribute generation` → creates realistic partnership dates" class="Tests\Unit\database\Factories\TagTeams\TagTeamWrestlerFactoryTest" classname="Tests.Unit.database.Factories.TagTeams.TagTeamWrestlerFactoryTest" file="tests/Unit/database/Factories/TagTeams/TagTeamWrestlerFactoryTest.php::`TagTeamWrestlerFactory Unit Tests` → `default attribute generation` → creates realistic partnership dates" line="0" assertions="3" time="0.017499"/>
      <testcase name="`TagTeamWrestlerFactory Unit Tests` → `factory state methods` → current partnership state works correctly" class="Tests\Unit\database\Factories\TagTeams\TagTeamWrestlerFactoryTest" classname="Tests.Unit.database.Factories.TagTeams.TagTeamWrestlerFactoryTest" file="tests/Unit/database/Factories/TagTeams/TagTeamWrestlerFactoryTest.php::`TagTeamWrestlerFactory Unit Tests` → `factory state methods` → current partnership state works correctly" line="0" assertions="4" time="0.015278"/>
      <testcase name="`TagTeamWrestlerFactory Unit Tests` → `factory state methods` → past partnership state works correctly" class="Tests\Unit\database\Factories\TagTeams\TagTeamWrestlerFactoryTest" classname="Tests.Unit.database.Factories.TagTeams.TagTeamWrestlerFactoryTest" file="tests/Unit/database/Factories/TagTeams/TagTeamWrestlerFactoryTest.php::`TagTeamWrestlerFactory Unit Tests` → `factory state methods` → past partnership state works correctly" line="0" assertions="5" time="0.013078"/>
      <testcase name="`TagTeamWrestlerFactory Unit Tests` → `factory customization` → accepts custom tag team association" class="Tests\Unit\database\Factories\TagTeams\TagTeamWrestlerFactoryTest" classname="Tests.Unit.database.Factories.TagTeams.TagTeamWrestlerFactoryTest" file="tests/Unit/database/Factories/TagTeams/TagTeamWrestlerFactoryTest.php::`TagTeamWrestlerFactory Unit Tests` → `factory customization` → accepts custom tag team association" line="0" assertions="1" time="0.016554"/>
      <testcase name="`TagTeamWrestlerFactory Unit Tests` → `factory customization` → accepts custom wrestler association" class="Tests\Unit\database\Factories\TagTeams\TagTeamWrestlerFactoryTest" classname="Tests.Unit.database.Factories.TagTeams.TagTeamWrestlerFactoryTest" file="tests/Unit/database/Factories/TagTeams/TagTeamWrestlerFactoryTest.php::`TagTeamWrestlerFactory Unit Tests` → `factory customization` → accepts custom wrestler association" line="0" assertions="1" time="0.016027"/>
      <testcase name="`TagTeamWrestlerFactory Unit Tests` → `factory customization` → accepts custom date ranges" class="Tests\Unit\database\Factories\TagTeams\TagTeamWrestlerFactoryTest" classname="Tests.Unit.database.Factories.TagTeams.TagTeamWrestlerFactoryTest" file="tests/Unit/database/Factories/TagTeams/TagTeamWrestlerFactoryTest.php::`TagTeamWrestlerFactory Unit Tests` → `factory customization` → accepts custom date ranges" line="0" assertions="2" time="0.012916"/>
      <testcase name="`TagTeamWrestlerFactory Unit Tests` → `data consistency` → database creation works correctly" class="Tests\Unit\database\Factories\TagTeams\TagTeamWrestlerFactoryTest" classname="Tests.Unit.database.Factories.TagTeams.TagTeamWrestlerFactoryTest" file="tests/Unit/database/Factories/TagTeams/TagTeamWrestlerFactoryTest.php::`TagTeamWrestlerFactory Unit Tests` → `data consistency` → database creation works correctly" line="0" assertions="1" time="0.012871"/>
      <testcase name="`TagTeamWrestlerFactory Unit Tests` → `data consistency` → maintains date consistency" class="Tests\Unit\database\Factories\TagTeams\TagTeamWrestlerFactoryTest" classname="Tests.Unit.database.Factories.TagTeams.TagTeamWrestlerFactoryTest" file="tests/Unit/database/Factories/TagTeams/TagTeamWrestlerFactoryTest.php::`TagTeamWrestlerFactory Unit Tests` → `data consistency` → maintains date consistency" line="0" assertions="1" time="0.012330"/>
      <testcase name="`TagTeamWrestlerFactory Unit Tests` → `data consistency` → creates valid tag team wrestler associations" class="Tests\Unit\database\Factories\TagTeams\TagTeamWrestlerFactoryTest" classname="Tests.Unit.database.Factories.TagTeams.TagTeamWrestlerFactoryTest" file="tests/Unit/database/Factories/TagTeams/TagTeamWrestlerFactoryTest.php::`TagTeamWrestlerFactory Unit Tests` → `data consistency` → creates valid tag team wrestler associations" line="0" assertions="2" time="0.012427"/>
    </testsuite>
    <testsuite name="Tests\Unit\database\Factories\Titles\TitleActivityPeriodFactoryTest" file="tests/Unit/database/Factories/Titles/TitleActivityPeriodFactoryTest.php" tests="8" assertions="17" errors="0" failures="0" skipped="0" time="0.121507">
      <testcase name="`TitleActivityPeriodFactory Unit Tests` → `default attribute generation` → creates activity period with correct default attributes" class="Tests\Unit\database\Factories\Titles\TitleActivityPeriodFactoryTest" classname="Tests.Unit.database.Factories.Titles.TitleActivityPeriodFactoryTest" file="tests/Unit/database/Factories/Titles/TitleActivityPeriodFactoryTest.php::`TitleActivityPeriodFactory Unit Tests` → `default attribute generation` → creates activity period with correct default attributes" line="0" assertions="3" time="0.014062"/>
      <testcase name="`TitleActivityPeriodFactory Unit Tests` → `default attribute generation` → creates realistic activity dates" class="Tests\Unit\database\Factories\Titles\TitleActivityPeriodFactoryTest" classname="Tests.Unit.database.Factories.Titles.TitleActivityPeriodFactoryTest" file="tests/Unit/database/Factories/Titles/TitleActivityPeriodFactoryTest.php::`TitleActivityPeriodFactory Unit Tests` → `default attribute generation` → creates realistic activity dates" line="0" assertions="1" time="0.014765"/>
      <testcase name="`TitleActivityPeriodFactory Unit Tests` → `factory state methods` → current activity state works correctly" class="Tests\Unit\database\Factories\Titles\TitleActivityPeriodFactoryTest" classname="Tests.Unit.database.Factories.Titles.TitleActivityPeriodFactoryTest" file="tests/Unit/database/Factories/Titles/TitleActivityPeriodFactoryTest.php::`TitleActivityPeriodFactory Unit Tests` → `factory state methods` → current activity state works correctly" line="0" assertions="3" time="0.019450"/>
      <testcase name="`TitleActivityPeriodFactory Unit Tests` → `factory state methods` → ended activity state works correctly" class="Tests\Unit\database\Factories\Titles\TitleActivityPeriodFactoryTest" classname="Tests.Unit.database.Factories.Titles.TitleActivityPeriodFactoryTest" file="tests/Unit/database/Factories/Titles/TitleActivityPeriodFactoryTest.php::`TitleActivityPeriodFactory Unit Tests` → `factory state methods` → ended activity state works correctly" line="0" assertions="4" time="0.023409"/>
      <testcase name="`TitleActivityPeriodFactory Unit Tests` → `factory customization` → accepts custom title association" class="Tests\Unit\database\Factories\Titles\TitleActivityPeriodFactoryTest" classname="Tests.Unit.database.Factories.Titles.TitleActivityPeriodFactoryTest" file="tests/Unit/database/Factories/Titles/TitleActivityPeriodFactoryTest.php::`TitleActivityPeriodFactory Unit Tests` → `factory customization` → accepts custom title association" line="0" assertions="1" time="0.012775"/>
      <testcase name="`TitleActivityPeriodFactory Unit Tests` → `factory customization` → accepts custom date ranges" class="Tests\Unit\database\Factories\Titles\TitleActivityPeriodFactoryTest" classname="Tests.Unit.database.Factories.Titles.TitleActivityPeriodFactoryTest" file="tests/Unit/database/Factories/Titles/TitleActivityPeriodFactoryTest.php::`TitleActivityPeriodFactory Unit Tests` → `factory customization` → accepts custom date ranges" line="0" assertions="2" time="0.012632"/>
      <testcase name="`TitleActivityPeriodFactory Unit Tests` → `data consistency` → database creation works correctly" class="Tests\Unit\database\Factories\Titles\TitleActivityPeriodFactoryTest" classname="Tests.Unit.database.Factories.Titles.TitleActivityPeriodFactoryTest" file="tests/Unit/database/Factories/Titles/TitleActivityPeriodFactoryTest.php::`TitleActivityPeriodFactory Unit Tests` → `data consistency` → database creation works correctly" line="0" assertions="2" time="0.012571"/>
      <testcase name="`TitleActivityPeriodFactory Unit Tests` → `data consistency` → maintains date consistency" class="Tests\Unit\database\Factories\Titles\TitleActivityPeriodFactoryTest" classname="Tests.Unit.database.Factories.Titles.TitleActivityPeriodFactoryTest" file="tests/Unit/database/Factories/Titles/TitleActivityPeriodFactoryTest.php::`TitleActivityPeriodFactory Unit Tests` → `data consistency` → maintains date consistency" line="0" assertions="1" time="0.011844"/>
    </testsuite>
    <testsuite name="Tests\Unit\database\Factories\Titles\TitleChampionshipFactoryTest" file="tests/Unit/database/Factories/Titles/TitleChampionshipFactoryTest.php" tests="6" assertions="21" errors="0" failures="0" skipped="0" time="0.090645">
      <testcase name="`TitleChampionshipFactory Unit Tests` → `default attribute generation` → creates championship with correct default attributes" class="Tests\Unit\database\Factories\Titles\TitleChampionshipFactoryTest" classname="Tests.Unit.database.Factories.Titles.TitleChampionshipFactoryTest" file="tests/Unit/database/Factories/Titles/TitleChampionshipFactoryTest.php::`TitleChampionshipFactory Unit Tests` → `default attribute generation` → creates championship with correct default attributes" line="0" assertions="7" time="0.019023"/>
      <testcase name="`TitleChampionshipFactory Unit Tests` → `default attribute generation` → creates realistic championship timeline" class="Tests\Unit\database\Factories\Titles\TitleChampionshipFactoryTest" classname="Tests.Unit.database.Factories.Titles.TitleChampionshipFactoryTest" file="tests/Unit/database/Factories/Titles/TitleChampionshipFactoryTest.php::`TitleChampionshipFactory Unit Tests` → `default attribute generation` → creates realistic championship timeline" line="0" assertions="2" time="0.013883"/>
      <testcase name="`TitleChampionshipFactory Unit Tests` → `factory state methods` → wrestler championship state works correctly" class="Tests\Unit\database\Factories\Titles\TitleChampionshipFactoryTest" classname="Tests.Unit.database.Factories.Titles.TitleChampionshipFactoryTest" file="tests/Unit/database/Factories/Titles/TitleChampionshipFactoryTest.php::`TitleChampionshipFactory Unit Tests` → `factory state methods` → wrestler championship state works correctly" line="0" assertions="3" time="0.017975"/>
      <testcase name="`TitleChampionshipFactory Unit Tests` → `factory state methods` → tag team championship state works correctly" class="Tests\Unit\database\Factories\Titles\TitleChampionshipFactoryTest" classname="Tests.Unit.database.Factories.Titles.TitleChampionshipFactoryTest" file="tests/Unit/database/Factories/Titles/TitleChampionshipFactoryTest.php::`TitleChampionshipFactory Unit Tests` → `factory state methods` → tag team championship state works correctly" line="0" assertions="3" time="0.013477"/>
      <testcase name="`TitleChampionshipFactory Unit Tests` → `factory state methods` → past championship state works correctly" class="Tests\Unit\database\Factories\Titles\TitleChampionshipFactoryTest" classname="Tests.Unit.database.Factories.Titles.TitleChampionshipFactoryTest" file="tests/Unit/database/Factories/Titles/TitleChampionshipFactoryTest.php::`TitleChampionshipFactory Unit Tests` → `factory state methods` → past championship state works correctly" line="0" assertions="4" time="0.013613"/>
      <testcase name="`TitleChampionshipFactory Unit Tests` → `data consistency` → database creation works correctly" class="Tests\Unit\database\Factories\Titles\TitleChampionshipFactoryTest" classname="Tests.Unit.database.Factories.Titles.TitleChampionshipFactoryTest" file="tests/Unit/database/Factories/Titles/TitleChampionshipFactoryTest.php::`TitleChampionshipFactory Unit Tests` → `data consistency` → database creation works correctly" line="0" assertions="2" time="0.012674"/>
    </testsuite>
    <testsuite name="Tests\Unit\database\Factories\Titles\TitleFactoryTest" file="tests/Unit/database/Factories/Titles/TitleFactoryTest.php" tests="11" assertions="24" errors="0" failures="0" skipped="0" time="0.147913">
      <testcase name="`TitleFactory Unit Tests` → `default attribute generation` → creates title with correct default attributes" class="Tests\Unit\database\Factories\Titles\TitleFactoryTest" classname="Tests.Unit.database.Factories.Titles.TitleFactoryTest" file="tests/Unit/database/Factories/Titles/TitleFactoryTest.php::`TitleFactory Unit Tests` → `default attribute generation` → creates title with correct default attributes" line="0" assertions="4" time="0.012293"/>
      <testcase name="`TitleFactory Unit Tests` → `default attribute generation` → generates realistic title names" class="Tests\Unit\database\Factories\Titles\TitleFactoryTest" classname="Tests.Unit.database.Factories.Titles.TitleFactoryTest" file="tests/Unit/database/Factories/Titles/TitleFactoryTest.php::`TitleFactory Unit Tests` → `default attribute generation` → generates realistic title names" line="0" assertions="3" time="0.012798"/>
      <testcase name="`TitleFactory Unit Tests` → `factory state methods` → unactivated state works correctly" class="Tests\Unit\database\Factories\Titles\TitleFactoryTest" classname="Tests.Unit.database.Factories.Titles.TitleFactoryTest" file="tests/Unit/database/Factories/Titles/TitleFactoryTest.php::`TitleFactory Unit Tests` → `factory state methods` → unactivated state works correctly" line="0" assertions="2" time="0.013777"/>
      <testcase name="`TitleFactory Unit Tests` → `factory state methods` → active state works correctly" class="Tests\Unit\database\Factories\Titles\TitleFactoryTest" classname="Tests.Unit.database.Factories.Titles.TitleFactoryTest" file="tests/Unit/database/Factories/Titles/TitleFactoryTest.php::`TitleFactory Unit Tests` → `factory state methods` → active state works correctly" line="0" assertions="2" time="0.019891"/>
      <testcase name="`TitleFactory Unit Tests` → `factory state methods` → inactive state works correctly" class="Tests\Unit\database\Factories\Titles\TitleFactoryTest" classname="Tests.Unit.database.Factories.Titles.TitleFactoryTest" file="tests/Unit/database/Factories/Titles/TitleFactoryTest.php::`TitleFactory Unit Tests` → `factory state methods` → inactive state works correctly" line="0" assertions="2" time="0.014034"/>
      <testcase name="`TitleFactory Unit Tests` → `factory state methods` → retired state works correctly" class="Tests\Unit\database\Factories\Titles\TitleFactoryTest" classname="Tests.Unit.database.Factories.Titles.TitleFactoryTest" file="tests/Unit/database/Factories/Titles/TitleFactoryTest.php::`TitleFactory Unit Tests` → `factory state methods` → retired state works correctly" line="0" assertions="1" time="0.013552"/>
      <testcase name="`TitleFactory Unit Tests` → `factory customization` → accepts custom status values" class="Tests\Unit\database\Factories\Titles\TitleFactoryTest" classname="Tests.Unit.database.Factories.Titles.TitleFactoryTest" file="tests/Unit/database/Factories/Titles/TitleFactoryTest.php::`TitleFactory Unit Tests` → `factory customization` → accepts custom status values" line="0" assertions="2" time="0.013488"/>
      <testcase name="`TitleFactory Unit Tests` → `factory customization` → accepts custom title types" class="Tests\Unit\database\Factories\Titles\TitleFactoryTest" classname="Tests.Unit.database.Factories.Titles.TitleFactoryTest" file="tests/Unit/database/Factories/Titles/TitleFactoryTest.php::`TitleFactory Unit Tests` → `factory customization` → accepts custom title types" line="0" assertions="2" time="0.011659"/>
      <testcase name="`TitleFactory Unit Tests` → `factory customization` → accepts custom attribute overrides" class="Tests\Unit\database\Factories\Titles\TitleFactoryTest" classname="Tests.Unit.database.Factories.Titles.TitleFactoryTest" file="tests/Unit/database/Factories/Titles/TitleFactoryTest.php::`TitleFactory Unit Tests` → `factory customization` → accepts custom attribute overrides" line="0" assertions="3" time="0.012108"/>
      <testcase name="`TitleFactory Unit Tests` → `data consistency` → generates unique title names" class="Tests\Unit\database\Factories\Titles\TitleFactoryTest" classname="Tests.Unit.database.Factories.Titles.TitleFactoryTest" file="tests/Unit/database/Factories/Titles/TitleFactoryTest.php::`TitleFactory Unit Tests` → `data consistency` → generates unique title names" line="0" assertions="1" time="0.012328"/>
      <testcase name="`TitleFactory Unit Tests` → `data consistency` → database creation works correctly" class="Tests\Unit\database\Factories\Titles\TitleFactoryTest" classname="Tests.Unit.database.Factories.Titles.TitleFactoryTest" file="tests/Unit/database/Factories/Titles/TitleFactoryTest.php::`TitleFactory Unit Tests` → `data consistency` → database creation works correctly" line="0" assertions="2" time="0.011984"/>
    </testsuite>
    <testsuite name="Tests\Unit\database\Factories\Titles\TitleRetirementFactoryTest" file="tests/Unit/database/Factories/Titles/TitleRetirementFactoryTest.php" tests="8" assertions="17" errors="0" failures="0" skipped="0" time="0.103063">
      <testcase name="`TitleRetirementFactory Unit Tests` → `default attribute generation` → creates retirement with correct default attributes" class="Tests\Unit\database\Factories\Titles\TitleRetirementFactoryTest" classname="Tests.Unit.database.Factories.Titles.TitleRetirementFactoryTest" file="tests/Unit/database/Factories/Titles/TitleRetirementFactoryTest.php::`TitleRetirementFactory Unit Tests` → `default attribute generation` → creates retirement with correct default attributes" line="0" assertions="3" time="0.012902"/>
      <testcase name="`TitleRetirementFactory Unit Tests` → `default attribute generation` → creates realistic retirement dates" class="Tests\Unit\database\Factories\Titles\TitleRetirementFactoryTest" classname="Tests.Unit.database.Factories.Titles.TitleRetirementFactoryTest" file="tests/Unit/database/Factories/Titles/TitleRetirementFactoryTest.php::`TitleRetirementFactory Unit Tests` → `default attribute generation` → creates realistic retirement dates" line="0" assertions="1" time="0.012175"/>
      <testcase name="`TitleRetirementFactory Unit Tests` → `factory state methods` → current retirement state works correctly" class="Tests\Unit\database\Factories\Titles\TitleRetirementFactoryTest" classname="Tests.Unit.database.Factories.Titles.TitleRetirementFactoryTest" file="tests/Unit/database/Factories/Titles/TitleRetirementFactoryTest.php::`TitleRetirementFactory Unit Tests` → `factory state methods` → current retirement state works correctly" line="0" assertions="3" time="0.014731"/>
      <testcase name="`TitleRetirementFactory Unit Tests` → `factory state methods` → ended retirement state works correctly" class="Tests\Unit\database\Factories\Titles\TitleRetirementFactoryTest" classname="Tests.Unit.database.Factories.Titles.TitleRetirementFactoryTest" file="tests/Unit/database/Factories/Titles/TitleRetirementFactoryTest.php::`TitleRetirementFactory Unit Tests` → `factory state methods` → ended retirement state works correctly" line="0" assertions="4" time="0.014413"/>
      <testcase name="`TitleRetirementFactory Unit Tests` → `factory customization` → accepts custom title association" class="Tests\Unit\database\Factories\Titles\TitleRetirementFactoryTest" classname="Tests.Unit.database.Factories.Titles.TitleRetirementFactoryTest" file="tests/Unit/database/Factories/Titles/TitleRetirementFactoryTest.php::`TitleRetirementFactory Unit Tests` → `factory customization` → accepts custom title association" line="0" assertions="1" time="0.012283"/>
      <testcase name="`TitleRetirementFactory Unit Tests` → `factory customization` → accepts custom date ranges" class="Tests\Unit\database\Factories\Titles\TitleRetirementFactoryTest" classname="Tests.Unit.database.Factories.Titles.TitleRetirementFactoryTest" file="tests/Unit/database/Factories/Titles/TitleRetirementFactoryTest.php::`TitleRetirementFactory Unit Tests` → `factory customization` → accepts custom date ranges" line="0" assertions="2" time="0.012076"/>
      <testcase name="`TitleRetirementFactory Unit Tests` → `data consistency` → database creation works correctly" class="Tests\Unit\database\Factories\Titles\TitleRetirementFactoryTest" classname="Tests.Unit.database.Factories.Titles.TitleRetirementFactoryTest" file="tests/Unit/database/Factories/Titles/TitleRetirementFactoryTest.php::`TitleRetirementFactory Unit Tests` → `data consistency` → database creation works correctly" line="0" assertions="2" time="0.012383"/>
      <testcase name="`TitleRetirementFactory Unit Tests` → `data consistency` → maintains date consistency" class="Tests\Unit\database\Factories\Titles\TitleRetirementFactoryTest" classname="Tests.Unit.database.Factories.Titles.TitleRetirementFactoryTest" file="tests/Unit/database/Factories/Titles/TitleRetirementFactoryTest.php::`TitleRetirementFactory Unit Tests` → `data consistency` → maintains date consistency" line="0" assertions="1" time="0.012100"/>
    </testsuite>
    <testsuite name="Tests\Unit\database\Factories\Titles\TitleStatusChangeFactoryTest" file="tests/Unit/database/Factories/Titles/TitleStatusChangeFactoryTest.php" tests="17" assertions="71" errors="0" failures="0" skipped="0" time="0.213483">
      <testcase name="`TitleStatusChangeFactory Unit Tests` → `default attribute generation` → creates status change with correct default attributes" class="Tests\Unit\database\Factories\Titles\TitleStatusChangeFactoryTest" classname="Tests.Unit.database.Factories.Titles.TitleStatusChangeFactoryTest" file="tests/Unit/database/Factories/Titles/TitleStatusChangeFactoryTest.php::`TitleStatusChangeFactory Unit Tests` → `default attribute generation` → creates status change with correct default attributes" line="0" assertions="3" time="0.012863"/>
      <testcase name="`TitleStatusChangeFactory Unit Tests` → `default attribute generation` → generates realistic status change timeline" class="Tests\Unit\database\Factories\Titles\TitleStatusChangeFactoryTest" classname="Tests.Unit.database.Factories.Titles.TitleStatusChangeFactoryTest" file="tests/Unit/database/Factories/Titles/TitleStatusChangeFactoryTest.php::`TitleStatusChangeFactory Unit Tests` → `default attribute generation` → generates realistic status change timeline" line="0" assertions="2" time="0.012422"/>
      <testcase name="`TitleStatusChangeFactory Unit Tests` → `default attribute generation` → creates valid activation status values" class="Tests\Unit\database\Factories\Titles\TitleStatusChangeFactoryTest" classname="Tests.Unit.database.Factories.Titles.TitleStatusChangeFactoryTest" file="tests/Unit/database/Factories/Titles/TitleStatusChangeFactoryTest.php::`TitleStatusChangeFactory Unit Tests` → `default attribute generation` → creates valid activation status values" line="0" assertions="20" time="0.016052"/>
      <testcase name="`TitleStatusChangeFactory Unit Tests` → `factory state methods` → active state works correctly" class="Tests\Unit\database\Factories\Titles\TitleStatusChangeFactoryTest" classname="Tests.Unit.database.Factories.Titles.TitleStatusChangeFactoryTest" file="tests/Unit/database/Factories/Titles/TitleStatusChangeFactoryTest.php::`TitleStatusChangeFactory Unit Tests` → `factory state methods` → active state works correctly" line="0" assertions="2" time="0.013921"/>
      <testcase name="`TitleStatusChangeFactory Unit Tests` → `factory state methods` → inactive state works correctly" class="Tests\Unit\database\Factories\Titles\TitleStatusChangeFactoryTest" classname="Tests.Unit.database.Factories.Titles.TitleStatusChangeFactoryTest" file="tests/Unit/database/Factories/Titles/TitleStatusChangeFactoryTest.php::`TitleStatusChangeFactory Unit Tests` → `factory state methods` → inactive state works correctly" line="0" assertions="2" time="0.014209"/>
      <testcase name="`TitleStatusChangeFactory Unit Tests` → `factory state methods` → retired state works correctly" class="Tests\Unit\database\Factories\Titles\TitleStatusChangeFactoryTest" classname="Tests.Unit.database.Factories.Titles.TitleStatusChangeFactoryTest" file="tests/Unit/database/Factories/Titles/TitleStatusChangeFactoryTest.php::`TitleStatusChangeFactory Unit Tests` → `factory state methods` → retired state works correctly" line="0" assertions="2" time="0.012474"/>
      <testcase name="`TitleStatusChangeFactory Unit Tests` → `factory state methods` → unactivated state works correctly" class="Tests\Unit\database\Factories\Titles\TitleStatusChangeFactoryTest" classname="Tests.Unit.database.Factories.Titles.TitleStatusChangeFactoryTest" file="tests/Unit/database/Factories/Titles/TitleStatusChangeFactoryTest.php::`TitleStatusChangeFactory Unit Tests` → `factory state methods` → unactivated state works correctly" line="0" assertions="2" time="0.011986"/>
      <testcase name="`TitleStatusChangeFactory Unit Tests` → `factory customization` → accepts custom title association" class="Tests\Unit\database\Factories\Titles\TitleStatusChangeFactoryTest" classname="Tests.Unit.database.Factories.Titles.TitleStatusChangeFactoryTest" file="tests/Unit/database/Factories/Titles/TitleStatusChangeFactoryTest.php::`TitleStatusChangeFactory Unit Tests` → `factory customization` → accepts custom title association" line="0" assertions="1" time="0.011707"/>
      <testcase name="`TitleStatusChangeFactory Unit Tests` → `factory customization` → accepts custom timestamp" class="Tests\Unit\database\Factories\Titles\TitleStatusChangeFactoryTest" classname="Tests.Unit.database.Factories.Titles.TitleStatusChangeFactoryTest" file="tests/Unit/database/Factories/Titles/TitleStatusChangeFactoryTest.php::`TitleStatusChangeFactory Unit Tests` → `factory customization` → accepts custom timestamp" line="0" assertions="1" time="0.012064"/>
      <testcase name="`TitleStatusChangeFactory Unit Tests` → `factory customization` → accepts custom status override" class="Tests\Unit\database\Factories\Titles\TitleStatusChangeFactoryTest" classname="Tests.Unit.database.Factories.Titles.TitleStatusChangeFactoryTest" file="tests/Unit/database/Factories/Titles/TitleStatusChangeFactoryTest.php::`TitleStatusChangeFactory Unit Tests` → `factory customization` → accepts custom status override" line="0" assertions="1" time="0.012042"/>
      <testcase name="`TitleStatusChangeFactory Unit Tests` → `business rule compliance` → enforces chronological ordering for title status changes" class="Tests\Unit\database\Factories\Titles\TitleStatusChangeFactoryTest" classname="Tests.Unit.database.Factories.Titles.TitleStatusChangeFactoryTest" file="tests/Unit/database/Factories/Titles/TitleStatusChangeFactoryTest.php::`TitleStatusChangeFactory Unit Tests` → `business rule compliance` → enforces chronological ordering for title status changes" line="0" assertions="1" time="0.012145"/>
      <testcase name="`TitleStatusChangeFactory Unit Tests` → `business rule compliance` → maintains title context throughout status changes" class="Tests\Unit\database\Factories\Titles\TitleStatusChangeFactoryTest" classname="Tests.Unit.database.Factories.Titles.TitleStatusChangeFactoryTest" file="tests/Unit/database/Factories/Titles/TitleStatusChangeFactoryTest.php::`TitleStatusChangeFactory Unit Tests` → `business rule compliance` → maintains title context throughout status changes" line="0" assertions="4" time="0.012036"/>
      <testcase name="`TitleStatusChangeFactory Unit Tests` → `business rule compliance` → supports title lifecycle tracking" class="Tests\Unit\database\Factories\Titles\TitleStatusChangeFactoryTest" classname="Tests.Unit.database.Factories.Titles.TitleStatusChangeFactoryTest" file="tests/Unit/database/Factories/Titles/TitleStatusChangeFactoryTest.php::`TitleStatusChangeFactory Unit Tests` → `business rule compliance` → supports title lifecycle tracking" line="0" assertions="5" time="0.012047"/>
      <testcase name="`TitleStatusChangeFactory Unit Tests` → `data consistency and integrity` → generates unique timestamps for different status changes" class="Tests\Unit\database\Factories\Titles\TitleStatusChangeFactoryTest" classname="Tests.Unit.database.Factories.Titles.TitleStatusChangeFactoryTest" file="tests/Unit/database/Factories/Titles/TitleStatusChangeFactoryTest.php::`TitleStatusChangeFactory Unit Tests` → `data consistency and integrity` → generates unique timestamps for different status changes" line="0" assertions="1" time="0.012164"/>
      <testcase name="`TitleStatusChangeFactory Unit Tests` → `data consistency and integrity` → database creation works correctly" class="Tests\Unit\database\Factories\Titles\TitleStatusChangeFactoryTest" classname="Tests.Unit.database.Factories.Titles.TitleStatusChangeFactoryTest" file="tests/Unit/database/Factories/Titles/TitleStatusChangeFactoryTest.php::`TitleStatusChangeFactory Unit Tests` → `data consistency and integrity` → database creation works correctly" line="0" assertions="2" time="0.011224"/>
      <testcase name="`TitleStatusChangeFactory Unit Tests` → `data consistency and integrity` → maintains referential integrity with titles" class="Tests\Unit\database\Factories\Titles\TitleStatusChangeFactoryTest" classname="Tests.Unit.database.Factories.Titles.TitleStatusChangeFactoryTest" file="tests/Unit/database/Factories/Titles/TitleStatusChangeFactoryTest.php::`TitleStatusChangeFactory Unit Tests` → `data consistency and integrity` → maintains referential integrity with titles" line="0" assertions="2" time="0.011237"/>
      <testcase name="`TitleStatusChangeFactory Unit Tests` → `data consistency and integrity` → generates consistent data format across multiple instances" class="Tests\Unit\database\Factories\Titles\TitleStatusChangeFactoryTest" classname="Tests.Unit.database.Factories.Titles.TitleStatusChangeFactoryTest" file="tests/Unit/database/Factories/Titles/TitleStatusChangeFactoryTest.php::`TitleStatusChangeFactory Unit Tests` → `data consistency and integrity` → generates consistent data format across multiple instances" line="0" assertions="20" time="0.012891"/>
    </testsuite>
    <testsuite name="Tests\Unit\database\Factories\Users\UserFactoryTest" file="tests/Unit/database/Factories/Users/UserFactoryTest.php" tests="11" assertions="57" errors="0" failures="0" skipped="0" time="0.149947">
      <testcase name="`UserFactory Unit Tests` → `default attribute generation` → creates user with correct default attributes" class="Tests\Unit\database\Factories\Users\UserFactoryTest" classname="Tests.Unit.database.Factories.Users.UserFactoryTest" file="tests/Unit/database/Factories/Users/UserFactoryTest.php::`UserFactory Unit Tests` → `default attribute generation` → creates user with correct default attributes" line="0" assertions="9" time="0.013384"/>
      <testcase name="`UserFactory Unit Tests` → `default attribute generation` → generates realistic user names" class="Tests\Unit\database\Factories\Users\UserFactoryTest" classname="Tests.Unit.database.Factories.Users.UserFactoryTest" file="tests/Unit/database/Factories/Users/UserFactoryTest.php::`UserFactory Unit Tests` → `default attribute generation` → generates realistic user names" line="0" assertions="4" time="0.013153"/>
      <testcase name="`UserFactory Unit Tests` → `default attribute generation` → generates valid email addresses" class="Tests\Unit\database\Factories\Users\UserFactoryTest" classname="Tests.Unit.database.Factories.Users.UserFactoryTest" file="tests/Unit/database/Factories/Users/UserFactoryTest.php::`UserFactory Unit Tests` → `default attribute generation` → generates valid email addresses" line="0" assertions="4" time="0.013008"/>
      <testcase name="`UserFactory Unit Tests` → `factory state methods` → administrator state works correctly" class="Tests\Unit\database\Factories\Users\UserFactoryTest" classname="Tests.Unit.database.Factories.Users.UserFactoryTest" file="tests/Unit/database/Factories/Users/UserFactoryTest.php::`UserFactory Unit Tests` → `factory state methods` → administrator state works correctly" line="0" assertions="2" time="0.013452"/>
      <testcase name="`UserFactory Unit Tests` → `factory state methods` → unverified state works correctly" class="Tests\Unit\database\Factories\Users\UserFactoryTest" classname="Tests.Unit.database.Factories.Users.UserFactoryTest" file="tests/Unit/database/Factories/Users/UserFactoryTest.php::`UserFactory Unit Tests` → `factory state methods` → unverified state works correctly" line="0" assertions="1" time="0.014121"/>
      <testcase name="`UserFactory Unit Tests` → `factory state methods` → basic user state is default" class="Tests\Unit\database\Factories\Users\UserFactoryTest" classname="Tests.Unit.database.Factories.Users.UserFactoryTest" file="tests/Unit/database/Factories/Users/UserFactoryTest.php::`UserFactory Unit Tests` → `factory state methods` → basic user state is default" line="0" assertions="2" time="0.013341"/>
      <testcase name="`UserFactory Unit Tests` → `factory customization` → accepts custom attribute overrides" class="Tests\Unit\database\Factories\Users\UserFactoryTest" classname="Tests.Unit.database.Factories.Users.UserFactoryTest" file="tests/Unit/database/Factories/Users/UserFactoryTest.php::`UserFactory Unit Tests` → `factory customization` → accepts custom attribute overrides" line="0" assertions="3" time="0.012698"/>
      <testcase name="`UserFactory Unit Tests` → `factory customization` → maintains required attributes when overriding" class="Tests\Unit\database\Factories\Users\UserFactoryTest" classname="Tests.Unit.database.Factories.Users.UserFactoryTest" file="tests/Unit/database/Factories/Users/UserFactoryTest.php::`UserFactory Unit Tests` → `factory customization` → maintains required attributes when overriding" line="0" assertions="4" time="0.012515"/>
      <testcase name="`UserFactory Unit Tests` → `data consistency` → generates unique email addresses" class="Tests\Unit\database\Factories\Users\UserFactoryTest" classname="Tests.Unit.database.Factories.Users.UserFactoryTest" file="tests/Unit/database/Factories/Users/UserFactoryTest.php::`UserFactory Unit Tests` → `data consistency` → generates unique email addresses" line="0" assertions="1" time="0.013711"/>
      <testcase name="`UserFactory Unit Tests` → `data consistency` → generates consistent data format" class="Tests\Unit\database\Factories\Users\UserFactoryTest" classname="Tests.Unit.database.Factories.Users.UserFactoryTest" file="tests/Unit/database/Factories/Users/UserFactoryTest.php::`UserFactory Unit Tests` → `data consistency` → generates consistent data format" line="0" assertions="25" time="0.018262"/>
      <testcase name="`UserFactory Unit Tests` → `data consistency` → database creation works correctly" class="Tests\Unit\database\Factories\Users\UserFactoryTest" classname="Tests.Unit.database.Factories.Users.UserFactoryTest" file="tests/Unit/database/Factories/Users/UserFactoryTest.php::`UserFactory Unit Tests` → `data consistency` → database creation works correctly" line="0" assertions="2" time="0.012302"/>
    </testsuite>
    <testsuite name="Tests\Unit\database\Factories\Wrestlers\WrestlerEmploymentFactoryTest" file="tests/Unit/database/Factories/Wrestlers/WrestlerEmploymentFactoryTest.php" tests="8" assertions="17" errors="0" failures="0" skipped="0" time="0.100397">
      <testcase name="`WrestlerEmploymentFactory Unit Tests` → `default attribute generation` → creates employment with correct default attributes" class="Tests\Unit\database\Factories\Wrestlers\WrestlerEmploymentFactoryTest" classname="Tests.Unit.database.Factories.Wrestlers.WrestlerEmploymentFactoryTest" file="tests/Unit/database/Factories/Wrestlers/WrestlerEmploymentFactoryTest.php::`WrestlerEmploymentFactory Unit Tests` → `default attribute generation` → creates employment with correct default attributes" line="0" assertions="3" time="0.012266"/>
      <testcase name="`WrestlerEmploymentFactory Unit Tests` → `default attribute generation` → creates realistic employment dates" class="Tests\Unit\database\Factories\Wrestlers\WrestlerEmploymentFactoryTest" classname="Tests.Unit.database.Factories.Wrestlers.WrestlerEmploymentFactoryTest" file="tests/Unit/database/Factories/Wrestlers/WrestlerEmploymentFactoryTest.php::`WrestlerEmploymentFactory Unit Tests` → `default attribute generation` → creates realistic employment dates" line="0" assertions="1" time="0.012073"/>
      <testcase name="`WrestlerEmploymentFactory Unit Tests` → `factory state methods` → current employment state works correctly" class="Tests\Unit\database\Factories\Wrestlers\WrestlerEmploymentFactoryTest" classname="Tests.Unit.database.Factories.Wrestlers.WrestlerEmploymentFactoryTest" file="tests/Unit/database/Factories/Wrestlers/WrestlerEmploymentFactoryTest.php::`WrestlerEmploymentFactory Unit Tests` → `factory state methods` → current employment state works correctly" line="0" assertions="3" time="0.011881"/>
      <testcase name="`WrestlerEmploymentFactory Unit Tests` → `factory state methods` → past employment state works correctly" class="Tests\Unit\database\Factories\Wrestlers\WrestlerEmploymentFactoryTest" classname="Tests.Unit.database.Factories.Wrestlers.WrestlerEmploymentFactoryTest" file="tests/Unit/database/Factories/Wrestlers/WrestlerEmploymentFactoryTest.php::`WrestlerEmploymentFactory Unit Tests` → `factory state methods` → past employment state works correctly" line="0" assertions="4" time="0.013168"/>
      <testcase name="`WrestlerEmploymentFactory Unit Tests` → `factory customization` → accepts custom wrestler association" class="Tests\Unit\database\Factories\Wrestlers\WrestlerEmploymentFactoryTest" classname="Tests.Unit.database.Factories.Wrestlers.WrestlerEmploymentFactoryTest" file="tests/Unit/database/Factories/Wrestlers/WrestlerEmploymentFactoryTest.php::`WrestlerEmploymentFactory Unit Tests` → `factory customization` → accepts custom wrestler association" line="0" assertions="1" time="0.013634"/>
      <testcase name="`WrestlerEmploymentFactory Unit Tests` → `factory customization` → accepts custom date ranges" class="Tests\Unit\database\Factories\Wrestlers\WrestlerEmploymentFactoryTest" classname="Tests.Unit.database.Factories.Wrestlers.WrestlerEmploymentFactoryTest" file="tests/Unit/database/Factories/Wrestlers/WrestlerEmploymentFactoryTest.php::`WrestlerEmploymentFactory Unit Tests` → `factory customization` → accepts custom date ranges" line="0" assertions="2" time="0.012704"/>
      <testcase name="`WrestlerEmploymentFactory Unit Tests` → `data consistency` → database creation works correctly" class="Tests\Unit\database\Factories\Wrestlers\WrestlerEmploymentFactoryTest" classname="Tests.Unit.database.Factories.Wrestlers.WrestlerEmploymentFactoryTest" file="tests/Unit/database/Factories/Wrestlers/WrestlerEmploymentFactoryTest.php::`WrestlerEmploymentFactory Unit Tests` → `data consistency` → database creation works correctly" line="0" assertions="2" time="0.012704"/>
      <testcase name="`WrestlerEmploymentFactory Unit Tests` → `data consistency` → maintains date consistency" class="Tests\Unit\database\Factories\Wrestlers\WrestlerEmploymentFactoryTest" classname="Tests.Unit.database.Factories.Wrestlers.WrestlerEmploymentFactoryTest" file="tests/Unit/database/Factories/Wrestlers/WrestlerEmploymentFactoryTest.php::`WrestlerEmploymentFactory Unit Tests` → `data consistency` → maintains date consistency" line="0" assertions="1" time="0.011967"/>
    </testsuite>
    <testsuite name="Tests\Unit\database\Factories\Wrestlers\WrestlerFactoryTest" file="tests/Unit/database/Factories/Wrestlers/WrestlerFactoryTest.php" tests="9" assertions="19" errors="0" failures="0" skipped="0" time="0.11955">
      <testcase name="`wrestler factory states` → wrestler factory creates wrestler with realistic data" class="Tests\Unit\database\Factories\Wrestlers\WrestlerFactoryTest" classname="Tests.Unit.database.Factories.Wrestlers.WrestlerFactoryTest" file="tests/Unit/database/Factories/Wrestlers/WrestlerFactoryTest.php::`wrestler factory states` → wrestler factory creates wrestler with realistic data" line="0" assertions="5" time="0.012530"/>
      <testcase name="`wrestler factory states` → wrestler factory can create unemployed wrestlers" class="Tests\Unit\database\Factories\Wrestlers\WrestlerFactoryTest" classname="Tests.Unit.database.Factories.Wrestlers.WrestlerFactoryTest" file="tests/Unit/database/Factories/Wrestlers/WrestlerFactoryTest.php::`wrestler factory states` → wrestler factory can create unemployed wrestlers" line="0" assertions="2" time="0.012667"/>
      <testcase name="`wrestler factory states` → wrestler factory can create employed wrestlers" class="Tests\Unit\database\Factories\Wrestlers\WrestlerFactoryTest" classname="Tests.Unit.database.Factories.Wrestlers.WrestlerFactoryTest" file="tests/Unit/database/Factories/Wrestlers/WrestlerFactoryTest.php::`wrestler factory states` → wrestler factory can create employed wrestlers" line="0" assertions="2" time="0.013370"/>
      <testcase name="`wrestler factory states` → wrestler factory can create suspended wrestlers" class="Tests\Unit\database\Factories\Wrestlers\WrestlerFactoryTest" classname="Tests.Unit.database.Factories.Wrestlers.WrestlerFactoryTest" file="tests/Unit/database/Factories/Wrestlers/WrestlerFactoryTest.php::`wrestler factory states` → wrestler factory can create suspended wrestlers" line="0" assertions="2" time="0.013950"/>
      <testcase name="`wrestler factory states` → wrestler factory can create retired wrestlers" class="Tests\Unit\database\Factories\Wrestlers\WrestlerFactoryTest" classname="Tests.Unit.database.Factories.Wrestlers.WrestlerFactoryTest" file="tests/Unit/database/Factories/Wrestlers/WrestlerFactoryTest.php::`wrestler factory states` → wrestler factory can create retired wrestlers" line="0" assertions="1" time="0.014429"/>
      <testcase name="`wrestler factory states` → wrestler factory can create released wrestlers" class="Tests\Unit\database\Factories\Wrestlers\WrestlerFactoryTest" classname="Tests.Unit.database.Factories.Wrestlers.WrestlerFactoryTest" file="tests/Unit/database/Factories/Wrestlers/WrestlerFactoryTest.php::`wrestler factory states` → wrestler factory can create released wrestlers" line="0" assertions="2" time="0.013483"/>
      <testcase name="`wrestler factory states` → wrestler factory can create wrestlers with future employment" class="Tests\Unit\database\Factories\Wrestlers\WrestlerFactoryTest" classname="Tests.Unit.database.Factories.Wrestlers.WrestlerFactoryTest" file="tests/Unit/database/Factories/Wrestlers/WrestlerFactoryTest.php::`wrestler factory states` → wrestler factory can create wrestlers with future employment" line="0" assertions="2" time="0.012810"/>
      <testcase name="`wrestler factory states` → wrestler factory can create bookable wrestlers" class="Tests\Unit\database\Factories\Wrestlers\WrestlerFactoryTest" classname="Tests.Unit.database.Factories.Wrestlers.WrestlerFactoryTest" file="tests/Unit/database/Factories/Wrestlers/WrestlerFactoryTest.php::`wrestler factory states` → wrestler factory can create bookable wrestlers" line="0" assertions="2" time="0.012601"/>
      <testcase name="`wrestler factory states` → wrestler factory can create wrestlers on tag teams" class="Tests\Unit\database\Factories\Wrestlers\WrestlerFactoryTest" classname="Tests.Unit.database.Factories.Wrestlers.WrestlerFactoryTest" file="tests/Unit/database/Factories/Wrestlers/WrestlerFactoryTest.php::`wrestler factory states` → wrestler factory can create wrestlers on tag teams" line="0" assertions="1" time="0.013711"/>
    </testsuite>
    <testsuite name="Tests\Unit\database\Factories\Wrestlers\WrestlerInjuryFactoryTest" file="tests/Unit/database/Factories/Wrestlers/WrestlerInjuryFactoryTest.php" tests="8" assertions="17" errors="0" failures="0" skipped="0" time="0.100913">
      <testcase name="`WrestlerInjuryFactory Unit Tests` → `default attribute generation` → creates injury with correct default attributes" class="Tests\Unit\database\Factories\Wrestlers\WrestlerInjuryFactoryTest" classname="Tests.Unit.database.Factories.Wrestlers.WrestlerInjuryFactoryTest" file="tests/Unit/database/Factories/Wrestlers/WrestlerInjuryFactoryTest.php::`WrestlerInjuryFactory Unit Tests` → `default attribute generation` → creates injury with correct default attributes" line="0" assertions="3" time="0.012589"/>
      <testcase name="`WrestlerInjuryFactory Unit Tests` → `default attribute generation` → creates realistic injury dates" class="Tests\Unit\database\Factories\Wrestlers\WrestlerInjuryFactoryTest" classname="Tests.Unit.database.Factories.Wrestlers.WrestlerInjuryFactoryTest" file="tests/Unit/database/Factories/Wrestlers/WrestlerInjuryFactoryTest.php::`WrestlerInjuryFactory Unit Tests` → `default attribute generation` → creates realistic injury dates" line="0" assertions="1" time="0.012085"/>
      <testcase name="`WrestlerInjuryFactory Unit Tests` → `factory state methods` → current injury state works correctly" class="Tests\Unit\database\Factories\Wrestlers\WrestlerInjuryFactoryTest" classname="Tests.Unit.database.Factories.Wrestlers.WrestlerInjuryFactoryTest" file="tests/Unit/database/Factories/Wrestlers/WrestlerInjuryFactoryTest.php::`WrestlerInjuryFactory Unit Tests` → `factory state methods` → current injury state works correctly" line="0" assertions="3" time="0.013339"/>
      <testcase name="`WrestlerInjuryFactory Unit Tests` → `factory state methods` → cleared injury state works correctly" class="Tests\Unit\database\Factories\Wrestlers\WrestlerInjuryFactoryTest" classname="Tests.Unit.database.Factories.Wrestlers.WrestlerInjuryFactoryTest" file="tests/Unit/database/Factories/Wrestlers/WrestlerInjuryFactoryTest.php::`WrestlerInjuryFactory Unit Tests` → `factory state methods` → cleared injury state works correctly" line="0" assertions="4" time="0.013901"/>
      <testcase name="`WrestlerInjuryFactory Unit Tests` → `factory customization` → accepts custom wrestler association" class="Tests\Unit\database\Factories\Wrestlers\WrestlerInjuryFactoryTest" classname="Tests.Unit.database.Factories.Wrestlers.WrestlerInjuryFactoryTest" file="tests/Unit/database/Factories/Wrestlers/WrestlerInjuryFactoryTest.php::`WrestlerInjuryFactory Unit Tests` → `factory customization` → accepts custom wrestler association" line="0" assertions="1" time="0.013116"/>
      <testcase name="`WrestlerInjuryFactory Unit Tests` → `factory customization` → accepts custom date ranges" class="Tests\Unit\database\Factories\Wrestlers\WrestlerInjuryFactoryTest" classname="Tests.Unit.database.Factories.Wrestlers.WrestlerInjuryFactoryTest" file="tests/Unit/database/Factories/Wrestlers/WrestlerInjuryFactoryTest.php::`WrestlerInjuryFactory Unit Tests` → `factory customization` → accepts custom date ranges" line="0" assertions="2" time="0.012179"/>
      <testcase name="`WrestlerInjuryFactory Unit Tests` → `data consistency` → database creation works correctly" class="Tests\Unit\database\Factories\Wrestlers\WrestlerInjuryFactoryTest" classname="Tests.Unit.database.Factories.Wrestlers.WrestlerInjuryFactoryTest" file="tests/Unit/database/Factories/Wrestlers/WrestlerInjuryFactoryTest.php::`WrestlerInjuryFactory Unit Tests` → `data consistency` → database creation works correctly" line="0" assertions="2" time="0.011820"/>
      <testcase name="`WrestlerInjuryFactory Unit Tests` → `data consistency` → maintains date consistency" class="Tests\Unit\database\Factories\Wrestlers\WrestlerInjuryFactoryTest" classname="Tests.Unit.database.Factories.Wrestlers.WrestlerInjuryFactoryTest" file="tests/Unit/database/Factories/Wrestlers/WrestlerInjuryFactoryTest.php::`WrestlerInjuryFactory Unit Tests` → `data consistency` → maintains date consistency" line="0" assertions="1" time="0.011884"/>
    </testsuite>
    <testsuite name="Tests\Unit\database\Factories\Wrestlers\WrestlerRetirementFactoryTest" file="tests/Unit/database/Factories/Wrestlers/WrestlerRetirementFactoryTest.php" tests="8" assertions="17" errors="0" failures="0" skipped="0" time="0.099998">
      <testcase name="`WrestlerRetirementFactory Unit Tests` → `default attribute generation` → creates retirement with correct default attributes" class="Tests\Unit\database\Factories\Wrestlers\WrestlerRetirementFactoryTest" classname="Tests.Unit.database.Factories.Wrestlers.WrestlerRetirementFactoryTest" file="tests/Unit/database/Factories/Wrestlers/WrestlerRetirementFactoryTest.php::`WrestlerRetirementFactory Unit Tests` → `default attribute generation` → creates retirement with correct default attributes" line="0" assertions="3" time="0.012058"/>
      <testcase name="`WrestlerRetirementFactory Unit Tests` → `default attribute generation` → creates realistic retirement dates" class="Tests\Unit\database\Factories\Wrestlers\WrestlerRetirementFactoryTest" classname="Tests.Unit.database.Factories.Wrestlers.WrestlerRetirementFactoryTest" file="tests/Unit/database/Factories/Wrestlers/WrestlerRetirementFactoryTest.php::`WrestlerRetirementFactory Unit Tests` → `default attribute generation` → creates realistic retirement dates" line="0" assertions="1" time="0.011866"/>
      <testcase name="`WrestlerRetirementFactory Unit Tests` → `factory state methods` → current retirement state works correctly" class="Tests\Unit\database\Factories\Wrestlers\WrestlerRetirementFactoryTest" classname="Tests.Unit.database.Factories.Wrestlers.WrestlerRetirementFactoryTest" file="tests/Unit/database/Factories/Wrestlers/WrestlerRetirementFactoryTest.php::`WrestlerRetirementFactory Unit Tests` → `factory state methods` → current retirement state works correctly" line="0" assertions="3" time="0.012354"/>
      <testcase name="`WrestlerRetirementFactory Unit Tests` → `factory state methods` → ended retirement state works correctly" class="Tests\Unit\database\Factories\Wrestlers\WrestlerRetirementFactoryTest" classname="Tests.Unit.database.Factories.Wrestlers.WrestlerRetirementFactoryTest" file="tests/Unit/database/Factories/Wrestlers/WrestlerRetirementFactoryTest.php::`WrestlerRetirementFactory Unit Tests` → `factory state methods` → ended retirement state works correctly" line="0" assertions="4" time="0.014135"/>
      <testcase name="`WrestlerRetirementFactory Unit Tests` → `factory customization` → accepts custom wrestler association" class="Tests\Unit\database\Factories\Wrestlers\WrestlerRetirementFactoryTest" classname="Tests.Unit.database.Factories.Wrestlers.WrestlerRetirementFactoryTest" file="tests/Unit/database/Factories/Wrestlers/WrestlerRetirementFactoryTest.php::`WrestlerRetirementFactory Unit Tests` → `factory customization` → accepts custom wrestler association" line="0" assertions="1" time="0.013530"/>
      <testcase name="`WrestlerRetirementFactory Unit Tests` → `factory customization` → accepts custom date ranges" class="Tests\Unit\database\Factories\Wrestlers\WrestlerRetirementFactoryTest" classname="Tests.Unit.database.Factories.Wrestlers.WrestlerRetirementFactoryTest" file="tests/Unit/database/Factories/Wrestlers/WrestlerRetirementFactoryTest.php::`WrestlerRetirementFactory Unit Tests` → `factory customization` → accepts custom date ranges" line="0" assertions="2" time="0.012193"/>
      <testcase name="`WrestlerRetirementFactory Unit Tests` → `data consistency` → database creation works correctly" class="Tests\Unit\database\Factories\Wrestlers\WrestlerRetirementFactoryTest" classname="Tests.Unit.database.Factories.Wrestlers.WrestlerRetirementFactoryTest" file="tests/Unit/database/Factories/Wrestlers/WrestlerRetirementFactoryTest.php::`WrestlerRetirementFactory Unit Tests` → `data consistency` → database creation works correctly" line="0" assertions="2" time="0.012150"/>
      <testcase name="`WrestlerRetirementFactory Unit Tests` → `data consistency` → maintains date consistency" class="Tests\Unit\database\Factories\Wrestlers\WrestlerRetirementFactoryTest" classname="Tests.Unit.database.Factories.Wrestlers.WrestlerRetirementFactoryTest" file="tests/Unit/database/Factories/Wrestlers/WrestlerRetirementFactoryTest.php::`WrestlerRetirementFactory Unit Tests` → `data consistency` → maintains date consistency" line="0" assertions="1" time="0.011711"/>
    </testsuite>
    <testsuite name="Tests\Unit\database\Factories\Wrestlers\WrestlerSuspensionFactoryTest" file="tests/Unit/database/Factories/Wrestlers/WrestlerSuspensionFactoryTest.php" tests="8" assertions="17" errors="0" failures="0" skipped="0" time="0.10113">
      <testcase name="`WrestlerSuspensionFactory Unit Tests` → `default attribute generation` → creates suspension with correct default attributes" class="Tests\Unit\database\Factories\Wrestlers\WrestlerSuspensionFactoryTest" classname="Tests.Unit.database.Factories.Wrestlers.WrestlerSuspensionFactoryTest" file="tests/Unit/database/Factories/Wrestlers/WrestlerSuspensionFactoryTest.php::`WrestlerSuspensionFactory Unit Tests` → `default attribute generation` → creates suspension with correct default attributes" line="0" assertions="3" time="0.012717"/>
      <testcase name="`WrestlerSuspensionFactory Unit Tests` → `default attribute generation` → creates realistic suspension dates" class="Tests\Unit\database\Factories\Wrestlers\WrestlerSuspensionFactoryTest" classname="Tests.Unit.database.Factories.Wrestlers.WrestlerSuspensionFactoryTest" file="tests/Unit/database/Factories/Wrestlers/WrestlerSuspensionFactoryTest.php::`WrestlerSuspensionFactory Unit Tests` → `default attribute generation` → creates realistic suspension dates" line="0" assertions="1" time="0.013140"/>
      <testcase name="`WrestlerSuspensionFactory Unit Tests` → `factory state methods` → current suspension state works correctly" class="Tests\Unit\database\Factories\Wrestlers\WrestlerSuspensionFactoryTest" classname="Tests.Unit.database.Factories.Wrestlers.WrestlerSuspensionFactoryTest" file="tests/Unit/database/Factories/Wrestlers/WrestlerSuspensionFactoryTest.php::`WrestlerSuspensionFactory Unit Tests` → `factory state methods` → current suspension state works correctly" line="0" assertions="3" time="0.013756"/>
      <testcase name="`WrestlerSuspensionFactory Unit Tests` → `factory state methods` → reinstated suspension state works correctly" class="Tests\Unit\database\Factories\Wrestlers\WrestlerSuspensionFactoryTest" classname="Tests.Unit.database.Factories.Wrestlers.WrestlerSuspensionFactoryTest" file="tests/Unit/database/Factories/Wrestlers/WrestlerSuspensionFactoryTest.php::`WrestlerSuspensionFactory Unit Tests` → `factory state methods` → reinstated suspension state works correctly" line="0" assertions="4" time="0.013011"/>
      <testcase name="`WrestlerSuspensionFactory Unit Tests` → `factory customization` → accepts custom wrestler association" class="Tests\Unit\database\Factories\Wrestlers\WrestlerSuspensionFactoryTest" classname="Tests.Unit.database.Factories.Wrestlers.WrestlerSuspensionFactoryTest" file="tests/Unit/database/Factories/Wrestlers/WrestlerSuspensionFactoryTest.php::`WrestlerSuspensionFactory Unit Tests` → `factory customization` → accepts custom wrestler association" line="0" assertions="1" time="0.012389"/>
      <testcase name="`WrestlerSuspensionFactory Unit Tests` → `factory customization` → accepts custom date ranges" class="Tests\Unit\database\Factories\Wrestlers\WrestlerSuspensionFactoryTest" classname="Tests.Unit.database.Factories.Wrestlers.WrestlerSuspensionFactoryTest" file="tests/Unit/database/Factories/Wrestlers/WrestlerSuspensionFactoryTest.php::`WrestlerSuspensionFactory Unit Tests` → `factory customization` → accepts custom date ranges" line="0" assertions="2" time="0.012071"/>
      <testcase name="`WrestlerSuspensionFactory Unit Tests` → `data consistency` → database creation works correctly" class="Tests\Unit\database\Factories\Wrestlers\WrestlerSuspensionFactoryTest" classname="Tests.Unit.database.Factories.Wrestlers.WrestlerSuspensionFactoryTest" file="tests/Unit/database/Factories/Wrestlers/WrestlerSuspensionFactoryTest.php::`WrestlerSuspensionFactory Unit Tests` → `data consistency` → database creation works correctly" line="0" assertions="2" time="0.012006"/>
      <testcase name="`WrestlerSuspensionFactory Unit Tests` → `data consistency` → maintains date consistency" class="Tests\Unit\database\Factories\Wrestlers\WrestlerSuspensionFactoryTest" classname="Tests.Unit.database.Factories.Wrestlers.WrestlerSuspensionFactoryTest" file="tests/Unit/database/Factories/Wrestlers/WrestlerSuspensionFactoryTest.php::`WrestlerSuspensionFactory Unit Tests` → `data consistency` → maintains date consistency" line="0" assertions="1" time="0.012040"/>
    </testsuite>
    <testsuite name="Tests\Unit\database\seeders\MatchDecisionTableSeederTest" file="tests/Unit/database/seeders/MatchDecisionTableSeederTest.php" tests="1" assertions="11" errors="0" failures="0" skipped="0" time="0.047006">
      <testcase name="all needed match decisions are saved in database" class="Tests\Unit\database\seeders\MatchDecisionTableSeederTest" classname="Tests.Unit.database.seeders.MatchDecisionTableSeederTest" file="tests/Unit/database/seeders/MatchDecisionTableSeederTest.php::all needed match decisions are saved in database" line="0" assertions="11" time="0.047006"/>
    </testsuite>
    <testsuite name="Tests\Unit\database\seeders\MatchTypeTableSeederTest" file="tests/Unit/database/seeders/MatchTypeTableSeederTest.php" tests="1" assertions="15" errors="0" failures="0" skipped="0" time="0.051672">
      <testcase name="all needed match decisions are saved in database" class="Tests\Unit\database\seeders\MatchTypeTableSeederTest" classname="Tests.Unit.database.seeders.MatchTypeTableSeederTest" file="tests/Unit/database/seeders/MatchTypeTableSeederTest.php::all needed match decisions are saved in database" line="0" assertions="15" time="0.051672"/>
    </testsuite>
  </testsuite>
</testsuites>
